0.01	0.020431	-0.151968	0.14541	-3.67655e-09	0	0.000300601	9.61269e-14
0.135288	0.0257014	-0.151936	0.145383	-6.75692e-07	0	0.0003002	1.75676e-11
0.260576	0.0316572	-0.151851	0.145306	-2.50254e-06	0	0.000299082	6.4899e-11
0.385865	0.0377711	-0.151712	0.145182	-5.47179e-06	0	0.000297245	1.41328e-10
0.511153	0.0444295	-0.15152	0.145011	-9.56289e-06	0	0.000294716	2.45636e-10
0.636441	0.0508817	-0.151276	0.144792	-1.47482e-05	0	0.000291505	3.7615e-10
0.761729	0.0574341	-0.150979	0.144526	-2.09923e-05	0	0.000287629	5.3079e-10
0.887018	0.0650022	-0.150631	0.144215	-2.82534e-05	0	0.00028321	7.07341e-10
1.01231	0.0720791	-0.150233	0.143859	-3.64831e-05	0	0.000278162	9.02863e-10
1.13759	0.0781858	-0.149786	0.143458	-4.56285e-05	0	0.000272589	1.11458e-09
1.26288	0.0845767	-0.149292	0.143015	-5.56291e-05	0	0.000266508	1.3393e-09
1.38817	0.0894463	-0.14875	0.142529	-6.64222e-05	0	0.000259951	1.57369e-09
1.51346	0.0942487	-0.148164	0.142003	-7.79392e-05	0	0.000252987	1.81456e-09
1.63875	0.0988111	-0.147534	0.141437	-9.01113e-05	0	0.000245695	2.0589e-09
1.76404	0.102896	-0.146863	0.140833	-0.000102866	0	0.000238104	2.30346e-09
1.88932	0.106185	-0.146151	0.140193	-0.000116126	0	0.000230239	2.54492e-09
2.01461	0.107732	-0.145401	0.139518	-0.000129819	0	0.000222151	2.78038e-09
2.1399	0.108586	-0.144614	0.138809	-0.000143866	0	0.000213904	3.00731e-09
2.26519	0.10816	-0.143792	0.138068	-0.000158195	0	0.00020553	3.22307e-09
2.39048	0.106419	-0.142938	0.137296	-0.000172731	0	0.000197091	3.42573e-09
2.51576	0.105015	-0.142052	0.136496	-0.0001874	0	0.000188652	3.61389e-09
2.64105	0.100964	-0.141138	0.135669	-0.000202133	0	0.000180186	3.7847e-09
2.76634	0.0949898	-0.140196	0.134816	-0.000216861	0	0.000171766	3.93747e-09
2.89163	0.0867461	-0.13923	0.133939	-0.000231517	0	0.000163446	4.0717e-09
3.01692	0.0816576	-0.13824	0.133041	-0.000246045	0	0.000155256	4.18678e-09
3.14221	0.069304	-0.137228	0.132121	-0.000260381	0	0.000147194	4.28152e-09
3.26749	0.0619393	-0.136197	0.131183	-0.000274477	0	0.000139316	4.35664e-09
3.39278	0.0537163	-0.135148	0.130228	-0.000288277	0	0.000131666	4.41307e-09
3.51807	0.0345005	-0.134083	0.129257	-0.000301739	0	0.000124167	4.44795e-09
3.64336	0.0234155	-0.133004	0.128272	-0.000314822	0	0.000116929	4.46503e-09
3.76865	0.0112897	-0.131912	0.127274	-0.000327487	0	0.000109949	4.46459e-09
3.89393	-0.0019134	-0.13081	0.126265	-0.000339702	0	0.000103232	4.44732e-09
4.01922	-0.0162242	-0.129698	0.125246	-0.000351439	0	9.67808e-05	4.41407e-09
4.14451	-0.0316654	-0.128578	0.124219	-0.000362673	0	9.05973e-05	4.3658e-09
4.2698	-0.0482505	-0.127452	0.123184	-0.000373384	0	8.46838e-05	4.30361e-09
4.39509	-0.065982	-0.126321	0.122144	-0.000383556	0	7.90414e-05	4.2287e-09
4.52038	-0.0848496	-0.125186	0.121099	-0.000393177	0	7.36708e-05	4.14235e-09
4.64566	-0.104828	-0.124048	0.12005	-0.000402236	0	6.85716e-05	4.04592e-09
4.77095	-0.125876	-0.12291	0.119	-0.000410728	0	6.37428e-05	3.94082e-09
4.89624	-0.147932	-0.121771	0.117948	-0.000418652	0	5.91823e-05	3.82847e-09
5.02153	-0.170916	-0.120634	0.116895	-0.000426006	0	5.48867e-05	3.71028e-09
5.14682	-0.194724	-0.119498	0.115843	-0.000432795	0	5.08516e-05	3.58765e-09
5.27211	-0.194724	-0.118366	0.114793	-0.000439018	0	4.70853e-05	3.46295e-09
5.39739	-0.219227	-0.117237	0.113745	-0.000444689	0	4.34994e-05	3.33128e-09
5.52268	-0.244273	-0.116113	0.1127	-0.000449818	0	4.01541e-05	3.19864e-09
5.64797	-0.269681	-0.114994	0.111659	-0.000454414	0	3.70414e-05	3.06613e-09
5.77326	-0.269681	-0.113882	0.110622	-0.000458483	0	3.41508e-05	2.93466e-09
5.89855	-0.295246	-0.112776	0.109591	-0.000462049	0	3.14206e-05	2.80045e-09
6.02383	-0.320734	-0.111678	0.108566	-0.000465126	0	2.88975e-05	2.66901e-09
6.14912	-0.320734	-0.110587	0.107546	-0.000467722	0	2.65697e-05	2.54093e-09
6.27441	-0.345886	-0.109505	0.106534	-0.000469861	0	2.43778e-05	2.412e-09
6.3997	-0.370419	-0.108433	0.105529	-0.000471562	0	2.23649e-05	2.28767e-09
6.52499	-0.370419	-0.107369	0.104532	-0.00047283	0	2.05016e-05	2.16644e-09
6.65028	-0.394029	-0.106315	0.103543	-0.0004737	0	1.877e-05	2.04765e-09
6.77556	-0.394029	-0.105271	0.102562	-0.000474179	0	1.71885e-05	1.93452e-09
6.90085	-0.416395	-0.104238	0.10159	-0.00047429	0	1.57073e-05	1.82266e-09
7.02614	-0.416395	-0.103215	0.100627	-0.000474052	0	1.4367e-05	1.71783e-09
7.15143	-0.437183	-0.102203	0.099674	-0.000473478	0	1.31071e-05	1.61389e-09
7.27672	-0.437183	-0.101202	0.0987301	-0.000472595	0	1.19734e-05	1.51739e-09
7.40201	-0.456051	-0.100213	0.0977959	-0.000471408	0	1.09077e-05	1.42198e-09
7.52729	-0.456051	-0.0992343	0.0968717	-0.000469951	0	9.95087e-06	1.33375e-09
7.65258	-0.472659	-0.0982675	0.0959575	-0.000468223	0	9.05426e-06	1.24712e-09
7.77787	-0.472659	-0.0973124	0.0950535	-0.000466259	0	8.24858e-06	1.16699e-09
7.90316	-0.486675	-0.0963688	0.0941598	-0.000464058	0	7.49795e-06	1.0891e-09
8.02845	-0.486675	-0.095437	0.0932765	-0.00046165	0	6.82135e-06	1.01681e-09
8.15373	-0.497786	-0.094517	0.0924037	-0.000459039	0	6.1956e-06	9.47352e-10
8.27902	-0.497786	-0.0936086	0.0915412	-0.000456248	0	5.62907e-06	8.82561e-10
8.40431	-0.505705	-0.0927121	0.0906894	-0.000453288	0	5.10918e-06	8.21051e-10
8.5296	-0.505705	-0.0918273	0.089848	-0.00045017	0	4.63635e-06	7.63373e-10
8.65489	-0.510183	-0.0909542	0.0890172	-0.000446914	0	4.20537e-06	7.0917e-10
8.78018	-0.510183	-0.0900927	0.0881969	-0.000443522	0	3.81213e-06	6.58173e-10
8.90546	-0.510183	-0.0892429	0.087387	-0.000440017	0	3.4545e-06	6.10429e-10
9.03075	-0.511021	-0.0884046	0.0865877	-0.000436401	0	3.12939e-06	5.65778e-10
9.15604	-0.511021	-0.0875777	0.0857987	-0.00043269	0	2.83298e-06	5.23868e-10
9.28133	-0.508075	-0.0867623	0.0850201	-0.000428895	0	2.56481e-06	4.84947e-10
9.40662	-0.508075	-0.0859581	0.0842517	-0.000425018	0	2.32018e-06	4.48422e-10
9.5319	-0.508075	-0.0851651	0.0834936	-0.000421079	0	2.09743e-06	4.14237e-10
9.65719	-0.501273	-0.0843832	0.0827456	-0.000417078	0	1.89749e-06	3.82843e-10
9.78248	-0.501273	-0.0836123	0.0820077	-0.000413027	0	1.71442e-06	3.53273e-10
9.90777	-0.501273	-0.0828522	0.0812797	-0.000408935	0	1.5476e-06	3.25604e-10
10.0331	-0.490615	-0.0821028	0.0805616	-0.000404803	0	1.39948e-06	3.00557e-10
10.1583	-0.490615	-0.081364	0.0798533	-0.000400644	0	1.26299e-06	2.76806e-10
10.2836	-0.490615	-0.0806358	0.0791546	-0.000396464	0	1.13855e-06	2.54585e-10
10.4089	-0.476187	-0.0799178	0.0784655	-0.000392264	0	1.0293e-06	2.34766e-10
10.5342	-0.476187	-0.0792101	0.0777859	-0.000388053	0	9.27987e-07	2.15843e-10
10.6595	-0.476187	-0.0785125	0.0771156	-0.000383838	0	8.35553e-07	1.98141e-10
10.7848	-0.458157	-0.0778248	0.0764545	-0.000379618	0	7.55138e-07	1.82533e-10
10.9101	-0.458157	-0.0771468	0.0758025	-0.000375402	0	6.80295e-07	1.67582e-10
11.0354	-0.458157	-0.0764786	0.0751595	-0.000371195	0	6.11964e-07	1.53596e-10
11.1607	-0.436784	-0.0758199	0.0745254	-0.000366996	0	5.52698e-07	1.41315e-10
11.2859	-0.436784	-0.0751705	0.0738999	-0.000362811	0	4.97709e-07	1.29606e-10
11.4112	-0.436784	-0.0745304	0.0732832	-0.000358646	0	4.47463e-07	1.18651e-10
11.5365	-0.412411	-0.0738995	0.072675	-0.000354501	0	4.03571e-07	1.0895e-10
11.6618	-0.412411	-0.0732773	0.072075	-0.000350377	0	3.63415e-07	9.98644e-11
11.7871	-0.412411	-0.0726641	0.0714834	-0.00034628	0	3.26685e-07	9.13611e-11
11.9124	-0.412411	-0.0720596	0.0709	-0.000342212	0	2.93112e-07	8.34088e-11
12.0377	-0.385461	-0.0714636	0.0703245	-0.000338172	0	2.64779e-07	7.66561e-11
12.163	-0.385461	-0.0708759	0.0697569	-0.000334164	0	2.38112e-07	7.01202e-11
12.2882	-0.385461	-0.0702966	0.0691971	-0.000330191	0	2.13707e-07	6.40043e-11
12.4135	-0.385461	-0.0697254	0.068645	-0.000326253	0	1.91391e-07	5.82867e-11
12.5388	-0.356427	-0.0691622	0.0681004	-0.00032235	0	1.73173e-07	5.36203e-11
12.6641	-0.356427	-0.0686068	0.0675632	-0.000318485	0	1.55567e-07	4.89655e-11
12.7894	-0.356427	-0.0680593	0.0670333	-0.00031466	0	1.39446e-07	4.46103e-11
12.9147	-0.356427	-0.0675193	0.0665106	-0.000310875	0	1.24698e-07	4.05396e-11
13.04	-0.325858	-0.0669868	0.065995	-0.000307128	0	1.12956e-07	3.73142e-11
13.1653	-0.325858	-0.0664616	0.0654863	-0.000303424	0	1.01409e-07	3.40339e-11
13.2906	-0.325858	-0.0659437	0.0649844	-0.000299762	0	9.08285e-08	3.09645e-11
13.4158	-0.325858	-0.0654328	0.0644893	-0.000296143	0	8.11424e-08	2.80955e-11
13.5411	-0.294346	-0.064929	0.0640008	-0.000292564	0	7.34978e-08	2.58446e-11
13.6664	-0.294346	-0.064432	0.0635188	-0.00028903	0	6.59816e-08	2.35588e-11
13.7917	-0.294346	-0.0639418	0.0630433	-0.00028554	0	5.9087e-08	2.1419e-11
13.917	-0.294346	-0.0634582	0.062574	-0.000282093	0	5.27697e-08	1.94185e-11
14.0423	-0.262503	-0.0629812	0.0621109	-0.000278689	0	4.76994e-08	1.78168e-11
14.1676	-0.262503	-0.0625105	0.0616539	-0.000275328	0	4.28484e-08	1.62431e-11
14.2929	-0.262503	-0.0620462	0.0612029	-0.000272012	0	3.83928e-08	1.47689e-11
14.4181	-0.262503	-0.061588	0.0607578	-0.00026874	0	3.43051e-08	1.33897e-11
14.5434	-0.262503	-0.0611359	0.0603185	-0.000265512	0	3.05598e-08	1.21011e-11
14.6687	-0.230938	-0.0606899	0.0598849	-0.000262325	0	2.77549e-08	1.11493e-11
14.794	-0.230938	-0.0602496	0.0594569	-0.000259183	0	2.49032e-08	1.01469e-11
14.9193	-0.230938	-0.0598152	0.0590344	-0.000256084	0	2.22826e-08	9.20794e-12
15.0446	-0.230938	-0.0593864	0.0586174	-0.000253028	0	1.98776e-08	8.32977e-12
15.1699	-0.230938	-0.0589632	0.0582056	-0.000250013	0	1.76736e-08	7.50962e-12
15.2952	-0.200239	-0.0585456	0.0577991	-0.00024704	0	1.61035e-08	6.93773e-12
15.4205	-0.200239	-0.0581332	0.0573977	-0.00024411	0	1.44421e-08	6.30762e-12
15.5457	-0.200239	-0.0577262	0.0570015	-0.000241222	0	1.29142e-08	5.71737e-12
15.671	-0.200239	-0.0573244	0.0566102	-0.000238374	0	1.1511e-08	5.16526e-12
15.7963	-0.200239	-0.0569277	0.0562238	-0.000235567	0	1.02243e-08	4.64964e-12
15.9216	-0.170946	-0.0565361	0.0558422	-0.000232799	0	9.31875e-09	4.29473e-12
16.0469	-0.170946	-0.0561494	0.0554653	-0.000230072	0	8.36068e-09	3.90433e-12
16.1722	-0.170946	-0.0557675	0.0550932	-0.000227385	0	7.47855e-09	3.53841e-12
16.2975	-0.170946	-0.0553905	0.0547256	-0.000224736	0	6.6675e-09	3.19594e-12
16.4228	-0.170946	-0.0550181	0.0543625	-0.000222126	0	5.92299e-09	2.87596e-12
16.548	-0.166142	-0.0546504	0.0540038	-0.000219553	0	5.37959e-09	2.58957e-12
16.6733	-0.143532	-0.0542872	0.0536495	-0.000217017	0	4.82956e-09	2.40589e-12
16.7986	-0.143532	-0.0539285	0.0532995	-0.000214519	0	4.32606e-09	2.1825e-12
16.9239	-0.143532	-0.0535742	0.0529537	-0.000212058	0	3.86238e-09	1.97321e-12
17.0492	-0.143532	-0.0532242	0.0526121	-0.000209633	0	3.43604e-09	1.77744e-12
17.1745	-0.143532	-0.0528784	0.0522746	-0.000207243	0	3.04472e-09	1.59466e-12
17.2998	-0.118384	-0.0525368	0.0519411	-0.000204888	0	2.77944e-09	1.47386e-12
17.4251	-0.118384	-0.0521993	0.0516115	-0.000202567	0	2.49599e-09	1.33986e-12
17.5504	-0.118384	-0.0518659	0.0512857	-0.000200281	0	2.23439e-09	1.2141e-12
17.6756	-0.118384	-0.0515364	0.0509639	-0.000198028	0	1.99331e-09	1.09627e-12
17.8009	-0.118384	-0.0512109	0.0506458	-0.000195809	0	1.77153e-09	9.86055e-13
17.9262	-0.118384	-0.0508892	0.0503314	-0.000193622	0	1.56787e-09	8.83165e-13
18.0515	-0.109969	-0.0505712	0.0500206	-0.000191466	0	1.43357e-09	7.98409e-13
18.1768	-0.0957863	-0.050257	0.0497135	-0.000189342	0	1.28699e-09	7.42345e-13
18.3021	-0.0957863	-0.0499465	0.0494098	-0.00018725	0	1.15281e-09	6.72779e-13
18.4274	-0.0957863	-0.0496395	0.0491097	-0.000185189	0	1.029e-09	6.07552e-13
18.5527	-0.0957863	-0.0493361	0.0488129	-0.000183157	0	9.14965e-10	5.46503e-13
18.6779	-0.0957863	-0.0490362	0.0485195	-0.000181156	0	8.10126e-10	4.89475e-13
18.8032	-0.0957863	-0.0487397	0.0482295	-0.000179183	0	7.13949e-10	4.3632e-13
18.9285	-0.0759171	-0.0484466	0.0479427	-0.000177238	0	6.61517e-10	4.08931e-13
19.0538	-0.0759171	-0.0481568	0.047659	-0.000175322	0	5.9373e-10	3.71194e-13
19.1791	-0.0759171	-0.0478703	0.0473786	-0.000173435	0	5.31063e-10	3.35763e-13
19.3044	-0.0759171	-0.047587	0.0471012	-0.000171575	0	4.73229e-10	3.02554e-13
19.4297	-0.0759171	-0.0473068	0.046827	-0.000169742	0	4.19954e-10	2.71488e-13
19.555	-0.0759171	-0.0470298	0.0465557	-0.000167935	0	3.70982e-10	2.42487e-13
19.6803	-0.0759171	-0.0467559	0.0462874	-0.000166154	0	3.26068e-10	2.15478e-13
19.8055	-0.0588419	-0.046485	0.0460221	-0.000164398	0	3.04453e-10	2.03421e-13
19.9308	-0.0588419	-0.046217	0.0457596	-0.000162668	0	2.73295e-10	1.84593e-13
20.0561	-0.0588419	-0.045952	0.0454999	-0.000160963	0	2.44463e-10	1.66909e-13
20.1814	-0.0588419	-0.0456898	0.045243	-0.000159283	0	2.17829e-10	1.50327e-13
20.3067	-0.0588419	-0.0454305	0.0449889	-0.000157626	0	1.93274e-10	1.3481e-13
20.432	-0.0588419	-0.045174	0.0447375	-0.000155993	0	1.70683e-10	1.20321e-13
20.5573	-0.0588419	-0.0449202	0.0444888	-0.000154383	0	1.49949e-10	1.06825e-13
20.6826	-0.0445196	-0.0446692	0.0442427	-0.000152796	0	1.39554e-10	1.00478e-13
20.8078	-0.0445196	-0.0444208	0.0439991	-0.000151231	0	1.25491e-10	9.13001e-14
20.9331	-0.0445196	-0.0441751	0.0437581	-0.000149689	0	1.12453e-10	8.2668e-14
21.0584	-0.0445196	-0.0439319	0.0435197	-0.000148168	0	1.00388e-10	7.4564e-14
21.1837	-0.0445196	-0.0436913	0.0432837	-0.000146669	0	8.92447e-11	6.69705e-14
21.309	-0.0445196	-0.0434532	0.0430501	-0.000145191	0	7.89736e-11	5.98706e-14
21.4343	-0.0445196	-0.0432176	0.042819	-0.000143734	0	6.95289e-11	5.3248e-14
21.5596	-0.0445196	-0.0429845	0.0425902	-0.000142296	0	6.08668e-11	4.7087e-14
21.6849	-0.0328137	-0.0427537	0.0423637	-0.000140878	0	5.73267e-11	4.48022e-14
21.8102	-0.0328137	-0.0425253	0.0421396	-0.000139481	0	5.15552e-11	4.06965e-14
21.9354	-0.0328137	-0.0422992	0.0419177	-0.000138102	0	4.61999e-11	3.68336e-14
22.0607	-0.0328137	-0.0420754	0.041698	-0.000136743	0	4.12396e-11	3.32058e-14
22.186	-0.0328137	-0.0418539	0.0414806	-0.000135403	0	3.66542e-11	2.98055e-14
22.3113	-0.0328137	-0.0416347	0.0412653	-0.000134081	0	3.24246e-11	2.66255e-14
22.4366	-0.0328137	-0.0414176	0.0410521	-0.000132777	0	2.85327e-11	2.36589e-14
22.5619	-0.0328137	-0.0412027	0.0408411	-0.00013149	0	2.49612e-11	2.08989e-14
22.6872	-0.0328137	-0.04099	0.0406322	-0.000130221	0	2.16937e-11	1.83389e-14
22.8125	-0.023508	-0.0407793	0.0404252	-0.000128969	0	2.11048e-11	1.80162e-14
22.9377	-0.023508	-0.0405707	0.0402204	-0.000127734	0	1.89516e-11	1.63334e-14
23.063	-0.023508	-0.0403642	0.0400175	-0.000126516	0	1.69534e-11	1.47507e-14
23.1883	-0.023508	-0.0401597	0.0398165	-0.000125315	0	1.51026e-11	1.32652e-14
23.3136	-0.023508	-0.0399572	0.0396175	-0.000124129	0	1.3392e-11	1.18739e-14
23.4389	-0.023508	-0.0397567	0.0394205	-0.00012296	0	1.18147e-11	1.05739e-14
23.5642	-0.023508	-0.0395581	0.0392253	-0.000121805	0	1.03641e-11	9.36243e-15
23.6895	-0.023508	-0.0393614	0.0390319	-0.000120666	0	9.03401e-12	8.23682e-15
23.8148	-0.023508	-0.0391665	0.0388404	-0.000119542	0	7.81841e-12	7.19445e-15
23.9401	-0.0163283	-0.0389736	0.0386507	-0.000118433	0	7.73393e-12	7.18386e-15
24.0653	-0.0163283	-0.0387825	0.0384628	-0.000117338	0	6.94907e-12	6.51413e-15
24.1906	-0.0163283	-0.0385931	0.0382767	-0.000116258	0	6.21986e-12	5.88387e-15
24.3159	-0.0163283	-0.0384056	0.0380922	-0.000115192	0	5.54369e-12	5.29194e-15
24.4412	-0.0163283	-0.0382198	0.0379095	-0.00011414	0	4.91805e-12	4.73721e-15
24.5665	-0.0163283	-0.0380358	0.0377285	-0.000113102	0	4.34055e-12	4.21861e-15
24.6918	-0.0163283	-0.0378534	0.0375492	-0.000112077	0	3.80891e-12	3.73508e-15
24.8171	-0.0163283	-0.0376728	0.0373715	-0.000111065	0	3.32094e-12	3.2856e-15
24.9424	-0.0163283	-0.0374938	0.0371954	-0.000110066	0	2.87455e-12	2.86919e-15
25.0676	-0.0109651	-0.0373165	0.037021	-0.000109079	0	2.81683e-12	2.83711e-15
25.1929	-0.0109651	-0.0371408	0.0368481	-0.000108106	0	2.53848e-12	2.57929e-15
25.3182	-0.0109651	-0.0369667	0.0366767	-0.000107145	0	2.27927e-12	2.33623e-15
25.4435	-0.0109651	-0.0367941	0.0365069	-0.000106196	0	2.03832e-12	2.1075e-15
25.5688	-0.0109651	-0.0366231	0.0363387	-0.000105259	0	1.81481e-12	1.89271e-15
25.6941	-0.0109651	-0.0364537	0.0361719	-0.000104335	0	1.60795e-12	1.69147e-15
25.8194	-0.0109651	-0.0362858	0.0360066	-0.000103421	0	1.41697e-12	1.5034e-15
25.9447	-0.0109651	-0.0361194	0.0358428	-0.000102519	0	1.24116e-12	1.32814e-15
26.0699	-0.0109651	-0.0359544	0.0356804	-0.000101629	0	1.07982e-12	1.16534e-15
26.1952	-0.0109651	-0.0357909	0.0355194	-0.000100749	0	9.32274e-13	1.01463e-15
26.3205	-0.0109651	-0.0356289	0.0353599	-9.98799e-05	0	7.97895e-13	8.75705e-16
26.4458	-0.00709672	-0.0354683	0.0352017	-9.90216e-05	0	8.28852e-13	9.17627e-16
26.5711	-0.00709672	-0.035309	0.0350449	-9.81743e-05	0	7.45695e-13	8.32494e-16
26.6964	-0.00709672	-0.0351512	0.0348895	-9.73373e-05	0	6.68258e-13	7.52277e-16
26.8217	-0.00709672	-0.0349948	0.0347354	-9.65107e-05	0	5.9629e-13	6.76844e-16
26.947	-0.00709672	-0.0348396	0.0345826	-9.56941e-05	0	5.29554e-13	6.06068e-16
27.0723	-0.00709672	-0.0346859	0.0344311	-9.48875e-05	0	4.6782e-13	5.39826e-16
27.1975	-0.00709672	-0.0345334	0.0342809	-9.40906e-05	0	4.10868e-13	4.77998e-16
27.3228	-0.00709672	-0.0343823	0.034132	-9.33034e-05	0	3.5849e-13	4.20465e-16
27.4481	-0.00709672	-0.0342324	0.0339843	-9.25255e-05	0	3.10482e-13	3.67115e-16
27.5734	-0.00709672	-0.0340838	0.0338379	-9.17569e-05	0	2.66652e-13	3.17836e-16
27.6987	-0.00709672	-0.0339365	0.0336927	-9.09975e-05	0	2.26813e-13	2.72521e-16
27.824	-0.00441108	-0.0337904	0.0335487	-9.0247e-05	0	2.42208e-13	2.9347e-16
27.9493	-0.00441108	-0.0336455	0.0334059	-8.95057e-05	0	2.1816e-13	2.66451e-16
28.0746	-0.00441108	-0.0335018	0.0332643	-8.87732e-05	0	1.95734e-13	2.40969e-16
28.1998	-0.00441108	-0.0333593	0.0331239	-8.80494e-05	0	1.74864e-13	2.16985e-16
28.3251	-0.00441108	-0.033218	0.0329846	-8.73342e-05	0	1.55483e-13	1.94461e-16
28.4504	-0.00441108	-0.0330779	0.0328465	-8.66273e-05	0	1.3753e-13	1.73362e-16
28.5757	-0.00441108	-0.0329389	0.0327095	-8.59287e-05	0	1.20944e-13	1.53649e-16
28.701	-0.00441108	-0.0328011	0.0325736	-8.52382e-05	0	1.05668e-13	1.35289e-16
28.8263	-0.00441108	-0.0326643	0.0324387	-8.45557e-05	0	9.16456e-14	1.18246e-16
28.9516	-0.00441108	-0.0325287	0.032305	-8.3881e-05	0	7.88246e-14	1.02489e-16
29.0769	-0.00441108	-0.0323942	0.0321724	-8.32141e-05	0	6.71533e-14	8.79838e-17
29.2022	-0.00441108	-0.0322608	0.0320408	-8.25548e-05	0	5.65826e-14	7.46996e-17
29.3274	-0.0026227	-0.0321284	0.0319103	-8.1903e-05	0	6.33606e-14	8.43301e-17
29.4527	-0.0026227	-0.0319971	0.0317808	-8.12589e-05	0	5.71047e-14	7.65842e-17
29.578	-0.0026227	-0.0318669	0.0316523	-8.06221e-05	0	5.12646e-14	6.92747e-17
29.7033	-0.0026227	-0.0317377	0.0315248	-7.99926e-05	0	4.58236e-14	6.2391e-17
29.8286	-0.0026227	-0.0316095	0.0313984	-7.93703e-05	0	4.07656e-14	5.59228e-17
29.9539	-0.0026227	-0.0314823	0.0312729	-7.87549e-05	0	3.60754e-14	4.98601e-17
30.0792	-0.0026227	-0.0313561	0.0311484	-7.81465e-05	0	3.17381e-14	4.41931e-17
30.2045	-0.0026227	-0.0312309	0.0310249	-7.75449e-05	0	2.77394e-14	3.89124e-17
30.3297	-0.0026227	-0.0311067	0.0309023	-7.695e-05	0	2.40656e-14	3.40085e-17
30.455	-0.0026227	-0.0309834	0.0307807	-7.63616e-05	0	2.07034e-14	2.94725e-17
30.5803	-0.0026227	-0.0308611	0.03066	-7.57798e-05	0	1.76401e-14	2.52955e-17
30.7056	-0.0026227	-0.0307398	0.0305402	-7.52044e-05	0	1.48635e-14	2.14689e-17
30.8309	-0.00164543	-0.0306193	0.0304214	-7.46351e-05	0	1.67012e-14	2.30128e-17
30.9562	-0.001485	-0.0304998	0.0303035	-7.40724e-05	0	1.48331e-14	2.17513e-17
31.0815	-0.001485	-0.0303812	0.0301864	-7.35159e-05	0	1.33737e-14	1.97537e-17
31.2068	-0.001485	-0.0302635	0.0300702	-7.29654e-05	0	1.20099e-14	1.78677e-17
31.3321	-0.001485	-0.0301467	0.0299549	-7.2421e-05	0	1.07382e-14	1.60908e-17
31.4573	-0.001485	-0.0300308	0.0298405	-7.18826e-05	0	9.55498e-15	1.44205e-17
31.5826	-0.001485	-0.0299158	0.0297269	-7.13499e-05	0	8.45684e-15	1.28543e-17
31.7079	-0.001485	-0.0298016	0.0296142	-7.0823e-05	0	7.44049e-15	1.13899e-17
31.8332	-0.001485	-0.0296883	0.0295023	-7.03017e-05	0	6.50278e-15	1.00249e-17
31.9585	-0.001485	-0.0295758	0.0293912	-6.9786e-05	0	5.64064e-15	8.75701e-18
32.0838	-0.001485	-0.0294641	0.029281	-6.92758e-05	0	4.85113e-15	7.58406e-18
32.2091	-0.001485	-0.0293533	0.0291716	-6.8771e-05	0	4.13142e-15	6.50386e-18
32.3344	-0.001485	-0.0292433	0.0290629	-6.82715e-05	0	3.47876e-15	5.51429e-18
32.4596	-0.001485	-0.0291341	0.0289551	-6.77773e-05	0	2.89052e-15	4.61329e-18
32.5849	-0.000796671	-0.0290257	0.028848	-6.72881e-05	0	3.43017e-15	5.51686e-18
32.7102	-0.000796671	-0.0289181	0.0287417	-6.68044e-05	0	3.10564e-15	5.02952e-18
32.8355	-0.000796671	-0.0288112	0.0286362	-6.63258e-05	0	2.80151e-15	4.56831e-18
32.9608	-0.000796671	-0.0287052	0.0285314	-6.58522e-05	0	2.51703e-15	4.13264e-18
33.0861	-0.000796671	-0.0285999	0.0284274	-6.53835e-05	0	2.25149e-15	3.72197e-18
33.2114	-0.000796671	-0.0284954	0.0283242	-6.49197e-05	0	2.00419e-15	3.33574e-18
33.3367	-0.000796671	-0.0283916	0.0282216	-6.44607e-05	0	1.77446e-15	2.97343e-18
33.462	-0.000796671	-0.0282885	0.0281198	-6.40065e-05	0	1.56165e-15	2.63451e-18
33.5872	-0.000796671	-0.0281862	0.0280188	-6.35569e-05	0	1.36514e-15	2.31847e-18
33.7125	-0.000796671	-0.0280846	0.0279184	-6.31119e-05	0	1.18431e-15	2.02483e-18
33.8378	-0.000796671	-0.0279838	0.0278187	-6.26715e-05	0	1.01859e-15	1.75308e-18
33.9631	-0.000796671	-0.0278836	0.0277198	-6.22355e-05	0	8.67412e-16	1.50276e-18
34.0884	-0.000796671	-0.0277841	0.0276215	-6.18039e-05	0	7.30228e-16	1.2734e-18
34.2137	-0.000796671	-0.0276854	0.0275239	-6.13767e-05	0	6.06512e-16	1.06455e-18
34.339	-0.000796671	-0.0275873	0.027427	-6.09538e-05	0	4.95755e-16	8.75755e-19
34.4643	-0.000402646	-0.0274899	0.0273307	-6.0535e-05	0	6.41029e-16	1.14107e-18
34.5895	-0.000402646	-0.0273932	0.0272351	-6.01207e-05	0	5.80987e-16	1.041e-18
34.7148	-0.000402646	-0.0272972	0.0271402	-5.97105e-05	0	5.24648e-16	9.46209e-19
34.8401	-0.000402646	-0.0272018	0.0270459	-5.93045e-05	0	4.71883e-16	8.566e-19
34.9654	-0.000402646	-0.0271071	0.0269523	-5.89025e-05	0	4.22567e-16	7.72063e-19
35.0907	-0.000402646	-0.027013	0.0268593	-5.85045e-05	0	3.76579e-16	6.92493e-19
35.216	-0.000402646	-0.0269195	0.0267669	-5.81104e-05	0	3.33804e-16	6.17789e-19
35.3413	-0.000402646	-0.0268267	0.0266752	-5.77202e-05	0	2.94126e-16	5.47848e-19
35.4666	-0.000402646	-0.0267346	0.026584	-5.73339e-05	0	2.57438e-16	4.82573e-19
35.5919	-0.000402646	-0.026643	0.0264935	-5.69513e-05	0	2.23634e-16	4.21867e-19
35.7171	-0.000402646	-0.0265521	0.0264036	-5.65724e-05	0	1.9261e-16	3.65638e-19
35.8424	-0.000402646	-0.0264617	0.0263143	-5.61973e-05	0	1.64268e-16	3.13791e-19
35.9677	-0.000402646	-0.026372	0.0262256	-5.58257e-05	0	1.38511e-16	2.66238e-19
36.093	-0.000402646	-0.0262829	0.0261375	-5.54578e-05	0	1.15248e-16	2.22889e-19
36.2183	-0.000402646	-0.0261944	0.0260499	-5.50934e-05	0	9.43869e-17	1.83659e-19
36.3436	-0.000402646	-0.0261064	0.0259629	-5.47325e-05	0	7.58422e-17	1.48462e-19
36.4689	-0.000190477	-0.0260191	0.0258765	-5.43748e-05	0	1.0676e-16	2.10604e-19
36.5942	-0.000190477	-0.0259323	0.0257907	-5.40209e-05	0	9.69501e-17	1.92445e-19
36.7194	-0.000190477	-0.025846	0.0257054	-5.36704e-05	0	8.77291e-17	1.75223e-19
36.8447	-0.000190477	-0.0257604	0.0256207	-5.33233e-05	0	7.90778e-17	1.58922e-19
36.97	-0.000190477	-0.0256753	0.0255365	-5.29794e-05	0	7.09772e-17	1.43522e-19
37.0953	-0.000190477	-0.0255907	0.0254529	-5.26388e-05	0	6.34091e-17	1.29005e-19
37.2206	-0.000190477	-0.0255067	0.0253698	-5.23014e-05	0	5.63555e-17	1.15356e-19
37.3459	-0.000190477	-0.0254233	0.0252873	-5.19671e-05	0	4.97994e-17	1.02556e-19
37.4712	-0.000190477	-0.0253404	0.0252052	-5.1636e-05	0	4.37239e-17	9.05899e-20
37.5965	-0.000190477	-0.025258	0.0251237	-5.1308e-05	0	3.81128e-17	7.94403e-20
37.7218	-0.000190477	-0.0251761	0.0250428	-5.09831e-05	0	3.29505e-17	6.90916e-20
37.847	-0.000190477	-0.0250948	0.0249623	-5.06611e-05	0	2.82217e-17	5.95283e-20
37.9723	-0.000190477	-0.025014	0.0248823	-5.03422e-05	0	2.39117e-17	5.07349e-20
38.0976	-0.000190477	-0.0249337	0.0248029	-5.00262e-05	0	2.00061e-17	4.26965e-20
38.2229	-0.000190477	-0.0248539	0.0247239	-4.9713e-05	0	1.64911e-17	3.53984e-20
38.3482	-0.000190477	-0.0247746	0.0246455	-4.94028e-05	0	1.33532e-17	2.88262e-20
38.4735	-0.000190477	-0.0246958	0.0245675	-4.90954e-05	0	1.05794e-17	2.29657e-20
38.5988	-0.000190477	-0.0246175	0.02449	-4.87907e-05	0	8.15703e-18	1.78032e-20
38.7241	-8.37199e-05	-0.0245396	0.024413	-4.84888e-05	0	1.4382e-17	3.16541e-20
38.8493	-8.37199e-05	-0.0244623	0.0243365	-4.81899e-05	0	1.30592e-17	2.8912e-20
38.9746	-8.37199e-05	-0.0243855	0.0242604	-4.78936e-05	0	1.18151e-17	2.63112e-20
39.0999	-8.37199e-05	-0.0243091	0.0241848	-4.76e-05	0	1.06472e-17	2.38489e-20
39.2252	-8.37199e-05	-0.0242332	0.0241097	-4.73091e-05	0	9.55298e-18	2.15226e-20
39.3505	-8.37199e-05	-0.0241577	0.024035	-4.70208e-05	0	8.53021e-18	1.93298e-20
39.4758	-8.37199e-05	-0.0240828	0.0239608	-4.67351e-05	0	7.57659e-18	1.72679e-20
39.6011	-8.37199e-05	-0.0240083	0.0238871	-4.64519e-05	0	6.68991e-18	1.53347e-20
39.7264	-8.37199e-05	-0.0239342	0.0238138	-4.61712e-05	0	5.86803e-18	1.35276e-20
39.8517	-8.37199e-05	-0.0238606	0.0237409	-4.58931e-05	0	5.10887e-18	1.18445e-20
39.9769	-8.37199e-05	-0.0237874	0.0236685	-4.56174e-05	0	4.41041e-18	1.02829e-20
40.1022	-8.37199e-05	-0.0237147	0.0235965	-4.53441e-05	0	3.7707e-18	8.84066e-21
40.2275	-8.37199e-05	-0.0236424	0.0235249	-4.50733e-05	0	3.18781e-18	7.51557e-21
40.3528	-8.37199e-05	-0.0235706	0.0234538	-4.48048e-05	0	2.65992e-18	6.30547e-21
40.4781	-8.37199e-05	-0.0234992	0.0233831	-4.45386e-05	0	2.18522e-18	5.20823e-21
40.6034	-8.37199e-05	-0.0234282	0.0233128	-4.42748e-05	0	1.76197e-18	4.22179e-21
40.7287	-8.37199e-05	-0.0233576	0.0232429	-4.40133e-05	0	1.38847e-18	3.34409e-21
40.854	-8.37199e-05	-0.0232875	0.0231735	-4.3754e-05	0	1.06309e-18	2.57315e-21
40.9792	-8.37199e-05	-0.0232177	0.0231044	-4.3497e-05	0	7.84217e-19	1.90699e-21
41.1045	-3.3903e-05	-0.0231484	0.0230358	-4.32421e-05	0	1.71943e-18	4.22155e-21
41.2298	-3.3903e-05	-0.0230795	0.0229675	-4.29896e-05	0	1.56417e-18	3.86175e-21
41.3551	-3.3903e-05	-0.023011	0.0228997	-4.27393e-05	0	1.41792e-18	3.52007e-21
41.4804	-3.3903e-05	-0.0229429	0.0228323	-4.24912e-05	0	1.28038e-18	3.19619e-21
41.6057	-3.3903e-05	-0.0228752	0.0227652	-4.22451e-05	0	1.15132e-18	2.88981e-21
41.731	-3.3903e-05	-0.0228079	0.0226985	-4.20012e-05	0	1.03045e-18	2.60061e-21
41.8563	-3.3903e-05	-0.0227409	0.0226323	-4.17593e-05	0	9.17553e-19	2.3283e-21
41.9816	-3.3903e-05	-0.0226744	0.0225664	-4.15195e-05	0	8.12371e-19	2.07259e-21
42.1068	-3.3903e-05	-0.0226082	0.0225008	-4.12817e-05	0	7.14674e-19	1.83317e-21
42.2321	-3.3903e-05	-0.0225425	0.0224357	-4.10459e-05	0	6.24234e-19	1.60978e-21
42.3574	-3.3903e-05	-0.0224771	0.0223709	-4.08121e-05	0	5.40829e-19	1.40212e-21
42.4827	-3.3903e-05	-0.0224121	0.0223065	-4.05803e-05	0	4.64243e-19	1.20993e-21
42.608	-3.3903e-05	-0.0223474	0.0222425	-4.03504e-05	0	3.94268e-19	1.03294e-21
42.7333	-3.3903e-05	-0.0222831	0.0221788	-4.01224e-05	0	3.30699e-19	8.7088e-22
42.8586	-3.3903e-05	-0.0222192	0.0221155	-3.98963e-05	0	2.73337e-19	7.2349e-22
42.9839	-3.3903e-05	-0.0221557	0.0220526	-3.96721e-05	0	2.2199e-19	5.90518e-22
43.1091	-3.3903e-05	-0.0220925	0.02199	-3.94498e-05	0	1.76471e-19	4.71711e-22
43.2344	-3.3903e-05	-0.0220297	0.0219277	-3.92292e-05	0	1.36596e-19	3.66825e-22
43.3597	-3.3903e-05	-0.0219672	0.0218658	-3.90105e-05	0	1.02188e-19	2.75617e-22
43.485	-3.3903e-05	-0.021905	0.0218043	-3.87936e-05	0	7.30757e-20	1.9785e-22
43.6103	-2.16036e-05	-0.0218433	0.021743	-3.85784e-05	0	2.18711e-19	3.1702e-22
43.7356	-1.25291e-05	-0.0217818	0.0216822	-3.8365e-05	0	1.65619e-19	4.55788e-22
43.8609	-1.25291e-05	-0.0217207	0.0216216	-3.81535e-05	0	1.50813e-19	4.17216e-22
43.9862	-1.25291e-05	-0.02166	0.0215614	-3.79436e-05	0	1.36849e-19	3.8056e-22
44.1115	-1.25291e-05	-0.0215995	0.0215015	-3.77355e-05	0	1.23702e-19	3.45789e-22
44.2367	-1.25291e-05	-0.0215394	0.021442	-3.75291e-05	0	1.1135e-19	3.12872e-22
44.362	-1.25291e-05	-0.0214797	0.0213828	-3.73243e-05	0	9.9769e-20	2.81778e-22
44.4873	-1.25291e-05	-0.0214202	0.0213239	-3.71212e-05	0	8.89382e-20	2.52477e-22
44.6126	-1.25291e-05	-0.0213611	0.0212653	-3.69197e-05	0	7.88356e-20	2.24939e-22
44.7379	-1.25291e-05	-0.0213023	0.0212071	-3.67199e-05	0	6.94402e-20	1.99137e-22
44.8632	-1.25291e-05	-0.0212439	0.0211491	-3.65216e-05	0	6.07316e-20	1.75041e-22
44.9885	-1.25291e-05	-0.0211857	0.0210915	-3.63249e-05	0	5.26899e-20	1.52622e-22
45.1138	-1.25291e-05	-0.0211279	0.0210342	-3.61298e-05	0	4.52958e-20	1.31855e-22
45.239	-1.25291e-05	-0.0210704	0.0209772	-3.59362e-05	0	3.85303e-20	1.12711e-22
45.3643	-1.25291e-05	-0.0210132	0.0209205	-3.57441e-05	0	3.23751e-20	9.51635e-23
45.4896	-1.25291e-05	-0.0209563	0.0208641	-3.55536e-05	0	2.68124e-20	7.9187e-23
45.6149	-1.25291e-05	-0.0208997	0.020808	-3.53645e-05	0	2.18246e-20	6.47555e-23
45.7402	-1.25291e-05	-0.0208434	0.0207522	-3.51769e-05	0	1.73948e-20	5.18436e-23
45.8655	-1.25291e-05	-0.0207874	0.0206966	-3.49908e-05	0	1.35064e-20	4.04265e-23
45.9908	-1.25291e-05	-0.0207317	0.0206414	-3.48062e-05	0	1.01433e-20	3.04796e-23
46.1161	-1.25291e-05	-0.0206763	0.0205865	-3.4623e-05	0	7.28991e-21	2.19789e-23
46.2414	-1.25291e-05	-0.0206211	0.0205319	-3.44412e-05	0	4.9308e-21	1.49007e-23
46.3666	-1.25291e-05	-0.0205663	0.0204775	-3.42608e-05	0	3.05111e-21	9.22161e-24
46.4919	-4.17966e-06	-0.0205118	0.0204235	-3.40817e-05	0	1.40251e-20	4.32088e-23
46.6172	-4.17966e-06	-0.0204575	0.0203697	-3.39042e-05	0	1.28233e-20	3.97013e-23
46.7425	-4.17966e-06	-0.0204036	0.0203162	-3.3728e-05	0	1.16868e-20	3.63605e-23
46.8678	-4.17966e-06	-0.0203499	0.020263	-3.35532e-05	0	1.06136e-20	3.31836e-23
46.9931	-4.17966e-06	-0.0202965	0.02021	-3.33797e-05	0	9.60229e-21	3.01681e-23
47.1184	-4.17966e-06	-0.0202434	0.0201574	-3.32076e-05	0	8.65105e-21	2.73116e-23
47.2437	-4.17966e-06	-0.0201905	0.020105	-3.30368e-05	0	7.75827e-21	2.46115e-23
47.3689	-4.17966e-06	-0.0201379	0.0200528	-3.28673e-05	0	6.92239e-21	2.20654e-23
47.4942	-4.17966e-06	-0.0200856	0.020001	-3.2699e-05	0	6.14186e-21	1.96711e-23
47.6195	-4.17966e-06	-0.0200336	0.0199494	-3.25321e-05	0	5.41516e-21	1.7426e-23
47.7448	-4.17966e-06	-0.0199818	0.019898	-3.23664e-05	0	4.74083e-21	1.53279e-23
47.8701	-4.17966e-06	-0.0199303	0.019847	-3.22019e-05	0	4.11743e-21	1.33746e-23
47.9954	-4.17966e-06	-0.0198791	0.0197961	-3.20387e-05	0	3.54356e-21	1.15638e-23
48.1207	-4.17966e-06	-0.0198281	0.0197456	-3.18767e-05	0	3.01786e-21	9.89322e-24
48.246	-4.17966e-06	-0.0197774	0.0196953	-3.17159e-05	0	2.539e-21	8.36081e-24
48.3713	-4.17966e-06	-0.0197269	0.0196452	-3.15563e-05	0	2.10568e-21	6.96441e-24
48.4965	-4.17966e-06	-0.0196767	0.0195955	-3.13979e-05	0	1.71662e-21	5.7019e-24
48.6218	-4.17966e-06	-0.0196267	0.0195459	-3.12406e-05	0	1.3706e-21	4.57124e-24
48.7471	-4.17966e-06	-0.019577	0.0194966	-3.10846e-05	0	1.0664e-21	3.57038e-24
48.8724	-4.17966e-06	-0.0195276	0.0194476	-3.09296e-05	0	8.02858e-22	2.69732e-24
48.9977	-4.17966e-06	-0.0194784	0.0193988	-3.07759e-05	0	5.78813e-22	1.95009e-24
49.123	-4.17966e-06	-0.0194294	0.0193502	-3.06232e-05	0	3.93149e-22	1.32676e-24
49.2483	-4.17966e-06	-0.0193807	0.0193019	-3.04717e-05	0	2.44774e-22	8.25416e-25
49.3736	-4.17966e-06	-0.0193322	0.0192538	-3.03212e-05	0	1.32621e-22	4.44176e-25
49.4988	-4.17966e-06	-0.019284	0.0192059	-3.01719e-05	0	5.5651e-23	1.8119e-25
49.6241	-1.24318e-06	-0.019236	0.0191583	-3.00236e-05	0	8.68694e-22	3.01974e-24
49.7494	-1.24318e-06	-0.0191882	0.019111	-2.98765e-05	0	7.954e-22	2.77775e-24
49.8747	-1.24318e-06	-0.0191407	0.0190638	-2.97305e-05	0	7.2599e-22	2.54704e-24
50	-1.24318e-06	-0.0190934	0.0190169	-2.95855e-05	0	6.60366e-22	2.32743e-24
