0.1	0.0247541	-0.152011	0.145447	-1.0825e-10	0	0.000310997	1.18638e-05	0.000349539
0.100901	0.0248037	-0.152012	0.145448	-1.01157e-10	0	0.000311188	1.21028e-05	0.000335385
0.101802	0.0248535	-0.152013	0.145448	-8.9781e-11	0	0.000311378	1.23447e-05	0.000322112
0.102703	0.0249034	-0.152014	0.145449	-7.41221e-11	0	0.000311567	1.25895e-05	0.000309663
0.103604	0.0249535	-0.152014	0.14545	-5.41802e-11	0	0.000311754	1.28371e-05	0.000297986
0.104505	0.0250038	-0.152015	0.145451	-2.99554e-11	0	0.000311941	1.30877e-05	0.000287034
0.105405	0.0250542	-0.152016	0.145451	-1.4478e-12	0	0.000312127	1.33412e-05	0.000276761
0.106306	0.0251048	-0.152017	0.145452	3.13428e-11	0	0.000312312	1.35976e-05	0.000267124
0.107207	0.0251556	-0.152018	0.145453	6.84162e-11	0	0.000312496	1.3857e-05	0.000258085
0.108108	0.0252066	-0.152019	0.145454	3.40185e-11	0	0.000312995	1.41194e-05	0.000289984
0.109009	0.0252579	-0.15202	0.145454	-1.15365e-11	0	0.000313243	1.43849e-05	0.000284132
0.10991	0.0253093	-0.152021	0.145455	-4.98621e-11	0	0.00031349	1.46534e-05	0.000278691
0.110811	0.0253609	-0.152022	0.145456	-8.09586e-11	0	0.000313736	1.49249e-05	0.000273628
0.111712	0.0254126	-0.152023	0.145457	-1.04826e-10	0	0.000313981	1.51995e-05	0.000268914
0.112613	0.0254644	-0.152024	0.145458	-1.21464e-10	0	0.000314225	1.54771e-05	0.00026452
0.113514	0.0255162	-0.152025	0.145459	-1.27603e-10	0	0.000314464	1.57579e-05	0.000362821
0.114414	0.0255682	-0.152026	0.145459	-1.29097e-10	0	0.000314705	1.60417e-05	0.000349302
0.115315	0.0256203	-0.152027	0.14546	-1.26142e-10	0	0.000314945	1.63287e-05	0.000336519
0.116216	0.0256725	-0.152028	0.145461	-1.18738e-10	0	0.000315184	1.66187e-05	0.000324429
0.117117	0.0257249	-0.152029	0.145462	-1.06886e-10	0	0.000315423	1.6912e-05	0.000312993
0.118018	0.0257775	-0.15203	0.145463	-9.05864e-11	0	0.00031566	1.72084e-05	0.000302175
0.118919	0.0258301	-0.152031	0.145464	-6.98379e-11	0	0.000315896	1.7508e-05	0.000291941
0.11982	0.0258829	-0.152032	0.145465	-4.46412e-11	0	0.000316132	1.78107e-05	0.000282258
0.120721	0.0259359	-0.152033	0.145466	-1.49961e-11	0	0.000316367	1.81167e-05	0.000273096
0.121622	0.0259889	-0.152034	0.145467	1.90973e-11	0	0.000316601	1.84259e-05	0.000264425
0.122523	0.0260422	-0.152036	0.145468	5.76391e-11	0	0.000316834	1.87384e-05	0.00025622
0.123423	0.0260962	-0.152037	0.145469	1.36411e-11	0	0.000317338	1.90542e-05	0.000289907
0.124324	0.0261504	-0.152038	0.145469	-3.27448e-11	0	0.000317637	1.93733e-05	0.000284362
0.125225	0.0262048	-0.152039	0.14547	-7.17069e-11	0	0.000317934	1.96958e-05	0.000279145
0.126126	0.0262593	-0.15204	0.145471	-1.03245e-10	0	0.000318231	2.00216e-05	0.000274235
0.127027	0.0263139	-0.152041	0.145472	-1.2736e-10	0	0.000318527	2.03508e-05	0.00026961
0.127928	0.0263686	-0.152043	0.145473	-1.43728e-10	0	0.000318819	2.06833e-05	0.000361909
0.128829	0.0264233	-0.152044	0.145474	-1.49722e-10	0	0.000319112	2.10193e-05	0.000349558
0.12973	0.0264781	-0.152045	0.145475	-1.51056e-10	0	0.000319404	2.13586e-05	0.000337802
0.130631	0.0265331	-0.152046	0.145476	-1.47728e-10	0	0.000319696	2.17014e-05	0.000326612
0.131532	0.0265881	-0.152047	0.145478	-1.39739e-10	0	0.000319986	2.20477e-05	0.000315959
0.132432	0.0266433	-0.152049	0.145479	-1.27088e-10	0	0.000320276	2.23973e-05	0.000305815
0.133333	0.0266986	-0.15205	0.14548	-1.09776e-10	0	0.000320566	2.27505e-05	0.000296155
0.134234	0.0267541	-0.152051	0.145481	-8.78026e-11	0	0.000320854	2.31072e-05	0.000286956
0.135135	0.0268096	-0.152052	0.145482	-6.11679e-11	0	0.000321142	2.34674e-05	0.000278193
0.136036	0.0268653	-0.152054	0.145483	-2.98719e-11	0	0.000321429	2.38311e-05	0.000269846
0.136937	0.0269211	-0.152055	0.145484	6.08545e-12	0	0.000321715	2.41983e-05	0.000261893
0.137838	0.0269771	-0.152056	0.145485	4.25539e-11	0	0.000322178	2.45691e-05	0.000295298
0.138739	0.0270343	-0.152058	0.145486	-1.22934e-11	0	0.000322532	2.49437e-05	0.000289679
0.13964	0.0270917	-0.152059	0.145487	-5.94633e-11	0	0.000322885	2.53219e-05	0.00028435
0.140541	0.0271491	-0.15206	0.145488	-9.89559e-11	0	0.000323237	2.57037e-05	0.000279295
0.141441	0.0272067	-0.152062	0.14549	-1.30771e-10	0	0.000323588	2.60892e-05	0.000274496
0.142342	0.0272644	-0.152063	0.145491	-1.54909e-10	0	0.000323939	2.64784e-05	0.000269937
0.143243	0.0273222	-0.152065	0.145492	-1.70313e-10	0	0.000324285	2.68714e-05	0.000350082
0.144144	0.02738	-0.152066	0.145493	-1.76144e-10	0	0.000324634	2.72681e-05	0.000339118
0.145045	0.0274379	-0.152067	0.145494	-1.7706e-10	0	0.000324982	2.76685e-05	0.000328628
0.145946	0.0274958	-0.152069	0.145496	-1.73061e-10	0	0.000325329	2.80727e-05	0.000318589
0.146847	0.0275539	-0.15207	0.145497	-1.64147e-10	0	0.000325675	2.84807e-05	0.000308982
0.147748	0.0276121	-0.152072	0.145498	-1.50319e-10	0	0.000326021	2.88925e-05	0.000299787
0.148649	0.0276704	-0.152073	0.145499	-1.31575e-10	0	0.000326366	2.93081e-05	0.000290985
0.14955	0.0277288	-0.152075	0.145501	-1.07916e-10	0	0.00032671	2.97276e-05	0.000282557
0.15045	0.0277874	-0.152076	0.145502	-7.93422e-11	0	0.000327054	3.01509e-05	0.000274488
0.151351	0.027846	-0.152078	0.145503	-4.58533e-11	0	0.000327397	3.05782e-05	0.000266761
0.152252	0.0279047	-0.152079	0.145504	-7.44939e-12	0	0.00032774	3.10093e-05	0.00025936
0.153153	0.027964	-0.152081	0.145506	1.09597e-11	0	0.000328246	3.14444e-05	0.000294646
0.154054	0.0280245	-0.152083	0.145507	-4.47783e-11	0	0.000328658	3.18835e-05	0.000289227
0.154955	0.0280852	-0.152084	0.145508	-9.25331e-11	0	0.00032907	3.23267e-05	0.000284056
0.155856	0.028146	-0.152086	0.14551	-1.32305e-10	0	0.000329482	3.27738e-05	0.000279118
0.156757	0.0282069	-0.152087	0.145511	-1.64093e-10	0	0.000329892	3.32251e-05	0.0002744
0.157658	0.0282679	-0.152089	0.145512	-1.87898e-10	0	0.000330302	3.36804e-05	0.000269891
0.158559	0.0283289	-0.152091	0.145514	-2.01738e-10	0	0.000330708	3.41398e-05	0.000340388
0.159459	0.02839	-0.152092	0.145515	-2.07099e-10	0	0.000331117	3.46033e-05	0.000330451
0.16036	0.0284511	-0.152094	0.145517	-2.07253e-10	0	0.000331524	3.5071e-05	0.000320904
0.161261	0.0285123	-0.152096	0.145518	-2.02201e-10	0	0.000331932	3.55428e-05	0.00031173
0.162162	0.0285736	-0.152097	0.145519	-1.91942e-10	0	0.000332338	3.60188e-05	0.000302912
0.163063	0.0286351	-0.152099	0.145521	-1.76477e-10	0	0.000332745	3.6499e-05	0.000294437
0.163964	0.0286966	-0.152101	0.145522	-1.55804e-10	0	0.00033315	3.69834e-05	0.00028629
0.164865	0.0287582	-0.152102	0.145524	-1.29925e-10	0	0.000333556	3.74721e-05	0.000278457
0.165766	0.0288199	-0.152104	0.145525	-9.88394e-11	0	0.000333961	3.7965e-05	0.000270926
0.166667	0.0288817	-0.152106	0.145527	-6.25469e-11	0	0.000334366	3.84621e-05	0.000263684
0.167568	0.0289437	-0.152108	0.145528	-2.10476e-11	0	0.00033477	3.89636e-05	0.000256718
0.168468	0.0290066	-0.15211	0.14553	-2.8438e-11	0	0.000335334	3.94695e-05	0.000293772
0.169369	0.0290708	-0.152111	0.145531	-8.47702e-11	0	0.000335811	3.99798e-05	0.000288501
0.17027	0.029135	-0.152113	0.145533	-1.32764e-10	0	0.000336287	4.04945e-05	0.000283445
0.171171	0.0291993	-0.152115	0.145534	-1.72419e-10	0	0.000336762	4.10137e-05	0.000278594
0.172072	0.0292638	-0.152117	0.145536	-2.03736e-10	0	0.000337238	4.15373e-05	0.000273937
0.172973	0.0293283	-0.152119	0.145538	-2.26714e-10	0	0.000337712	4.20655e-05	0.000269465
0.173874	0.0293928	-0.152121	0.145539	-2.38313e-10	0	0.000338183	4.25981e-05	0.00033206
0.174775	0.0294573	-0.152123	0.145541	-2.42794e-10	0	0.000338657	4.31353e-05	0.000322908
0.175676	0.0295219	-0.152125	0.145542	-2.41738e-10	0	0.00033913	4.3677e-05	0.000314085
0.176577	0.0295866	-0.152127	0.145544	-2.35147e-10	0	0.000339603	4.42234e-05	0.000305577
0.177477	0.0296514	-0.152129	0.145546	-2.23019e-10	0	0.000340075	4.47743e-05	0.000297372
0.178378	0.0297163	-0.152131	0.145547	-2.05355e-10	0	0.000340548	4.53298e-05	0.000289459
0.179279	0.0297813	-0.152133	0.145549	-1.82155e-10	0	0.00034102	4.589e-05	0.000281827
0.18018	0.0298463	-0.152135	0.145551	-1.53419e-10	0	0.000341492	4.64549e-05	0.000274464
0.181081	0.0299115	-0.152137	0.145552	-1.19147e-10	0	0.000341964	4.70245e-05	0.00026736
0.181982	0.0299767	-0.152139	0.145554	-7.93387e-11	0	0.000342435	4.75988e-05	0.000260506
0.182883	0.0300421	-0.152141	0.145556	-3.39941e-11	0	0.000342907	4.81778e-05	0.000253892
0.183784	0.0301094	-0.152143	0.145558	-7.67023e-11	0	0.000343545	4.87617e-05	0.000292615
0.184685	0.0301773	-0.152145	0.145559	-1.33176e-10	0	0.000344092	4.93504e-05	0.000287454
0.185586	0.0302454	-0.152147	0.145561	-1.80908e-10	0	0.000344638	4.99441e-05	0.000282486
0.186486	0.0303135	-0.152149	0.145563	-2.19895e-10	0	0.000345184	5.05426e-05	0.0002777
0.187387	0.0303817	-0.152151	0.145565	-2.5014e-10	0	0.00034573	5.11461e-05	0.000273088
0.188288	0.0304499	-0.152153	0.145567	-2.71311e-10	0	0.000346272	5.17546e-05	0.000333426
0.189189	0.0305181	-0.152156	0.145569	-2.80283e-10	0	0.000346817	5.2368e-05	0.000324596
0.19009	0.0305864	-0.152158	0.14557	-2.8335e-10	0	0.000347361	5.29864e-05	0.000316059
0.190991	0.0306547	-0.15216	0.145572	-2.80512e-10	0	0.000347906	5.36098e-05	0.000307806
0.191892	0.0307232	-0.152162	0.145574	-2.7177e-10	0	0.000348451	5.42383e-05	0.000299825
0.192793	0.0307917	-0.152165	0.145576	-2.57124e-10	0	0.000348995	5.48719e-05	0.000292108
0.193694	0.0308603	-0.152167	0.145578	-2.36573e-10	0	0.00034954	5.55106e-05	0.000284644
0.194595	0.030929	-0.152169	0.14558	-2.10117e-10	0	0.000350085	5.61544e-05	0.000277424
0.195495	0.0309978	-0.152171	0.145582	-1.77757e-10	0	0.000350629	5.68034e-05	0.000270441
0.196396	0.0310666	-0.152174	0.145584	-1.39492e-10	0	0.000351174	5.74575e-05	0.000263685
0.197297	0.0311355	-0.152176	0.145586	-9.53223e-11	0	0.000351719	5.81169e-05	0.000257149
0.198198	0.0312051	-0.152178	0.145588	-6.96326e-11	0	0.000352371	5.87815e-05	0.00029638
0.199099	0.031277	-0.152181	0.14559	-1.34822e-10	0	0.000352994	5.94515e-05	0.000291123
0.2	0.031349	-0.152183	0.145592	-1.90813e-10	0	0.000353617	6.01268e-05	0.000286047
0.200901	0.031421	-0.152186	0.145594	-2.37605e-10	0	0.00035424	6.08076e-05	0.000281145
0.201802	0.0314932	-0.152188	0.145596	-2.75199e-10	0	0.000354862	6.14937e-05	0.000276409
0.202703	0.0315654	-0.152191	0.145598	-3.03595e-10	0	0.000355485	6.21853e-05	0.000271832
0.203604	0.0316377	-0.152193	0.1456	-3.20474e-10	0	0.000356105	6.28824e-05	0.000325952
0.204505	0.0317099	-0.152196	0.145602	-3.27761e-10	0	0.000356727	6.3585e-05	0.000317651
0.205405	0.0317822	-0.152198	0.145604	-3.28734e-10	0	0.00035735	6.42931e-05	0.000309607
0.206306	0.0318545	-0.152201	0.145606	-3.23392e-10	0	0.000357973	6.50068e-05	0.000301812
0.207207	0.031927	-0.152203	0.145609	-3.11736e-10	0	0.000358596	6.5726e-05	0.000294257
0.208108	0.0319995	-0.152206	0.145611	-2.93766e-10	0	0.00035922	6.64508e-05	0.000286935
0.209009	0.0320721	-0.152208	0.145613	-2.69481e-10	0	0.000359844	6.71813e-05	0.000279837
0.20991	0.0321448	-0.152211	0.145615	-2.38883e-10	0	0.000360468	6.79175e-05	0.000272957
0.210811	0.0322175	-0.152214	0.145617	-2.01969e-10	0	0.000361092	6.86593e-05	0.000266286
0.211712	0.0322903	-0.152216	0.14562	-1.58742e-10	0	0.000361717	6.94068e-05	0.000259818
0.212613	0.0323632	-0.152219	0.145622	-1.092e-10	0	0.000362343	7.01601e-05	0.000253547
0.213514	0.0324383	-0.152222	0.145624	-1.39257e-10	0	0.000363101	7.09193e-05	0.000294424
0.214414	0.0325146	-0.152224	0.145626	-2.03648e-10	0	0.000363807	7.16844e-05	0.000289248
0.215315	0.0325909	-0.152227	0.145629	-2.58332e-10	0	0.000364514	7.24554e-05	0.000284239
0.216216	0.0326673	-0.15223	0.145631	-3.03308e-10	0	0.00036522	7.32324e-05	0.000279389
0.217117	0.0327438	-0.152233	0.145633	-3.38577e-10	0	0.000365928	7.40153e-05	0.000274692
0.218018	0.0328204	-0.152236	0.145636	-3.64138e-10	0	0.000366635	7.48043e-05	0.000270144
0.218919	0.0328968	-0.152238	0.145638	-3.75851e-10	0	0.000367339	7.55994e-05	0.000318845
0.21982	0.0329734	-0.152241	0.14564	-3.80641e-10	0	0.000368047	7.64005e-05	0.000310975
0.220721	0.03305	-0.152244	0.145643	-3.78661e-10	0	0.000368756	7.72077e-05	0.000303334
0.221622	0.0331266	-0.152247	0.145645	-3.69913e-10	0	0.000369465	7.80211e-05	0.000295916
0.222523	0.0332034	-0.15225	0.145648	-3.54396e-10	0	0.000370174	7.88406e-05	0.000288712
0.223423	0.0332802	-0.152253	0.14565	-3.32111e-10	0	0.000370885	7.96663e-05	0.000281717
0.224324	0.0333571	-0.152256	0.145653	-3.03056e-10	0	0.000371595	8.04983e-05	0.000274924
0.225225	0.033434	-0.152259	0.145655	-2.67233e-10	0	0.000372307	8.13365e-05	0.000268327
0.226126	0.0335111	-0.152262	0.145658	-2.24642e-10	0	0.000373019	8.2181e-05	0.000261919
0.227027	0.0335882	-0.152265	0.14566	-1.75281e-10	0	0.000373732	8.30318e-05	0.000255695
0.227928	0.0336661	-0.152268	0.145663	-1.4834e-10	0	0.000374532	8.3889e-05	0.000297328
0.228829	0.0337469	-0.152271	0.145665	-2.21208e-10	0	0.000375329	8.47527e-05	0.000292057
0.22973	0.0338278	-0.152274	0.145668	-2.838e-10	0	0.000376127	8.5623e-05	0.000286946
0.230631	0.0339088	-0.152277	0.145671	-3.36119e-10	0	0.000376925	8.64998e-05	0.00028199
0.231532	0.0339899	-0.15228	0.145673	-3.78164e-10	0	0.000377725	8.73833e-05	0.000277183
0.232432	0.0340711	-0.152284	0.145676	-4.09934e-10	0	0.000378524	8.82733e-05	0.00027252
0.233333	0.0341522	-0.152287	0.145679	-4.28672e-10	0	0.000379321	8.917e-05	0.000319621
0.234234	0.0342333	-0.15229	0.145681	-4.37212e-10	0	0.000380122	9.00735e-05	0.000311895
0.235135	0.0343144	-0.152293	0.145684	-4.3848e-10	0	0.000380924	9.09836e-05	0.000304382
0.236036	0.0343957	-0.152296	0.145687	-4.32477e-10	0	0.000381727	9.19005e-05	0.000297077
0.236937	0.034477	-0.1523	0.14569	-4.19202e-10	0	0.00038253	9.28242e-05	0.000289973
0.237838	0.0345583	-0.152303	0.145692	-3.98655e-10	0	0.000383335	9.37547e-05	0.000283065
0.238739	0.0346398	-0.152306	0.145695	-3.70836e-10	0	0.00038414	9.46921e-05	0.000276347
0.23964	0.0347213	-0.15231	0.145698	-3.35745e-10	0	0.000384947	9.56363e-05	0.000269813
0.240541	0.0348028	-0.152313	0.145701	-2.93383e-10	0	0.000385755	9.65875e-05	0.000263457
0.241441	0.0348845	-0.152317	0.145704	-2.43748e-10	0	0.000386563	9.75457e-05	0.000257276
0.242342	0.0349662	-0.15232	0.145707	-1.86842e-10	0	0.000387373	9.85108e-05	0.000251262
0.243243	0.0350513	-0.152323	0.145709	-2.45579e-10	0	0.000388316	9.94831e-05	0.000294436
0.244144	0.0351372	-0.152327	0.145712	-3.16005e-10	0	0.000389214	0.000100463	0.000289229
0.245045	0.0352231	-0.15233	0.145715	-3.75528e-10	0	0.000390112	0.000101449	0.000284174
0.245946	0.0353091	-0.152334	0.145718	-4.24146e-10	0	0.000391012	0.000102443	0.000279264
0.246847	0.0353952	-0.152337	0.145721	-4.61861e-10	0	0.000391913	0.000103445	0.000274495
0.247748	0.0354814	-0.152341	0.145724	-4.87444e-10	0	0.000392811	0.000104453	0.000319949
0.248649	0.0355674	-0.152345	0.145727	-4.99573e-10	0	0.000393713	0.000105469	0.000312342
0.24955	0.0356534	-0.152348	0.14573	-5.03873e-10	0	0.000394617	0.000106493	0.000304936
0.25045	0.0357396	-0.152352	0.145733	-5.00345e-10	0	0.000395522	0.000107524	0.000297727
0.251351	0.0358258	-0.152356	0.145737	-4.88987e-10	0	0.000396429	0.000108562	0.000290707
0.252252	0.0359121	-0.152359	0.14574	-4.69802e-10	0	0.000397337	0.000109608	0.000283873
0.253153	0.0359984	-0.152363	0.145743	-4.42788e-10	0	0.000398246	0.000110662	0.000277219
0.254054	0.0360848	-0.152367	0.145746	-4.07945e-10	0	0.000399156	0.000111723	0.000270739
0.254955	0.0361713	-0.152371	0.145749	-3.65273e-10	0	0.000400069	0.000112791	0.000264429
0.255856	0.0362578	-0.152375	0.145752	-3.14773e-10	0	0.000400982	0.000113868	0.000258285
0.256757	0.0363444	-0.152378	0.145756	-2.56444e-10	0	0.000401897	0.000114952	0.000252302
0.257658	0.0364336	-0.152382	0.145759	-2.79152e-10	0	0.000402916	0.000116044	0.000296342
0.258559	0.0365248	-0.152386	0.145762	-3.57211e-10	0	0.000403923	0.000117144	0.000291046
0.259459	0.036616	-0.15239	0.145766	-4.23667e-10	0	0.000404931	0.000118252	0.000285897
0.26036	0.0367074	-0.152394	0.145769	-4.7852e-10	0	0.000405941	0.000119368	0.000280891
0.261261	0.0367988	-0.152398	0.145772	-5.21771e-10	0	0.000406952	0.000120492	0.000276024
0.262162	0.0368903	-0.152402	0.145776	-5.53419e-10	0	0.000407965	0.000121624	0.000271291
0.263063	0.0369816	-0.152406	0.145779	-5.68984e-10	0	0.000408975	0.000122764	0.000312285
0.263964	0.037073	-0.15241	0.145782	-5.75967e-10	0	0.000409991	0.000123912	0.00030497
0.264865	0.0371644	-0.152414	0.145786	-5.74505e-10	0	0.000411008	0.000125069	0.000297842
0.265766	0.0372559	-0.152418	0.145789	-5.64598e-10	0	0.000412027	0.000126234	0.000290894
0.266667	0.0373475	-0.152423	0.145793	-5.46246e-10	0	0.000413048	0.000127407	0.000284124
0.267568	0.0374391	-0.152427	0.145796	-5.19449e-10	0	0.000414071	0.000128589	0.000277525
0.268468	0.0375308	-0.152431	0.1458	-4.84207e-10	0	0.000415095	0.000129779	0.000271093
0.269369	0.0376226	-0.152435	0.145803	-4.40521e-10	0	0.000416122	0.000130977	0.000264824
0.27027	0.0377144	-0.15244	0.145807	-3.88389e-10	0	0.00041715	0.000132184	0.000258714
0.271171	0.0378063	-0.152444	0.145811	-3.27813e-10	0	0.000418181	0.000133399	0.000252758
0.272072	0.0379002	-0.152448	0.145814	-3.24608e-10	0	0.000419295	0.000134623	0.000297731
0.272973	0.0379971	-0.152453	0.145818	-4.09937e-10	0	0.000420421	0.000135856	0.00029235
0.273874	0.0380941	-0.152457	0.145822	-4.82887e-10	0	0.000421549	0.000137098	0.000287114
0.274775	0.0381912	-0.152461	0.145825	-5.4346e-10	0	0.000422679	0.000138348	0.000282019
0.275676	0.0382883	-0.152466	0.145829	-5.91655e-10	0	0.000423812	0.000139607	0.000277062
0.276577	0.0383856	-0.15247	0.145833	-6.27472e-10	0	0.000424946	0.000140876	0.000272238
0.277477	0.0384827	-0.152475	0.145837	-6.46806e-10	0	0.000426078	0.000142153	0.00031169
0.278378	0.0385798	-0.152479	0.145841	-6.55952e-10	0	0.000427216	0.000143439	0.000304452
0.279279	0.0386769	-0.152484	0.145844	-6.55971e-10	0	0.000428357	0.000144735	0.000297393
0.28018	0.0387742	-0.152489	0.145848	-6.46862e-10	0	0.0004295	0.000146039	0.000290509
0.281081	0.0388714	-0.152493	0.145852	-6.28626e-10	0	0.000430645	0.000147353	0.000283794
0.281982	0.0389688	-0.152498	0.145856	-6.01262e-10	0	0.000431792	0.000148676	0.000277244
0.282883	0.0390662	-0.152503	0.14586	-5.64771e-10	0	0.000432942	0.000150008	0.000270856
0.283784	0.0391636	-0.152507	0.145864	-5.19152e-10	0	0.000434094	0.00015135	0.000264625
0.284685	0.0392612	-0.152512	0.145868	-4.64405e-10	0	0.000435249	0.000152701	0.000258547
0.285586	0.0393588	-0.152517	0.145872	-4.00531e-10	0	0.000436407	0.000154061	0.000252618
0.286486	0.0394582	-0.152522	0.145876	-3.84893e-10	0	0.000437636	0.000155431	0.000298552
0.287387	0.0395613	-0.152527	0.14588	-4.76921e-10	0	0.000438893	0.000156811	0.000293092
0.288288	0.0396645	-0.152532	0.145884	-5.5571e-10	0	0.000440153	0.0001582	0.000287776
0.289189	0.0397677	-0.152537	0.145889	-6.21262e-10	0	0.000441416	0.000159599	0.000282601
0.29009	0.0398711	-0.152542	0.145893	-6.73575e-10	0	0.000442681	0.000161008	0.000277562
0.290991	0.0399745	-0.152547	0.145897	-7.12649e-10	0	0.000443948	0.000162427	0.000272655
0.291892	0.0400778	-0.152552	0.145901	-7.34443e-10	0	0.000445215	0.000163856	0.000310514
0.292793	0.0401811	-0.152557	0.145906	-7.45017e-10	0	0.000446488	0.000165295	0.000303345
0.293694	0.0402844	-0.152562	0.14591	-7.45707e-10	0	0.000447763	0.000166744	0.000296348
0.294595	0.0403878	-0.152567	0.145914	-7.36513e-10	0	0.000449042	0.000168203	0.00028952
0.295495	0.0404913	-0.152572	0.145919	-7.17434e-10	0	0.000450323	0.000169672	0.000282856
0.296396	0.0405948	-0.152578	0.145923	-6.88471e-10	0	0.000451608	0.000171151	0.000276352
0.297297	0.0406984	-0.152583	0.145927	-6.49624e-10	0	0.000452895	0.000172641	0.000270005
0.298198	0.040802	-0.152588	0.145932	-6.00892e-10	0	0.000454186	0.000174141	0.00026381
0.299099	0.0409057	-0.152593	0.145936	-5.42276e-10	0	0.00045548	0.000175651	0.000257764
0.3	0.0410094	-0.152599	0.145941	-4.73775e-10	0	0.000456777	0.000177172	0.000251864
0.300901	0.0411154	-0.152604	0.145945	-4.63156e-10	0	0.000458145	0.000178703	0.000298753
0.301802	0.0412252	-0.15261	0.14595	-5.61048e-10	0	0.000459547	0.000180245	0.000293222
0.302703	0.0413351	-0.152615	0.145955	-6.44747e-10	0	0.000460951	0.000181798	0.000287834
0.303604	0.041445	-0.152621	0.145959	-7.14252e-10	0	0.000462359	0.000183362	0.000282586
0.304505	0.0415551	-0.152626	0.145964	-7.69563e-10	0	0.000463771	0.000184936	0.000277474
0.305405	0.0416652	-0.152632	0.145969	-8.10681e-10	0	0.000465185	0.000186522	0.000272495
0.306306	0.0417752	-0.152638	0.145973	-8.33245e-10	0	0.000466599	0.000188119	0.000308716
0.307207	0.0418851	-0.152643	0.145978	-8.4424e-10	0	0.00046802	0.000189726	0.000301609
0.308108	0.0419951	-0.152649	0.145983	-8.4451e-10	0	0.000469444	0.000191345	0.00029467
0.309009	0.0421052	-0.152655	0.145988	-8.34056e-10	0	0.000470872	0.000192975	0.000287895
0.30991	0.0422153	-0.152661	0.145993	-8.12878e-10	0	0.000472304	0.000194617	0.000281279
0.310811	0.0423255	-0.152666	0.145998	-7.80976e-10	0	0.00047374	0.000196269	0.00027482
0.311712	0.0424357	-0.152672	0.146002	-7.38349e-10	0	0.000475179	0.000197933	0.000268513
0.312613	0.042546	-0.152678	0.146007	-6.84998e-10	0	0.000476622	0.000199609	0.000262356
0.313514	0.0426564	-0.152684	0.146012	-6.20922e-10	0	0.000478069	0.000201296	0.000256344
0.314414	0.0427668	-0.15269	0.146017	-5.46123e-10	0	0.000479519	0.000202994	0.000250474
0.315315	0.0428805	-0.152696	0.146023	-5.62649e-10	0	0.000481053	0.000204704	0.000298281
0.316216	0.0429976	-0.152702	0.146028	-6.65237e-10	0	0.000482614	0.000206426	0.000292687
0.317117	0.0431147	-0.152708	0.146033	-7.52569e-10	0	0.000484178	0.00020816	0.000287237
0.318018	0.0432319	-0.152715	0.146038	-8.24647e-10	0	0.000485746	0.000209906	0.000281927
0.318919	0.0433492	-0.152721	0.146043	-8.81468e-10	0	0.000487318	0.000211665	0.000276753
0.31982	0.0434666	-0.152727	0.146048	-9.22639e-10	0	0.00048889	0.000213435	0.000313467
0.320721	0.0435837	-0.152733	0.146054	-9.44363e-10	0	0.00049047	0.000215218	0.000306252
0.321622	0.0437009	-0.15274	0.146059	-9.5443e-10	0	0.000492055	0.000217013	0.000299205
0.322523	0.0438181	-0.152746	0.146064	-9.52839e-10	0	0.000493643	0.00021882	0.000292321
0.323423	0.0439354	-0.152752	0.14607	-9.3959e-10	0	0.000495236	0.00022064	0.000285598
0.324324	0.0440527	-0.152759	0.146075	-9.14683e-10	0	0.000496834	0.000222472	0.000279032
0.325225	0.0441701	-0.152765	0.146081	-8.78118e-10	0	0.000498436	0.000224317	0.000272619
0.326126	0.0442875	-0.152772	0.146086	-8.29896e-10	0	0.000500042	0.000226174	0.000266355
0.327027	0.044405	-0.152778	0.146092	-7.70016e-10	0	0.000501653	0.000228045	0.000260237
0.327928	0.0445226	-0.152785	0.146097	-6.98478e-10	0	0.000503269	0.000229927	0.000254263
0.328829	0.0446402	-0.152792	0.146103	-6.15282e-10	0	0.000504889	0.000231823	0.000248428
0.32973	0.0447633	-0.152799	0.146109	-6.86562e-10	0	0.000506619	0.000233732	0.00029708
0.330631	0.0448882	-0.152805	0.146114	-7.92258e-10	0	0.000508354	0.000235654	0.000291435
0.331532	0.0450132	-0.152812	0.14612	-8.81517e-10	0	0.000510094	0.000237589	0.000285935
0.332432	0.0451382	-0.152819	0.146126	-9.54339e-10	0	0.000511839	0.000239538	0.000280574
0.333333	0.0452633	-0.152826	0.146131	-1.01072e-09	0	0.000513589	0.0002415	0.000275351
0.334234	0.0453884	-0.152833	0.146137	-1.04847e-09	0	0.00051534	0.000243475	0.00031023
0.335135	0.0455133	-0.15284	0.146143	-1.06854e-09	0	0.000517099	0.000245465	0.000303078
0.336036	0.0456383	-0.152847	0.146149	-1.0759e-09	0	0.000518864	0.000247468	0.000296091
0.336937	0.0457634	-0.152854	0.146155	-1.07057e-09	0	0.000520634	0.000249484	0.000289265
0.337838	0.0458884	-0.152861	0.146161	-1.05254e-09	0	0.000522409	0.000251515	0.000282597
0.338739	0.0460136	-0.152868	0.146167	-1.02181e-09	0	0.00052419	0.000253559	0.000276083
0.33964	0.0461388	-0.152876	0.146173	-9.7839e-10	0	0.000525975	0.000255618	0.000269719
0.340541	0.046264	-0.152883	0.146179	-9.22271e-10	0	0.000527767	0.00025769	0.000263503
0.341441	0.0463893	-0.15289	0.146185	-8.53454e-10	0	0.000529564	0.000259777	0.000257431
0.342342	0.0465146	-0.152898	0.146192	-7.71941e-10	0	0.000531366	0.000261877	0.0002515
0.343243	0.0466412	-0.152905	0.146198	-7.13336e-10	0	0.00053321	0.000263992	0.000300932
0.344144	0.0467745	-0.152913	0.146204	-8.37782e-10	0	0.000535133	0.000266122	0.000295101
0.345045	0.0469078	-0.15292	0.146211	-9.44473e-10	0	0.000537062	0.000268266	0.000289419
0.345946	0.0470413	-0.152928	0.146217	-1.03341e-09	0	0.000538996	0.000270425	0.000283881
0.346847	0.0471748	-0.152935	0.146223	-1.10459e-09	0	0.000540937	0.000272599	0.000278484
0.347748	0.0473084	-0.152943	0.14623	-1.15802e-09	0	0.000542883	0.000274788	0.000273225
0.348649	0.0474418	-0.152951	0.146236	-1.18957e-09	0	0.000544831	0.000276992	0.000306239
0.34955	0.0475752	-0.152959	0.146243	-1.20578e-09	0	0.000546789	0.000279211	0.000299154
0.35045	0.0477086	-0.152966	0.146249	-1.20814e-09	0	0.000548753	0.000281446	0.000292231
0.351351	0.0478421	-0.152974	0.146256	-1.19664e-09	0	0.000550723	0.000283695	0.000285468
0.352252	0.0479756	-0.152982	0.146263	-1.17129e-09	0	0.0005527	0.000285961	0.000278859
0.353153	0.0481092	-0.15299	0.146269	-1.13208e-09	0	0.000554683	0.000288241	0.000272403
0.354054	0.0482429	-0.152998	0.146276	-1.07902e-09	0	0.000556673	0.000290537	0.000266096
0.354955	0.0483765	-0.153006	0.146283	-1.01211e-09	0	0.000558669	0.000292849	0.000259935
0.355856	0.0485103	-0.153015	0.14629	-9.31334e-10	0	0.000560671	0.000295176	0.000253916
0.356757	0.048644	-0.153023	0.146297	-8.36707e-10	0	0.000562681	0.000297519	0.000248036
0.357658	0.0487835	-0.153031	0.146304	-8.94388e-10	0	0.000564787	0.000299879	0.00029815
0.358559	0.048926	-0.153039	0.146311	-1.01853e-09	0	0.000566923	0.000302254	0.000292297
0.359459	0.0490686	-0.153048	0.146318	-1.12344e-09	0	0.000569066	0.000304646	0.000286592
0.36036	0.0492112	-0.153056	0.146325	-1.20914e-09	0	0.000571216	0.000307054	0.000281034
0.361261	0.0493539	-0.153065	0.146332	-1.2756e-09	0	0.000573373	0.00030948	0.000275618
0.362162	0.0494966	-0.153073	0.146339	-1.32073e-09	0	0.000575532	0.000311921	0.000308631
0.363063	0.0496391	-0.153082	0.146346	-1.34542e-09	0	0.000577703	0.00031438	0.000301455
0.363964	0.0497816	-0.153091	0.146354	-1.35496e-09	0	0.000579881	0.000316855	0.000294444
0.364865	0.0499242	-0.153099	0.146361	-1.34935e-09	0	0.000582066	0.000319348	0.000287593
0.365766	0.0500668	-0.153108	0.146368	-1.32859e-09	0	0.000584259	0.000321857	0.000280899
0.366667	0.0502095	-0.153117	0.146376	-1.29269e-09	0	0.000586459	0.000324384	0.000274359
0.367568	0.0503522	-0.153126	0.146383	-1.24163e-09	0	0.000588667	0.000326928	0.00026797
0.368468	0.050495	-0.153135	0.146391	-1.17543e-09	0	0.000590883	0.000329489	0.000261729
0.369369	0.0506378	-0.153144	0.146398	-1.09408e-09	0	0.000593106	0.000332068	0.000255632
0.37027	0.0507807	-0.153153	0.146406	-9.97578e-10	0	0.000595337	0.000334664	0.000249677
0.371171	0.0509264	-0.153162	0.146414	-9.68131e-10	0	0.000597623	0.000337278	0.000300498
0.372072	0.0510788	-0.153171	0.146421	-1.10942e-09	0	0.000599987	0.00033991	0.000294486
0.372973	0.0512312	-0.153181	0.146429	-1.22984e-09	0	0.00060236	0.00034256	0.000288628
0.373874	0.0513838	-0.15319	0.146437	-1.32939e-09	0	0.000604741	0.000345228	0.000282921
0.374775	0.0515364	-0.153199	0.146445	-1.40807e-09	0	0.000607129	0.000347915	0.000277361
0.375676	0.0516891	-0.153209	0.146453	-1.46565e-09	0	0.000609522	0.000350621	0.000310197
0.376577	0.0518414	-0.153218	0.146461	-1.49808e-09	0	0.000611927	0.000353345	0.000302939
0.377477	0.0519938	-0.153228	0.146469	-1.51392e-09	0	0.000614341	0.000356088	0.000295848
0.378378	0.0521463	-0.153238	0.146477	-1.51316e-09	0	0.000616763	0.000358849	0.00028892
0.379279	0.0522988	-0.153247	0.146485	-1.49581e-09	0	0.000619194	0.00036163	0.000282151
0.38018	0.0524513	-0.153257	0.146493	-1.46187e-09	0	0.000621634	0.00036443	0.000275538
0.381081	0.0526039	-0.153267	0.146501	-1.41132e-09	0	0.000624082	0.000367249	0.000269078
0.381982	0.0527566	-0.153277	0.14651	-1.34418e-09	0	0.00062654	0.000370087	0.000262768
0.382883	0.0529093	-0.153287	0.146518	-1.26045e-09	0	0.000629006	0.000372945	0.000256605
0.383784	0.053062	-0.153297	0.146527	-1.16012e-09	0	0.000631482	0.000375821	0.000250585
0.384685	0.0532156	-0.153307	0.146535	-1.06585e-09	0	0.000633985	0.000378718	0.000302058
0.385586	0.0533787	-0.153317	0.146544	-1.22355e-09	0	0.000636601	0.000381634	0.000295903
0.386486	0.0535418	-0.153327	0.146552	-1.35854e-09	0	0.000639227	0.000384571	0.000289908
0.387387	0.0537051	-0.153338	0.146561	-1.47082e-09	0	0.000641862	0.000387529	0.000284067
0.388288	0.0538684	-0.153348	0.14657	-1.5604e-09	0	0.000644507	0.000390506	0.000278379
0.389189	0.0540319	-0.153359	0.146578	-1.62727e-09	0	0.000647162	0.000393505	0.000272839
0.39009	0.054195	-0.153369	0.146587	-1.66726e-09	0	0.000649821	0.000396524	0.000303547
0.390991	0.0543582	-0.15338	0.146596	-1.68803e-09	0	0.000652495	0.000399564	0.000296389
0.391892	0.0545213	-0.15339	0.146605	-1.69058e-09	0	0.000655179	0.000402625	0.000289395
0.392793	0.0546846	-0.153401	0.146614	-1.67492e-09	0	0.000657873	0.000405708	0.000282564
0.393694	0.0548478	-0.153412	0.146623	-1.64103e-09	0	0.000660578	0.000408811	0.000275891
0.394595	0.0550111	-0.153423	0.146632	-1.58893e-09	0	0.000663293	0.000411936	0.000269374
0.395495	0.0551745	-0.153434	0.146641	-1.51861e-09	0	0.000666018	0.000415082	0.000263009
0.396396	0.0553379	-0.153445	0.146651	-1.43007e-09	0	0.000668753	0.00041825	0.000256792
0.397297	0.0555013	-0.153456	0.14666	-1.32332e-09	0	0.0006715	0.000421439	0.000250722
0.398198	0.0556648	-0.153467	0.146669	-1.19835e-09	0	0.000674257	0.00042465	0.000244795
0.399099	0.0558395	-0.153478	0.146679	-1.36787e-09	0	0.000677156	0.000427883	0.000296468
0.4	0.0560143	-0.15349	0.146688	-1.51591e-09	0	0.000680061	0.000431139	0.000290353
0.400901	0.0561892	-0.153501	0.146698	-1.63918e-09	0	0.000682978	0.000434418	0.000284399
0.401802	0.0563643	-0.153512	0.146707	-1.73768e-09	0	0.000685906	0.00043772	0.000278601
0.402703	0.0565394	-0.153524	0.146717	-1.8114e-09	0	0.000688846	0.000441044	0.000272956
0.403604	0.0567142	-0.153536	0.146727	-1.85642e-09	0	0.000691791	0.000444392	0.000303224
0.404505	0.056889	-0.153547	0.146737	-1.88012e-09	0	0.000694753	0.000447763	0.000296012
0.405405	0.0570638	-0.153559	0.146746	-1.88378e-09	0	0.000697727	0.000451158	0.000288969
0.406306	0.0572387	-0.153571	0.146756	-1.8674e-09	0	0.000700713	0.000454576	0.000282091
0.407207	0.0574136	-0.153583	0.146766	-1.83098e-09	0	0.00070371	0.000458017	0.000275373
0.408108	0.0575885	-0.153595	0.146777	-1.77452e-09	0	0.00070672	0.000461483	0.000268814
0.409009	0.0577635	-0.153607	0.146787	-1.69803e-09	0	0.000709742	0.000464972	0.00026241
0.40991	0.0579386	-0.153619	0.146797	-1.6015e-09	0	0.000712776	0.000468485	0.000256157
0.410811	0.0581137	-0.153632	0.146807	-1.48492e-09	0	0.000715822	0.000472023	0.000250052
0.411712	0.0582893	-0.153644	0.146818	-1.36374e-09	0	0.000718889	0.000475585	0.000302485
0.412613	0.0584768	-0.153656	0.146828	-1.54963e-09	0	0.000722092	0.000479171	0.000296105
0.413514	0.0586643	-0.153669	0.146838	-1.70842e-09	0	0.000725308	0.000482783	0.000289893
0.414414	0.0588519	-0.153681	0.146849	-1.84011e-09	0	0.000728537	0.00048642	0.000283847
0.415315	0.0590397	-0.153694	0.14686	-1.94471e-09	0	0.000731779	0.000490083	0.000277962
0.416216	0.0592275	-0.153707	0.14687	-2.02222e-09	0	0.000735034	0.000493772	0.000272235
0.417117	0.0594149	-0.15372	0.146881	-2.06863e-09	0	0.000738297	0.000497486	0.000301916
0.418018	0.0596024	-0.153733	0.146892	-2.09245e-09	0	0.000741579	0.000501227	0.000294671
0.418919	0.0597898	-0.153746	0.146903	-2.09418e-09	0	0.000744874	0.000504993	0.000287596
0.41982	0.0599774	-0.153759	0.146914	-2.07383e-09	0	0.000748183	0.000508786	0.000280688
0.420721	0.0601649	-0.153772	0.146925	-2.03138e-09	0	0.000751506	0.000512605	0.000273945
0.421622	0.0603525	-0.153785	0.146936	-1.96685e-09	0	0.000754842	0.000516451	0.000267362
0.422523	0.0605402	-0.153799	0.146947	-1.88023e-09	0	0.000758193	0.000520324	0.000260937
0.423423	0.0607279	-0.153812	0.146959	-1.77152e-09	0	0.000761558	0.000524223	0.000254666
0.424324	0.0609156	-0.153826	0.14697	-1.64073e-09	0	0.000764938	0.000528149	0.000248547
0.425225	0.0611067	-0.15384	0.146981	-1.58e-09	0	0.000768364	0.000532103	0.000301204
0.426126	0.0613079	-0.153853	0.146993	-1.77595e-09	0	0.00077191	0.000536084	0.000294747
0.427027	0.0615093	-0.153867	0.147005	-1.94218e-09	0	0.000775471	0.000540094	0.000288465
0.427928	0.0617107	-0.153881	0.147016	-2.0787e-09	0	0.000779046	0.000544132	0.000282353
0.428829	0.0619123	-0.153895	0.147028	-2.18551e-09	0	0.000782636	0.000548199	0.000276407
0.42973	0.0621138	-0.153909	0.14704	-2.26153e-09	0	0.000786237	0.000552294	0.000307018
0.430631	0.062315	-0.153924	0.147052	-2.30603e-09	0	0.000789858	0.000556419	0.000299582
0.431532	0.0625162	-0.153938	0.147064	-2.32613e-09	0	0.000793495	0.000560572	0.000292323
0.432432	0.0627175	-0.153952	0.147076	-2.32182e-09	0	0.000797148	0.000564755	0.000285238
0.433333	0.0629188	-0.153967	0.147088	-2.29312e-09	0	0.000800816	0.000568967	0.000278323
0.434234	0.0631201	-0.153981	0.1471	-2.24003e-09	0	0.000804501	0.000573209	0.000271575
0.435135	0.0633215	-0.153996	0.147113	-2.16253e-09	0	0.000808201	0.000577481	0.000264991
0.436036	0.0635229	-0.154011	0.147125	-2.06063e-09	0	0.000811919	0.000581782	0.000258567
0.436937	0.0637244	-0.154026	0.147137	-1.93434e-09	0	0.000815652	0.000586113	0.0002523
0.437838	0.0639259	-0.154041	0.14715	-1.78365e-09	0	0.000819402	0.000590475	0.000246186
0.438739	0.0641362	-0.154056	0.147163	-1.85142e-09	0	0.000823251	0.000594867	0.000298844
0.43964	0.0643525	-0.154071	0.147175	-2.05316e-09	0	0.000827177	0.000599291	0.000292342
0.440541	0.0645689	-0.154087	0.147188	-2.22223e-09	0	0.000831121	0.000603746	0.000286019
0.441441	0.0647854	-0.154102	0.147201	-2.35863e-09	0	0.000835082	0.000608233	0.000279871
0.442342	0.065002	-0.154118	0.147214	-2.46237e-09	0	0.000839061	0.000612753	0.000273895
0.443243	0.0652184	-0.154133	0.147227	-2.53073e-09	0	0.000843052	0.000617304	0.000303614
0.444144	0.0654345	-0.154149	0.14724	-2.56895e-09	0	0.000847066	0.000621889	0.000296187
0.445045	0.0656507	-0.154165	0.147254	-2.58016e-09	0	0.000851099	0.000626505	0.00028894
0.445946	0.065867	-0.154181	0.147267	-2.56436e-09	0	0.00085515	0.000631155	0.00028187
0.446847	0.0660833	-0.154197	0.147281	-2.52155e-09	0	0.000859219	0.000635837	0.000274974
0.447748	0.0662996	-0.154213	0.147294	-2.45173e-09	0	0.000863307	0.000640553	0.000268247
0.448649	0.066516	-0.154229	0.147308	-2.3549e-09	0	0.000867413	0.000645302	0.000261686
0.44955	0.0667324	-0.154246	0.147322	-2.23107e-09	0	0.000871539	0.000650084	0.000255288
0.45045	0.0669489	-0.154262	0.147335	-2.08022e-09	0	0.000875684	0.0006549	0.000249049
0.451351	0.067167	-0.154279	0.147349	-1.94648e-09	0	0.000879856	0.00065975	0.000302067
0.452252	0.0673995	-0.154296	0.147363	-2.18415e-09	0	0.000884188	0.000664635	0.000295367
0.453153	0.0676322	-0.154312	0.147377	-2.38579e-09	0	0.000888539	0.000669555	0.000288855
0.454054	0.0678651	-0.154329	0.147392	-2.55143e-09	0	0.000892911	0.000674511	0.000282526
0.454955	0.068098	-0.154347	0.147406	-2.68105e-09	0	0.000897302	0.000679503	0.000276377
0.455856	0.0683309	-0.154364	0.14742	-2.77388e-09	0	0.000901708	0.000684531	0.000306683
0.456757	0.0685634	-0.154381	0.147435	-2.82929e-09	0	0.000906141	0.000689595	0.000299106
0.457658	0.0687959	-0.154399	0.147449	-2.85473e-09	0	0.000910594	0.000694695	0.000291718
0.458559	0.0690285	-0.154416	0.147464	-2.8502e-09	0	0.000915069	0.000699832	0.000284512
0.459459	0.0692611	-0.154434	0.147479	-2.81571e-09	0	0.000919565	0.000705006	0.000277486
0.46036	0.0694937	-0.154452	0.147494	-2.75125e-09	0	0.000924082	0.000710218	0.000270636
0.461261	0.0697264	-0.15447	0.147509	-2.65683e-09	0	0.00092862	0.000715466	0.000263958
0.462162	0.0699591	-0.154488	0.147524	-2.53244e-09	0	0.000933181	0.000720752	0.00025745
0.463063	0.0701919	-0.154506	0.147539	-2.37809e-09	0	0.000937763	0.000726075	0.000251106
0.463964	0.0704247	-0.154524	0.147554	-2.19377e-09	0	0.000942367	0.000731437	0.000244924
0.464865	0.0706708	-0.154542	0.14757	-2.34804e-09	0	0.000947103	0.000736836	0.000297433
0.465766	0.0709213	-0.154561	0.147585	-2.58145e-09	0	0.000951906	0.000742276	0.000290758
0.466667	0.0711719	-0.15458	0.147601	-2.77505e-09	0	0.000956733	0.000747755	0.000284276
0.467568	0.0714226	-0.154598	0.147617	-2.92884e-09	0	0.000961582	0.000753275	0.000277981
0.468468	0.0716734	-0.154617	0.147632	-3.04282e-09	0	0.000966455	0.000758835	0.000271869
0.469369	0.0719238	-0.154636	0.147648	-3.11446e-09	0	0.000971346	0.000764435	0.000301004
0.47027	0.0721741	-0.154656	0.147664	-3.15185e-09	0	0.000976267	0.000770076	0.000293497
0.471171	0.0724244	-0.154675	0.147681	-3.15593e-09	0	0.000981212	0.000775759	0.000286179
0.472072	0.0726748	-0.154694	0.147697	-3.12669e-09	0	0.000986182	0.000781482	0.000279048
0.472973	0.0729252	-0.154714	0.147713	-3.06412e-09	0	0.000991176	0.000787247	0.000272099
0.473874	0.0731757	-0.154734	0.14773	-2.96824e-09	0	0.000996194	0.000793054	0.000265329
0.474775	0.0734261	-0.154754	0.147746	-2.83903e-09	0	0.00100124	0.000798903	0.000258733
0.475676	0.0736767	-0.154774	0.147763	-2.67651e-09	0	0.00100631	0.000804794	0.000252308
0.476577	0.0739272	-0.154794	0.14778	-2.48067e-09	0	0.0010114	0.000810728	0.000246051
0.477477	0.0741889	-0.154814	0.147797	-2.55943e-09	0	0.0010166	0.000816704	0.000298443
0.478378	0.0744588	-0.154835	0.147814	-2.8226e-09	0	0.00102191	0.000822725	0.000291638
0.479279	0.0747288	-0.154855	0.147831	-3.04165e-09	0	0.00102724	0.00082879	0.000285033
0.48018	0.074999	-0.154876	0.147849	-3.21658e-09	0	0.0010326	0.000834901	0.000278625
0.481081	0.0752693	-0.154897	0.147866	-3.34738e-09	0	0.00103799	0.000841057	0.000272408
0.481982	0.0755391	-0.154918	0.147884	-3.43201e-09	0	0.00104339	0.000847258	0.000301813
0.482883	0.0758088	-0.154939	0.147901	-3.47776e-09	0	0.00104884	0.000853505	0.000294216
0.483784	0.0760786	-0.15496	0.147919	-3.48638e-09	0	0.0010543	0.000859798	0.000286815
0.484685	0.0763484	-0.154982	0.147937	-3.45787e-09	0	0.0010598	0.000866138	0.000279607
0.485586	0.0766182	-0.155003	0.147955	-3.39221e-09	0	0.00106533	0.000872524	0.000272587
0.486486	0.076888	-0.155025	0.147973	-3.28943e-09	0	0.00107088	0.000878957	0.000265752
0.487387	0.0771579	-0.155047	0.147991	-3.1495e-09	0	0.00107646	0.000885438	0.000259097
0.488288	0.0774279	-0.155069	0.14801	-2.97244e-09	0	0.00108207	0.000891965	0.000252619
0.489189	0.0776978	-0.155091	0.148028	-2.75824e-09	0	0.00108771	0.00089854	0.000246314
0.49009	0.0779795	-0.155114	0.148047	-2.83414e-09	0	0.00109346	0.000905164	0.000298318
0.490991	0.0782707	-0.155136	0.148066	-3.1235e-09	0	0.00109933	0.000911837	0.00029142
0.491892	0.0785619	-0.155159	0.148085	-3.36381e-09	0	0.00110523	0.000918561	0.000284732
0.492793	0.0788533	-0.155182	0.148104	-3.55509e-09	0	0.00111115	0.000925335	0.000278247
0.493694	0.0791449	-0.155205	0.148123	-3.69732e-09	0	0.00111711	0.00093216	0.000271962
0.494595	0.0794359	-0.155228	0.148143	-3.78894e-09	0	0.0011231	0.000939036	0.000301481
0.495495	0.0797268	-0.155251	0.148162	-3.83771e-09	0	0.00112912	0.000945964	0.000293828
0.496396	0.0800177	-0.155275	0.148182	-3.84499e-09	0	0.00113517	0.000952944	0.000286378
0.497297	0.0803087	-0.155298	0.148201	-3.81078e-09	0	0.00114126	0.000959976	0.000279126
0.498198	0.0805997	-0.155322	0.148221	-3.73508e-09	0	0.00114738	0.00096706	0.000272068
0.499099	0.0808907	-0.155346	0.148241	-3.61789e-09	0	0.00115353	0.000974197	0.000265201
0.5	0.0811818	-0.15537	0.148262	-3.45922e-09	0	0.00115971	0.000981387	0.00025852
0.500901	0.0814729	-0.155395	0.148282	-3.25906e-09	0	0.00116593	0.00098863	0.00025202
0.501802	0.0817641	-0.155419	0.148302	-3.01742e-09	0	0.00117218	0.000995927	0.000245699
0.502703	0.0820715	-0.155444	0.148323	-3.18847e-09	0	0.00117857	0.00100328	0.000297
0.503604	0.0823858	-0.155469	0.148344	-3.49829e-09	0	0.00118506	0.00101069	0.000290055
0.504505	0.0827002	-0.155494	0.148364	-3.75344e-09	0	0.00119159	0.00101815	0.000283327
0.505405	0.0830149	-0.155519	0.148386	-3.95393e-09	0	0.00119815	0.00102567	0.000276811
0.506306	0.0833297	-0.155544	0.148407	-4.09976e-09	0	0.00120475	0.00103325	0.000270502
0.507207	0.0836437	-0.15557	0.148428	-4.19048e-09	0	0.00121138	0.00104089	0.00029998
0.508108	0.0839577	-0.155595	0.14845	-4.23459e-09	0	0.00121805	0.00104858	0.00029231
0.509009	0.0842718	-0.155621	0.148471	-4.23224e-09	0	0.00122476	0.00105633	0.000284849
0.50991	0.0845859	-0.155648	0.148493	-4.18344e-09	0	0.0012315	0.00106415	0.000277592
0.510811	0.0849001	-0.155674	0.148515	-4.08817e-09	0	0.00123829	0.00107202	0.000270534
0.511712	0.0852143	-0.1557	0.148537	-3.94644e-09	0	0.00124511	0.00107995	0.000263672
0.512613	0.0855285	-0.155727	0.148559	-3.75825e-09	0	0.00125196	0.00108794	0.000257002
0.513514	0.0858428	-0.155754	0.148582	-3.52361e-09	0	0.00125886	0.00109599	0.000250518
0.514414	0.0861576	-0.155781	0.148604	-3.25497e-09	0	0.00126578	0.0011041	0.000301633
0.515315	0.0864971	-0.155808	0.148627	-3.63776e-09	0	0.00127294	0.00111227	0.000294464
0.516216	0.0868368	-0.155836	0.14865	-3.95946e-09	0	0.00128013	0.00112051	0.000287525
0.517117	0.0871767	-0.155863	0.148673	-4.22005e-09	0	0.00128736	0.00112881	0.000280809
0.518018	0.0875167	-0.155891	0.148696	-4.41954e-09	0	0.00129464	0.00113717	0.000274312
0.518919	0.0878566	-0.155919	0.14872	-4.55712e-09	0	0.00130195	0.0011456	0.00030517
0.51982	0.0881959	-0.155947	0.148743	-4.63805e-09	0	0.00130931	0.0011541	0.000297309
0.520721	0.0885353	-0.155976	0.148767	-4.66683e-09	0	0.00131671	0.00116266	0.000289666
0.521622	0.0888747	-0.156004	0.148791	-4.64345e-09	0	0.00132415	0.00117129	0.000282238
0.522523	0.0892141	-0.156033	0.148815	-4.56791e-09	0	0.00133163	0.00117998	0.000275019
0.523423	0.0895536	-0.156062	0.148839	-4.44022e-09	0	0.00133916	0.00118874	0.000268005
0.524324	0.0898931	-0.156092	0.148863	-4.26037e-09	0	0.00134673	0.00119757	0.000261191
0.525225	0.0902327	-0.156121	0.148888	-4.02836e-09	0	0.00135435	0.00120646	0.000254573
0.526126	0.0905723	-0.156151	0.148913	-3.7442e-09	0	0.00136201	0.00121542	0.000248146
0.527027	0.0909257	-0.156181	0.148938	-3.80442e-09	0	0.00136979	0.00122446	0.00029784
0.527928	0.091293	-0.156211	0.148963	-4.19412e-09	0	0.00137772	0.00123356	0.000290729
0.528829	0.0916605	-0.156241	0.148988	-4.51532e-09	0	0.0013857	0.00124273	0.000283854
0.52973	0.0920282	-0.156272	0.149014	-4.76801e-09	0	0.00139373	0.00125198	0.000277208
0.530631	0.0923961	-0.156302	0.149039	-4.95221e-09	0	0.00140181	0.0012613	0.000270787
0.531532	0.0927632	-0.156334	0.149065	-5.06886e-09	0	0.00140992	0.00127069	0.000301293
0.532432	0.0931302	-0.156365	0.149091	-5.12637e-09	0	0.0014181	0.00128016	0.000293505
0.533333	0.0934972	-0.156396	0.149117	-5.12519e-09	0	0.00142632	0.0012897	0.000285941
0.534234	0.0938643	-0.156428	0.149144	-5.0653e-09	0	0.00143458	0.00129932	0.000278595
0.535135	0.0942315	-0.15646	0.14917	-4.94672e-09	0	0.0014429	0.00130901	0.000271463
0.536036	0.0945986	-0.156492	0.149197	-4.76943e-09	0	0.00145127	0.00131878	0.00026454
0.536937	0.0949658	-0.156524	0.149224	-4.53345e-09	0	0.00145969	0.00132862	0.000257821
0.537838	0.0953331	-0.156557	0.149251	-4.23877e-09	0	0.00146815	0.00133854	0.000251302
0.538739	0.0957052	-0.15659	0.149279	-4.02509e-09	0	0.00147668	0.00134854	0.000300087
0.53964	0.0961027	-0.156623	0.149306	-4.48246e-09	0	0.00148545	0.00135862	0.000292852
0.540541	0.0965005	-0.156656	0.149334	-4.8628e-09	0	0.00149426	0.00136878	0.000285866
0.541441	0.0968984	-0.15669	0.149362	-5.16613e-09	0	0.00150313	0.00137902	0.00027912
0.542342	0.0972966	-0.156724	0.14939	-5.39243e-09	0	0.00151206	0.00138934	0.000272609
0.543243	0.0976943	-0.156758	0.149419	-5.5421e-09	0	0.00152103	0.00139975	0.000304204
0.544144	0.0980915	-0.156792	0.149447	-5.62365e-09	0	0.00153006	0.00141024	0.000296313
0.545045	0.0984888	-0.156827	0.149476	-5.63898e-09	0	0.00153915	0.00142081	0.000288654
0.545946	0.0988862	-0.156862	0.149505	-5.58807e-09	0	0.0015483	0.00143147	0.000281222
0.546847	0.0992835	-0.156897	0.149534	-5.47093e-09	0	0.0015575	0.00144221	0.000274013
0.547748	0.099681	-0.156932	0.149564	-5.28756e-09	0	0.00156676	0.00145304	0.000267021
0.548649	0.100078	-0.156968	0.149593	-5.03796e-09	0	0.00157607	0.00146395	0.000260241
0.54955	0.100476	-0.157004	0.149623	-4.72213e-09	0	0.00158545	0.00147495	0.000253669
0.55045	0.100874	-0.15704	0.149653	-4.34007e-09	0	0.00159488	0.00148604	0.000247299
0.551351	0.101304	-0.157076	0.149684	-4.85315e-09	0	0.00160455	0.00149721	0.00029384
0.552252	0.101735	-0.157113	0.149714	-5.28837e-09	0	0.0016143	0.00150848	0.000286799
0.553153	0.102166	-0.15715	0.149745	-5.63672e-09	0	0.00162411	0.00151984	0.000280009
0.554054	0.102597	-0.157187	0.149776	-5.89821e-09	0	0.00163399	0.0015313	0.000273465
0.554955	0.103028	-0.157225	0.149807	-6.07335e-09	0	0.00164392	0.00154285	0.000306013
0.555856	0.103459	-0.157262	0.149838	-6.17108e-09	0	0.00165392	0.00155449	0.000298067
0.556757	0.103889	-0.157301	0.14987	-6.19389e-09	0	0.00166398	0.00156622	0.000290362
0.557658	0.104319	-0.157339	0.149902	-6.14177e-09	0	0.00167411	0.00157806	0.000282893
0.558559	0.10475	-0.157378	0.149934	-6.01473e-09	0	0.0016843	0.00158999	0.000275654
0.559459	0.10518	-0.157417	0.149967	-5.81277e-09	0	0.00169456	0.00160201	0.00026864
0.56036	0.105611	-0.157456	0.149999	-5.53588e-09	0	0.00170488	0.00161413	0.000261846
0.561261	0.106042	-0.157495	0.150032	-5.18406e-09	0	0.00171527	0.00162636	0.000255265
0.562162	0.106472	-0.157535	0.150065	-4.75733e-09	0	0.00172571	0.00163868	0.000300976
0.563063	0.106939	-0.157575	0.150099	-5.33744e-09	0	0.00173644	0.0016511	0.00029368
0.563964	0.107407	-0.157616	0.150132	-5.81929e-09	0	0.00174724	0.00166362	0.000286652
0.564865	0.107874	-0.157656	0.150166	-6.20288e-09	0	0.00175811	0.00167625	0.000279885
0.565766	0.108342	-0.157697	0.1502	-6.48821e-09	0	0.00176906	0.00168899	0.000273372
0.566667	0.108809	-0.157739	0.150234	-6.6767e-09	0	0.00178006	0.00170183	0.000306731
0.567568	0.109275	-0.15778	0.150269	-6.77842e-09	0	0.00179115	0.00171478	0.000298788
0.568468	0.109742	-0.157822	0.150304	-6.79516e-09	0	0.00180231	0.00172783	0.000291093
0.569369	0.110209	-0.157865	0.150339	-6.72691e-09	0	0.00181355	0.001741	0.000283642
0.57027	0.110676	-0.157907	0.150374	-6.57369e-09	0	0.00182485	0.00175427	0.000276428
0.571171	0.111142	-0.15795	0.15041	-6.33548e-09	0	0.00183623	0.00176766	0.000269445
0.572072	0.111609	-0.157993	0.150446	-6.01228e-09	0	0.00184769	0.00178115	0.000262687
0.572973	0.112076	-0.158037	0.150482	-5.60411e-09	0	0.00185922	0.00179476	0.00025615
0.573874	0.112551	-0.158081	0.150519	-5.34058e-09	0	0.00187085	0.00180847	0.00029964
0.574775	0.113057	-0.158125	0.150555	-5.96683e-09	0	0.00188276	0.00182231	0.000292425
0.575676	0.113564	-0.15817	0.150592	-6.48159e-09	0	0.00189474	0.00183626	0.000285486
0.576577	0.114071	-0.158215	0.15063	-6.88485e-09	0	0.00190681	0.00185033	0.000278817
0.577477	0.114579	-0.15826	0.150667	-7.17662e-09	0	0.00191896	0.00186452	0.000272408
0.578378	0.115085	-0.158305	0.150705	-7.36132e-09	0	0.00193118	0.00187883	0.000306425
0.579279	0.115592	-0.158351	0.150743	-7.44901e-09	0	0.00194349	0.00189326	0.000298548
0.58018	0.116098	-0.158398	0.150782	-7.44004e-09	0	0.00195589	0.00190782	0.000290927
0.581081	0.116604	-0.158444	0.15082	-7.33443e-09	0	0.00196837	0.0019225	0.000283554
0.581982	0.117111	-0.158491	0.150859	-7.13216e-09	0	0.00198093	0.0019373	0.000276425
0.582883	0.117617	-0.158539	0.150899	-6.83324e-09	0	0.00199358	0.00195223	0.000269532
0.583784	0.118124	-0.158587	0.150938	-6.43767e-09	0	0.00200632	0.00196728	0.00026287
0.584685	0.118631	-0.158635	0.150978	-5.94545e-09	0	0.00201915	0.00198246	0.000256433
0.585586	0.119161	-0.158683	0.151018	-6.11573e-09	0	0.00203216	0.00199777	0.000297246
0.586486	0.119711	-0.158732	0.151059	-6.76904e-09	0	0.00204539	0.00201321	0.0002902
0.587387	0.120262	-0.158781	0.1511	-7.29544e-09	0	0.00205871	0.00202879	0.000283436
0.588288	0.120813	-0.158831	0.151141	-7.69494e-09	0	0.00207213	0.0020445	0.000276946
0.589189	0.121363	-0.158881	0.151182	-7.968e-09	0	0.00208563	0.00206035	0.000313231
0.59009	0.121913	-0.158931	0.151224	-8.12602e-09	0	0.00209923	0.00207634	0.000305225
0.590991	0.122463	-0.158982	0.151266	-8.17382e-09	0	0.00211293	0.00209247	0.000297486
0.591892	0.123012	-0.159033	0.151309	-8.11139e-09	0	0.00212672	0.00210873	0.000290007
0.592793	0.123562	-0.159085	0.151351	-7.93875e-09	0	0.00214061	0.00212514	0.000282781
0.593694	0.124112	-0.159137	0.151395	-7.65589e-09	0	0.0021546	0.00214168	0.000275802
0.594595	0.124662	-0.159189	0.151438	-7.26281e-09	0	0.00216869	0.00215838	0.000269064
0.595495	0.125212	-0.159242	0.151482	-6.75951e-09	0	0.00218288	0.00217521	0.00026256
0.596396	0.125767	-0.159295	0.151526	-6.31331e-09	0	0.00219717	0.00219219	0.000301084
0.597297	0.126365	-0.159349	0.15157	-7.10964e-09	0	0.0022118	0.00220931	0.000294006
0.598198	0.126962	-0.159403	0.151615	-7.76108e-09	0	0.00222652	0.00222659	0.000287223
0.599099	0.127561	-0.159457	0.15166	-8.26762e-09	0	0.00224136	0.00224403	0.000280727
0.6	0.128159	-0.159512	0.151705	-8.62926e-09	0	0.0022563	0.00226162	0.000274509
0.600901	0.128756	-0.159567	0.151751	-8.8531e-09	0	0.00227134	0.00227936	0.000311138
0.601802	0.129353	-0.159623	0.151797	-8.95074e-09	0	0.0022865	0.00229727	0.000303343
0.602703	0.12995	-0.159679	0.151844	-8.92235e-09	0	0.00230177	0.00231533	0.000295817
0.603604	0.130548	-0.159736	0.151891	-8.76791e-09	0	0.00231715	0.00233355	0.000288554
0.604505	0.131145	-0.159793	0.151938	-8.48745e-09	0	0.00233265	0.00235193	0.000281547
0.605405	0.131742	-0.159851	0.151986	-8.08094e-09	0	0.00234825	0.00237048	0.000274789
0.606306	0.13234	-0.159909	0.152034	-7.5484e-09	0	0.00236397	0.00238918	0.000268273
0.607207	0.132938	-0.159967	0.152082	-6.88982e-09	0	0.00237981	0.00240806	0.000261993
0.608108	0.133579	-0.160026	0.152131	-7.5577e-09	0	0.00239594	0.00242709	0.000296957
0.609009	0.134228	-0.160085	0.15218	-8.33094e-09	0	0.00241225	0.00244631	0.000290243
0.60991	0.134878	-0.160145	0.152229	-8.93822e-09	0	0.00242869	0.0024657	0.000283825
0.610811	0.135528	-0.160205	0.152279	-9.37955e-09	0	0.00244524	0.00248526	0.000277695
0.611712	0.136177	-0.160266	0.152329	-9.65958e-09	0	0.00246191	0.002505	0.000316365
0.612613	0.136826	-0.160327	0.15238	-9.79385e-09	0	0.00247872	0.00252493	0.000308584
0.613514	0.137475	-0.160389	0.152431	-9.78361e-09	0	0.00249565	0.00254503	0.00030108
0.614414	0.138124	-0.160451	0.152482	-9.62884e-09	0	0.00251271	0.00256531	0.000293847
0.615315	0.138773	-0.160514	0.152534	-9.32955e-09	0	0.0025299	0.00258578	0.000286877
0.616216	0.139422	-0.160577	0.152587	-8.88574e-09	0	0.00254721	0.00260643	0.000280163
0.617117	0.140072	-0.160641	0.152639	-8.29741e-09	0	0.00256466	0.00262727	0.000273698
0.618018	0.140721	-0.160705	0.152692	-7.56457e-09	0	0.00258224	0.00264829	0.000267475
0.618919	0.141413	-0.16077	0.152746	-8.17624e-09	0	0.00260012	0.00266951	0.000299193
0.61982	0.142119	-0.160835	0.1528	-9.06043e-09	0	0.00261822	0.00269092	0.000292648
0.620721	0.142825	-0.160901	0.152854	-9.75395e-09	0	0.00263646	0.00271253	0.000286406
0.621622	0.143532	-0.160968	0.152909	-1.02568e-08	0	0.00265483	0.00273435	0.000280459
0.622523	0.144238	-0.161035	0.152964	-1.05736e-08	0	0.00267334	0.00275636	0.000321062
0.623423	0.144943	-0.161102	0.15302	-1.07224e-08	0	0.00269201	0.00277859	0.000313373
0.624324	0.145648	-0.16117	0.153076	-1.07051e-08	0	0.00271082	0.00280101	0.000305969
0.625225	0.146354	-0.161239	0.153132	-1.05216e-08	0	0.00272977	0.00282365	0.00029884
0.626126	0.147059	-0.161308	0.153189	-1.01719e-08	0	0.00274887	0.00284649	0.00029198
0.627027	0.147765	-0.161377	0.153247	-9.65604e-09	0	0.00276812	0.00286955	0.00028538
0.627928	0.148471	-0.161448	0.153305	-8.97402e-09	0	0.00278752	0.00289281	0.000279034
0.628829	0.149177	-0.161518	0.153363	-8.12583e-09	0	0.00280707	0.00291629	0.000272933
0.62973	0.149936	-0.16159	0.153422	-9.03352e-09	0	0.00282698	0.00293999	0.000300975
0.630631	0.150703	-0.161662	0.153481	-1.00067e-08	0	0.0028471	0.00296392	0.000294708
0.631532	0.151471	-0.161734	0.153541	-1.07602e-08	0	0.00286737	0.00298807	0.000288749
0.632432	0.152239	-0.161807	0.153601	-1.12939e-08	0	0.00288781	0.00301245	0.00028309
0.633333	0.153006	-0.161881	0.153662	-1.16154e-08	0	0.0029084	0.00303707	0.000325484
0.634234	0.153773	-0.161955	0.153723	-1.17444e-08	0	0.00292917	0.00306192	0.000317974
0.635135	0.154539	-0.16203	0.153785	-1.16818e-08	0	0.00295011	0.003087	0.000310751
0.636036	0.155306	-0.162106	0.153847	-1.14276e-08	0	0.00297121	0.00311233	0.000303807
0.636937	0.156073	-0.162182	0.15391	-1.09819e-08	0	0.00299248	0.00313789	0.000297133
0.637838	0.156841	-0.162259	0.153973	-1.03446e-08	0	0.00301392	0.00316369	0.000290722
0.638739	0.157608	-0.162336	0.154037	-9.51564e-09	0	0.00303553	0.00318974	0.000284566
0.63964	0.158387	-0.162414	0.154101	-8.91701e-09	0	0.00305735	0.00321603	0.00030889
0.640541	0.15922	-0.162493	0.154166	-1.01957e-08	0	0.00307957	0.00324257	0.0003027
0.641441	0.160054	-0.162572	0.154231	-1.12202e-08	0	0.00310198	0.00326937	0.000296831
0.642342	0.160888	-0.162652	0.154297	-1.19907e-08	0	0.00312457	0.00329644	0.00029127
0.643243	0.161723	-0.162733	0.154363	-1.25067e-08	0	0.00314734	0.00332377	0.000337543
0.644144	0.162556	-0.162814	0.15443	-1.27861e-08	0	0.0031703	0.00335136	0.000330004
0.645045	0.163389	-0.162896	0.154498	-1.2844e-08	0	0.00319346	0.00337922	0.000322761
0.645946	0.164222	-0.162979	0.154566	-1.26804e-08	0	0.00321681	0.00340736	0.000315806
0.646847	0.165056	-0.163062	0.154634	-1.22953e-08	0	0.00324035	0.00343576	0.000309128
0.647748	0.16589	-0.163146	0.154703	-1.16888e-08	0	0.00326408	0.00346444	0.000302721
0.648649	0.166724	-0.163231	0.154773	-1.08607e-08	0	0.00328801	0.0034934	0.000296576
0.64955	0.167559	-0.163316	0.154843	-9.81118e-09	0	0.00331214	0.00352263	0.000290684
0.65045	0.168439	-0.163403	0.154914	-1.04023e-08	0	0.00333663	0.00355215	0.000310602
0.651351	0.169344	-0.163489	0.154985	-1.1713e-08	0	0.00336144	0.00358196	0.000304936
0.652252	0.17025	-0.163577	0.155057	-1.27291e-08	0	0.00338645	0.00361207	0.000299585
0.653153	0.171157	-0.163665	0.15513	-1.34506e-08	0	0.00341168	0.00364248	0.00029454
0.654054	0.172062	-0.163754	0.155203	-1.38805e-08	0	0.00343711	0.0036732	0.000342304
0.654955	0.172967	-0.163844	0.155276	-1.40496e-08	0	0.00346276	0.00370422	0.000335125
0.655856	0.173872	-0.163935	0.155351	-1.39621e-08	0	0.00348864	0.00373554	0.000328239
0.656757	0.174778	-0.164026	0.155426	-1.36178e-08	0	0.00351473	0.00376718	0.000321635
0.657658	0.175684	-0.164118	0.155501	-1.30168e-08	0	0.00354105	0.00379913	0.000315307
0.658559	0.17659	-0.164211	0.155578	-1.2159e-08	0	0.00356759	0.0038314	0.000309243
0.659459	0.177497	-0.164305	0.155654	-1.10446e-08	0	0.00359436	0.00386398	0.000303437
0.66036	0.178428	-0.164399	0.155732	-1.0735e-08	0	0.00362144	0.00389689	0.000318782
0.661261	0.17941	-0.164495	0.15581	-1.23375e-08	0	0.00364894	0.00393013	0.000313448
0.662162	0.180392	-0.164591	0.155888	-1.35973e-08	0	0.00367669	0.00396371	0.000308432
0.663063	0.181376	-0.164688	0.155968	-1.45144e-08	0	0.00370467	0.00399763	0.000303722
0.663964	0.182359	-0.164785	0.156048	-1.5086e-08	0	0.00373289	0.0040319	0.000355248
0.664865	0.183341	-0.164884	0.156129	-1.53442e-08	0	0.00376137	0.00406652	0.000348223
0.665766	0.184324	-0.164983	0.15621	-1.5304e-08	0	0.0037901	0.00410149	0.000341492
0.666667	0.185307	-0.165084	0.156292	-1.49655e-08	0	0.00381908	0.00413682	0.000335046
0.667568	0.18629	-0.165185	0.156375	-1.43287e-08	0	0.00384831	0.0041725	0.000328875
0.668468	0.187274	-0.165286	0.156458	-1.33936e-08	0	0.0038778	0.00420854	0.000322969
0.669369	0.188258	-0.165389	0.156542	-1.21602e-08	0	0.00390755	0.00424495	0.000317321
0.67027	0.189258	-0.165493	0.156627	-1.13289e-08	0	0.00393761	0.00428172	0.000327803
0.671171	0.190321	-0.165597	0.156712	-1.32134e-08	0	0.00396816	0.00431888	0.000322937
0.672072	0.191386	-0.165703	0.156799	-1.46984e-08	0	0.00399899	0.00435642	0.000318386
0.672973	0.192452	-0.165809	0.156885	-1.57837e-08	0	0.00403009	0.00439435	0.000314139
0.673874	0.193518	-0.165916	0.156973	-1.64627e-08	0	0.00406146	0.00443269	0.000369367
0.674775	0.194582	-0.166025	0.157062	-1.67687e-08	0	0.00409313	0.00447142	0.000362588
0.675676	0.195647	-0.166134	0.157151	-1.67271e-08	0	0.00412508	0.00451055	0.0003561
0.676577	0.196712	-0.166244	0.157241	-1.6338e-08	0	0.00415732	0.00455009	0.000349894
0.677477	0.197778	-0.166355	0.157331	-1.56014e-08	0	0.00418985	0.00459004	0.000343959
0.678378	0.198845	-0.166467	0.157423	-1.45174e-08	0	0.00422268	0.0046304	0.000338286
0.679279	0.199913	-0.166579	0.157515	-1.30858e-08	0	0.0042558	0.00467117	0.000332867
0.68018	0.201	-0.166693	0.157607	-1.23414e-08	0	0.0042893	0.00471237	0.000338452
0.681081	0.20215	-0.166808	0.157701	-1.44751e-08	0	0.00432329	0.00475401	0.000334194
0.681982	0.203302	-0.166924	0.157796	-1.61415e-08	0	0.0043576	0.00479609	0.000330242
0.682883	0.204455	-0.167041	0.157891	-1.73406e-08	0	0.00439223	0.00483862	0.000326583
0.683784	0.205607	-0.167158	0.157987	-1.80589e-08	0	0.00442718	0.0048816	0.000385368
0.684685	0.206758	-0.167277	0.158084	-1.83443e-08	0	0.00446245	0.00492504	0.000378923
0.685586	0.207911	-0.167397	0.158181	-1.8224e-08	0	0.00449806	0.00496894	0.000372762
0.686486	0.209064	-0.167518	0.15828	-1.7698e-08	0	0.00453399	0.00501331	0.000366873
0.687387	0.210217	-0.16764	0.158379	-1.67663e-08	0	0.00457026	0.00505814	0.000361248
0.688288	0.211372	-0.167763	0.158479	-1.54289e-08	0	0.00460686	0.00510345	0.000355875
0.689189	0.212528	-0.167887	0.15858	-1.36858e-08	0	0.0046438	0.00514924	0.000350747
0.69009	0.213724	-0.168012	0.158682	-1.3939e-08	0	0.00468124	0.00519551	0.000351778
0.690991	0.214965	-0.168138	0.158785	-1.62545e-08	0	0.00471915	0.00524228	0.000348261
0.691892	0.216207	-0.168266	0.158888	-1.80222e-08	0	0.00475741	0.00528957	0.000345033
0.692793	0.217452	-0.168394	0.158993	-1.92419e-08	0	0.00479604	0.00533737	0.000342081
0.693694	0.218694	-0.168524	0.159098	-1.98871e-08	0	0.00483503	0.00538569	0.000404152
0.694595	0.219936	-0.168654	0.159204	-2.00459e-08	0	0.0048744	0.00543453	0.000398117
0.695495	0.221179	-0.168786	0.159311	-1.973e-08	0	0.00491414	0.0054839	0.000392351
0.696396	0.222424	-0.168919	0.159419	-1.89396e-08	0	0.00495427	0.00553381	0.000386845
0.697297	0.22367	-0.169053	0.159528	-1.76746e-08	0	0.00499477	0.00558426	0.000381587
0.698198	0.224917	-0.169188	0.159638	-1.5935e-08	0	0.00503566	0.00563524	0.000376567
0.699099	0.226166	-0.169325	0.159748	-1.37207e-08	0	0.00507694	0.00568678	0.000371778
0.7	0.22749	-0.169462	0.15986	-1.62699e-08	0	0.00511889	0.00573888	0.000369107
0.700901	0.228824	-0.169601	0.159973	-1.86501e-08	0	0.00516122	0.00579156	0.000366447
0.701802	0.23016	-0.169741	0.160086	-2.03867e-08	0	0.00520398	0.00584482	0.00036405
0.702703	0.231497	-0.169882	0.160201	-2.14542e-08	0	0.00524713	0.00589868	0.000432643
0.703604	0.232831	-0.170025	0.160316	-2.18843e-08	0	0.00529072	0.00595313	0.000426811
0.704505	0.234167	-0.170169	0.160433	-2.17583e-08	0	0.00533474	0.00600818	0.000421239
0.705405	0.235505	-0.170313	0.16055	-2.10761e-08	0	0.00537918	0.00606384	0.000415915
0.706306	0.236845	-0.17046	0.160668	-1.98377e-08	0	0.00542406	0.00612012	0.000410829
0.707207	0.238186	-0.170607	0.160788	-1.80432e-08	0	0.00546937	0.006177	0.000405972
0.708108	0.239529	-0.170756	0.160908	-1.56926e-08	0	0.00551513	0.00623452	0.000401334
0.709009	0.240915	-0.170906	0.161029	-1.63988e-08	0	0.00556151	0.00629266	0.000394008
0.70991	0.242339	-0.171057	0.161152	-1.94143e-08	0	0.00560841	0.00635147	0.000392044
0.710811	0.243767	-0.17121	0.161275	-2.16723e-08	0	0.00565578	0.00641094	0.000390323
0.711712	0.245198	-0.171364	0.1614	-2.31698e-08	0	0.00570361	0.00647108	0.000465506
0.712613	0.246624	-0.171519	0.161525	-2.38356e-08	0	0.00575193	0.0065319	0.000459936
0.713514	0.248053	-0.171676	0.161652	-2.38487e-08	0	0.00580072	0.0065934	0.000454608
0.714414	0.249484	-0.171834	0.161779	-2.32092e-08	0	0.00585001	0.00665559	0.000449512
0.715315	0.250918	-0.171994	0.161908	-2.19171e-08	0	0.00589978	0.00671847	0.000444638
0.716216	0.252353	-0.172154	0.162038	-1.99724e-08	0	0.00595005	0.00678206	0.000439976
0.717117	0.253791	-0.172317	0.162169	-1.73751e-08	0	0.00600082	0.00684635	0.000435516
0.718018	0.255255	-0.17248	0.1623	-1.69187e-08	0	0.00605225	0.00691137	0.000424551
0.718919	0.256766	-0.172645	0.162433	-2.05565e-08	0	0.00610426	0.00697713	0.000423387
0.71982	0.258282	-0.172812	0.162568	-2.33015e-08	0	0.0061568	0.00704364	0.000422435
0.720721	0.259802	-0.17298	0.162703	-2.51537e-08	0	0.00620987	0.00711092	0.000421681
0.721622	0.261318	-0.173149	0.162839	-2.59955e-08	0	0.00626346	0.00717896	0.000498833
0.722523	0.262836	-0.17332	0.162977	-2.60528e-08	0	0.00631762	0.00724777	0.00049377
0.723423	0.264357	-0.173492	0.163115	-2.53437e-08	0	0.00637232	0.00731737	0.000488914
0.724324	0.265881	-0.173666	0.163255	-2.38681e-08	0	0.00642758	0.00738775	0.000484257
0.725225	0.267408	-0.173841	0.163396	-2.1626e-08	0	0.00648339	0.00745894	0.000479789
0.726126	0.268938	-0.174018	0.163538	-1.86175e-08	0	0.00653977	0.00753092	0.0004755
0.727027	0.270491	-0.174196	0.163681	-1.81635e-08	0	0.00659689	0.00760372	0.000462695
0.727928	0.27208	-0.174376	0.163826	-2.23548e-08	0	0.0066546	0.00767737	0.00046239
0.728829	0.273676	-0.174557	0.163971	-2.5493e-08	0	0.00671292	0.00775187	0.000462256
0.72973	0.275276	-0.17474	0.164118	-2.75781e-08	0	0.00677183	0.00782723	0.000462279
0.730631	0.276872	-0.174925	0.164266	-2.84272e-08	0	0.00683134	0.00790345	0.000545075
0.731532	0.278472	-0.175111	0.164415	-2.83711e-08	0	0.00689147	0.00798055	0.000540245
0.732432	0.280075	-0.175299	0.164566	-2.74146e-08	0	0.00695222	0.00805854	0.000535593
0.733333	0.281683	-0.175488	0.164718	-2.55576e-08	0	0.00701359	0.00813741	0.000531108
0.734234	0.283294	-0.175679	0.16487	-2.28002e-08	0	0.00707559	0.00821718	0.000526782
0.735135	0.284909	-0.175871	0.165025	-1.91423e-08	0	0.00713822	0.00829787	0.000522608
0.736036	0.286545	-0.176066	0.16518	-2.04914e-08	0	0.00720171	0.00837948	0.000510745
0.736937	0.288198	-0.176261	0.165336	-2.50847e-08	0	0.00726578	0.00846205	0.000511286
0.737838	0.289858	-0.176459	0.165494	-2.84358e-08	0	0.00733052	0.00854558	0.000511947
0.738739	0.291522	-0.176658	0.165653	-3.04608e-08	0	0.00739593	0.00863006	0.000605255
0.73964	0.293184	-0.176859	0.165814	-3.11049e-08	0	0.00746202	0.00871553	0.000600406
0.740541	0.29485	-0.177061	0.165975	-3.06917e-08	0	0.00752879	0.00880197	0.000595705
0.741441	0.296522	-0.177265	0.166138	-2.92211e-08	0	0.00759625	0.00888941	0.000591144
0.742342	0.298199	-0.177471	0.166303	-2.66932e-08	0	0.00766442	0.00897785	0.000586716
0.743243	0.299882	-0.177678	0.166468	-2.31079e-08	0	0.00773328	0.00906731	0.000582412
0.744144	0.301569	-0.177888	0.166635	-1.84652e-08	0	0.00780286	0.00915779	0.000578226
0.745045	0.303253	-0.178099	0.166803	-2.42166e-08	0	0.00787339	0.00924933	0.000571251
0.745946	0.304946	-0.178311	0.166972	-2.89431e-08	0	0.00794451	0.00934193	0.000572524
0.746847	0.306647	-0.178526	0.167143	-3.22056e-08	0	0.00801636	0.00943559	0.000573857
0.747748	0.308347	-0.178742	0.167315	-3.37117e-08	0	0.00808894	0.00953033	0.000671485
0.748649	0.310051	-0.17896	0.167488	-3.38229e-08	0	0.00816229	0.00962615	0.000666605
0.74955	0.311762	-0.179179	0.167663	-3.26943e-08	0	0.00823639	0.00972308	0.000661832
0.75045	0.31348	-0.179401	0.167839	-3.03257e-08	0	0.00831126	0.00982111	0.000657159
0.751351	0.315204	-0.179624	0.168016	-2.67172e-08	0	0.0083869	0.00992026	0.000652578
0.752252	0.316935	-0.179849	0.168195	-2.18689e-08	0	0.00846333	0.0100205	0.000648085
0.753153	0.318639	-0.180076	0.168375	-2.33364e-08	0	0.00854074	0.010122	0.00064507
0.754054	0.320323	-0.180304	0.168556	-2.94892e-08	0	0.00861876	0.0102246	0.000646818
0.754955	0.322019	-0.180534	0.168738	-3.392e-08	0	0.00869759	0.0103284	0.000648571
0.755856	0.32372	-0.180767	0.168922	-3.641e-08	0	0.00877721	0.0104333	0.000755804
0.756757	0.325422	-0.181001	0.169108	-3.69607e-08	0	0.00885766	0.0105395	0.000750504
0.757658	0.327133	-0.181236	0.169294	-3.60612e-08	0	0.00893893	0.0106468	0.000745273
0.758559	0.328853	-0.181474	0.169482	-3.37116e-08	0	0.00902103	0.0107553	0.000740107
0.759459	0.330581	-0.181713	0.169671	-2.99117e-08	0	0.00910396	0.0108651	0.000734999
0.76036	0.332319	-0.181954	0.169862	-2.46615e-08	0	0.00918775	0.0109761	0.000729945
0.761261	0.334021	-0.182197	0.170054	-2.30531e-08	0	0.00927259	0.0110884	0.00073596
0.762162	0.335639	-0.182442	0.170247	-3.05876e-08	0	0.00935802	0.0112019	0.000737892
0.763063	0.337272	-0.182688	0.170441	-3.61036e-08	0	0.0094443	0.0113167	0.00073977
0.763964	0.338915	-0.182936	0.170637	-3.94367e-08	0	0.00953143	0.0114327	0.000855734
0.764865	0.340558	-0.183186	0.170834	-4.02477e-08	0	0.00961945	0.0115501	0.000849626
0.765766	0.342212	-0.183438	0.171032	-3.93692e-08	0	0.00970833	0.0116687	0.000843551
0.766667	0.343879	-0.183692	0.171232	-3.68015e-08	0	0.0097981	0.0117886	0.000837506
0.767568	0.345557	-0.183947	0.171433	-3.25444e-08	0	0.00988877	0.0119098	0.000831486
0.768468	0.347247	-0.184204	0.171635	-2.65979e-08	0	0.00998033	0.0120324	0.000825489
0.769369	0.34888	-0.184463	0.171839	-2.41005e-08	0	0.010073	0.0121562	0.000847149
0.77027	0.350351	-0.184723	0.172043	-3.28296e-08	0	0.0101662	0.0122815	0.000848772
0.771171	0.35184	-0.184986	0.172249	-3.92051e-08	0	0.0102603	0.0124081	0.000850282
0.772072	0.353342	-0.18525	0.172456	-4.29791e-08	0	0.0103553	0.012536	0.000973367
0.772973	0.354846	-0.185515	0.172665	-4.37443e-08	0	0.0104512	0.0126652	0.000965882
0.773874	0.356366	-0.185783	0.172874	-4.25534e-08	0	0.010548	0.0127958	0.000958403
0.774775	0.357901	-0.186052	0.173085	-3.94062e-08	0	0.0106457	0.0129277	0.000950926
0.775676	0.359451	-0.186322	0.173297	-3.43027e-08	0	0.0107444	0.013061	0.00094345
0.776577	0.361016	-0.186595	0.17351	-2.7243e-08	0	0.010844	0.0131957	0.000935973
0.777477	0.362431	-0.186869	0.173724	-2.72346e-08	0	0.0109447	0.0133318	0.000981363
0.778378	0.363644	-0.187144	0.173939	-3.67755e-08	0	0.0110458	0.0134693	0.000981939
0.779279	0.364878	-0.187421	0.174156	-4.35928e-08	0	0.0111479	0.0136081	0.000982357
0.78018	0.366126	-0.1877	0.174373	-4.7059e-08	0	0.0112508	0.0137482	0.00111
0.781081	0.367383	-0.18798	0.174591	-4.73153e-08	0	0.0113547	0.0138897	0.00110037
0.781982	0.368659	-0.188261	0.174811	-4.53252e-08	0	0.0114594	0.0140326	0.00109073
0.782883	0.369956	-0.188544	0.175031	-4.10885e-08	0	0.0115651	0.0141768	0.00108108
0.783784	0.371272	-0.188828	0.175252	-3.46054e-08	0	0.0116716	0.0143224	0.00107143
0.784685	0.372608	-0.189114	0.175474	-2.58757e-08	0	0.0117791	0.0144694	0.00106177
0.785586	0.373523	-0.189401	0.175697	-3.30449e-08	0	0.0118876	0.0146178	0.00114006
0.786486	0.374328	-0.189689	0.175921	-4.27672e-08	0	0.0119965	0.0147675	0.00113859
0.787387	0.375161	-0.189979	0.176146	-4.93708e-08	0	0.0121062	0.0149185	0.00113693
0.788288	0.376003	-0.190269	0.176371	-5.1372e-08	0	0.0122168	0.0150707	0.00126541
0.789189	0.376866	-0.19056	0.176597	-5.04785e-08	0	0.0123281	0.0152242	0.00125266
0.79009	0.377755	-0.190853	0.176824	-4.70346e-08	0	0.0124404	0.0153789	0.00123992
0.790991	0.378669	-0.191146	0.177051	-4.10402e-08	0	0.0125535	0.015535	0.00122719
0.791892	0.379609	-0.191441	0.177279	-3.24955e-08	0	0.0126674	0.0156924	0.00121447
0.792793	0.380335	-0.191736	0.177507	-2.91556e-08	0	0.0127825	0.0158511	0.00132704
0.793694	0.380506	-0.192033	0.177736	-4.1667e-08	0	0.0128975	0.016011	0.00132241
0.794595	0.38071	-0.19233	0.177966	-5.06595e-08	0	0.0130133	0.016172	0.00131762
0.795495	0.380938	-0.192627	0.178195	-5.51062e-08	0	0.0131297	0.016334	0.00145406
0.796396	0.381184	-0.192925	0.178425	-5.5103e-08	0	0.0132469	0.0164972	0.00143698
0.797297	0.381463	-0.193223	0.178654	-5.22489e-08	0	0.0133647	0.0166613	0.00141997
0.798198	0.381774	-0.193522	0.178884	-4.65442e-08	0	0.0134833	0.0168266	0.00140302
0.799099	0.382118	-0.193821	0.179114	-3.79888e-08	0	0.0136025	0.0169929	0.00138615
0.8	0.382494	-0.19412	0.179344	-2.65826e-08	0	0.0137229	0.0171603	0.00154287
0.800901	0.381765	-0.19442	0.179574	-4.14535e-08	0	0.0138429	0.0173288	0.0015335
0.801802	0.381077	-0.19472	0.179804	-5.2433e-08	0	0.0139632	0.017498	0.00152403
0.802703	0.380426	-0.195019	0.180033	-5.89021e-08	0	0.0140841	0.0176679	0.00166419
0.803604	0.379794	-0.195317	0.180262	-5.94095e-08	0	0.0142053	0.0178385	0.00164135
0.804505	0.379202	-0.195615	0.18049	-5.67972e-08	0	0.014327	0.0180097	0.00161868
0.805405	0.378652	-0.195913	0.180717	-5.10652e-08	0	0.0144492	0.0181816	0.0015962
0.806306	0.378142	-0.19621	0.180944	-4.22136e-08	0	0.0145717	0.0183542	0.00157389
0.807207	0.377672	-0.196506	0.181171	-3.02424e-08	0	0.0146947	0.0185275	0.00155177
0.808108	0.375874	-0.196802	0.181396	-4.33119e-08	0	0.0148178	0.0187014	0.00176758
0.809009	0.373966	-0.197097	0.181621	-5.55425e-08	0	0.0149404	0.0188754	0.00175167
0.80991	0.372103	-0.197389	0.181844	-6.29827e-08	0	0.0150631	0.0190495	0.0018897
0.810811	0.370265	-0.19768	0.182065	-6.34537e-08	0	0.0151857	0.0192237	0.00185951
0.811712	0.368478	-0.197969	0.182284	-6.06085e-08	0	0.0153084	0.0193979	0.00182971
0.812613	0.36674	-0.198256	0.182502	-5.44469e-08	0	0.0154311	0.0195721	0.00180027
0.813514	0.365052	-0.198542	0.182719	-4.49691e-08	0	0.0155538	0.0197463	0.0017712
0.814414	0.363415	-0.198825	0.182934	-3.21749e-08	0	0.0156764	0.0199205	0.00174249
0.815315	0.359879	-0.199107	0.183147	-4.80752e-08	0	0.0157985	0.0200947	0.00201479
0.816216	0.356351	-0.199386	0.183358	-6.04947e-08	0	0.0159196	0.020268	0.00199057
0.817117	0.352873	-0.19966	0.183565	-6.72198e-08	0	0.0160401	0.0204405	0.00211906
0.818018	0.349433	-0.199932	0.18377	-6.70095e-08	0	0.01616	0.020612	0.00208007
0.818919	0.346052	-0.200199	0.183972	-6.34148e-08	0	0.0162793	0.0207826	0.00204174
0.81982	0.342732	-0.200464	0.18417	-5.64358e-08	0	0.0163979	0.0209523	0.00200405
0.820721	0.339471	-0.200724	0.184366	-4.60725e-08	0	0.0165159	0.021121	0.00196698
0.821622	0.335669	-0.200982	0.18456	-4.01792e-08	0	0.0166334	0.0212888	0.00229306
0.822523	0.32999	-0.201234	0.184749	-5.57532e-08	0	0.0167488	0.0214551	0.00225826
0.823423	0.324377	-0.201481	0.184934	-6.71011e-08	0	0.0168628	0.0216192	0.00222412
0.824324	0.318812	-0.201723	0.185114	-7.10185e-08	0	0.0169753	0.0217811	0.00233452
0.825225	0.313303	-0.201958	0.18529	-6.95558e-08	0	0.0170864	0.0219408	0.00228565
0.826126	0.307864	-0.202187	0.185461	-6.4841e-08	0	0.0171959	0.0220982	0.00223781
0.827027	0.302494	-0.202411	0.185627	-5.68741e-08	0	0.0173039	0.0222533	0.00219096
0.827928	0.297194	-0.202629	0.185789	-4.56552e-08	0	0.0174104	0.022406	0.00214509
0.828829	0.289836	-0.202841	0.185946	-5.22799e-08	0	0.0175149	0.0225564	0.00251997
0.82973	0.281548	-0.203045	0.186097	-6.51721e-08	0	0.0176165	0.0227031	0.00247384
0.830631	0.273327	-0.20324	0.186241	-7.35417e-08	0	0.0177155	0.0228459	0.00257293
0.831532	0.265153	-0.203426	0.186378	-7.34765e-08	0	0.0178119	0.0229847	0.00251239
0.832432	0.257056	-0.203603	0.186508	-7.05749e-08	0	0.0179057	0.0231195	0.00245336
0.833333	0.249035	-0.203772	0.186631	-6.48367e-08	0	0.0179968	0.0232503	0.0023958
0.834234	0.241092	-0.203932	0.186748	-5.6262e-08	0	0.0180852	0.0233769	0.00233965
0.835135	0.232099	-0.204083	0.186857	-5.28103e-08	0	0.0181709	0.0234995	0.00274831
0.836036	0.220588	-0.204224	0.186959	-6.48699e-08	0	0.0182525	0.0236168	0.00268924
0.836937	0.20915	-0.204352	0.187051	-7.41185e-08	0	0.0183302	0.0237282	0.00263184
0.837838	0.197762	-0.204469	0.187133	-7.57255e-08	0	0.0184038	0.0238335	0.0026956
0.838739	0.186448	-0.204572	0.187206	-7.40953e-08	0	0.0184734	0.0239326	0.00262532
0.83964	0.175213	-0.204664	0.187269	-7.04116e-08	0	0.018539	0.0240255	0.00255704
0.840541	0.164059	-0.204743	0.187323	-6.46743e-08	0	0.0186004	0.0241122	0.00249068
0.841441	0.152542	-0.20481	0.187367	-5.87579e-08	0	0.0186578	0.0241927	0.00290941
0.842342	0.13731	-0.204863	0.187401	-6.72772e-08	0	0.01871	0.024266	0.00283784
0.843243	0.122143	-0.204899	0.187422	-7.45307e-08	0	0.0187566	0.0243309	0.00276855
0.844144	0.107026	-0.204919	0.18743	-7.65861e-08	0	0.0187977	0.0243873	0.00280487
0.845045	0.0919755	-0.204923	0.187425	-7.58499e-08	0	0.0188331	0.0244351	0.00272469
0.845946	0.0770005	-0.20491	0.187408	-7.42777e-08	0	0.0188628	0.0244744	0.00264704
0.846847	0.0621013	-0.20488	0.187378	-7.18694e-08	0	0.0188868	0.024505	0.00257182
0.847748	0.0468971	-0.204834	0.187335	-6.9102e-08	0	0.0189052	0.024527	0.0029684
0.848649	0.027575	-0.20477	0.187279	-7.16899e-08	0	0.0189171	0.0245396	0.00288659
0.84955	0.00830044	-0.204685	0.187206	-7.52104e-08	0	0.0189217	0.0245411	0.00280761
0.85045	-0.0109376	-0.204578	0.187116	-7.60898e-08	0	0.018919	0.0245316	0.00281137
0.851351	-0.0301208	-0.204451	0.187011	-7.6403e-08	0	0.0189091	0.0245112	0.00272428
0.852252	-0.0492432	-0.204302	0.186889	-7.75576e-08	0	0.0188918	0.0244798	0.00264018
0.853153	-0.0683046	-0.204132	0.18675	-7.95536e-08	0	0.0188671	0.0244374	0.00255895
0.854054	-0.0883951	-0.203941	0.186596	-8.00115e-08	0	0.0188352	0.0243842	0.00289831
0.854955	-0.111941	-0.203726	0.186423	-7.54951e-08	0	0.0187953	0.0243187	0.00281035
0.855856	-0.135469	-0.203486	0.186229	-7.47286e-08	0	0.0187465	0.0242401	0.00272561
0.856757	-0.158984	-0.203219	0.186016	-7.44559e-08	0	0.0186889	0.0241483	0.0026959
0.857658	-0.182467	-0.202926	0.185782	-7.69022e-08	0	0.0186225	0.0240436	0.00260643
0.858559	-0.205917	-0.202607	0.185529	-8.2283e-08	0	0.0185473	0.0239259	0.00252023
0.859459	-0.229333	-0.202263	0.185255	-9.05981e-08	0	0.0184633	0.0237954	0.00243717
0.86036	-0.255073	-0.201892	0.18496	-8.59603e-08	0	0.0183708	0.0236521	0.00268994
0.861261	-0.282629	-0.201491	0.184642	-7.53098e-08	0	0.0182686	0.0234943	0.00260125
0.862162	-0.310211	-0.201059	0.1843	-7.14491e-08	0	0.0181564	0.0233221	0.00254708
0.863063	-0.337805	-0.200597	0.183934	-7.29854e-08	0	0.0180344	0.0231355	0.00245715
0.863964	-0.365408	-0.200104	0.183544	-7.98302e-08	0	0.0179025	0.0229349	0.00237069
0.864865	-0.393021	-0.199581	0.18313	-9.19835e-08	0	0.0177609	0.0227204	0.00228755
0.865766	-0.420856	-0.199027	0.182692	-1.06123e-07	0	0.0176097	0.0224923	0.00244599
0.866667	-0.451681	-0.198441	0.182228	-8.25597e-08	0	0.017449	0.02225	0.00235884
0.867568	-0.482588	-0.19782	0.181736	-6.94353e-08	0	0.0172778	0.0219929	0.00227517
0.868468	-0.513557	-0.197165	0.181217	-6.8191e-08	0	0.0170964	0.0217215	0.00219779
0.869369	-0.544588	-0.196476	0.180671	-7.50473e-08	0	0.0169048	0.0214361	0.00211629
0.87027	-0.575683	-0.195752	0.180097	-8.96412e-08	0	0.0167032	0.0211371	0.00203804
0.871171	-0.606842	-0.194993	0.179495	-1.11973e-07	0	0.016492	0.0208249	0.0019629
0.872072	-0.639246	-0.1942	0.178865	-9.32483e-08	0	0.0162714	0.0204995	0.00202181
0.872973	-0.672199	-0.193369	0.178204	-7.01531e-08	0	0.0160408	0.0201607	0.00194489
0.873874	-0.705273	-0.192502	0.177514	-6.38e-08	0	0.0158005	0.0198092	0.00185537
0.874775	-0.738462	-0.191598	0.176793	-7.01235e-08	0	0.0155508	0.0194454	0.00178349
0.875676	-0.771779	-0.190656	0.176042	-8.63801e-08	0	0.015292	0.0190699	0.00171455
0.876577	-0.805224	-0.189679	0.17526	-1.1257e-07	0	0.0150243	0.0186832	0.00164842
0.877477	-0.838485	-0.188663	0.174447	-1.01384e-07	0	0.0147483	0.0182856	0.00163277
0.878378	-0.871711	-0.18761	0.173603	-7.06987e-08	0	0.0144636	0.0178778	0.0015665
0.879279	-0.905113	-0.186519	0.172727	-6.02217e-08	0	0.014171	0.0174605	0.00147364
0.88018	-0.938682	-0.185391	0.171819	-6.6513e-08	0	0.0138709	0.0170343	0.00141442
0.881081	-0.972443	-0.184225	0.170878	-8.4406e-08	0	0.0135636	0.0166	0.00135765
0.881982	-1.0064	-0.183022	0.169907	-1.13901e-07	0	0.0132495	0.0161581	0.00130323
0.882883	-1.03876	-0.18178	0.168902	-1.01587e-07	0	0.012929	0.0157092	0.00124211
0.883784	-1.07013	-0.180503	0.167865	-6.80312e-08	0	0.0126022	0.0152546	0.00118843
0.884685	-1.1017	-0.179189	0.166797	-5.76515e-08	0	0.0122704	0.0147953	0.00110123
0.885586	-1.1335	-0.177839	0.165696	-6.51828e-08	0	0.0119341	0.014332	0.00105555
0.886486	-1.16554	-0.176453	0.164564	-8.52321e-08	0	0.0115936	0.0138654	0.00101177
0.887387	-1.19783	-0.175032	0.1634	-1.17799e-07	0	0.0112494	0.0133962	0.000969804
0.888288	-1.22611	-0.173574	0.162203	-9.23152e-08	0	0.0109015	0.0129249	0.000893543
0.889189	-1.25333	-0.172084	0.160976	-6.15403e-08	0	0.0105509	0.0124537	0.000852362
0.89009	-1.28078	-0.170561	0.159719	-5.66175e-08	0	0.0101992	0.0119833	0.000777798
0.890991	-1.30849	-0.169007	0.158431	-6.68373e-08	0	0.00984655	0.0115145	0.000744542
0.891892	-1.33649	-0.16742	0.157113	-8.96436e-08	0	0.00949349	0.0110477	0.000712659
0.892793	-1.36399	-0.165801	0.155765	-1.16219e-07	0	0.00914076	0.0105835	0.00064491
0.893694	-1.38463	-0.164152	0.154388	-7.68514e-08	0	0.00878683	0.0101232	0.00061318
0.894595	-1.40554	-0.162476	0.152984	-5.59452e-08	0	0.00843531	0.00966865	0.000548791
0.895495	-1.42668	-0.160774	0.151553	-5.79577e-08	0	0.00808651	0.00922034	0.000524567
0.896396	-1.44812	-0.159046	0.150095	-7.18354e-08	0	0.00774077	0.00877866	0.000501335
0.897297	-1.46987	-0.157291	0.148611	-9.75782e-08	0	0.0073984	0.00834402	0.000479056
0.898198	-1.48609	-0.15551	0.1471	-8.84127e-08	0	0.00705912	0.00791685	0.00042959
0.899099	-1.49868	-0.153709	0.145566	-6.1369e-08	0	0.00672406	0.00749926	0.00040681
0.9	-1.51148	-0.151888	0.144011	-5.51857e-08	0	0.00639508	0.00709185	0.000359789
0.900901	-1.52455	-0.150049	0.142434	-6.22488e-08	0	0.00607237	0.0066948	0.000343141
0.901802	-1.53792	-0.14819	0.140835	-7.98532e-08	0	0.00575611	0.00630825	0.000327178
0.902703	-1.54882	-0.146312	0.139214	-9.13703e-08	0	0.00544635	0.00593231	0.000298179
0.903604	-1.55196	-0.144419	0.137575	-6.56683e-08	0	0.00514257	0.00556833	0.000281109
0.904505	-1.5553	-0.142516	0.135921	-5.48459e-08	0	0.00484753	0.00521719	0.000245164
0.905405	-1.55885	-0.1406	0.13425	-5.75766e-08	0	0.00456123	0.00487879	0.000233077
0.906306	-1.56267	-0.138674	0.132564	-6.91789e-08	0	0.00428369	0.00455301	0.000221503
0.907207	-1.56597	-0.136737	0.130863	-8.60132e-08	0	0.00401507	0.00423974	0.000207779
0.908108	-1.55932	-0.134791	0.129148	-6.50058e-08	0	0.00375402	0.00393959	0.00019488
0.909009	-1.55284	-0.132842	0.127425	-5.44286e-08	0	0.0035033	0.00365336	0.000168685
0.90991	-1.5465	-0.13089	0.125692	-5.49729e-08	0	0.00326277	0.00338071	0.000159611
0.910811	-1.54039	-0.128935	0.123951	-6.26309e-08	0	0.00303227	0.0031213	0.000150949
0.911712	-1.53404	-0.126976	0.122201	-7.57701e-08	0	0.00281174	0.00287479	0.000145737
0.912613	-1.51801	-0.125017	0.120444	-6.06844e-08	0	0.00259999	0.00264142	0.00013591
0.913514	-1.5021	-0.123062	0.118685	-5.28677e-08	0	0.00239902	0.00242153	0.000117588
0.914414	-1.48627	-0.121111	0.116924	-5.27006e-08	0	0.00220852	0.00221463	0.000110564
0.915315	-1.47062	-0.119164	0.115161	-5.80034e-08	0	0.00202819	0.00202022	0.000103891
0.916216	-1.4536	-0.117221	0.113395	-6.44928e-08	0	0.00185767	0.00183781	0.000101956
0.917117	-1.42927	-0.115285	0.111631	-5.48874e-08	0	0.00169638	0.00166746	9.44975e-05
0.918018	-1.40498	-0.11336	0.10987	-5.01119e-08	0	0.00154523	0.001509	8.21169e-05
0.918919	-1.38074	-0.111444	0.108113	-5.00315e-08	0	0.00140381	0.00136185	7.66383e-05
0.91982	-1.35661	-0.109539	0.10636	-5.40148e-08	0	0.00127173	0.00122543	7.1466e-05
0.920721	-1.32942	-0.107644	0.104611	-5.46606e-08	0	0.00114841	0.00109924	7.00469e-05
0.921622	-1.29838	-0.105763	0.10287	-4.92021e-08	0	0.00103376	0.000983156	6.45038e-05
0.922523	-1.2673	-0.103897	0.101137	-4.65527e-08	0	0.00092782	0.000876677	5.63851e-05
0.923423	-1.23624	-0.102046	0.0994143	-4.68585e-08	0	0.000830125	0.000779221	5.22001e-05
0.924324	-1.20523	-0.100209	0.0977002	-5.01067e-08	0	0.000740238	0.000690225	4.82766e-05
0.925225	-1.17002	-0.0983885	0.0959963	-4.70031e-08	0	0.000657595	0.000609258	4.656e-05
0.926126	-1.13416	-0.096586	0.0943053	-4.40227e-08	0	0.000582176	0.000535961	4.07016e-05
0.927027	-1.09823	-0.0948016	0.0926273	-4.2636e-08	0	0.000513578	0.000469789	3.74124e-05
0.927928	-1.06228	-0.0930353	0.0909622	-4.3345e-08	0	0.000451359	0.00041022	3.43478e-05
0.928829	-1.0252	-0.0912873	0.0893103	-4.33316e-08	0	0.000395055	0.000356773	3.25783e-05
0.92973	-0.986702	-0.089559	0.0876736	-4.10957e-08	0	0.00034436	0.000309061	2.96303e-05
0.930631	-0.948067	-0.0878507	0.0860526	-3.91683e-08	0	0.000298933	0.000266627	2.60093e-05
0.931532	-0.909371	-0.0861624	0.0844473	-3.86988e-08	0	0.000258378	0.000229026	2.37102e-05
0.932432	-0.870572	-0.0844941	0.0828576	-3.90871e-08	0	0.000222298	0.000195838	2.19877e-05
0.933333	-0.831501	-0.0828463	0.0812846	-3.74089e-08	0	0.000190363	0.000166685	1.98854e-05
0.934234	-0.792288	-0.0812191	0.0797289	-3.57012e-08	0	0.00016222	0.000141186	1.74374e-05
0.935135	-0.752961	-0.0796128	0.0781903	-3.4797e-08	0	0.000137536	0.000118989	1.57874e-05
0.936036	-0.713608	-0.0780271	0.076669	-3.48553e-08	0	0.000115985	9.97636e-05	1.43029e-05
0.936937	-0.67585	-0.0764621	0.0751652	-3.35598e-08	0	9.73052e-05	8.31951e-05	1.28615e-05
0.937838	-0.637946	-0.0749176	0.0736791	-3.2131e-08	0	8.11523e-05	6.89774e-05	1.12599e-05
0.938739	-0.599903	-0.0733936	0.0722108	-3.11562e-08	0	6.72706e-05	5.68519e-05	1.01261e-05
0.93964	-0.561899	-0.0718902	0.0707602	-3.08606e-08	0	5.5414e-05	4.6579e-05	8.98347e-06
0.940541	-0.527018	-0.0704069	0.0693273	-2.97979e-08	0	4.5383e-05	3.79212e-05	8.03065e-06
0.941441	-0.491988	-0.0689432	0.0679119	-2.85659e-08	0	3.68992e-05	3.0656e-05	7.01423e-06
0.942342	-0.456816	-0.0674993	0.066514	-2.76706e-08	0	2.97817e-05	2.46089e-05	6.26546e-06
0.943243	-0.4224	-0.066075	0.0651335	-2.71384e-08	0	2.38646e-05	1.96197e-05	5.46403e-06
0.944144	-0.391552	-0.0646696	0.0637701	-2.62262e-08	0	1.89906e-05	1.55206e-05	4.85428e-06
0.945045	-0.360562	-0.0632827	0.0624234	-2.51292e-08	0	1.49769e-05	1.21726e-05	4.22676e-06
0.945946	-0.329443	-0.0619142	0.0610935	-2.4351e-08	0	1.1707e-05	9.46763e-06	3.74935e-06
0.946847	-0.300704	-0.0605641	0.0597802	-2.36824e-08	0	9.07955e-06	7.30584e-06	3.22715e-06
0.947748	-0.274602	-0.0592312	0.0584827	-2.28136e-08	0	6.97646e-06	5.58086e-06	2.79866e-06
0.948649	-0.248379	-0.0579154	0.0572008	-2.18946e-08	0	5.30125e-06	4.2188e-06	2.47005e-06
0.94955	-0.222048	-0.0566166	0.0559346	-2.12159e-08	0	3.98615e-06	3.15908e-06	2.1749e-06
0.95045	-0.200483	-0.0553343	0.0546836	-2.04953e-08	0	2.9723e-06	2.34203e-06	1.85365e-06
0.951351	-0.179398	-0.0540676	0.0534471	-1.96503e-08	0	2.18655e-06	1.71327e-06	1.60046e-06
0.952252	-0.158225	-0.0528165	0.0522249	-1.88801e-08	0	1.58704e-06	1.23815e-06	1.40148e-06
0.953153	-0.139294	-0.0515809	0.0510171	-1.8227e-08	0	1.14028e-06	8.8571e-07	1.18826e-06
0.954054	-0.123157	-0.0503597	0.0498227	-1.75244e-08	0	8.08036e-07	6.23753e-07	1.02105e-06
0.954955	-0.106964	-0.0491527	0.0486415	-1.67537e-08	0	5.62693e-07	4.32332e-07	8.88744e-07
0.955856	-0.0913259	-0.0479599	0.0474735	-1.60754e-08	0	3.86413e-07	2.96095e-07	7.50236e-07
0.956757	-0.0796224	-0.0467805	0.046318	-1.54976e-08	0	2.62096e-07	1.99432e-07	6.41235e-07
0.957658	-0.0678943	-0.045614	0.0451746	-1.47706e-08	0	1.73757e-07	1.3153e-07	5.54399e-07
0.958559	-0.0561417	-0.0444604	0.0440431	-1.40672e-08	0	1.13043e-07	8.5439e-08	4.77816e-07
0.959459	-0.0479404	-0.0433192	0.0429233	-1.35637e-08	0	7.27158e-08	5.45602e-08	4.00415e-07
0.96036	-0.0399453	-0.0421898	0.0418144	-1.29102e-08	0	4.54206e-08	3.38862e-08	3.39591e-07
0.961261	-0.0319488	-0.041072	0.0407164	-1.22226e-08	0	2.76987e-08	2.06522e-08	2.90336e-07
0.962162	-0.0265104	-0.0399656	0.0396291	-1.17667e-08	0	1.66938e-08	1.23528e-08	2.41968e-07
0.963063	-0.0214194	-0.03887	0.0385517	-1.11688e-08	0	9.68586e-09	7.12379e-09	2.03643e-07
0.963964	-0.0163432	-0.037785	0.0374844	-1.05032e-08	0	5.4582e-09	4.0211e-09	1.72488e-07
0.964865	-0.01322	-0.0367103	0.0364266	-1.01151e-08	0	3.0365e-09	2.21524e-09	1.42754e-07
0.965766	-0.0102224	-0.0356453	0.035378	-9.54502e-09	0	1.60392e-09	1.16343e-09	1.19054e-07
0.966667	-0.0074282	-0.0345901	0.0343385	-8.95129e-09	0	8.24615e-10	5.99679e-10	9.8073e-08
0.967568	-0.00579403	-0.0335441	0.0333076	-8.58532e-09	0	4.12416e-10	2.96418e-10	8.11867e-08
0.968468	-0.00418317	-0.0325071	0.032285	-8.03273e-09	0	1.92884e-10	1.38233e-10	6.74846e-08
0.969369	-0.00293923	-0.0314789	0.0312708	-7.57396e-09	0	8.90556e-11	6.3775e-11	5.50049e-08
0.97027	-0.00214425	-0.0304591	0.0302642	-7.17446e-09	0	3.84298e-11	2.71931e-11	4.49702e-08
0.971171	-0.00136762	-0.0294474	0.0292653	-6.61754e-09	0	1.54453e-11	1.10272e-11	3.68324e-08
0.972072	-0.000962314	-0.0284437	0.0282738	-6.323e-09	0	6.18471e-12	4.34915e-12	2.9437e-08
0.972973	-0.000621768	-0.0274474	0.0272894	-5.8631e-09	0	2.17136e-12	1.51854e-12	2.38457e-08
0.973874	-0.000371547	-0.0264587	0.0263118	-5.46258e-09	0	7.58788e-13	5.32653e-13	1.89799e-08
0.974775	-0.000239866	-0.0254769	0.0253408	-5.12556e-09	0	2.33493e-13	1.60972e-13	1.50912e-08
0.975676	-0.000120707	-0.0245021	0.0243763	-4.65273e-09	0	6.64057e-14	4.66417e-14	1.18643e-08
0.976577	-7.67598e-05	-0.0235339	0.0234178	-4.41857e-09	0	1.77954e-14	1.21566e-14	9.29777e-09
0.977477	-3.61271e-05	-0.0225721	0.0224653	-3.98354e-09	0	3.82269e-15	2.6747e-15	7.25958e-09
0.978378	-1.97629e-05	-0.0216164	0.0215185	-3.75553e-09	0	8.76572e-16	5.94917e-16	5.5484e-09
0.979279	-8.73449e-06	-0.0206667	0.0205772	-3.37708e-09	0	1.36576e-16	9.38351e-17	4.25019e-09
0.98018	-3.92912e-06	-0.0197227	0.0196412	-3.14603e-09	0	2.48612e-17	1.67536e-17	3.18656e-09
0.981081	-1.52889e-06	-0.0187841	0.0187103	-2.80745e-09	0	2.5433e-18	1.73102e-18	2.38578e-09
0.981982	-5.70388e-07	-0.0178509	0.0177842	-2.59413e-09	0	3.47191e-19	2.31212e-19	1.74704e-09
0.982883	-1.7179e-07	-0.0169227	0.0168628	-2.27758e-09	0	1.98487e-20	1.38031e-20	1.27216e-09
0.983784	-5.58358e-08	-0.0159994	0.0159459	-2.09784e-09	0	1.87172e-21	1.21518e-21	9.04635e-10
0.984685	-8.83486e-09	-0.0150808	0.0150332	-1.78834e-09	0	7.94248e-23	5.49218e-23	6.33894e-10
0.985586	-3.24392e-09	-0.0141667	0.0141247	-1.6494e-09	0	2.36004e-24	1.42422e-24	4.36089e-10
0.986486	-3.98155e-10	-0.0132568	0.01322	-1.42721e-09	0	8.09621e-26	5.46731e-26	2.92794e-10
0.987387	-8.27592e-11	-0.012351	0.0123191	-1.23611e-09	0	8.15815e-29	4.50256e-29	1.91808e-10
0.988288	-9.63605e-12	-0.0114491	0.0114217	-1.08917e-09	0	1.01695e-29	6.04791e-30	1.21599e-10
0.989189	-6.6313e-13	-0.010551	0.0105277	-9.02414e-10	0	1.30137e-31	8.86005e-32	7.45783e-11
0.99009	-8.13439e-14	-0.00965634	0.00963684	-7.53263e-10	0	3.39919e-34	1.97446e-34	4.3936e-11
0.990991	-7.56925e-15	-0.00876508	0.00874902	-6.40224e-10	0	5.4939e-37	2.32979e-37	2.45974e-11
0.991892	-5.99372e-16	-0.00787701	0.00786404	-5.20779e-10	0	8.7541e-39	4.95026e-39	1.29778e-11
0.992793	-5.06908e-17	-0.00699194	0.00698173	-4.05317e-10	0	1.77437e-40	1.19237e-40	6.36583e-12
0.993694	-4.52188e-18	-0.00610972	0.00610192	-3.03995e-10	0	1.79584e-42	1.23556e-42	2.84126e-12
0.994595	-3.94545e-19	-0.00523018	0.00522446	-2.21563e-10	0	1.1752e-44	8.12063e-45	1.12151e-12
0.995495	-3.00279e-20	-0.00435315	0.00434919	-1.56199e-10	0	3.57846e-47	2.46375e-47	3.74134e-13
0.996396	-1.62223e-21	-0.00347846	0.00347593	-1.02778e-10	0	1.63471e-51	7.3131e-52	9.77471e-14
0.997297	-4.54563e-23	-0.00260596	0.00260454	-5.64515e-11	0	2.03455e-52	1.40805e-52	1.73549e-14
0.998198	-1.28784e-24	-0.00173549	0.00173486	-2.51918e-11	0	6.35838e-59	1.35161e-59	1.52057e-15
0.999099	-4.49209e-27	-0.000866888	0.000866731	-5.89577e-12	0	1.80196e-61	1.23772e-61	2.37305e-17
1	3.13651e-35	-2.03177e-21	2.03177e-21	7.49758e-30	0	1.80196e-61	1.23772e-61	2.37305e-17
