#0.8	420	163	1.835	4.99885688399e-11	6.86117829218e-14	-3.66606987764e-11	2.17776933902e-09


0.8	19	25	1.835	8.08993242584766e-06	3.39015615539173e-05	-6.83414922289185e-06	-1.34222545463397e-05
0.8	20	25	1.835	6.60224812965016e-06	2.74322413583716e-05	-6.26921413471077e-06	-1.1106232008739e-05
0.8	21	25	1.835	5.48345384909776e-06	2.24487255253703e-05	-4.84277284145736e-06	-9.26625958650648e-06
0.8	22	25	1.835	4.5781733313266e-06	1.8517081705749e-05	-4.21612244417196e-06	-7.78830549470795e-06
0.8	23	25	1.835	3.86025712018068e-06	1.53862154466111e-05	-3.46397030944969e-06	-6.58976247344009e-06
0.8	24	25	1.835	3.27690153967275e-06	1.28772726127879e-05	-2.95989214988932e-06	-5.60909965980137e-06
0.8	25	25	1.835	2.80197154667317e-06	1.08428704690411e-05	-2.50360744953966e-06	-4.80025215989855e-06
0.8	26	25	1.835	2.4109046385945e-06	9.18448697884156e-06	-2.15026505561692e-06	-4.1281590770287e-06
0.8	27	25	1.835	2.08690865111105e-06	7.82029579582399e-06	-1.84695628842769e-06	-3.56590588907032e-06
0.8	28	25	1.835	1.81642053653785e-06	6.69171642608823e-06	-1.59891275191712e-06	-3.09259199121679e-06
0.8	29	25	1.835	1.5891812806812e-06	5.75148418713312e-06	-1.38913865229652e-06	-2.69184521648211e-06
0.8	30	25	1.835	1.39708545587869e-06	4.96381801529111e-06	-1.2132879985363e-06	-2.35072327361282e-06
0.8	31	25	1.835	1.23377390770507e-06	4.30014162688952e-06	-1.06387326776442e-06	-2.05891374398738e-06
0.8	32	25	1.835	1.09418479721235e-06	3.73808405418341e-06	-9.36867746968752e-07	-1.80813655481657e-06
0.8	33	25	1.835	9.74270160214452e-07	3.25971516224044e-06	-8.28164295742061e-07	-1.59169657811172e-06
0.8	34	25	1.835	8.70766622584895e-07	2.85070347871841e-06	-7.34816879805212e-07	-1.4041441717694e-06
0.8	35	25	1.835	7.81027224561193e-07	2.49945814612129e-06	-6.54267480579482e-07	-1.24101606685539e-06
0.8	36	25	1.835	7.02891601145339e-07	2.1965770403698e-06	-5.84507116778719e-07	-1.09863535856368e-06
0.8	37	25	1.835	6.34586185599417e-07	1.9343774185776e-06	-5.23851732642685e-07	-9.73956376749019e-07
0.8	38	25	1.835	5.74647008755313e-07	1.70655316411583e-06	-4.70926476814468e-07	-8.64443248218717e-07
0.8	39	25	1.835	5.21859317426099e-07	1.50789977315657e-06	-4.24584956145806e-07	-7.67974255783387e-07
0.8	40	25	1.835	4.75210185091335e-07	1.334101190964e-06	-3.8387569354375e-07	-6.82766004463525e-07
0.8	41	25	1.835	4.33850995351648e-07	1.18156271222691e-06	-3.48001523718126e-07	-6.07312909122157e-07
0.8	42	25	1.835	3.97067629887005e-07	1.04727556715645e-06	-3.16293445842379e-07	-5.40338653017881e-07
0.8	43	25	1.835	3.64256582230382e-07	9.28711914149893e-07	-2.8818703673058e-07	-4.80757040146271e-07
0.8	44	25	1.835	3.34905762122695e-07	8.23739540911639e-07	-2.63204635517317e-07	-4.27640217646995e-07
0.8	45	25	1.835	3.08578957497474e-07	7.30553638361719e-07	-2.40940372965094e-07	-3.80192731953766e-07
0.8	46	25	1.835	2.84903237557366e-07	6.47619755711482e-07	-2.21048232294487e-07	-3.37730427709169e-07
0.8	47	25	1.835	2.63558605606562e-07	5.73629905131767e-07	-2.0323219967836e-07	-2.99662886284765e-07
0.8	48	25	1.835	2.44269594995572e-07	5.07464050114592e-07	-1.8723823474102e-07	-2.65479046886553e-07
0.8	49	25	1.835	2.26798288815999e-07	4.48161656119161e-07	-1.72847635229955e-07	-2.3473526227853e-07
0.8	50	25	1.835	2.10938545075479e-07	3.94896021993496e-07	-1.59871562129401e-07	-2.07045289479067e-07
0.8	51	25	1.835	1.96511231398411e-07	3.46951416929642e-07	-1.48146492719872e-07	-1.82071988695311e-07
0.8	52	25	1.835	1.83360253758202e-07	3.0371023784781e-07	-1.3753043413845e-07	-1.59520295795524e-07
0.8	53	25	1.835	1.71349182842562e-07	2.64635658275836e-07	-1.27899761333803e-07	-1.39131370658425e-07
0.8	54	25	1.835	1.6035848637852e-07	2.29258674599997e-07	-1.19146563801495e-07	-1.2067757246813e-07
0.8	55	25	1.835	1.50283167132947e-07	1.97173187999056e-07	-1.11176414629271e-07	-1.03958301415536e-07
0.8	56	25	1.835	1.41030753408877e-07	1.68019775426131e-07	-1.03906488286039e-07	-8.87963253277362e-08
0.8	57	25	1.835	1.32519612838777e-07	1.41487421223552e-07	-9.72639668281745e-08	-7.5034797736153e-08
0.8	58	25	1.835	1.2467752463774e-07	1.17300648083685e-07	-9.11846879320917e-08	-6.2534613665555e-08
0.8	59	25	1.835	1.1744045624873e-07	9.52173542234647e-08	-8.56119939534289e-08	-5.11721362443035e-08
0.8	60	25	1.835	1.10751498749728e-07	7.50212751920998e-08	-8.04957488805701e-08	-4.08373242711251e-08
0.8	61	25	1.835	1.04559978453267e-07	5.65265690921635e-08	-7.5791499049139e-08	-3.14320191275578e-08
0.8	62	25	1.835	9.88206756424859e-08	3.95629005112141e-08	-7.14597505427604e-08	-2.28685187406179e-08
0.8	63	25	1.835	9.34931750906642e-08	2.39830035830835e-08	-6.74653500467058e-08	-1.50683623851596e-08
0.8	64	25	1.835	8.85412667628316e-08	9.65321311774403e-09	-6.37769490654408e-08	-7.96119475992562e-09
0.8	65	25	1.835	8.39324630907967e-08	-3.5435929746086e-09	-6.03665429173258e-08	-1.48389229619579e-09
0.8	66	25	1.835	7.96375676515026e-08	-1.57126547328801e-08	-5.72090709109737e-08	4.42033795918355e-09
0.8	67	25	1.835	7.56302712678902e-08	-2.69487661075374e-08	-5.42820680755839e-08	9.80259491948964e-09
0.8	68	25	1.835	7.18868758964319e-08	-3.73359743122137e-08	-5.15653634866307e-08	1.47089556068714e-08
0.8	69	25	1.835	6.83859402439424e-08	-4.69509777722976e-08	-4.90408184250112e-08	1.91810326752773e-08
0.8	70	25	1.835	6.51080800384563e-08	-5.58592410104808e-08	-4.66920947191161e-08	2.32564241752556e-08
0.8	71	25	1.835	6.20357362146606e-08	-6.41256281408431e-08	-4.45044544048982e-08	2.69691786051699e-08
0.8	72	25	1.835	5.91529497606658e-08	-7.18012318490224e-08	-4.24645835650138e-08	3.03501305278013e-08
0.8	73	25	1.835	5.64452421469852e-08	-7.89393796996052e-08	-4.05604386432123e-08	3.3427279202481e-08
0.8	74	25	1.835	5.38994217036404e-08	-8.55823263368194e-08	-3.87811076423744e-08	3.62260265031264e-08
0.8	75	25	1.835	5.15034690451444e-08	-9.17718674386947e-08	-3.71166926791817e-08	3.876948581051e-08
0.8	76	25	1.835	4.92464068413412e-08	-9.75465601626979e-08	-3.55582028868718e-08	4.10787052615519e-08
0.8	77	25	1.835	4.71182177719243e-08	-1.02935442169994e-07	-3.40974609550498e-08	4.31728410660812e-08
0.8	78	25	1.835	4.51097377229814e-08	-1.07972679685986e-07	-3.27270194962411e-08	4.50693743751895e-08
0.8	79	25	1.835	4.32125601967925e-08	-1.12684987119138e-07	-3.14400892592293e-08	4.67842831345636e-08
0.8	80	25	1.835	4.14189793573883e-08	-1.17097807894595e-07	-3.02304716886413e-08	4.83321292550168e-08
0.8	81	25	1.835	3.97219201975219e-08	-1.2123385184637e-07	-2.90925022928151e-08	4.97262658842441e-08
0.8	82	25	1.835	3.8114884137741e-08	-1.25111832893765e-07	-2.8020998010055e-08	5.09788963127602e-08
0.8	83	25	1.835	3.65918854106084e-08	-1.28754853445656e-07	-2.70112106156106e-08	5.21012010193217e-08
0.8	84	25	1.835	3.51474023219112e-08	-1.3217880967531e-07	-2.60587867064185e-08	5.31034475062289e-08
0.8	85	25	1.835	3.37763603752705e-08	-1.35397311362695e-07	-2.51597301976986e-08	5.39950441800219e-08
0.8	86	25	1.835	3.24740609958241e-08	-1.38427043827605e-07	-2.43103681728074e-08	5.47846303804492e-08
0.8	87	25	1.835	3.12361658760807e-08	-1.41283047483398e-07	-2.35073225422452e-08	5.54801459355423e-08
0.8	88	25	1.835	3.0058652233933e-08	-1.43974493438392e-07	-2.27474830254227e-08	5.60889024607675e-08
0.8	89	25	1.835	2.89378150331032e-08	-1.46515983123763e-07	-2.20279822287435e-08	5.66176120670994e-08
0.8	90	25	1.835	2.78702061429215e-08	-1.4891507005288e-07	-2.13461755510622e-08	5.70724685690816e-08
0.8	91	25	1.835	2.68526308966344e-08	-1.51182363516966e-07	-2.06996203629844e-08	5.7459177733407e-08
0.8	92	25	1.835	2.58821143406252e-08	-1.53326800367282e-07	-2.00860593895319e-08	5.77829920176345e-08
0.8	93	25	1.835	2.49559160003798e-08	-1.55358355513613e-07	-1.95034044890763e-08	5.80487690391159e-08
0.8	94	25	1.835	2.40714447263812e-08	-1.57279989254633e-07	-1.89497219900168e-08	5.8260978952929e-08
0.8	95	25	1.835	2.32263357435869e-08	-1.59103943131456e-07	-1.84232197714544e-08	5.84237553050345e-08
0.8	96	25	1.835	2.24183566155389e-08	-1.6083328091554e-07	-1.79222361368829e-08	5.85409264831646e-08
0.8	97	25	1.835	2.1645436998341e-08	-1.62476118115151e-07	-1.74452283257599e-08	5.86160218604968e-08
0.8	98	25	1.835	2.09056228994697e-08	-1.64036945582424e-07	-1.69907631232881e-08	5.8652312360009e-08
0.8	99	25	1.835	2.01971268598555e-08	-1.65517097805434e-07	-1.6557507792887e-08	5.86528165285098e-08
0.8	100	25	1.835	1.95182463524901e-08	-1.66930249845265e-07	-1.61442224985155e-08	5.86203340814512e-08
0.8	101	25	1.835	1.88673999756972e-08	-1.68270351430522e-07	-1.57497529162615e-08	5.85574591431443e-08
0.8	102	25	1.835	1.82431216799728e-08	-1.69553529438815e-07	-1.53730228571338e-08	5.84665968746618e-08
0.8	103	25	1.835	1.76440049237669e-08	-1.70768055696158e-07	-1.50130286240938e-08	5.83499666291316e-08
0.8	104	25	1.835	1.70687657341517e-08	-1.71932414749776e-07	-1.46688343860489e-08	5.82096385006422e-08
0.8	105	25	1.835	1.65161807563763e-08	-1.73042620454922e-07	-1.43395648077909e-08	5.80475249335804e-08
0.8	106	25	1.835	1.5985100132454e-08	-1.74106644657002e-07	-1.40244030149364e-08	5.78654028436919e-08
0.8	107	25	1.835	1.54744574931698e-08	-1.75115031808559e-07	-1.37225845433262e-08	5.76649203138911e-08
0.8	108	25	1.835	1.49832365403668e-08	-1.76084814951238e-07	-1.34333937932528e-08	5.74476102560431e-08
0.8	109	25	1.835	1.45104879223368e-08	-1.77011218571721e-07	-1.31561606596767e-08	5.72148989343105e-08
0.8	110	25	1.835	1.40553207961247e-08	-1.77898115572006e-07	-1.28902574355635e-08	5.69680922385461e-08
0.8	111	25	1.835	1.36168955000571e-08	-1.78749191448446e-07	-1.26350954662094e-08	5.67084260081046e-08
0.8	112	25	1.835	1.31944065673295e-08	-1.79567778424428e-07	-1.23901223168954e-08	5.64370458236891e-08
0.8	113	25	1.835	1.27871110366939e-08	-1.8034481952256e-07	-1.21548192289292e-08	5.61549968965618e-08
0.8	114	25	1.835	1.23943144636485e-08	-1.81094212514665e-07	-1.19286988403879e-08	5.58632783600357e-08
0.8	115	25	1.835	1.20153341720552e-08	-1.81818996081162e-07	-1.17113034887487e-08	5.55627946876492e-08
0.8	116	25	1.835	1.16495514346227e-08	-1.82503883783269e-07	-1.1502201993207e-08	5.52543990415384e-08
0.8	117	25	1.835	1.12963661758059e-08	-1.83169709844222e-07	-1.13009893037145e-08	5.49388904393938e-08
0.8	118	25	1.835	1.09552159566206e-08	-1.83807881803943e-07	-1.11072834203947e-08	5.46169929206052e-08
0.8	119	25	1.835	1.06255816367806e-08	-1.84423106563969e-07	-1.09207245685735e-08	5.42893988634504e-08
0.8	120	25	1.835	1.0306936193416e-08	-1.85019492837668e-07	-1.07409735647055e-08	5.39567420757483e-08
0.8	121	25	1.835	9.99882576735445e-09	-1.85586041423491e-07	-1.05677107477273e-08	5.36196122142314e-08
0.8	122	25	1.835	9.70078428697008e-09	-1.86138298774452e-07	-1.04006343848954e-08	5.3278559438122e-08
0.8	123	25	1.835	9.41238897933516e-09	-1.86670355173391e-07	-1.02394587850666e-08	5.29340968716216e-08
0.8	124	25	1.835	9.13323161544355e-09	-1.87178090360618e-07	-1.00839152432491e-08	5.25867031002542e-08
0.8	125	25	1.835	8.8629226180359e-09	-1.87673277141087e-07	-9.93374915929241e-09	5.22368126237502e-08
0.8	126	25	1.835	8.60111359912707e-09	-1.88147204260858e-07	-9.78871974625722e-09	5.18848413573796e-08
0.8	127	25	1.835	8.34743352218226e-09	-1.88609756257563e-07	-9.64859906737957e-09	5.15311709948078e-08
0.8	128	25	1.835	8.1015694153308e-09	-1.89053152466201e-07	-9.51317133243168e-09	5.11761528554676e-08
0.8	129	25	1.835	7.86320009105168e-09	-1.89482382007e-07	-9.38223278382906e-09	5.08201151220428e-08
0.8	130	25	1.835	7.63202268050378e-09	-1.89896763869157e-07	-9.25558991810083e-09	5.04633687375725e-08
0.8	131	25	1.835	7.40776784358133e-09	-1.90301144620264e-07	-9.13305888305853e-09	5.0106193641056e-08
0.8	132	25	1.835	7.1901509191008e-09	-1.906889008918e-07	-9.01446604835631e-09	4.97488508793191e-08
0.8	133	25	1.835	6.97891733292266e-09	-1.91069196242566e-07	-8.89964634992304e-09	4.93915876488541e-08
0.8	134	25	1.835	6.77382605562826e-09	-1.91435435947795e-07	-8.78844237950858e-09	4.90346304219174e-08
0.8	135	25	1.835	6.57464538367236e-09	-1.91785985981241e-07	-8.68070627678441e-09	4.86781831959736e-08
0.8	136	25	1.835	6.38114183715288e-09	-1.92133267740147e-07	-8.57629594136991e-09	4.83224478968238e-08
0.8	137	25	1.835	6.19310736027501e-09	-1.92464508108614e-07	-8.47507714994225e-09	4.79675965999592e-08
0.8	138	25	1.835	6.01034255698352e-09	-1.92788234709695e-07	-8.37692209935237e-09	4.7613796724103e-08
0.8	139	25	1.835	5.83265546971745e-09	-1.93100278211844e-07	-8.28170918349479e-09	4.72612019163251e-08
0.8	140	25	1.835	5.65984981104606e-09	-1.93411783033781e-07	-8.18932230513532e-09	4.69099496491355e-08
0.8	141	25	1.835	5.49175749320341e-09	-1.93701296558046e-07	-8.09965161757403e-09	4.65601753984808e-08
0.8	142	25	1.835	5.32820609855378e-09	-1.93999617481566e-07	-8.01259221202445e-09	4.6211991929125e-08
0.8	143	25	1.835	5.16904075098523e-09	-1.94280062038032e-07	-7.92804336772934e-09	4.58655171372088e-08
0.8	144	25	1.835	5.01409791464624e-09	-1.94549713672387e-07	-7.84591018885652e-09	4.55208450581667e-08
0.8	145	25	1.835	4.86323492587815e-09	-1.94819246512878e-07	-7.76610200805565e-09	4.51780662687051e-08
0.8	146	25	1.835	4.71630612342011e-09	-1.95078118769842e-07	-7.68853111966337e-09	4.48372675265276e-08
0.8	147	25	1.835	4.57318161117826e-09	-1.95326694374387e-07	-7.61311576337517e-09	4.44985283810493e-08
0.8	148	25	1.835	4.43372893954574e-09	-1.95568117478118e-07	-7.53977610347108e-09	4.41619139486693e-08
0.8	149	25	1.835	4.29781876754021e-09	-1.95812852599175e-07	-7.46843688424044e-09	4.38274919655961e-08
0.8	150	25	1.835	4.1653364091232e-09	-1.96048309364372e-07	-7.39902610015189e-09	4.34953207424717e-08
0.8	151	25	1.835	4.03616595701095e-09	-1.96272619712445e-07	-7.33147448653445e-09	4.31654481347759e-08
0.8	152	25	1.835	3.91020782419815e-09	-1.96497921267635e-07	-7.26571614154765e-09	4.28379180782476e-08
0.8	153	25	1.835	3.78734943407011e-09	-1.96715378431023e-07	-7.2016877772734e-09	4.2512770922109e-08
0.8	154	25	1.835	3.66748065250277e-09	-1.96925645790103e-07	-7.13932949320159e-09	4.21900575417369e-08
0.8	155	25	1.835	3.55052098832687e-09	-1.97135096469125e-07	-7.07858351712752e-09	4.18698008400079e-08
0.8	156	25	1.835	3.43636141764136e-09	-1.97336526452929e-07	-7.01939389615629e-09	4.15520229705035e-08
0.8	157	25	1.835	3.32492511301297e-09	-1.97528471579389e-07	-6.96170800620986e-09	4.12367597389547e-08
0.8	158	25	1.835	3.21612203535437e-09	-1.97721132355611e-07	-6.90547556818624e-09	4.09240232227034e-08
0.8	159	25	1.835	3.10986403295743e-09	-1.97907984889056e-07	-6.85064706894237e-09	4.0613843201372e-08
0.8	160	25	1.835	3.00608304915073e-09	-1.98092594994037e-07	-6.79717633321039e-09	4.03062237033562e-08
0.8	161	25	1.835	2.90469570618512e-09	-1.98271546736351e-07	-6.74501854954731e-09	4.00011842750573e-08
0.8	162	25	1.835	2.80563106080933e-09	-1.98446879595693e-07	-6.69413126720572e-09	3.96987276072227e-08
0.8	163	25	1.835	2.70881217456775e-09	-1.98624664493607e-07	-6.64447234437389e-09	3.93988630428282e-08
0.8	164	25	1.835	2.61417831826094e-09	-1.98792164063377e-07	-6.59600284757912e-09	3.91015981818081e-08
0.8	165	25	1.835	2.52166587610958e-09	-1.98961524366936e-07	-6.54868484970865e-09	3.88069340432617e-08
0.8	166	25	1.835	2.43120445997391e-09	-1.99123623367825e-07	-6.5024813817003e-09	3.85148693292905e-08
0.8	167	25	1.835	2.34273256349837e-09	-1.99287895519262e-07	-6.45735814671178e-09	3.82254043708775e-08
0.8	168	25	1.835	2.25620289118211e-09	-1.99435955083871e-07	-6.41328086732352e-09	3.79385387311222e-08
0.8	169	25	1.835	2.17154982884438e-09	-1.99590886262868e-07	-6.37021753195056e-09	3.76542616969898e-08
0.8	170	25	1.835	2.08872363849366e-09	-1.99742891560106e-07	-6.32813685351449e-09	3.7372576014121e-08
0.8	171	25	1.835	2.00766914204564e-09	-1.99884494511693e-07	-6.28700890446075e-09	3.70934660002219e-08
0.8	172	25	1.835	1.92833704559803e-09	-2.00027216346044e-07	-6.24680499418607e-09	3.68169227420509e-08
0.8	173	25	1.835	1.85067439151254e-09	-2.00167827202336e-07	-6.20749691733012e-09	3.65429417734708e-08
0.8	174	25	1.835	1.77464098971569e-09	-2.00314665965706e-07	-6.16905851975834e-09	3.627150950681e-08
0.8	175	25	1.835	1.70018332745769e-09	-2.00452266785334e-07	-6.1314641000685e-09	3.60026128711897e-08
0.8	176	25	1.835	1.62726399022262e-09	-2.00580638543002e-07	-6.09468854439739e-09	3.57362426668742e-08
0.8	177	25	1.835	1.55584112260243e-09	-2.00708909714464e-07	-6.05870810937918e-09	3.54723816157613e-08
0.8	178	25	1.835	1.48586942749773e-09	-2.00846152820233e-07	-6.02349987183677e-09	3.52110147536361e-08
0.8	179	25	1.835	1.4173162643516e-09	-2.00975165176587e-07	-5.98904178699275e-09	3.49521292828129e-08
0.8	180	25	1.835	1.35013022983799e-09	-2.01097630769809e-07	-5.95531229447823e-09	3.46957093549641e-08
0.8	181	25	1.835	1.28428812029568e-09	-2.01212078332347e-07	-5.92229062712403e-09	3.4441734068471e-08
0.8	182	25	1.835	1.21974819133897e-09	-2.01335966565352e-07	-5.8899571458178e-09	3.41901908558406e-08
0.8	183	25	1.835	1.15647669218788e-09	-2.01457440507369e-07	-5.85829284631999e-09	3.39410642527698e-08
0.8	184	25	1.835	1.09444153739702e-09	-2.0158044033991e-07	-5.8272787670863e-09	3.36943300112681e-08
0.8	185	25	1.835	1.03361696979221e-09	-2.01688738599159e-07	-5.79689730374055e-09	3.34499700879899e-08
0.8	186	25	1.835	9.73960467831603e-10	-2.01798577181833e-07	-5.76713122746168e-09	3.32079702708529e-08
0.8	187	25	1.835	9.154356162e-10	-2.01909544861323e-07	-5.73796378450091e-09	3.29683054064372e-08
0.8	188	25	1.835	8.58034754358528e-10	-2.0202604700259e-07	-5.70937864733379e-09	3.27309614604543e-08
0.8	189	25	1.835	8.0170847738259e-10	-2.02122163894813e-07	-5.68136064101658e-09	3.24959163296049e-08
0.8	190	25	1.835	7.46444017707404e-10	-2.02219790246261e-07	-5.65389439865114e-09	3.22631499712246e-08
0.8	191	25	1.835	6.92213619757354e-10	-2.02334337284782e-07	-5.62696581067867e-09	3.20326475437947e-08
0.8	192	25	1.835	6.38983643774793e-10	-2.02443180441492e-07	-5.60056027489288e-09	3.18043796976877e-08
0.8	193	25	1.835	5.86734105745279e-10	-2.02542026039865e-07	-5.57466425476334e-09	3.15783306420288e-08
0.8	194	25	1.835	5.35440691784572e-10	-2.02643094748822e-07	-5.54926490931308e-09	3.13544811527655e-08
0.8	195	25	1.835	4.85076756540082e-10	-2.0272981160474e-07	-5.52434939502476e-09	3.11328115021914e-08
0.8	196	25	1.835	4.35626312800252e-10	-2.02825488626601e-07	-5.49990490289689e-09	3.09132947087549e-08
0.8	197	25	1.835	3.87064713613938e-10	-2.02927145309673e-07	-5.47592026363716e-09	3.06959114310531e-08
0.8	198	25	1.835	3.39355987755141e-10	-2.03028734491184e-07	-5.45238362570413e-09	3.04806504474599e-08
0.8	199	25	1.835	2.92502466692213e-10	-2.03108163399079e-07	-5.42928376223567e-09	3.02674758213248e-08
0.8	200	25	1.835	2.46473175202766e-10	-2.03209827631667e-07	-5.40660976223676e-09	3.00563783249169e-08
0.8	201	25	1.835	2.01250904829919e-10	-2.03286951272474e-07	-5.3843513741643e-09	2.98473347193874e-08
0.8	202	25	1.835	1.56812562934761e-10	-2.03378964336309e-07	-5.36249774637713e-09	2.96403248060832e-08
0.8	203	25	1.835	1.13147380353951e-10	-2.03476877569386e-07	-5.34104005145015e-09	2.94353190256017e-08
0.8	204	25	1.835	7.0226380266547e-11	-2.03551614452735e-07	-5.31996790516524e-09	2.92323099079253e-08
0.8	205	25	1.835	2.80394596430256e-11	-2.03638095497283e-07	-5.29927236619315e-09	2.90312671157693e-08
0.8	206	25	1.835	-1.34277033936314e-11	-2.03737207993271e-07	-5.27894440375892e-09	2.88321745412671e-08
0.8	207	25	1.835	-5.41959810362869e-11	-2.03801189702091e-07	-5.25897520679437e-09	2.86350141335044e-08
0.8	208	25	1.835	-9.4283914009452e-11	-2.03896431960615e-07	-5.23935651271663e-09	2.84397592000705e-08
0.8	209	25	1.835	-1.33702826587978e-10	-2.03977085000417e-07	-5.22008019823936e-09	2.82463910056166e-08
0.8	210	25	1.835	-1.72457603753173e-10	-2.04058984820676e-07	-5.2011377855806e-09	2.80548950361222e-08
0.8	211	25	1.835	-2.10583772641826e-10	-2.04132553971448e-07	-5.18252209922133e-09	2.78652461977939e-08
0.8	212	25	1.835	-2.4808288756617e-10	-2.0420979551794e-07	-5.16422548345137e-09	2.7677426260475e-08
0.8	213	25	1.835	-2.84972934139205e-10	-2.04284242855124e-07	-5.14624053438163e-09	2.74914112431807e-08
0.8	214	25	1.835	-3.21264126412757e-10	-2.04358247435366e-07	-5.12856004884803e-09	2.73071884607729e-08
0.8	215	25	1.835	-3.56966234349443e-10	-2.04433502348778e-07	-5.11117724100035e-09	2.7124737113907e-08
0.8	216	25	1.835	-3.92099241963706e-10	-2.04511451995515e-07	-5.09408558066957e-09	2.69440329774278e-08
0.8	217	25	1.835	-4.26669810593694e-10	-2.04581863894049e-07	-5.07727861138647e-09	2.67650644643831e-08
0.8	218	25	1.835	-4.60696369941616e-10	-2.04644043488855e-07	-5.06074979221937e-09	2.65878003850208e-08
0.8	219	25	1.835	-4.94189800193112e-10	-2.04727175434627e-07	-5.04449319132489e-09	2.64122323425945e-08
0.8	220	25	1.835	-5.27153209972653e-10	-2.04801077652306e-07	-5.02850249940388e-09	2.62383415418749e-08
0.8	221	25	1.835	-5.59599477867323e-10	-2.04873011666606e-07	-5.01277256120667e-09	2.60661039995712e-08
0.8	222	25	1.835	-5.91542814731838e-10	-2.04944428983111e-07	-4.99729719657229e-09	2.58955045505541e-08
0.8	223	25	1.835	-6.22998763688543e-10	-2.05015346255166e-07	-4.98207110450521e-09	2.57265268777243e-08
0.8	224	25	1.835	-6.53976206521634e-10	-2.05084635496178e-07	-4.96708888538987e-09	2.55591485184976e-08
0.8	225	25	1.835	-6.84480916390839e-10	-2.05146653442512e-07	-4.95234559761792e-09	2.53933527004598e-08
0.8	226	25	1.835	-7.14514225563789e-10	-2.05206908132638e-07	-4.93783557818926e-09	2.52291241852694e-08
0.8	227	25	1.835	-7.44099670768605e-10	-2.0528454314217e-07	-4.92355467154382e-09	2.50664423762247e-08
0.8	228	25	1.835	-7.7324502356646e-10	-2.05344265813423e-07	-4.90949783293264e-09	2.49052957161429e-08
0.8	229	25	1.835	-8.01948951689724e-10	-2.05406970321675e-07	-4.89565958023508e-09	2.47456594648488e-08
0.8	230	25	1.835	-8.30231217108235e-10	-2.05475407799582e-07	-4.88203684419327e-09	2.4587521083735e-08
0.8	231	25	1.835	-8.58089821420549e-10	-2.05538245534598e-07	-4.86862415064212e-09	2.44308610277454e-08
0.8	232	25	1.835	-8.85541862061245e-10	-2.05570419353762e-07	-4.85541760234503e-09	2.42756667016389e-08
0.8	233	25	1.835	-9.12599995572805e-10	-2.05659929086721e-07	-4.84241310476231e-09	2.41219189996245e-08
0.8	234	25	1.835	-9.39260891286153e-10	-2.05713832635013e-07	-4.82960591059996e-09	2.39695987399223e-08
0.8	235	25	1.835	-9.65532986896278e-10	-2.05773230899098e-07	-4.81699280281527e-09	2.381869871215e-08
0.8	236	25	1.835	-9.9142716258882e-10	-2.05830175792343e-07	-4.80456985118616e-09	2.36691887699781e-08
0.8	237	25	1.835	-1.01694386245299e-09	-2.05889684634641e-07	-4.79233267865493e-09	2.35210673863613e-08
0.8	238	25	1.835	-1.04210551299388e-09	-2.05944167497307e-07	-4.78027810290042e-09	2.3374314428322e-08
0.8	239	25	1.835	-1.06691322443453e-09	-2.06011051329114e-07	-4.76840241935875e-09	2.32289098722428e-08
0.8	240	25	1.835	-1.09136499837348e-09	-2.06074820097157e-07	-4.75670188843792e-09	2.30848405795221e-08
0.8	241	25	1.835	-1.11547482362084e-09	-2.06135418956421e-07	-4.74517350713893e-09	2.29420966372234e-08
0.8	242	25	1.835	-1.13926246214646e-09	-2.06161695270879e-07	-4.73381357925198e-09	2.2800657910112e-08
0.8	243	25	1.835	-1.16269704975025e-09	-2.0623947394327e-07	-4.72261893245484e-09	2.26605107894947e-08
0.8	244	25	1.835	-1.18582210717477e-09	-2.0628698549352e-07	-4.71158633654616e-09	2.25216405914077e-08
0.8	245	25	1.835	-1.2086229794761e-09	-2.06350344811312e-07	-4.70071334230075e-09	2.23840323472968e-08
0.8	246	25	1.835	-1.23111032479528e-09	-2.06387491541449e-07	-4.68999602556239e-09	2.22476752437491e-08
0.8	247	25	1.835	-1.25329902012083e-09	-2.06454533246969e-07	-4.6794319809614e-09	2.21125483083252e-08
0.8	248	25	1.835	-1.27518240411462e-09	-2.06516114431565e-07	-4.6690182750113e-09	2.19786462131671e-08
0.8	249	25	1.835	-1.29676469562412e-09	-2.06566449278967e-07	-4.65875187792547e-09	2.18459533238915e-08
0.8	250	25	1.835	-1.31806698888681e-09	-2.06622219334207e-07	-4.64863021304361e-09	2.17144508943879e-08
0.8	251	25	1.835	-1.33907351873574e-09	-2.06669081403987e-07	-4.63865043640289e-09	2.15841255125237e-08
0.8	252	25	1.835	-1.35980915416667e-09	-2.06714274586517e-07	-4.62881020475699e-09	2.14549732058156e-08
0.8	253	25	1.835	-1.38026301499394e-09	-2.06747388986628e-07	-4.6191065973799e-09	2.13269707020863e-08
0.8	254	25	1.835	-1.4004544190982e-09	-2.06805636393526e-07	-4.60953741588195e-09	2.12001107342748e-08
0.8	255	25	1.835	-1.42038425465785e-09	-2.06843527861267e-07	-4.6001000534521e-09	2.10743780482177e-08
0.8	256	25	1.835	-1.44003853286279e-09	-2.06915283795794e-07	-4.5907921682461e-09	2.09497612749999e-08
0.8	257	25	1.835	-1.4594527808498e-09	-2.06948505221405e-07	-4.58161185201746e-09	2.08262469554925e-08
0.8	258	25	1.835	-1.47861056731813e-09	-2.07010419028819e-07	-4.57255598122726e-09	2.07038247274195e-08
0.8	259	25	1.835	-1.49752499289946e-09	-2.07048278300093e-07	-4.56362296955638e-09	2.05824795048327e-08
0.8	260	25	1.835	-1.51618606558657e-09	-2.07096852555821e-07	-4.55481071459333e-09	2.04622019443338e-08
0.8	261	25	1.835	-1.53462043073205e-09	-2.07137583752015e-07	-4.546116504253e-09	2.03429779726331e-08
0.8	262	25	1.835	-1.55281831837328e-09	-2.07198602275582e-07	-4.53753897970377e-09	2.02247993882345e-08
0.8	263	25	1.835	-1.57078150486711e-09	-2.07233272764284e-07	-4.52907510376404e-09	2.0107646771313e-08
0.8	264	25	1.835	-1.58852508924667e-09	-2.07282898179173e-07	-4.52072428085028e-09	1.99915181319686e-08
0.8	265	25	1.835	-1.60603796928172e-09	-2.07331002366473e-07	-4.51248347166216e-09	1.98763999891294e-08
0.8	266	25	1.835	-1.62333968489747e-09	-2.07357766068839e-07	-4.50435103171566e-09	1.97622775472164e-08
0.8	267	25	1.835	-1.64042002204212e-09	-2.07412432118304e-07	-4.49632524187894e-09	1.96491407479875e-08
0.8	268	25	1.835	-1.65729829859629e-09	-2.0747329387838e-07	-4.4884041644855e-09	1.95369818873407e-08
0.8	269	25	1.835	-1.67395985961605e-09	-2.07493255244273e-07	-4.48058636351556e-09	1.94257868776181e-08
0.8	270	25	1.835	-1.69042113640216e-09	-2.07559720521999e-07	-4.47286930576576e-09	1.93155447282628e-08
0.8	271	25	1.835	-1.70668390531148e-09	-2.07602023127862e-07	-4.4652520909304e-09	1.92062486523918e-08
0.8	272	25	1.835	-1.7227532733699e-09	-2.07617579128794e-07	-4.45773261118308e-09	1.90978875836609e-08
0.8	273	25	1.835	-1.73861947061482e-09	-2.07669250018583e-07	-4.4503095059002e-09	1.89904447131118e-08
0.8	274	25	1.835	-1.75429248905346e-09	-2.07723730216713e-07	-4.44298115239038e-09	1.88839166626554e-08
0.8	275	25	1.835	-1.76978076638079e-09	-2.07745317615249e-07	-4.43574557942885e-09	1.87782973614975e-08
0.8	276	25	1.835	-1.7850831923738e-09	-2.07798235285495e-07	-4.42860181446143e-09	1.86735676026424e-08
0.8	277	25	1.835	-1.80020620632604e-09	-2.07833640963884e-07	-4.4215477451905e-09	1.85697210036452e-08
0.8	278	25	1.835	-1.8151500302821e-09	-2.07888149139634e-07	-4.41458256529643e-09	1.84667504733117e-08
0.8	279	25	1.835	-1.82991466424198e-09	-2.0794119892642e-07	-4.40770410121066e-09	1.83646414752585e-08
0.8	280	25	1.835	-1.84450987816831e-09	-2.07974126587018e-07	-4.40091177680296e-09	1.82633895481268e-08
0.8	281	25	1.835	-1.85892612414307e-09	-2.07978642308149e-07	-4.3942034193899e-09	1.81629846837941e-08
0.8	282	25	1.835	-1.87318471844833e-09	-2.08028162473894e-07	-4.38757840541181e-09	1.80634187085229e-08
0.8	283	25	1.835	-1.88727455885385e-09	-2.08084473873882e-07	-4.38103499347893e-09	1.79646777642333e-08
0.8	284	25	1.835	-1.90120341692079e-09	-2.08121870182154e-07	-4.37457192655402e-09	1.78667564522396e-08
0.8	285	25	1.835	-1.91496729584628e-09	-2.08161836434684e-07	-4.36818816332554e-09	1.77696433654587e-08
0.8	286	25	1.835	-1.92857574354832e-09	-2.08189730566133e-07	-4.3618818424777e-09	1.7673333508699e-08
0.8	287	25	1.835	-1.94203453318664e-09	-2.08232052045787e-07	-4.35565233795458e-09	1.75778178817667e-08
0.8	288	25	1.835	-1.95532590119285e-09	-2.08260581002762e-07	-4.34949783622408e-09	1.74830864642593e-08
0.8	289	25	1.835	-1.96847516065191e-09	-2.08314762550899e-07	-4.34341799257172e-09	1.73891297275278e-08
0.8	290	25	1.835	-1.98148386587604e-09	-2.08341671248391e-07	-4.33741100212244e-09	1.7295945624853e-08
0.8	291	25	1.835	-1.99433536351989e-09	-2.08377932464643e-07	-4.33147623724778e-09	1.72035158253466e-08
0.8	292	25	1.835	-2.00705541075763e-09	-2.08399899559453e-07	-4.32561206430714e-09	1.71118413780247e-08
0.8	293	25	1.835	-2.01962024881652e-09	-2.08442747950954e-07	-4.31981779226839e-09	1.70209094258246e-08
0.8	294	25	1.835	-2.03205563487074e-09	-2.08496873543851e-07	-4.31409224229522e-09	1.69307136974651e-08
0.8	295	25	1.835	-2.04434624784255e-09	-2.0852036430874e-07	-4.30843417451251e-09	1.6841243380767e-08
0.8	296	25	1.835	-2.0565034120068e-09	-2.08562231929221e-07	-4.30284299486903e-09	1.67524972022373e-08
0.8	297	25	1.835	-2.06853045803257e-09	-2.0861078930956e-07	-4.29731709922219e-09	1.66644620488723e-08
0.8	298	25	1.835	-2.08042849614287e-09	-2.08627827902319e-07	-4.29185600925136e-09	1.65771357548328e-08
0.8	299	25	1.835	-2.0921835375276e-09	-2.08669330037381e-07	-4.28645855630468e-09	1.64905039801644e-08
0.8	300	25	1.835	-2.10382222753935e-09	-2.08711508298265e-07	-4.28112392405444e-09	1.64045648974053e-08


0.8	19	50	1.835	7.99003133311604e-06	3.73594708270586e-05	-7.46599657569108e-06	-1.88542109427197e-05
0.8	20	50	1.835	6.50268755308936e-06	3.03937873975535e-05	-6.78600742715575e-06	-1.57396383048547e-05
0.8	21	50	1.835	5.3891335670686e-06	2.50337412868173e-05	-5.29322943007948e-06	-1.32516711831233e-05
0.8	22	50	1.835	4.48686692067213e-06	2.07747968312688e-05	-4.59897954728389e-06	-1.12427002873422e-05
0.8	23	50	1.835	3.77296920328618e-06	1.73764059814285e-05	-3.79475684691595e-06	-9.6050437235881e-06
0.8	24	50	1.835	3.19309274787738e-06	1.46394257448668e-05	-3.24536886711414e-06	-8.25817957633613e-06
0.8	25	50	1.835	2.72175577897826e-06	1.24129582877996e-05	-2.7515330618917e-06	-7.14154229087863e-06
0.8	26	50	1.835	2.33407418881448e-06	1.05904203268059e-05	-2.36597724776898e-06	-6.20886464197e-06
0.8	27	50	1.835	2.01337866723161e-06	9.08581497172101e-06	-2.0352889596261e-06	-5.42449775997342e-06
0.8	28	50	1.835	1.74604077829432e-06	7.83627861755676e-06	-1.76376260019569e-06	-4.76066590003569e-06
0.8	29	50	1.835	1.52182432755499e-06	6.79148025251042e-06	-1.53379309137825e-06	-4.19554083350176e-06
0.8	30	50	1.835	1.33261254964268e-06	5.91298501817494e-06	-1.34049269487232e-06	-3.71181373887207e-06
0.8	31	50	1.835	1.17205270333542e-06	5.17011198364337e-06	-1.17594919396908e-06	-3.29565204958045e-06
0.8	32	50	1.835	1.03508437576671e-06	4.53873206829325e-06	-1.03578272453073e-06	-2.93591649769763e-06
0.8	33	50	1.835	9.17664116473205e-07	3.99947042817317e-06	-9.15591476428993e-07	-2.62357424365823e-06
0.8	34	50	1.835	8.16532992220509e-07	3.53678990450135e-06	-8.12186328583392e-07	-2.35125202774904e-06
0.8	35	50	1.835	7.29049266068316e-07	3.13809324958836e-06	-7.22805326266277e-07	-2.11289408119598e-06
0.8	36	50	1.835	6.53057755539699e-07	2.79313228113143e-06	-6.45269031302844e-07	-1.90349766574196e-06
0.8	37	50	1.835	5.86790273704452e-07	2.49351058501102e-06	-5.77749320809205e-07	-1.71890712975382e-06
0.8	38	50	1.835	5.28788123399515e-07	2.23231722551454e-06	-5.1874970462155e-07	-1.55565280967192e-06
0.8	39	50	1.835	4.77841782031696e-07	2.00383307513707e-06	-4.67020411153537e-07	-1.41082346420442e-06
0.8	40	50	1.835	4.32943373374073e-07	1.8033025490638e-06	-4.21521929756406e-07	-1.28196511228295e-06
0.8	41	50	1.835	3.93249180552502e-07	1.62675412329616e-06	-3.81381786853858e-07	-1.1670000050332e-06
0.8	42	50	1.835	3.58049755511125e-07	1.47085487811616e-06	-3.45866386381853e-07	-1.06416185665396e-06
0.8	43	50	1.835	3.26746072754069e-07	1.33279716618695e-06	-3.14355706990645e-07	-9.71942968773622e-07
0.8	44	50	1.835	2.98830289069407e-07	1.21020650722947e-06	-2.8632409718124e-07	-8.89051611810562e-07
0.8	45	50	1.835	2.73870216838112e-07	1.10106764528162e-06	-2.61324139740506e-07	-8.14377189857621e-07
0.8	46	50	1.835	2.51496735326207e-07	1.00366282640429e-06	-2.38973748898274e-07	-7.46961316638189e-07
0.8	47	50	1.835	2.31393455063511e-07	9.1652396061459e-07	-2.18945515476651e-07	-6.85974682985278e-07
0.8	48	50	1.835	2.13288301686987e-07	8.38390734170247e-07	-2.00958001297002e-07	-6.30696846444425e-07
0.8	49	50	1.835	1.96946541186627e-07	7.68179455046258e-07	-1.84768536812447e-07	-5.80500757748952e-07
0.8	50	50	1.835	1.82165048490113e-07	7.0495502368928e-07	-1.70167266877631e-07	-5.34838473470293e-07
0.8	51	50	1.835	1.68767514741042e-07	6.47906018058642e-07	-1.56972199093281e-07	-4.93230231556108e-07
0.8	52	50	1.835	1.56600500011983e-07	5.96330250401955e-07	-1.45025073480687e-07	-4.55254745277551e-07
0.8	53	50	1.835	1.45530068551558e-07	5.49615860490071e-07	-1.34187907984628e-07	-4.20541251198204e-07
0.8	54	50	1.835	1.3543904797686e-07	5.07227268409238e-07	-1.24340094996367e-07	-3.88762419021578e-07
0.8	55	50	1.835	1.26224619534376e-07	4.68699063782552e-07	-1.1537595660227e-07	-3.59628833497511e-07
0.8	56	50	1.835	1.17796390308733e-07	4.33618952966341e-07	-1.0720267922255e-07	-3.32883911719419e-07
0.8	57	50	1.835	1.10074673598248e-07	4.01628664881137e-07	-9.97385625692931e-08	-3.08299811167109e-07
0.8	58	50	1.835	1.02989073935689e-07	3.7241045314218e-07	-9.29115304417441e-08	-2.85673546152334e-07
0.8	59	50	1.835	9.64772736145036e-08	3.45684285640857e-07	-8.66578639585508e-08	-2.64824198323825e-07
0.8	60	50	1.835	9.04839694282344e-08	3.21199815300766e-07	-8.09211147572116e-08	-2.45590034030318e-07
0.8	61	50	1.835	8.4960001922596e-08	2.98740564286248e-07	-7.56511782555419e-08	-2.27826192578702e-07
0.8	62	50	1.835	7.98615923391921e-08	2.78108599927052e-07	-7.08034940161585e-08	-2.11402843420222e-07
0.8	63	50	1.835	7.51496479489688e-08	2.59131677116109e-07	-6.6338359709556e-08	-1.96203205271938e-07
0.8	64	50	1.835	7.0789231032542e-08	2.41653641652739e-07	-6.22203368498259e-08	-1.82122333460753e-07
0.8	65	50	1.835	6.67490417383121e-08	2.2553696721328e-07	-5.84177380972628e-08	-1.6906550952627e-07
0.8	66	50	1.835	6.30010092983468e-08	2.10657911114964e-07	-5.49021814686873e-08	-1.56947202178795e-07
0.8	67	50	1.835	5.9519871364877e-08	1.96904867078018e-07	-5.16482058040321e-08	-1.4569018847241e-07
0.8	68	50	1.835	5.62829183259339e-08	1.84178587603334e-07	-4.86329309623546e-08	-1.35224372742834e-07
0.8	69	50	1.835	5.3269659905375e-08	1.7238845184675e-07	-4.58357665853918e-08	-1.25486331217612e-07
0.8	70	50	1.835	5.04615996765878e-08	1.61456343183985e-07	-4.32381534981888e-08	-1.16418378186977e-07
0.8	71	50	1.835	4.78419864835544e-08	1.51305855622397e-07	-4.0823339781297e-08	-1.07968113626219e-07
0.8	72	50	1.835	4.5395685321914e-08	1.41875366344024e-07	-3.85761832297685e-08	-1.00087802137817e-07
0.8	73	50	1.835	4.31089414165697e-08	1.33101897281662e-07	-3.64829769149276e-08	-9.27339180409453e-08
0.8	74	50	1.835	4.0969273307212e-08	1.24934386835918e-07	-3.45312978220373e-08	-8.58667374887861e-08
0.8	75	50	1.835	3.89653288523917e-08	1.17322901505013e-07	-3.27098701628568e-08	-7.94499643888162e-08
0.8	76	50	1.835	3.70867652144113e-08	1.10221492044538e-07	-3.10084479201493e-08	-7.34504531017665e-08
0.8	77	50	1.835	3.53241638162416e-08	1.03594295364218e-07	-2.94177077588406e-08	-6.78376443143667e-08
0.8	78	50	1.835	3.3668912879925e-08	9.74009229937067e-08	-2.79291573444437e-08	-6.25837813377582e-08
0.8	79	50	1.835	3.2113147141466e-08	9.1608842400781e-08	-2.65350502326638e-08	-5.76632043169437e-08
0.8	80	50	1.835	3.06496743540663e-08	8.61873112878442e-08	-2.52283137028363e-08	-5.30524160244648e-08
0.8	81	50	1.835	2.92718924654878e-08	8.11087123020471e-08	-2.40024825358671e-08	-4.87297596931278e-08
0.8	82	50	1.835	2.79737664143909e-08	7.6349894961858e-08	-2.28516402320651e-08	-4.4675338997068e-08
0.8	83	50	1.835	2.67497454187193e-08	7.18835108104443e-08	-2.17703654965353e-08	-4.08707851087893e-08
0.8	84	50	1.835	2.5594718455757e-08	6.76898085361088e-08	-2.07536884068163e-08	-3.72991520935276e-08
0.8	85	50	1.835	2.45039935009572e-08	6.3751622314534e-08	-1.97970452278083e-08	-3.39448494339971e-08
0.8	86	50	1.835	2.34732489001743e-08	6.00490096536177e-08	-1.88962428574288e-08	-3.07933841021894e-08
0.8	87	50	1.835	2.24985021723967e-08	5.65638197391749e-08	-1.80474242255372e-08	-2.78314491077515e-08
0.8	88	50	1.835	2.1576074149543e-08	5.32840840339333e-08	-1.72470383255958e-08	-2.50466639998945e-08
0.8	89	50	1.835	2.07025655507564e-08	5.01925376816814e-08	-1.64918127205148e-08	-2.2427552256023e-08
0.8	90	50	1.835	1.98748376645241e-08	4.72791860106625e-08	-1.57787284757468e-08	-1.99635414245562e-08
0.8	91	50	1.835	1.90899904772834e-08	4.45311949537341e-08	-1.51049996339436e-08	-1.76447228065336e-08
0.8	92	50	1.835	1.83453241486831e-08	4.19374529547767e-08	-1.44680504738189e-08	-1.54620066172919e-08
0.8	93	50	1.835	1.76383395666946e-08	3.94860816266274e-08	-1.38655000516767e-08	-1.3406856558875e-08
0.8	94	50	1.835	1.69667461191736e-08	3.71722562730881e-08	-1.32951447658153e-08	-1.14714095919996e-08
0.8	95	50	1.835	1.63283760956645e-08	3.49820332701256e-08	-1.27549419230758e-08	-9.64827352954421e-09
0.8	96	50	1.835	1.57212344253921e-08	3.29107838759057e-08	-1.22429996306349e-08	-7.93059048989241e-09
0.8	97	50	1.835	1.51434719208865e-08	3.09488737970653e-08	-1.17575614116044e-08	-6.31206818930425e-09
0.8	98	50	1.835	1.45933545248056e-08	2.90904578204021e-08	-1.12969965437261e-08	-4.78665801105183e-09
0.8	99	50	1.835	1.4069271081496e-08	2.73329217037599e-08	-1.08597900091574e-08	-3.34884590360772e-09
0.8	100	50	1.835	1.35697305614357e-08	2.56613552629403e-08	-1.04445329832667e-08	-1.99347836827714e-09
0.8	101	50	1.835	1.30933313080561e-08	2.40806640183777e-08	-1.00499143181587e-08	-7.15675848964139e-10
0.8	102	50	1.835	1.26387673660133e-08	2.25737011305682e-08	-9.67471348294846e-09	4.89072549575851e-10
0.8	103	50	1.835	1.22048091633076e-08	2.11512450887241e-08	-9.31779207084832e-09	1.62497876402044e-09
0.8	104	50	1.835	1.17903257157437e-08	1.97938080370719e-08	-8.97808951005081e-09	2.69602039186422e-09
0.8	105	50	1.835	1.1394251209218e-08	1.85045464506928e-08	-8.65461567094017e-09	3.70589282064611e-09
0.8	106	50	1.835	1.10155889965213e-08	1.72746605908713e-08	-8.34644627467764e-09	4.65808939009792e-09
0.8	107	50	1.835	1.06533999399971e-08	1.6112864265061e-08	-8.05271761644579e-09	5.5558101807715e-09
0.8	108	50	1.835	1.03068027446085e-08	1.50013863553511e-08	-7.77262212058289e-09	6.40217204459121e-09
0.8	109	50	1.835	9.97498494914595e-09	1.39443285807062e-08	-7.50540393758419e-09	7.20003540963703e-09
0.8	110	50	1.835	9.65717528167431e-09	1.29372433876895e-08	-7.25035659644089e-09	7.95200982129949e-09
0.8	111	50	1.835	9.35264166113114e-09	1.19757657124353e-08	-7.00681687022604e-09	8.66069470270336e-09
0.8	112	50	1.835	9.06070984907359e-09	1.1056092263928e-08	-6.7741648868118e-09	9.32846752721304e-09
0.8	113	50	1.835	8.78073669330348e-09	1.01867035917635e-08	-6.55181788436372e-09	9.95749568891389e-09
0.8	114	50	1.835	8.51213333152856e-09	9.35320021433483e-09	-6.33922975162613e-09	1.05499264431797e-08
0.8	115	50	1.835	8.25431156759038e-09	8.55213377892738e-09	-6.13588777509074e-09	1.11077383353655e-08
0.8	116	50	1.835	8.00676513978971e-09	7.79833497777105e-09	-5.94131022563191e-09	1.16327534728526e-08
0.8	117	50	1.835	7.76898056997766e-09	7.07052061343916e-09	-5.75504437328628e-09	1.21267508252105e-08
0.8	118	50	1.835	7.540474356027e-09	6.37688601923259e-09	-5.57666427703344e-09	1.25913703272275e-08
0.8	119	50	1.835	7.32081095744519e-09	5.71247349423487e-09	-5.40577000270751e-09	1.30281264398943e-08
0.8	120	50	1.835	7.10956948868358e-09	5.07271746830185e-09	-5.24198432467412e-09	1.34385598314374e-08
0.8	121	50	1.835	6.90634305300364e-09	4.46833026135351e-09	-5.08495199144583e-09	1.38240117072284e-08
0.8	122	50	1.835	6.71077104996698e-09	3.88343535107083e-09	-4.93433878934703e-09	1.41857605727668e-08
0.8	123	50	1.835	6.52249354526901e-09	3.32368721434051e-09	-4.78982918309136e-09	1.45250867330473e-08
0.8	124	50	1.835	6.34117558462322e-09	2.79289269489169e-09	-4.65112553187422e-09	1.48431253974307e-08
0.8	125	50	1.835	6.1664934269956e-09	2.2790287435015e-09	-4.51794744701472e-09	1.51409633192162e-08
0.8	126	50	1.835	5.99814697910261e-09	1.79069181704961e-09	-4.39002959628606e-09	1.54196718949246e-08
0.8	127	50	1.835	5.83586656777157e-09	1.31757904586749e-09	-4.26712239825144e-09	1.56802005682409e-08
0.8	128	50	1.835	5.67935576345491e-09	8.67356741984793e-10	-4.14898862634495e-09	1.59235023077e-08
0.8	129	50	1.835	5.52838064216132e-09	4.34790647929617e-10	-4.03540518030008e-09	1.6150453295103e-08
0.8	130	50	1.835	5.38269373517863e-09	2.04193328912083e-11	-3.9261604787683e-09	1.63618485936709e-08
0.8	131	50	1.835	5.24206966723284e-09	-3.80909082053904e-10	-3.82105436184773e-09	1.65585354325377e-08
0.8	132	50	1.835	5.10629238892335e-09	-7.62577556656652e-10	-3.71989792760313e-09	1.67412071192797e-08
0.8	133	50	1.835	4.97514796027332e-09	-1.13402665036233e-09	-3.62251142463691e-09	1.69105935152373e-08
0.8	134	50	1.835	4.84843676318292e-09	-1.48882728367994e-09	-3.52872495119361e-09	1.70673469885904e-08
0.8	135	50	1.835	4.72598671308333e-09	-1.82542647664263e-09	-3.43837794413403e-09	1.72121148027739e-08
0.8	136	50	1.835	4.60760274378913e-09	-2.15637174783012e-09	-3.35131697191778e-09	1.73454935881642e-08
0.8	137	50	1.835	4.49312709260852e-09	-2.46912335022387e-09	-3.26739860734999e-09	1.74680479323993e-08
0.8	138	50	1.835	4.38240388422884e-09	-2.77226530620567e-09	-3.18648366812124e-09	1.75803423821872e-08
0.8	139	50	1.835	4.27526458679495e-09	-3.06174618991406e-09	-3.10844327450102e-09	1.76828466554998e-08
0.8	140	50	1.835	4.17158407817197e-09	-3.34886585129368e-09	-3.03315298297231e-09	1.77760732917712e-08
0.8	141	50	1.835	4.07121147905087e-09	-3.61219054667572e-09	-2.96049525816311e-09	1.78604841740313e-08
0.8	142	50	1.835	3.97401245244566e-09	-3.88273435625308e-09	-2.89035828264781e-09	1.79365198731443e-08
0.8	143	50	1.835	3.87987320049632e-09	-4.13392742260044e-09	-2.82263566529633e-09	1.80045769994071e-08
0.8	144	50	1.835	3.7886698223133e-09	-4.37269509490079e-09	-2.75722624639705e-09	1.8065076094792e-08
0.8	145	50	1.835	3.70027397611494e-09	-4.61005988938723e-09	-2.69403457727161e-09	1.81183774066371e-08
0.8	146	50	1.835	3.61460095188448e-09	-4.83545914420347e-09	-2.63296816086692e-09	1.81648435202661e-08
0.8	147	50	1.835	3.53152096455034e-09	-5.04942310186607e-09	-2.57394072854605e-09	1.82048236088409e-08
0.8	148	50	1.835	3.45096551335189e-09	-5.25495869041492e-09	-2.51686898891773e-09	1.823862211319e-08
0.8	149	50	1.835	3.37281691464852e-09	-5.46292300285245e-09	-2.46167343513785e-09	1.8266547077588e-08
0.8	150	50	1.835	3.29698801593281e-09	-5.66043190097787e-09	-2.40827987343533e-09	1.82889075195273e-08
0.8	151	50	1.835	3.22339632763402e-09	-5.84592818597685e-09	-2.35661590000472e-09	1.83059771233613e-08
0.8	152	50	1.835	3.15196047040445e-09	-6.03157901402085e-09	-2.30661282799577e-09	1.83180207298162e-08
0.8	153	50	1.835	3.08259595627192e-09	-6.20860429734194e-09	-2.25820560126444e-09	1.83252596556937e-08
0.8	154	50	1.835	3.01523173096285e-09	-6.37757446853016e-09	-2.21133201773689e-09	1.83279709370328e-08
0.8	155	50	1.835	2.9497930764677e-09	-6.54506315811432e-09	-2.16593251094985e-09	1.83263803557515e-08
0.8	156	50	1.835	2.88621671007405e-09	-6.70387190204735e-09	-2.12195038178497e-09	1.83206966257095e-08
0.8	157	50	1.835	2.82442513821479e-09	-6.85261913879742e-09	-2.07933137983667e-09	1.83111062597929e-08
0.8	158	50	1.835	2.76436540325165e-09	-7.0014389841333e-09	-2.03802362843662e-09	1.82978391357165e-08
0.8	159	50	1.835	2.70597455553911e-09	-7.14394610135116e-09	-1.99797725755055e-09	1.82810831664263e-08
0.8	160	50	1.835	2.64918675885184e-09	-7.28368809710389e-09	-1.9591455295324e-09	1.82609811240787e-08
0.8	161	50	1.835	2.59395793733574e-09	-7.41740180387751e-09	-1.92148355929491e-09	1.82377550006606e-08
0.8	162	50	1.835	2.54022736179138e-09	-7.54704432281983e-09	-1.88494694123042e-09	1.82115296938164e-08
0.8	163	50	1.835	2.48793918800061e-09	-7.67874186458073e-09	-1.84949494794775e-09	1.8182466044269e-08
0.8	164	50	1.835	2.43706776981156e-09	-7.799825230137e-09	-1.81508803606492e-09	1.81507042711821e-08
0.8	165	50	1.835	2.38753294912186e-09	-7.92246845904288e-09	-1.78168793327983e-09	1.81164297010104e-08
0.8	166	50	1.835	2.33930186332998e-09	-8.03753574807331e-09	-1.74925833193933e-09	1.80797107814836e-08
0.8	167	50	1.835	2.29234520254806e-09	-8.15452794178384e-09	-1.71776510759772e-09	1.80407249701395e-08
0.8	168	50	1.835	2.24660190450976e-09	-8.25504642421038e-09	-1.68717368155685e-09	1.79995830851437e-08
0.8	169	50	1.835	2.20204932066537e-09	-8.36231017764533e-09	-1.65745319627475e-09	1.79563856327531e-08
0.8	170	50	1.835	2.15863538155503e-09	-8.46637582263554e-09	-1.62857252189075e-09	1.7911246107268e-08
0.8	171	50	1.835	2.11631634439158e-09	-8.55989434889182e-09	-1.60050269202437e-09	1.7864307846291e-08
0.8	172	50	1.835	2.07507933058793e-09	-8.65448956943737e-09	-1.5732150658674e-09	1.78156388498872e-08
0.8	173	50	1.835	2.03486749672521e-09	-8.74669559003394e-09	-1.54668323586916e-09	1.77653494431759e-08
0.8	174	50	1.835	1.99566452252498e-09	-8.84512152410366e-09	-1.52088047274641e-09	1.77135064869231e-08
0.8	175	50	1.835	1.95743576902885e-09	-8.9343237252848e-09	-1.49578280322973e-09	1.76602363868974e-08
0.8	176	50	1.835	1.92014426581011e-09	-9.01401375763555e-09	-1.47136577547804e-09	1.76055978351075e-08
0.8	177	50	1.835	1.88377058396583e-09	-9.09366448809124e-09	-1.44760674466418e-09	1.754966108003e-08
0.8	178	50	1.835	1.84826753901746e-09	-9.18221720880297e-09	-1.42448342931983e-09	1.7492536891676e-08
0.8	179	50	1.835	1.81362524998008e-09	-9.26260423916858e-09	-1.40197460643284e-09	1.74342870742643e-08
0.8	180	50	1.835	1.77981307469821e-09	-9.3364183051392e-09	-1.38006037387824e-09	1.73749452303407e-08
0.8	181	50	1.835	1.74679959386026e-09	-9.40228983559166e-09	-1.3587211336521e-09	1.73146263027395e-08
0.8	182	50	1.835	1.71458136577485e-09	-9.47751344071435e-09	-1.33793774517431e-09	1.72533784362284e-08
0.8	183	50	1.835	1.68309977066627e-09	-9.55044843209407e-09	-1.31769246491348e-09	1.71912520431691e-08
0.8	184	50	1.835	1.65236868632235e-09	-9.62493196254854e-09	-1.29796767320101e-09	1.71283124117931e-08
0.8	185	50	1.835	1.6223443699559e-09	-9.68467794848493e-09	-1.27874690450282e-09	1.70646167040843e-08
0.8	186	50	1.835	1.59300528324025e-09	-9.74618274973693e-09	-1.26001391900505e-09	1.70002320643282e-08
0.8	187	50	1.835	1.5643472073279e-09	-9.80876513345663e-09	-1.24175352944652e-09	1.69351947244583e-08
0.8	188	50	1.835	1.5363358363274e-09	-9.87703874244517e-09	-1.22395043885876e-09	1.68695329582734e-08
0.8	189	50	1.835	1.50895307360344e-09	-9.92512938502443e-09	-1.20659019666352e-09	1.68033125764307e-08
0.8	190	50	1.835	1.48218404216749e-09	-9.97460758433988e-09	-1.18965972418266e-09	1.67365853672718e-08
0.8	191	50	1.835	1.45601819490082e-09	-1.00412422820995e-08	-1.17314513173505e-09	1.66694099584855e-08
0.8	192	50	1.835	1.43041978262204e-09	-1.01024641985248e-08	-1.15703394787756e-09	1.66017633603937e-08
0.8	193	50	1.835	1.40539813120455e-09	-1.01534891605581e-08	-1.14131355236335e-09	1.6533711806304e-08
0.8	194	50	1.835	1.38091349466407e-09	-1.02071313623497e-08	-1.125971877229e-09	1.64653344854382e-08
0.8	195	50	1.835	1.3569612100639e-09	-1.02463937334818e-08	-1.11099777479919e-09	1.63966281009203e-08
0.8	196	50	1.835	1.33353805775727e-09	-1.02948545244175e-08	-1.09637970273985e-09	1.63276349051118e-08
0.8	197	50	1.835	1.31060862162968e-09	-1.03494164349627e-08	-1.08210787614488e-09	1.62583732838315e-08
0.8	198	50	1.835	1.2881659072761e-09	-1.04041422144263e-08	-1.0681715015627e-09	1.61889004496394e-08
0.8	199	50	1.835	1.26619892348856e-09	-1.04367796627258e-08	-1.05456073889642e-09	1.61192162507929e-08
0.8	200	50	1.835	1.24470245221886e-09	-1.04918487231487e-08	-1.04126536872089e-09	1.60493521104525e-08
0.8	201	50	1.835	1.22365051424822e-09	-1.0522573701266e-08	-1.02827735510852e-09	1.59793777758822e-08
0.8	202	50	1.835	1.20303933481836e-09	-1.05683546358648e-08	-1.01558643872737e-09	1.59092557657403e-08
0.8	203	50	1.835	1.18285037320476e-09	-1.06202284744228e-08	-1.00318489567732e-09	1.58390587448255e-08
0.8	204	50	1.835	1.16308429554124e-09	-1.06491120366314e-08	-9.91064471921338e-10	1.57687767581566e-08
0.8	205	50	1.835	1.14370624082483e-09	-1.06898956353518e-08	-9.79216401561238e-10	1.56984566415188e-08
0.8	206	50	1.835	1.1247379694268e-09	-1.07435373930542e-08	-9.67633658036851e-10	1.56280900106318e-08
0.8	207	50	1.835	1.10615205883846e-09	-1.07621993539198e-08	-9.56307867552367e-10	1.55577227279368e-08
0.8	208	50	1.835	1.08792808095615e-09	-1.08124862396863e-08	-9.45233250455553e-10	1.54873696165491e-08
0.8	209	50	1.835	1.07007391836333e-09	-1.08480955329782e-08	-9.34401000456748e-10	1.54170330959455e-08
0.8	210	50	1.835	1.05257746962906e-09	-1.08852600266829e-08	-9.23805773612423e-10	1.53467547199394e-08
0.8	211	50	1.835	1.03541242246763e-09	-1.09144389082161e-08	-9.13440443905777e-10	1.52765335689809e-08
0.8	212	50	1.835	1.01860098133955e-09	-1.09473461407106e-08	-9.03298684658978e-10	1.5206397109893e-08
0.8	213	50	1.835	1.00211450249077e-09	-1.09777438250802e-08	-8.93373886719706e-10	1.51363468384342e-08
0.8	214	50	1.835	9.85938775066586e-10	-1.100789415176e-08	-8.83660925138977e-10	1.5066392892178e-08
0.8	215	50	1.835	9.70083680051914e-10	-1.10394309249529e-08	-8.74153954790929e-10	1.49965536274152e-08
0.8	216	50	1.835	9.54528345253891e-10	-1.10739546421712e-08	-8.64846712512842e-10	1.49268511861191e-08
0.8	217	50	1.835	9.39273658850936e-10	-1.11011302372788e-08	-8.55734365255194e-10	1.4857310486266e-08
0.8	218	50	1.835	9.24296306159533e-10	-1.11202289598822e-08	-8.46811859422542e-10	1.47879154351965e-08
0.8	219	50	1.835	9.09609831900582e-10	-1.11605591435193e-08	-8.38074139262128e-10	1.47186841330137e-08
0.8	220	50	1.835	8.95193696948127e-10	-1.11918236900266e-08	-8.29515833678729e-10	1.46496391204412e-08
0.8	221	50	1.835	8.81058781487809e-10	-1.12214857406201e-08	-8.21132714753351e-10	1.45807713941492e-08
0.8	222	50	1.835	8.67170113494353e-10	-1.12508997673899e-08	-8.12919959117276e-10	1.45121082461384e-08
0.8	223	50	1.835	8.53540460532543e-10	-1.12797418072574e-08	-8.04873283818224e-10	1.44436471525109e-08
0.8	224	50	1.835	8.40166380911e-10	-1.13073923557749e-08	-7.96988270216034e-10	1.4375391132385e-08
0.8	225	50	1.835	8.27027668570679e-10	-1.13280060887178e-08	-7.89260810477254e-10	1.43073680655134e-08
0.8	226	50	1.835	8.14135647786429e-10	-1.13467570894699e-08	-7.81686875332571e-10	1.42395667722948e-08
0.8	227	50	1.835	8.01469446365388e-10	-1.13833167336708e-08	-7.74262653491071e-10	1.41720134273244e-08
0.8	228	50	1.835	7.8903328315505e-10	-1.14022162822636e-08	-7.66983943233225e-10	1.41046836283467e-08
0.8	229	50	1.835	7.76817499215099e-10	-1.14243674520509e-08	-7.59847778332545e-10	1.40376216501635e-08
0.8	230	50	1.835	7.64820429210999e-10	-1.14523381888887e-08	-7.52850126498282e-10	1.39707966969046e-08
0.8	231	50	1.835	7.53032747269344e-10	-1.14750224877724e-08	-7.4598735843351e-10	1.39042405086291e-08
0.8	232	50	1.835	7.41453565211714e-10	-1.14671738771221e-08	-7.39256338056872e-10	1.3837952278081e-08
0.8	233	50	1.835	7.30072891030886e-10	-1.15169083159117e-08	-7.32654108195201e-10	1.37719401437157e-08
0.8	234	50	1.835	7.18900050600269e-10	-1.15313789628146e-08	-7.26176947009003e-10	1.37062056345219e-08
0.8	235	50	1.835	7.07908842656479e-10	-1.15513849596738e-08	-7.19822376329534e-10	1.36407436260566e-08
0.8	236	50	1.835	6.97113367031932e-10	-1.15694591684701e-08	-7.13586869054127e-10	1.35755651545994e-08
0.8	237	50	1.835	6.8649397277909e-10	-1.15900047337192e-08	-7.07468020867897e-10	1.35106714387754e-08
0.8	238	50	1.835	6.76056655102286e-10	-1.1605795657843e-08	-7.01462472271754e-10	1.34460620474964e-08
0.8	239	50	1.835	6.65788979503645e-10	-1.16342357969756e-08	-6.95567434444491e-10	1.33817787285955e-08
0.8	240	50	1.835	6.55705267860185e-10	-1.16597329569146e-08	-6.89781445766124e-10	1.33177752193389e-08
0.8	241	50	1.835	6.4579086522798e-10	-1.16825218388072e-08	-6.84100663546475e-10	1.32540668976643e-08
0.8	242	50	1.835	6.36043995250191e-10	-1.16708167574586e-08	-6.78523401036289e-10	1.31906741447525e-08
0.8	243	50	1.835	6.26446117202306e-10	-1.1711065894815e-08	-6.7304632379458e-10	1.31275740053743e-08
0.8	244	50	1.835	6.17019657589424e-10	-1.17211420569419e-08	-6.67668302907335e-10	1.30647899160511e-08
0.8	245	50	1.835	6.07733863233761e-10	-1.17474574512499e-08	-6.62385966200699e-10	1.30023139669258e-08
0.8	246	50	1.835	5.98610494506602e-10	-1.17477712002767e-08	-6.57197478376541e-10	1.29401527220266e-08
0.8	247	50	1.835	5.89635562597834e-10	-1.17779124231276e-08	-6.52101282474292e-10	1.28783120666206e-08
0.8	248	50	1.835	5.80799519589448e-10	-1.18029335194336e-08	-6.47094317239333e-10	1.28167751174077e-08
0.8	249	50	1.835	5.72109248864194e-10	-1.18171001872724e-08	-6.42174671636636e-10	1.27555633973821e-08
0.8	250	50	1.835	5.63547541965193e-10	-1.18366481061116e-08	-6.37340358087523e-10	1.26946740762987e-08
0.8	251	50	1.835	5.55127721568738e-10	-1.18476501942411e-08	-6.32590516114365e-10	1.26340779904257e-08
0.8	252	50	1.835	5.46838130333072e-10	-1.18571195084627e-08	-6.27921955411279e-10	1.25738217314395e-08
0.8	253	50	1.835	5.38679989503521e-10	-1.18547742733455e-08	-6.23333487894518e-10	1.25138862873513e-08
0.8	254	50	1.835	5.306494132995e-10	-1.18776868340831e-08	-6.18822720987357e-10	1.24542679364052e-08
0.8	255	50	1.835	5.2276316608868e-10	-1.18805061344318e-08	-6.14388782583448e-10	1.23949774849864e-08
0.8	256	50	1.835	5.14975950771657e-10	-1.19174905499619e-08	-6.1002976851168e-10	1.23360056468563e-08
0.8	257	50	1.835	5.07312858388786e-10	-1.191606124884e-08	-6.05743816622268e-10	1.22773613878867e-08
0.8	258	50	1.835	4.99772778717045e-10	-1.19435314971383e-08	-6.01529097514124e-10	1.22190383792308e-08
0.8	259	50	1.835	4.92352381087358e-10	-1.19471450510389e-08	-5.97383952044209e-10	1.21610280005471e-08
0.8	260	50	1.835	4.85037565667312e-10	-1.19615879423662e-08	-5.93307737878554e-10	1.21033495595719e-08
0.8	261	50	1.835	4.77828665523816e-10	-1.19683547517013e-08	-5.89298467538713e-10	1.20459925060553e-08
0.8	262	50	1.835	4.70733008128832e-10	-1.19958505351292e-08	-5.85354531625774e-10	1.19889586282489e-08
0.8	263	50	1.835	4.63743043965792e-10	-1.19970164913497e-08	-5.81474587966878e-10	1.19322476385982e-08
0.8	264	50	1.835	4.5686121552535e-10	-1.20135410508482e-08	-5.77657868794865e-10	1.18758593236238e-08
0.8	265	50	1.835	4.50069759239113e-10	-1.20282597215748e-08	-5.73902553385126e-10	1.18198040837228e-08
0.8	266	50	1.835	4.43395209437369e-10	-1.20221690380617e-08	-5.7020661331839e-10	1.17640548208214e-08
0.8	267	50	1.835	4.36806479875429e-10	-1.20442111839481e-08	-5.66570053750844e-10	1.17086363513398e-08
0.8	268	50	1.835	4.30319335720242e-10	-1.20725205388084e-08	-5.62990840256173e-10	1.16535264787932e-08
0.8	269	50	1.835	4.23928669945894e-10	-1.20603209641246e-08	-5.59468526616913e-10	1.1598734456105e-08
0.8	270	50	1.835	4.17627710191937e-10	-1.20945251591564e-08	-5.56000952497547e-10	1.15442850706799e-08
0.8	271	50	1.835	4.11410017164826e-10	-1.21047463164103e-08	-5.52587641889096e-10	1.14901315531371e-08
0.8	272	50	1.835	4.05298572481172e-10	-1.20885501608825e-08	-5.49227616749449e-10	1.14363038327419e-08
0.8	273	50	1.835	3.99260291494841e-10	-1.21086503046541e-08	-5.45919406731787e-10	1.13827785176457e-08
0.8	274	50	1.835	3.93309274038245e-10	-1.21318450840846e-08	-5.42661901729464e-10	1.13295962721487e-08
0.8	275	50	1.835	3.87447851579736e-10	-1.21223542315363e-08	-5.39454706949626e-10	1.12767177812572e-08
0.8	276	50	1.835	3.81658371573224e-10	-1.21441388056809e-08	-5.3629583551601e-10	1.12241393635629e-08
0.8	277	50	1.835	3.75969366750439e-10	-1.21485668191923e-08	-5.33185025355823e-10	1.11718898470508e-08
0.8	278	50	1.835	3.70340313970985e-10	-1.2172339802774e-08	-5.3012089289163e-10	1.11199400525601e-08
0.8	279	50	1.835	3.64810848196839e-10	-1.2194908194374e-08	-5.27103316853637e-10	1.10683135625139e-08
0.8	280	50	1.835	3.59335894373203e-10	-1.21976462263973e-08	-5.241307833793e-10	1.10169841121318e-08
0.8	281	50	1.835	3.5395220088219e-10	-1.21718812806648e-08	-5.21201918503013e-10	1.09659699595271e-08
0.8	282	50	1.835	3.48644113579155e-10	-1.21914722761574e-08	-5.18316548031394e-10	1.09152669971041e-08
0.8	283	50	1.835	3.4339331378419e-10	-1.22179650841048e-08	-5.15473973376811e-10	1.0864846783079e-08
0.8	284	50	1.835	3.38211902928265e-10	-1.22259591339713e-08	-5.1267260303395e-10	1.0814748809622e-08
0.8	285	50	1.835	3.3311753355747e-10	-1.22363090770961e-08	-5.09912550035029e-10	1.07649477807276e-08
0.8	286	50	1.835	3.28078786360209e-10	-1.22349332887239e-08	-5.07192046619329e-10	1.0715446269697e-08
0.8	287	50	1.835	3.23111870592641e-10	-1.22481411679587e-08	-5.04510672370843e-10	1.06662524057195e-08
0.8	288	50	1.835	3.18217341366278e-10	-1.22476548902739e-08	-5.0186851588525e-10	1.06173486308712e-08
0.8	289	50	1.835	3.13378545335752e-10	-1.22731256269049e-08	-4.99264112327218e-10	1.05687503618963e-08
0.8	290	50	1.835	3.08619463318394e-10	-1.227131862791e-08	-4.96696586966572e-10	1.05204393297322e-08
0.8	291	50	1.835	3.03906677601162e-10	-1.22792909174052e-08	-4.94165334482262e-10	1.04724230659461e-08
0.8	292	50	1.835	2.99267055581254e-10	-1.22727890072838e-08	-4.91670039787151e-10	1.0424711018036e-08
0.8	293	50	1.835	2.9468083528883e-10	-1.22876067099043e-08	-4.89209516811309e-10	1.03772713007012e-08
0.8	294	50	1.835	2.90144797077119e-10	-1.23137517960004e-08	-4.86783579681268e-10	1.03301366701818e-08
0.8	295	50	1.835	2.85683476874965e-10	-1.23093897297366e-08	-4.84391393385731e-10	1.02832821328446e-08
0.8	296	50	1.835	2.81268452972938e-10	-1.23237595683889e-08	-4.82032396807111e-10	1.02367055676503e-08
0.8	297	50	1.835	2.76924705389092e-10	-1.2344796962438e-08	-4.79705610329154e-10	1.01904266509141e-08
0.8	298	50	1.835	2.72612821206053e-10	-1.23346499680821e-08	-4.77411245715065e-10	1.01444313303377e-08
0.8	299	50	1.835	2.68376432188688e-10	-1.23488719250275e-08	-4.75147544553383e-10	1.00987110684475e-08
0.8	300	50	1.835	2.64205435307474e-10	-1.23638657090197e-08	-4.72915302311926e-10	1.00532665345484e-08


