0.736268	137	54	1	-3.85568466043651e-10	0	-4.4788708315078e-08	-7.45733601157841e-06
0.7365	137	54	1	-3.84383636031771e-10	0	-4.73569814036594e-08	-8.09165756708237e-06
0.737	137	54	1	-3.83451492780296e-10	0	-4.97030541754557e-08	-8.65076738520847e-06
0.7375	137	54	1	-3.82842202384381e-10	0	-5.1417382134085e-08	-9.04649379473154e-06
0.738	137	54	1	-3.82351927896707e-10	0	-5.28834042812332e-08	-9.37618805738742e-06
0.7385	137	54	1	-3.81948250804953e-10	0	-5.42090112162972e-08	-9.66738310348758e-06
0.739	137	54	1	-3.81597198284567e-10	0	-5.54429225406733e-08	-9.93255981602956e-06
0.7395	137	54	1	-3.81280562677944e-10	0	-5.66120484616949e-08	-1.017863303628e-05
0.74	137	54	1	-3.80996567628245e-10	0	-5.77331022495163e-08	-1.04099068194669e-05
0.7405	137	54	1	-3.8072767161168e-10	0	-5.88173063123274e-08	-1.06292747870212e-05
0.741	137	54	1	-3.80489639795201e-10	0	-5.98726316093376e-08	-1.08387921413061e-05
0.7415	137	54	1	-3.80256937049239e-10	0	-6.09049846558638e-08	-1.10399802155615e-05
0.742	137	54	1	-3.80051545789684e-10	0	-6.19188886691334e-08	-1.12340021090634e-05
0.7425	137	54	1	-3.79845710440918e-10	0	-6.29179085073208e-08	-1.14217701167913e-05
0.743	137	54	1	-3.79659192972781e-10	0	-6.39049140273326e-08	-1.16040154544831e-05
0.7435	137	54	1	-3.79466458255706e-10	0	-6.48822590154866e-08	-1.17813342293915e-05
0.744	137	54	1	-3.79300368891222e-10	0	-6.58519106419045e-08	-1.1954220064655e-05
0.7445	137	54	1	-3.79127840233195e-10	0	-6.68155362350558e-08	-1.21230869013095e-05
0.745	137	54	1	-3.78955311575169e-10	0	-6.77745613561642e-08	-1.22882855591171e-05
0.7455	137	54	1	-3.78884701390803e-10	0	-6.87302255194426e-08	-1.24501165139058e-05
0.746	137	54	1	-3.78705733439233e-10	0	-6.9683626315679e-08	-1.26088391769293e-05
0.7465	137	54	1	-3.78557851732353e-10	0	-7.06357219023768e-08	-1.27646791362209e-05
0.747	137	54	1	-3.78423736790978e-10	0	-7.15873749413193e-08	-1.29178341124428e-05
0.7475	137	54	1	-3.78277631440938e-10	0	-7.2539363352568e-08	-1.30684782322023e-05
0.748	137	54	1	-3.78157283265068e-10	0	-7.34923926439885e-08	-1.32167658055966e-05
0.7485	137	54	1	-3.78038711446038e-10	0	-7.44471079055986e-08	-1.33628341069444e-05
0.749	137	54	1	-3.77893716319022e-10	0	-7.54041037789039e-08	-1.35068059313044e-05
0.7495	137	54	1	-3.77788245131683e-10	0	-7.63639327001263e-08	-1.36487915075689e-05
0.75	137	54	1	-3.77674780338566e-10	0	-7.73271076865038e-08	-1.37888900583363e-05
0.7505	137	54	1	-3.77565534392943e-10	0	-7.82941130958838e-08	-1.39271913813532e-05
0.751	137	54	1	-3.77436304432877e-10	0	-7.92654045245839e-08	-1.40637768564543e-05
0.7515	137	54	1	-3.77342823654203e-10	0	-8.02414107409143e-08	-1.41987203273905e-05
0.752	137	54	1	-3.77250453098554e-10	0	-8.12225461234508e-08	-1.43320891165439e-05
0.7525	137	54	1	-3.77132991502549e-10	0	-8.22092029244269e-08	-1.44639448462116e-05
0.753	137	54	1	-3.77033959608752e-10	0	-8.32017598064462e-08	-1.4594343650015e-05
0.7535	137	54	1	-3.76941367008499e-10	0	-8.42005828165289e-08	-1.47233371544643e-05
0.754	137	54	1	-3.76856323924812e-10	0	-8.52060263145084e-08	-1.48509726966984e-05
0.7545	137	54	1	-3.76760844744695e-10	0	-8.62184340663845e-08	-1.49772938245601e-05
0.755	137	54	1	-3.76663367163133e-10	0	-8.72381438481635e-08	-1.51023405353851e-05
0.7555	137	54	1	-3.76585651551409e-10	0	-8.8265484869135e-08	-1.52261496844457e-05
0.756	137	54	1	-3.76499942333908e-10	0	-8.93007806647303e-08	-1.53487553828894e-05
0.7565	137	54	1	-3.76410458358123e-10	0	-9.0344351326199e-08	-1.5470188926837e-05
0.757	137	54	1	-3.76332520701794e-10	0	-9.13965120368188e-08	-1.55904793637587e-05
0.7575	137	54	1	-3.76251696465602e-10	0	-9.24575743711775e-08	-1.57096533845722e-05
0.758	137	54	1	-3.76176645389137e-10	0	-9.35278500881494e-08	-1.58277357088522e-05
0.7585	137	54	1	-3.76102038401882e-10	0	-9.46076469445907e-08	-1.59447492365299e-05
0.759	137	54	1	-3.7601810554122e-10	0	-9.56972749773841e-08	-1.60607150337181e-05
0.7595	137	54	1	-3.75942388330941e-10	0	-9.6797040286749e-08	-1.61756526064214e-05
0.76	137	54	1	-3.7587022383434e-10	0	-9.79072533468694e-08	-1.62895798349202e-05
0.7605	137	54	1	-3.75806497032727e-10	0	-9.90282234010513e-08	-1.64025133769514e-05
0.761	137	54	1	-3.75722564172065e-10	0	-1.00160261289114e-07	-1.65144684632509e-05
0.7615	137	54	1	-3.7566283417334e-10	0	-1.01303681353828e-07	-1.66254591847906e-05
0.762	137	54	1	-3.75585340606222e-10	0	-1.02458798579236e-07	-1.67354983245214e-05
0.7625	137	54	1	-3.75520281536978e-10	0	-1.03625931614367e-07	-1.68445978684555e-05
0.763	137	54	1	-3.75445452505119e-10	0	-1.0480540289759e-07	-1.69527685694742e-05
0.7635	137	54	1	-3.75394604290591e-10	0	-1.05997538252877e-07	-1.70600203427255e-05
0.764	137	54	1	-3.75319775258731e-10	0	-1.07202667303907e-07	-1.71663620943097e-05
0.7645	137	54	1	-3.75254050055673e-10	0	-1.08421124883327e-07	-1.72718020772124e-05
0.765	137	54	1	-3.75213415892972e-10	0	-1.0965324948011e-07	-1.73763475781787e-05
0.7655	137	54	1	-3.75141695485581e-10	0	-1.10899387162745e-07	-1.74800052884118e-05
0.766	137	54	1	-3.75085074111325e-10	0	-1.12159887441829e-07	-1.75827810960553e-05
0.7665	137	54	1	-3.75037778610476e-10	0	-1.13435105079355e-07	-1.76846801779745e-05
0.767	137	54	1	-3.74960951177172e-10	0	-1.14725405713902e-07	-1.77857071209185e-05
0.7675	137	54	1	-3.74913877720928e-10	0	-1.16031157548954e-07	-1.78858659974546e-05
0.768	137	54	1	-3.74856146123648e-10	0	-1.17352738981859e-07	-1.79851602061542e-05
0.7685	137	54	1	-3.74795972035713e-10	0	-1.18690534073362e-07	-1.8083592575191e-05
0.769	137	54	1	-3.74739572706062e-10	0	-1.20044936939319e-07	-1.81811655478027e-05
0.7695	137	54	1	-3.74688058357719e-10	0	-1.21416347620051e-07	-1.82778809086103e-05
0.77	137	54	1	-3.74652531220931e-10	0	-1.22805180806641e-07	-1.83737401192592e-05
0.7705	137	54	1	-3.74590802820762e-10	0	-1.24211855649596e-07	-1.84687441766874e-05
0.771	137	54	1	-3.74563047245147e-10	0	-1.2563680376524e-07	-1.85628936487381e-05
0.7715	137	54	1	-3.7449465750683e-10	0	-1.2708046640016e-07	-1.8656188633483e-05
0.772	137	54	1	-3.74433151151266e-10	0	-1.28543297600685e-07	-1.87486290083017e-05
0.7725	137	54	1	-3.74406505798675e-10	0	-1.3002576070431e-07	-1.88402140933353e-05
0.773	137	54	1	-3.74336561748123e-10	0	-1.3152833333695e-07	-1.89309430815906e-05
0.7735	137	54	1	-3.74305031414224e-10	0	-1.33051503912759e-07	-1.90208148236665e-05
0.774	137	54	1	-3.74251074575227e-10	0	-1.34595775250424e-07	-1.91098278332144e-05
0.7745	137	54	1	-3.74205333386612e-10	0	-1.36161661264917e-07	-1.91979802740029e-05
0.775	137	54	1	-3.74167141714565e-10	0	-1.3774969147253e-07	-1.92852702682593e-05
0.7755	137	54	1	-3.74115627366223e-10	0	-1.39360410267387e-07	-1.93716955526405e-05
0.776	137	54	1	-3.74075215248126e-10	0	-1.40994375721397e-07	-1.94572537042009e-05
0.7765	137	54	1	-3.74032582683981e-10	0	-1.42652160931609e-07	-1.95419421012406e-05
0.777	137	54	1	-3.73993502833514e-10	0	-1.44334356298743e-07	-1.96257580446341e-05
0.7775	137	54	1	-3.73955089116862e-10	0	-1.46041568058835e-07	-1.970869861985e-05
0.778	137	54	1	-3.73898023653396e-10	0	-1.47774418801106e-07	-1.97907608177295e-05
0.7785	137	54	1	-3.73864272873448e-10	0	-1.49533550858904e-07	-1.9871941513416e-05
0.779	137	54	1	-3.73822972576932e-10	0	-1.51319622778486e-07	-1.99522375436982e-05
0.7795	137	54	1	-3.73772568451614e-10	0	-1.53133314070982e-07	-2.00316457440042e-05
0.78	137	54	1	-3.73740816073109e-10	0	-1.5497532360817e-07	-2.01101628212507e-05
0.7805	137	54	1	-3.73699071687383e-10	0	-1.56846371571509e-07	-2.01877857206787e-05
0.781	137	54	1	-3.73665320907435e-10	0	-1.5874719918964e-07	-2.02645111929806e-05
0.7815	137	54	1	-3.73630459904462e-10	0	-1.60678572003149e-07	-2.03403362114361e-05
0.782	137	54	1	-3.73606923176339e-10	0	-1.62641277924627e-07	-2.04152577990495e-05
0.7825	137	54	1	-3.73568731504292e-10	0	-1.64636129453637e-07	-2.04892732605905e-05
0.783	137	54	1	-3.73533870501319e-10	0	-1.66663967959668e-07	-2.05623799067407e-05
0.7835	137	54	1	-3.73493014294013e-10	0	-1.68725658634854e-07	-2.06345754702928e-05
0.784	137	54	1	-3.73461483960114e-10	0	-1.70822097961479e-07	-2.07058578739102e-05
0.7845	137	54	1	-3.73430175670819e-10	0	-1.729542109922e-07	-2.07762253519597e-05
0.785	137	54	1	-3.73393316266402e-10	0	-1.75122953015562e-07	-2.08456766040386e-05
0.7855	137	54	1	-3.73365560690786e-10	0	-1.77329314999052e-07	-2.09142107383631e-05
0.786	137	54	1	-3.73310715673369e-10	0	-1.79574319640476e-07	-2.09818273409906e-05
0.7865	137	54	1	-3.73297615041679e-10	0	-1.81859026393472e-07	-2.10485266207334e-05
0.787	137	54	1	-3.73282738053149e-10	0	-1.84184530665006e-07	-2.1114309396654e-05
0.7875	137	54	1	-3.73256980878978e-10	0	-1.86551969106836e-07	-2.11791772072573e-05
0.788	137	54	1	-3.73204578352215e-10	0	-1.88962517647009e-07	-2.12431324442831e-05
0.7885	137	54	1	-3.73183262070143e-10	0	-1.91417395172393e-07	-2.13061783248423e-05
0.789	137	54	1	-3.73156616717552e-10	0	-1.9391786418487e-07	-2.13683191070906e-05
0.7895	137	54	1	-3.73117536867085e-10	0	-1.96465235606197e-07	-2.14295600884624e-05
0.79	137	54	1	-3.73092889915938e-10	0	-1.99060866832521e-07	-2.14899078897233e-05
0.7905	137	54	1	-3.73066466607952e-10	0	-2.01706165651818e-07	-2.15493701743124e-05
0.791	137	54	1	-3.73034714229448e-10	0	-2.04402592865678e-07	-2.16079565241421e-05
0.7915	137	54	1	-3.73012953858165e-10	0	-2.07151664252148e-07	-2.16656777553861e-05
0.792	137	54	1	-3.73001851627919e-10	0	-2.09954952141854e-07	-2.17225465327527e-05
0.7925	137	54	1	-3.72947894788922e-10	0	-2.12814088594919e-07	-2.17785775452033e-05
0.793	137	54	1	-3.72935460291046e-10	0	-2.15730766507603e-07	-2.18337875699759e-05
0.7935	137	54	1	-3.72915476276603e-10	0	-2.18706744183123e-07	-2.1888195608966e-05
0.794	137	54	1	-3.72902597689517e-10	0	-2.21743847226194e-07	-2.1941823269822e-05
0.7945	137	54	1	-3.72848862895125e-10	0	-2.24843970079476e-07	-2.19946949971379e-05
0.795	137	54	1	-3.72832653638966e-10	0	-2.28009081870402e-07	-2.2046838208761e-05
0.7955	137	54	1	-3.72805564197165e-10	0	-2.31241226199097e-07	-2.20982836208842e-05
0.796	137	54	1	-3.72794461966919e-10	0	-2.34542528220614e-07	-2.21490656432001e-05
0.7965	137	54	1	-3.72782249513648e-10	0	-2.37915195802778e-07	-2.21992226008691e-05
0.797	137	54	1	-3.72756270294872e-10	0	-2.41361526104467e-07	-2.22487973406844e-05
0.7975	137	54	1	-3.72737396503453e-10	0	-2.44883907036891e-07	-2.22978372432493e-05
0.798	137	54	1	-3.72705422080344e-10	0	-2.48484829767359e-07	-2.23463951448317e-05
0.7985	137	54	1	-3.72700537099036e-10	0	-2.52166887712961e-07	-2.23945295570435e-05
0.799	137	54	1	-3.72667674497507e-10	0	-2.55932790657561e-07	-2.24423052302748e-05
0.7995	137	54	1	-3.72676778326309e-10	0	-2.59785371706904e-07	-2.24897940708396e-05
0.8	137	54	1	-3.7265879271331e-10	0	-2.63727601017301e-07	-2.25370754390244e-05
0.8005	137	54	1	-3.72623265576522e-10	0	-2.67762602225683e-07	-2.25842371261124e-05
0.801	137	54	1	-3.7262859464704e-10	0	-2.71893671259604e-07	-2.26313763607951e-05
0.8015	137	54	1	-3.72617936506003e-10	0	-2.76124297229635e-07	-2.26786003454579e-05
0.802	137	54	1	-3.72631481226904e-10	0	-2.80458201210684e-07	-2.27260278804037e-05
0.8025	137	54	1	-3.72543995652563e-10	0	-2.84899368030557e-07	-2.27737900579739e-05
0.803	137	54	1	-3.72558872641093e-10	0	-2.89452094640888e-07	-2.28220318183371e-05
0.8035	137	54	1	-3.72527120262589e-10	0	-2.94121054429617e-07	-2.28709133527305e-05
0.804	137	54	1	-3.72517128255367e-10	0	-2.98911366946536e-07	-2.29206115666667e-05
0.8045	137	54	1	-3.72491593125801e-10	0	-3.03828690692539e-07	-2.29713218632943e-05
0.805	137	54	1	-3.72496700151714e-10	0	-3.08879328381532e-07	-2.30232597927441e-05
0.8055	137	54	1	-3.72491593125801e-10	0	-3.14070355661698e-07	-2.30766631032012e-05
0.806	137	54	1	-3.72469166620704e-10	0	-3.19409771544967e-07	-2.31317932621797e-05
0.8065	137	54	1	-3.72468944576099e-10	0	-3.24906664273741e-07	-2.31889376248836e-05
0.807	137	54	1	-3.72457620301248e-10	0	-3.3057139971266e-07	-2.32484106469282e-05
0.8075	137	54	1	-3.72441411045088e-10	0	-3.36415812391383e-07	-2.33105555525109e-05
0.808	137	54	1	-3.72439190599039e-10	0	-3.42453396494463e-07	-2.33757445964076e-05
0.8085	137	54	1	-3.72421871119855e-10	0	-3.48699471616479e-07	-2.34443795063809e-05
0.809	137	54	1	-3.7242031680762e-10	0	-3.55171294304344e-07	-2.35168898870574e-05
0.8095	137	54	1	-3.72412101157238e-10	0	-3.61888063671796e-07	-2.35937309194201e-05
0.81	137	54	1	-3.72423425432089e-10	0	-3.6887077530248e-07	-2.36753786916548e-05
0.8105	137	54	1	-3.72408104354349e-10	0	-3.76141829819702e-07	-2.37623241524728e-05
0.811	137	54	1	-3.72408104354349e-10	0	-3.83724308661079e-07	-2.38550640570557e-05
0.8115	137	54	1	-3.72405661863695e-10	0	-3.91640788492424e-07	-2.39540903036323e-05
0.812	137	54	1	-3.72397890302523e-10	0	-3.999115823771e-07	-2.40598772952698e-05
0.8125	137	54	1	-3.72400332793177e-10	0	-4.08552253292867e-07	-2.41728692024903e-05
0.813	137	54	1	-3.72398334391733e-10	0	-4.17570314806728e-07	-2.42934690098056e-05
0.8135	137	54	1	-3.72407438220534e-10	0	-4.2696104890675e-07	-2.44220336471701e-05
0.814	137	54	1	-3.72407438220534e-10	0	-4.36702524653314e-07	-2.45588799868475e-05
0.8145	137	54	1	-3.72392561232004e-10	0	-4.46750050018544e-07	-2.47043111072523e-05
0.815	137	54	1	-3.72415431826312e-10	0	-4.57030611696776e-07	-2.48586720592814e-05
0.8155	137	54	1	-3.72416986138546e-10	0	-4.67438236447239e-07	-2.50224484069501e-05
0.816	137	54	1	-3.72413877514077e-10	0	-4.77831732676303e-07	-2.51964214410977e-05
0.8165	137	54	1	-3.72424535655114e-10	0	-4.88036870518077e-07	-2.53818928333481e-05
0.817	137	54	1	-3.72425423833533e-10	0	-4.97855684960714e-07	-2.55809869481677e-05
0.8175	137	54	1	-3.72418984539991e-10	0	-5.07086051045556e-07	-2.57970258519172e-05
0.818	137	54	1	-3.72446740115606e-10	0	-5.15554758569359e-07	-2.60349553179269e-05
0.8185	137	54	1	-3.72431196993261e-10	0	-5.23166654334825e-07	-2.63017646646943e-05
0.819	137	54	1	-3.72449848740075e-10	0	-5.29970524889363e-07	-2.66068042469967e-05
0.8195	137	54	1	-3.72488262456727e-10	0	-5.36238802420325e-07	-2.69618512300702e-05
0.82	137	54	1	-3.72486264055283e-10	0	-5.425524037767e-07	-2.73807182857611e-05
0.8205	137	54	1	-3.72504027623677e-10	0	-5.4987385750568e-07	-2.78781609241816e-05
0.821	137	54	1	-3.72525565950355e-10	0	-5.59581565941821e-07	-2.84678320336137e-05
0.8215	137	54	1	-3.7253800044823e-10	0	-5.73426645821924e-07	-2.91591032636822e-05
0.822	137	54	1	-3.72559538774908e-10	0	-5.93363956590186e-07	-2.99527770162311e-05
0.8225	137	54	1	-3.72571751228179e-10	0	-6.21205994391418e-07	-3.08361216891885e-05
0.823	137	54	1	-3.72594399777881e-10	0	-6.58062390997153e-07	-3.17783595188565e-05
0.8235	137	54	1	-3.72618158550608e-10	0	-7.03575170682848e-07	-3.27287508578776e-05
0.824	137	54	1	-3.72641029144916e-10	0	-7.55061276658348e-07	-3.36205620228414e-05
0.8245	137	54	1	-3.72654795910421e-10	0	-8.06839225698963e-07	-3.43848637891219e-05
0.825	137	54	1	-3.727034236789e-10	0	-8.50210778876511e-07	-3.4976981745684e-05
0.8255	137	54	1	-3.72750275090539e-10	0	-8.74667594033559e-07	-3.54140043226092e-05
0.826	137	54	1	-3.72767372525118e-10	0	-8.70701353424754e-07	-3.58138701627491e-05
0.8265	137	54	1	-3.7280534215256e-10	0	-8.34007122105336e-07	-3.64184104950395e-05
0.827	137	54	1	-3.7282021914109e-10	0	-7.70092453070482e-07	-3.75800183677021e-05
0.8275	137	54	1	-3.72874398024692e-10	0	-6.97798215914368e-07	-3.96967129483139e-05
0.828	137	54	1	-3.72914810142788e-10	0	-6.50156021715619e-07	-4.30873704558947e-05
0.8285	137	54	1	-3.72963659955872e-10	0	-6.70676891575133e-07	-4.78001677239551e-05
0.82875	137	54	1	-3.72983199881105e-10	0	-7.20291324345132e-07	-5.05306411221032e-05
0.829	137	54	1	-3.73007180698437e-10	0	-8.01407580405437e-07	-5.33548503668988e-05
0.82925	137	54	1	-3.73040931478386e-10	0	-9.14701745219702e-07	-5.60890236243036e-05
0.8295	137	54	1	-3.73051367574817e-10	0	-1.05643927470769e-06	-5.85010272568962e-05
0.82975	137	54	1	-3.73076680659779e-10	0	-1.21703891580573e-06	-6.03340554913288e-05
0.83	137	54	1	-3.73123532071418e-10	0	-1.38043817375734e-06	-6.1353811489603e-05
0.83025	137	54	1	-3.73135300435479e-10	0	-1.52517349300182e-06	-6.1415874758954e-05
0.8305	137	54	1	-3.73180819579488e-10	0	-1.62770318800033e-06	-6.05340230721916e-05
0.83075	137	54	1	-3.73201025638537e-10	0	-1.66735601773277e-06	-5.8919005620579e-05
0.831	137	54	1	-3.73234332329275e-10	0	-1.63111593513495e-06	-5.69661209315537e-05
0.83125	137	54	1	-3.73273634224347e-10	0	-1.51643532886179e-06	-5.51973936466269e-05
0.8315	137	54	1	-3.73308717271925e-10	0	-1.3315455351782e-06	-5.41867318349452e-05
0.83175	137	54	1	-3.7332337221585e-10	0	-1.0941173989782e-06	-5.44960668847052e-05
0.832	137	54	1	-3.73356456861984e-10	0	-8.29607870402852e-07	-5.6633560589661e-05
0.83225	137	54	1	-3.73399533515339e-10	0	-5.70312183619073e-07	-6.10277642639354e-05
0.8325	137	54	1	-3.73425512734116e-10	0	-3.55626821996182e-07	-6.80004482710954e-05
0.83275	137	54	1	-3.73474806636409e-10	0	-2.3361090512487e-07	-7.7709887246002e-05
0.833	137	54	1	-3.73513220353061e-10	0	-2.63276292741468e-07	-9.00125148761936e-05
0.83325	137	54	1	-3.73542530240911e-10	0	-5.14518021585137e-07	-0.000104136203696215

0.83325	274	54	1	-2.27626806292847e-11	0	-1.42323604222323e-07	1.11280870233289e-05
0.8335	274	54	1	-2.27844410005673e-11	0	-1.46122644946757e-07	1.17739888680072e-05
0.83375	274	54	1	-2.2794210963184e-11	0	-1.49889226632282e-07	1.24483949027634e-05
0.834	274	54	1	-2.27946550523939e-11	0	-1.53519087531073e-07	1.31506188449499e-05
0.834125	274	54	1	-2.27908802941101e-11	0	-1.55330016924905e-07	1.35115658066788e-05
0.83425	274	54	1	-2.28093099963189e-11	0	-1.57206761875246e-07	1.38788625711531e-05
0.834375	274	54	1	-2.27817764653082e-11	0	-1.59215853043191e-07	1.425264533131e-05
0.8345	274	54	1	-2.28035368365909e-11	0	-1.61417071435874e-07	1.46334057943941e-05
0.834625	274	54	1	-2.28075336394795e-11	0	-1.63843181267079e-07	1.5022006493187e-05
0.83475	274	54	1	-2.279132438332e-11	0	-1.66481699345793e-07	1.541957950319e-05
0.834875	274	54	1	-2.28046470596155e-11	0	-1.69265673157187e-07	1.58272973680833e-05
0.835	274	54	1	-2.28006502567268e-11	0	-1.72080031442531e-07	1.62460489576222e-05
0.835125	274	54	1	-2.27986518552825e-11	0	-1.74787078905062e-07	1.66761014159843e-05
0.83525	274	54	1	-2.27944330077889e-11	0	-1.77268893177944e-07	1.71168696662848e-05
0.835375	274	54	1	-2.28270735647129e-11	0	-1.79477029127679e-07	1.75669248680037e-05
0.8355	274	54	1	-2.2814861111442e-11	0	-1.81473189046336e-07	1.80243328786189e-05
0.835625	274	54	1	-2.28106422639485e-11	0	-1.8344164996039e-07	1.84873166374686e-05
0.83575	274	54	1	-2.28459473561315e-11	0	-1.85657921289239e-07	1.89551030201403e-05
0.835875	274	54	1	-2.28081997732943e-11	0	-1.88409771092909e-07	1.9428675025496e-05
0.836	274	54	1	-2.28370655719345e-11	0	-1.91885027226958e-07	1.9911069981904e-05
0.836125	274	54	1	-2.28095320409238e-11	0	-1.96061153151773e-07	2.040690154208e-05
0.83625	274	54	1	-2.28519425604645e-11	0	-2.00646392844894e-07	2.0920988592067e-05
0.836375	274	54	1	-2.2823742895639e-11	0	-2.05120830331362e-07	2.14563490615232e-05
0.8365	274	54	1	-2.28288499215523e-11	0	-2.08898885822308e-07	2.20122605675311e-05
0.836625	274	54	1	-2.28244090294538e-11	0	-2.11582925834191e-07	2.25833859658839e-05
0.83675	274	54	1	-2.28341789920705e-11	0	-2.13217771868593e-07	2.31608566780213e-05
0.836875	274	54	1	-2.28421725978478e-11	0	-2.14418500092025e-07	2.37355617655909e-05
0.837	274	54	1	-2.28097540855288e-11	0	-2.16258067169461e-07	2.4302845518715e-05
0.837125	274	54	1	-2.2823964940244e-11	0	-2.19877621982028e-07	2.48667362443773e-05
0.83725	274	54	1	-2.28443930438971e-11	0	-2.25909384251189e-07	2.54412094616261e-05
0.837375	274	54	1	-2.28439489546872e-11	0	-2.33947513089108e-07	2.60463552606893e-05
0.8375	274	54	1	-2.28543850511187e-11	0	-2.42400641001866e-07	2.66992091130037e-05
0.837625	274	54	1	-2.28694840842536e-11	0	-2.49000710135367e-07	2.74023985507465e-05
0.83775	274	54	1	-2.28634888799206e-11	0	-2.51939631043702e-07	2.81370873794891e-05
0.837875	274	54	1	-2.28497221144153e-11	0	-2.51150732463416e-07	2.88669043463769e-05
0.838	274	54	1	-2.28370655719345e-11	0	-2.48957718314162e-07	2.9554790723875e-05
0.838125	274	54	1	-2.28530527834891e-11	0	-2.49447561754048e-07	3.01870137296475e-05
0.8381875	274	54	1	-2.28650431921551e-11	0	-2.51982688089991e-07	3.04893277124117e-05
0.83825	274	54	1	-2.2856383452563e-11	0	-2.56456087954703e-07	3.07919977565082e-05
0.8383125	274	54	1	-2.2868151816624e-11	0	-2.6285285164649e-07	3.11049223548411e-05
0.838375	274	54	1	-2.2859270032427e-11	0	-2.7082938967576e-07	3.14386915455638e-05
0.8384375	274	54	1	-2.28783658684506e-11	0	-2.79709427036708e-07	3.18027627717937e-05
0.8385	274	54	1	-2.28517205158596e-11	0	-2.8854515760427e-07	3.22034009352222e-05
0.8385625	274	54	1	-2.28628227461058e-11	0	-2.96248207507376e-07	3.26417860299871e-05
0.838625	274	54	1	-2.28821406267343e-11	0	-3.01777576776086e-07	3.31127783141725e-05
0.8386875	274	54	1	-2.28781438238457e-11	0	-3.04352994909499e-07	3.36047763952835e-05
0.83875	274	54	1	-2.28663754597846e-11	0	-3.03649926444247e-07	3.41008968022639e-05
0.8388125	274	54	1	-2.28794760914752e-11	0	-2.99932531085361e-07	3.45814061356863e-05
0.838875	274	54	1	-2.28697061288585e-11	0	-2.94092734203155e-07	3.50270660999312e-05
0.8389375	274	54	1	-2.28970176152643e-11	0	-2.87580911596532e-07	3.54228944184551e-05
0.839	274	54	1	-2.28925767231658e-11	0	-2.82228568727406e-07	3.57618011802881e-05
0.8390625	274	54	1	-2.28752572439817e-11	0	-2.79972571060227e-07	3.60475616064955e-05
0.839125	274	54	1	-2.2883028805154e-11	0	-2.82497418383287e-07	3.62965267737882e-05
0.8391875	274	54	1	-2.28863594742279e-11	0	-2.90826306131149e-07	3.6537331732605e-05
0.83925	274	54	1	-2.28945751246101e-11	0	-3.04923041820666e-07	3.68077426523419e-05
0.8393125	274	54	1	-2.29101182469549e-11	0	-3.23415426911503e-07	3.71479963757568e-05
0.839375	274	54	1	-2.29054553102515e-11	0	-3.43591692013774e-07	3.75909332785859e-05
0.8394375	274	54	1	-2.28967955706594e-11	0	-3.61801365159672e-07	3.81509803007312e-05
0.8395	274	54	1	-2.29194441203617e-11	0	-3.74263889419189e-07	3.88157938067011e-05
0.8395625	274	54	1	-2.28737029317472e-11	0	-3.7808696386057e-07	3.95445285178791e-05
0.839625	274	54	1	-2.2891910589351e-11	0	-3.72159261178818e-07	4.02743925399677e-05
0.8396875	274	54	1	-2.29092300685352e-11	0	-3.57629744776061e-07	4.09337158353067e-05
0.83975	274	54	1	-2.29265495477193e-11	0	-3.37877475987564e-07	4.14577528269554e-05
0.8398125	274	54	1	-2.28987939721037e-11	0	-3.18045608654982e-07	4.18039417393323e-05
0.839875	274	54	1	-2.29152252728682e-11	0	-3.04244697797968e-07	4.19650847723314e-05
0.8399375	274	54	1	-2.29065655332761e-11	0	-3.0244213368388e-07	4.19797821195559e-05
0.84	274	54	1	-2.29054553102515e-11	0	-3.16961404206614e-07	4.19379426209484e-05
0.8400625	274	54	1	-2.29325447520523e-11	0	-3.48595183090229e-07	4.1975004986075e-05
0.840125	274	54	1	-2.29138930052386e-11	0	-3.92808806087233e-07	4.22443491108406e-05
0.8401875	274	54	1	-2.29316565736326e-11	0	-4.39335536564777e-07	4.28622598612061e-05
0.84025	274	54	1	-2.29267715923243e-11	0	-4.74677464082456e-07	4.38431925812879e-05
0.8403125	274	54	1	-2.29360974657311e-11	0	-4.87230184328103e-07	4.5068915598738e-05
0.840375	274	54	1	-2.29436469822986e-11	0	-4.72099992602326e-07	4.63206175350933e-05
0.8404375	274	54	1	-2.29314345290277e-11	0	-4.32830449467992e-07	4.73517765428693e-05
0.8405	274	54	1	-2.29585239708285e-11	0	-3.80171484511116e-07	4.79570675113077e-05
0.8405625	274	54	1	-2.29447572053232e-11	0	-3.29764633590775e-07	4.80185608784681e-05
0.840625	274	54	1	-2.29272156815341e-11	0	-2.9985407560621e-07	4.75412885006118e-05
0.8406875	274	54	1	-2.2945201294533e-11	0	-3.08376051431788e-07	4.66981310870076e-05
0.84071875	274	54	1	-2.2933432930472e-11	0	-3.31221008842927e-07	4.62529968318455e-05
0.84075	274	54	1	-2.29496421866315e-11	0	-3.67004788407705e-07	4.58828778208164e-05
0.84078125	274	54	1	-2.29443131161133e-11	0	-4.14281894478885e-07	4.56696363273813e-05
0.8408125	274	54	1	-2.29474217405823e-11	0	-4.69613738067623e-07	4.5694095116882e-05
0.84084375	274	54	1	-2.29656293981861e-11	0	-5.27552125422715e-07	4.60183485650472e-05
0.840875	274	54	1	-2.29471996959774e-11	0	-5.81297493139713e-07	4.66661534352271e-05
0.84090625	274	54	1	-2.29583019262236e-11	0	-6.24009131629178e-07	4.76106021854555e-05
0.8409375	274	54	1	-2.29447572053232e-11	0	-6.50277013575195e-07	4.87767637506875e-05
0.84096875	274	54	1	-2.29578578370138e-11	0	-6.57098326173842e-07	5.00582672183921e-05
0.841	274	54	1	-2.29321006628425e-11	0	-6.44053139173027e-07	5.13387866506507e-05
0.84103125	274	54	1	-2.29509744542611e-11	0	-6.12870664263709e-07	5.25092745369644e-05
0.8410625	274	54	1	-2.29669616658157e-11	0	-5.66782762941721e-07	5.34773382478774e-05
0.84109375	274	54	1	-2.2951196498866e-11	0	-5.09961696128905e-07	5.41700693188606e-05
0.841125	274	54	1	-2.29409824470395e-11	0	-4.47159034013877e-07	5.453334994932e-05
0.84115625	274	54	1	-2.29538610341251e-11	0	-3.83545078304661e-07	5.45302947627972e-05
0.8411875	274	54	1	-2.2936319510336e-11	0	-3.24704889474109e-07	5.41406805321467e-05
0.84121875	274	54	1	-2.29380958671754e-11	0	-2.76740048369631e-07	5.33628182939188e-05
0.84125	274	54	1	-2.29796182082964e-11	0	-2.46415739830379e-07	5.22195608472421e-05
0.84128125	274	54	1	-2.29702923348896e-11	0	-2.41239404951967e-07	5.07710304518481e-05
0.8413125	274	54	1	-2.29707364240994e-11	0	-2.6918723160045e-07	4.91377773800503e-05
0.84134375	274	54	1	-2.29709584687043e-11	0	-3.37378894928979e-07	4.75367966507383e-05
0.841375	274	54	1	-2.2972068691729e-11	0	-4.48327944841433e-07	4.63186586732809e-05
0.84140625	274	54	1	-2.29509744542611e-11	0	-5.92727054578119e-07	4.59456250274842e-05
0.8414375	274	54	1	-2.29862795464442e-11	0	-7.43305331227516e-07	4.67984820236135e-05
0.84146875	274	54	1	-2.29873897694688e-11	0	-8.62750542054281e-07	4.88638343819076e-05
0.8415	274	54	1	-2.29969376874806e-11	0	-9.25052414344828e-07	5.16881993150252e-05
0.84153125	274	54	1	-2.29651853089763e-11	0	-9.25521086077114e-07	5.46907932822306e-05
0.8415625	274	54	1	-2.29924967953821e-11	0	-8.73304647199844e-07	5.74217650333564e-05
0.84159375	274	54	1	-2.30062635608874e-11	0	-7.81805252165549e-07	5.96023539594778e-05
0.841625	274	54	1	-2.29851693234195e-11	0	-6.64120468319318e-07	6.1071989637726e-05
0.84165625	274	54	1	-2.29669616658157e-11	0	-5.32032798274276e-07	6.17348210944905e-05
0.8416875	274	54	1	-2.29785079852718e-11	0	-3.96452102761955e-07	6.15253399989808e-05
0.84171875	274	54	1	-2.29929408845919e-11	0	-2.68421188359597e-07	6.03892194394449e-05
0.84175	274	54	1	-2.29851693234195e-11	0	-1.60591370910416e-07	5.82746348063644e-05
0.84178125	274	54	1	-2.30022667579988e-11	0	-8.9615320827456e-08	5.5135128374686e-05
0.8418125	274	54	1	-2.30200303263928e-11	0	-8.07072980710986e-08	5.09612104619458e-05
0.84184375	274	54	1	-2.29878338586786e-11	0	-1.77289251581124e-07	4.59251375038537e-05
0.841875	274	54	1	-2.30004904011594e-11	0	-4.56507860588577e-07	4.10678941816397e-05
0.84190625	274	54	1	-2.30284680213799e-11	0	-9.52578391976014e-07	4.06181181514586e-05
0.8419375	274	54	1	-2.30360175379474e-11	0	-1.31838251659489e-06	4.7554678125555e-05
0.841953125	274	54	1	-2.30224728170469e-11	0	-1.37971788198653e-06	5.17822426368609e-05
0.84196875	274	54	1	-2.30060415162825e-11	0	-1.38278468234806e-06	5.57348304501164e-05
0.841984375	274	54	1	-2.30091501407514e-11	0	-1.34508187485127e-06	5.92489313058401e-05
0.842	274	54	1	-2.30233609954666e-11	0	-1.27871428088666e-06	6.22803615762932e-05
0.842015625	274	54	1	-2.30295782444045e-11	0	-1.19189811580821e-06	6.48274513864007e-05
0.84203125	274	54	1	-2.30020447133938e-11	0	-1.09036167362312e-06	6.69017209634339e-05
0.842046875	274	54	1	-2.30195862371829e-11	0	-9.78264359695986e-07	6.85167719305836e-05
0.8420625	274	54	1	-2.30309105120341e-11	0	-8.58768497174037e-07	6.9684024918273e-05
0.842078125	274	54	1	-2.30127028544302e-11	0	-7.34401193507058e-07	7.04110419311749e-05
0.84209375	274	54	1	-2.3025137352306e-11	0	-6.072945898561e-07	7.07007788355948e-05
0.842109375	274	54	1	-2.30273577983553e-11	0	-4.79357892514232e-07	7.05510765864699e-05
0.842125	274	54	1	-2.3025359396911e-11	0	-3.52415009231544e-07	6.99540566913626e-05
0.842140625	274	54	1	-2.30313546012439e-11	0	-2.28332632379439e-07	6.88951935481521e-05
0.84215625	274	54	1	-2.30178098803435e-11	0	-1.09162512848212e-07	6.73518152104176e-05
0.842171875	274	54	1	-2.30422347868853e-11	0	2.67076379929601e-09	6.52906468614787e-05
0.8421875	274	54	1	-2.30166996573189e-11	0	1.04082574520599e-07	6.26636803296871e-05
0.842203125	274	54	1	-2.30120367206155e-11	0	1.90829889621391e-07	5.94008839625167e-05
0.84221875	274	54	1	-2.30182539695534e-11	0	2.56532071334756e-07	5.53963031249223e-05
0.842234375	274	54	1	-2.30402363854409e-11	0	2.90437631009034e-07	5.04782481961352e-05
0.84225	274	54	1	-2.30226948616519e-11	0	2.71103787784196e-07	4.43321456639042e-05
0.842265625	274	54	1	-2.30349073149227e-11	0	1.39911984995533e-07	3.62173186725137e-05
0.8422734375	274	54	1	-2.30391261624163e-11	0	-3.73357442538376e-08	3.06996751864354e-05
0.84227734375	274	54	1	-2.30031549364185e-11	0	-2.21273826508754e-07	2.70180846832182e-05
0.842279296875	274	54	1	-2.30302443782193e-11	0	-4.11205245922255e-07	2.44569360169237e-05
0.842280273437	274	54	1	-2.3040014340836e-11	0	-1.98649720847771e-06	3.63349265457418e-05
0.842281249999	274	54	1	-2.30448993221444e-11	0	-2.02185466138618e-06	3.79592817912976e-05
0.842282226561	274	54	1	-2.30471197681936e-11	0	-2.04880916943232e-06	3.94000035206427e-05
0.842283203123	274	54	1	-2.30568897308103e-11	0	-2.06998983466478e-06	4.07092227990001e-05
0.842284179685	274	54	1	-2.30684360502664e-11	0	-2.0869108213518e-06	4.19177561627375e-05
0.842285156247	274	54	1	-2.30597763106744e-11	0	-2.10053520970083e-06	4.30456716188249e-05
0.842286132809	274	54	1	-2.30249153077011e-11	0	-2.1115187671148e-06	4.41069326884812e-05
0.842287109371	274	54	1	-2.30231389508617e-11	0	-2.12033084964345e-06	4.51117365872008e-05
0.842288085933	274	54	1	-2.30315766458489e-11	0	-2.12732047476259e-06	4.60678101360401e-05
0.842289062495	274	54	1	-2.30429009207e-11	0	-2.13275513833242e-06	4.69811814654985e-05
0.842290039057	274	54	1	-2.30644392473778e-11	0	-2.13684495138692e-06	4.7856665575083e-05
0.842291015619	274	54	1	-2.305777790923e-11	0	-2.13975833613388e-06	4.86981843950424e-05
0.842291992181	274	54	1	-2.30429009207e-11	0	-2.14163263761012e-06	4.9508985162902e-05
0.842292968743	274	54	1	-2.30451213667493e-11	0	-2.1425815001948e-06	5.02917943398523e-05
0.842293945305	274	54	1	-2.30599983552793e-11	0	-2.14270016582769e-06	5.10489287946006e-05
0.842294921867	274	54	1	-2.30240271292814e-11	0	-2.14206932994185e-06	5.17823783282762e-05
0.842295898429	274	54	1	-2.30291341551947e-11	0	-2.14075804029181e-06	5.24938675346659e-05
0.842296874991	274	54	1	-2.30566676862054e-11	0	-2.13882588706123e-06	5.31849034696326e-05
0.842297851553	274	54	1	-2.30595542660694e-11	0	-2.13632469596178e-06	5.38568127492453e-05
0.842298828115	274	54	1	-2.30551133739709e-11	0	-2.13329986141436e-06	5.45107708339325e-05
0.842299804677	274	54	1	-2.30373498055769e-11	0	-2.12979138583828e-06	5.51478254217289e-05
0.842300781239	274	54	1	-2.30477859020084e-11	0	-2.12583472767532e-06	5.57689153010919e-05
0.842301757801	274	54	1	-2.30515606602921e-11	0	-2.1214614824189e-06	5.63748858625489e-05
0.842302734363	274	54	1	-2.30444552329345e-11	0	-2.11669993422943e-06	5.69665018008261e-05
0.842303710925	274	54	1	-2.30351293595277e-11	0	-2.11157552035563e-06	5.75444575553963e-05
0.842304687487	274	54	1	-2.30513386156872e-11	0	-2.1061112052094e-06	5.8109386253732e-05
0.842305664049	274	54	1	-2.30468977235887e-11	0	-2.1003278006755e-06	5.86618671572713e-05
0.842306640611	274	54	1	-2.30375718501818e-11	0	-2.09424423673512e-06	5.92024318081046e-05
0.842307617173	274	54	1	-2.3048896125033e-11	0	-2.08787778233944e-06	5.97315696304194e-05
0.842308593735	274	54	1	-2.30442331883296e-11	0	-2.0812442458828e-06	6.02497324116241e-05
0.842309570297	274	54	1	-2.30315766458489e-11	0	-2.07435813259502e-06	6.07573381968127e-05
0.842310546859	274	54	1	-2.30386820732065e-11	0	-2.06723279450334e-06	6.12547750213844e-05
0.842311523421	274	54	1	-2.30393482070212e-11	0	-2.05988054607054e-06	6.17424036381016e-05
0.842312499983	274	54	1	-2.30602203998842e-11	0	-2.05231277799806e-06	6.2220560263222e-05
0.842313476545	274	54	1	-2.30462315897739e-11	0	-2.04454004653134e-06	6.2689558893762e-05
0.842314453107	274	54	1	-2.30369057163671e-11	0	-2.03657215597868e-06	6.31496932513955e-05
0.842315429669	274	54	1	-2.30611085783039e-11	0	-2.02841822968711e-06	6.36012387134617e-05
0.842316406231	274	54	1	-2.30273577983553e-11	0	-2.02008677466604e-06	6.40444538279222e-05
0.842317382793	274	54	1	-2.30406804746508e-11	0	-2.01158573776251e-06	6.44795816528181e-05
0.842318359355	274	54	1	-2.30471197681936e-11	0	-2.00292255397835e-06	6.49068511800545e-05
0.842319335917	274	54	1	-2.30420127422803e-11	0	-1.99410418983104e-06	6.53264783855411e-05
0.842320312479	274	54	1	-2.30511165710823e-11	0	-1.98513718799778e-06	6.57386672545921e-05
0.842321289041	274	54	1	-2.30528929279217e-11	0	-1.97602769441057e-06	6.6143610718271e-05
0.842322265603	274	54	1	-2.30651053811926e-11	0	-1.96678149837484e-06	6.65414913674692e-05
0.842323242165	274	54	1	-2.30591101768596e-11	0	-1.95740405439448e-06	6.69324824622419e-05
0.842324218727	274	54	1	-2.30511165710823e-11	0	-1.94790051315231e-06	6.73167483254014e-05
0.842325195289	274	54	1	-2.30533370171315e-11	0	-1.93827574159052e-06	6.76944451181323e-05
0.842326171851	274	54	1	-2.30611085783039e-11	0	-1.92853434361143e-06	6.80657213521313e-05
0.842327148413	274	54	1	-2.30571117754153e-11	0	-1.91868068053007e-06	6.84307184905537e-05
0.842328124975	274	54	1	-2.30457875005641e-11	0	-1.90871889042502e-06	6.87895711450469e-05
0.842329101537	274	54	1	-2.30677699164517e-11	0	-1.89865289934465e-06	6.91424079920567e-05
0.842330101537	274	54	1	-2.30635510689581e-11	0	-1.8882412339586e-06	6.94976069679943e-05
0.842331101537	274	54	1	-2.30511165710823e-11	0	-1.87772802684071e-06	6.98467522376049e-05
0.842332101537	274	54	1	-2.30448993221444e-11	0	-1.86711690305018e-06	7.01899638881795e-05
0.842333101537	274	54	1	-2.30264696199356e-11	0	-1.85641131035942e-06	7.05273567935977e-05
0.842334101537	274	54	1	-2.3054891329366e-11	0	-1.84561453435201e-06	7.08590408122233e-05
0.842335101537	274	54	1	-2.30613306229088e-11	0	-1.83472971232647e-06	7.11851210679825e-05
0.842336101537	274	54	1	-2.30411245638606e-11	0	-1.8237598334742e-06	7.15056983282478e-05
0.842337101537	274	54	1	-2.30404584300459e-11	0	-1.81270775876656e-06	7.18208691591163e-05
0.842338101537	274	54	1	-2.30533370171315e-11	0	-1.80157622067814e-06	7.21307262089625e-05
0.842339101537	274	54	1	-2.30482299912182e-11	0	-1.79036783404913e-06	7.24353583406011e-05
0.842340101537	274	54	1	-2.30493402142429e-11	0	-1.779085105408e-06	7.27348509875181e-05
0.842341101537	274	54	1	-2.30382379839966e-11	0	-1.7677304340879e-06	7.30292862156391e-05
0.842342101537	274	54	1	-2.30286900659848e-11	0	-1.75630612280847e-06	7.33187428805818e-05
0.842343101537	274	54	1	-2.30477859020084e-11	0	-1.74481438264841e-06	7.36032968967011e-05
0.842344101537	274	54	1	-2.30639951581679e-11	0	-1.73325733497666e-06	7.38830212566086e-05
0.842345101537	274	54	1	-2.30537811063414e-11	0	-1.72163702018628e-06	7.4157986331827e-05
0.842346101537	274	54	1	-2.30417906976754e-11	0	-1.70995540081702e-06	7.44282598152072e-05
0.842347101537	274	54	1	-2.30535590617365e-11	0	-1.69821436337573e-06	7.46939070768933e-05
0.842348101537	274	54	1	-2.3048896125033e-11	0	-1.68641572633554e-06	7.49549909883834e-05
0.842349101537	274	54	1	-2.3052004749502e-11	0	-1.67456124212381e-06	7.52115723152903e-05
0.842350101537	274	54	1	-2.30417906976754e-11	0	-1.66265259918704e-06	7.54637096428236e-05
0.842351101537	274	54	1	-2.30402363854409e-11	0	-1.65069142733175e-06	7.57114595161765e-05
0.842352101537	274	54	1	-2.30624408459335e-11	0	-1.63867929866853e-06	7.59548765478358e-05
0.842353101537	274	54	1	-2.30555574631808e-11	0	-1.62661773235678e-06	7.61940134982263e-05
0.842354101537	274	54	1	-2.30762076114388e-11	0	-1.61450819475571e-06	7.64289213528688e-05
0.842355101537	274	54	1	-2.30375718501818e-11	0	-1.60235210585441e-06	7.66596493768012e-05
0.842356101537	274	54	1	-2.30344632257129e-11	0	-1.5901508385367e-06	7.68862451904634e-05
0.842357101537	274	54	1	-2.30784280574881e-11	0	-1.57790572025866e-06	7.71087548617883e-05
0.842358101537	274	54	1	-2.30295782444045e-11	0	-1.56561803792869e-06	7.73272230097142e-05
0.842359101537	274	54	1	-2.30673258272418e-11	0	-1.5532890373402e-06	7.75416927209378e-05
0.842360101537	274	54	1	-2.30819807711669e-11	0	-1.5409199273945e-06	7.77522057628795e-05
0.842361101537	274	54	1	-2.3052004749502e-11	0	-1.5285118782352e-06	7.79588024810212e-05
0.842362101537	274	54	1	-2.30537811063414e-11	0	-1.516066028208e-06	7.81615220591114e-05
0.842363101537	274	54	1	-2.30422347868853e-11	0	-1.50358347886148e-06	7.8360402382962e-05
0.842364101537	274	54	1	-2.30591101768596e-11	0	-1.49106530140762e-06	7.85554801463676e-05
0.842365101537	274	54	1	-2.3037127760972e-11	0	-1.47851253883402e-06	7.87467908689742e-05
0.842366101537	274	54	1	-2.30320207350587e-11	0	-1.46592619985863e-06	7.89343690733044e-05
0.842367101537	274	54	1	-2.30395702516262e-11	0	-1.45330727211637e-06	7.91182481428266e-05
0.842368101537	274	54	1	-2.30648833365876e-11	0	-1.44065670939417e-06	7.92984603833277e-05
0.842369101537	274	54	1	-2.30575558646251e-11	0	-1.42797544527131e-06	7.94750372305057e-05
0.842370101537	274	54	1	-2.30573338200202e-11	0	-1.41526438651255e-06	7.96480090438661e-05
0.842371101537	274	54	1	-2.30420127422803e-11	0	-1.40252441594384e-06	7.98174053414297e-05
0.842372101537	274	54	1	-2.305777790923e-11	0	-1.38975639746845e-06	7.99832547122146e-05
0.842373101537	274	54	1	-2.30462315897739e-11	0	-1.37696116619116e-06	8.01455848678311e-05
0.842374101537	274	54	1	-2.30575558646251e-11	0	-1.36413954435699e-06	8.03044227349047e-05
0.842375101537	274	54	1	-2.30513386156872e-11	0	-1.3512923304423e-06	8.04597943093344e-05
0.842376101537	274	54	1	-2.30611085783039e-11	0	-1.33842030426524e-06	8.0611724926187e-05
0.842377101537	274	54	1	-2.30542251955512e-11	0	-1.32552422547948e-06	8.07602390601013e-05
0.842378101537	274	54	1	-2.30393482070212e-11	0	-1.31260484149182e-06	8.09053605722804e-05
0.842379101537	274	54	1	-2.30533370171315e-11	0	-1.299662876771e-06	8.10471124205091e-05
0.842429101537	274	54	1	-2.30466756789838e-11	0	-6.36448462951344e-07	8.41855307161971e-05
0.842479101537	274	54	1	-2.30442331883296e-11	0	2.21455124965867e-08	8.00579851231461e-05
0.842529101537	274	54	1	-2.30571117754153e-11	0	6.22064880541217e-07	6.77159756408992e-05
0.842579101537	274	54	1	-2.30602203998842e-11	0	1.02119905559042e-06	4.09409956836145e-05
0.842591601537	274	54	1	-2.30719887639452e-11	0	9.94605712393779e-07	2.76482499326937e-05
0.842597851537	274	54	1	-2.30753194330191e-11	0	8.40237378165737e-07	1.47009042860361e-05
0.842598632787	274	54	1	-2.30810925927472e-11	0	7.46939408007727e-07	9.93214374715842e-06
0.842598644994	274	54	1	-2.30753194330191e-11	0	7.42940512238042e-07	9.75050978980195e-06
0.842598657201	274	54	1	-2.30628849351433e-11	0	7.38372132476616e-07	9.54489840079358e-06
0.842598669408	274	54	1	-2.30671037826369e-11	0	7.32916850419409e-07	9.30195038373815e-06
0.842598669503	274	54	1	-2.30562235969956e-11	0	7.32869429604299e-07	9.29985057752151e-06
0.842598669598	274	54	1	-2.30728769423649e-11	0	7.32821912554796e-07	9.2977467865669e-06
0.842598669645	274	54	1	-2.30562235969956e-11	0	7.32798368660899e-07	9.29670450198954e-06
0.842598669692	274	54	1	-2.30628849351433e-11	0	7.32774801468403e-07	9.29566121440234e-06
0.842598669703	274	54	1	-2.30491181696379e-11	0	7.3276928279734e-07	9.29541689808601e-06
0.842598669708	274	54	1	-2.30584440430448e-11	0	7.32766773550023e-07	9.29530582210209e-06
0.84259866971	274	54	1	-2.30560015523906e-11	0	7.32765769426917e-07	9.29526137501686e-06
0.84259866971	274	54	1	-2.30657715150073e-11	0	7.32765768963783e-07	9.29526136420151e-06
0.84259866971	274	54	1	-2.30644392473778e-11	0	7.32765769400346e-07	9.29526138679017e-06
0.84259866971	274	54	1	-2.30566676862054e-11	0	7.32765769262457e-07	9.29526136740718e-06
0.84259866971	274	54	1	-2.30642172027729e-11	0	7.32765769216979e-07	9.29526136330914e-06
0.84259866971	274	54	1	-2.30684360502664e-11	0	7.32765769585616e-07	9.29526137975984e-06
0.84259866971	274	54	1	-2.30706564963157e-11	0	7.32765769689517e-07	9.29526139195144e-06
0.84259866971	274	54	1	-2.3066659693427e-11	0	7.3276576946795e-07	9.29526136863501e-06
0.84259866971	274	54	1	-2.30564456416005e-11	0	7.32765769444168e-07	9.29526138272251e-06
0.84259866971	274	54	1	-2.30564456416005e-11	0	7.32765769312452e-07	9.29526138232947e-06
0.84259866971	274	54	1	-2.30648833365876e-11	0	7.32765769414338e-07	9.29526136543557e-06
0.84259866971	274	54	1	-2.30617747121187e-11	0	7.32765769427043e-07	9.29526137666389e-06
0.84259866971	274	54	1	-2.30617747121187e-11	0	7.32765769355289e-07	9.29526136954431e-06
0.84259866971	274	54	1	-2.30675478718467e-11	0	7.32765769767137e-07	9.29526138200128e-06
0.84259866971	274	54	1	-2.30679919610566e-11	0	7.32765769719751e-07	9.29526139022093e-06
0.84259866971	274	54	1	-2.30588881322547e-11	0	7.32765769182118e-07	9.29526136351382e-06
0.84259866971	274	54	1	-2.3066881738032e-11	0	7.32765769869379e-07	9.29526138065988e-06
0.84259866971	274	54	1	-2.30659935596123e-11	0	7.32765769598993e-07	9.29526139184587e-06
0.84259866971	274	54	1	-2.30702124071058e-11	0	7.32765770072099e-07	9.29526138167819e-06
0.84259866971	274	54	1	-2.30675478718467e-11	0	7.32765770035072e-07	9.29526136348508e-06
0.84259866971	274	54	1	-2.30657715150073e-11	0	7.32765769431382e-07	9.29526139329698e-06
0.84259866971	274	54	1	-2.30615526675138e-11	0	7.32765769203976e-07	9.29526138154272e-06
0.84259866971	274	54	1	-2.30613306229088e-11	0	7.32765769297111e-07	9.2952613572475e-06
0.84259866971	274	54	1	-2.30639951581679e-11	0	7.32765769404061e-07	9.29526137461887e-06
0.84259866971	274	54	1	-2.30655494704024e-11	0	7.32765769144768e-07	9.29526135955527e-06
0.84259866971	274	54	1	-2.30684360502664e-11	0	7.32765770056551e-07	9.29526138119786e-06
0.84259866971	274	54	1	-2.30695462732911e-11	0	7.32765770027095e-07	9.29526137170078e-06
0.84259866971	274	54	1	-2.30571117754153e-11	0	7.3276576934051e-07	9.29526136648409e-06
0.84259866971	274	54	1	-2.30684360502664e-11	0	7.3276576927395e-07	9.2952613645586e-06
0.84259866971	274	54	1	-2.30651053811926e-11	0	7.3276576957495e-07	9.29526138280417e-06
0.84259866971	274	54	1	-2.30557795077857e-11	0	7.32765769297714e-07	9.29526138384559e-06
0.84259866971	274	54	1	-2.30659935596123e-11	0	7.32765769623333e-07	9.29526135557571e-06
0.84259866971	274	54	1	-2.30593322214645e-11	0	7.32765769189074e-07	9.29526136894656e-06
0.84259866971	274	54	1	-2.30713226301305e-11	0	7.32765769658459e-07	9.29526139153753e-06
0.84259866971	274	54	1	-2.30684360502664e-11	0	7.32765769580847e-07	9.29526139007378e-06
0.84259866971	274	54	1	-2.30624408459335e-11	0	7.32765769125567e-07	9.29526138448708e-06
0.84259866971	274	54	1	-2.30675478718467e-11	0	7.32765769255394e-07	9.29526137529514e-06
0.84259866971	274	54	1	-2.30613306229088e-11	0	7.32765769472202e-07	9.29526136270213e-06
0.84259866971	274	54	1	-2.30615526675138e-11	0	7.32765769198762e-07	9.2952613766755e-06
0.84259866971	274	54	1	-2.30662156042172e-11	0	7.32765769484198e-07	9.29526138788327e-06
0.842598669708	274	54	1	-2.30615526675e-11	0	7.32766773231e-07	9.29530581894e-06
