0.736268	137	54	1	-3.85568466043651e-10	0	-4.4788708315078e-08	-7.45733601157841e-06
0.736269	137	54	1	-3.8579339722844e-10	0	-4.43210384945405e-08	-7.33948061852555e-06
0.7363	137	54	1	-3.86164211718665e-10	0	-4.36063368431118e-08	-7.15806718216657e-06
0.7364	137	54	1	-3.86688681075498e-10	0	-4.26618419728188e-08	-6.91603163478865e-06
0.7365	137	54	1	-3.87029297499453e-10	0	-4.20688283475692e-08	-6.76282209862117e-06
0.7367	137	54	1	-3.87543330759854e-10	0	-4.12106558060319e-08	-6.53955814040396e-06
0.737	137	54	1	-3.88138188256448e-10	0	-4.02722014066738e-08	-6.29355103456326e-06
0.7375	137	54	1	-3.88931997719055e-10	0	-3.91131755556112e-08	-5.98754370391144e-06
0.738	137	54	1	-3.89593024507917e-10	0	-3.82083989804204e-08	-5.74744559759839e-06
0.7385	137	54	1	-3.90217635981571e-10	0	-3.74500660112207e-08	-5.54572065829926e-06
0.739	137	54	1	-3.90745436007478e-10	0	-3.67895581349281e-08	-5.36988465183021e-06
0.7395	137	54	1	-3.91235266405943e-10	0	-3.62000506284243e-08	-5.21301947852194e-06
0.74	137	54	1	-3.91726873161247e-10	0	-3.56649267435475e-08	-5.0708177092195e-06
0.7405	137	54	1	-3.92182286645948e-10	0	-3.51730608763213e-08	-4.94038230506384e-06
0.741	137	54	1	-3.92609500465824e-10	0	-3.47165805763393e-08	-4.81965454571813e-06
0.7415	137	54	1	-3.93025167966243e-10	0	-3.42896809060178e-08	-4.70710958882833e-06
0.742	137	54	1	-3.93438392976009e-10	0	-3.38879396397267e-08	-4.60158069972675e-06
0.7425	137	54	1	-3.93823640365554e-10	0	-3.35078977867837e-08	-4.50215186864073e-06
0.743	137	54	1	-3.9422110020837e-10	0	-3.31467948456903e-08	-4.40808826049717e-06
0.7435	137	54	1	-3.94593691055434e-10	0	-3.28023823256062e-08	-4.31878983312697e-06
0.744	137	54	1	-3.94971388928411e-10	0	-3.24728048621862e-08	-4.23375920561772e-06
0.7445	137	54	1	-3.95321775314983e-10	0	-3.21565117525507e-08	-4.15257854493739e-06
0.745	137	54	1	-3.9568459619943e-10	0	-3.18521891966021e-08	-4.07489293512623e-06
0.7455	137	54	1	-3.96032096006138e-10	0	-3.15587146269401e-08	-4.00039782221835e-06
0.746	137	54	1	-3.96373378563908e-10	0	-3.12751206977966e-08	-3.92882979358256e-06
0.7465	137	54	1	-3.96718435879961e-10	0	-3.10005650207705e-08	-3.85995889078415e-06
0.747	137	54	1	-3.97082144942829e-10	0	-3.07343137220234e-08	-3.79358327157858e-06
0.7475	137	54	1	-3.97413657537982e-10	0	-3.04757172654303e-08	-3.72952439644097e-06
0.748	137	54	1	-3.97731625412234e-10	0	-3.02242020146127e-08	-3.66762356831102e-06
0.7485	137	54	1	-3.98076682728288e-10	0	-2.99792554983104e-08	-3.6077390050002e-06
0.749	137	54	1	-3.98383992461504e-10	0	-2.97404217328413e-08	-3.54974336905352e-06
0.7495	137	54	1	-3.98711952342978e-10	0	-2.95072868102167e-08	-3.49352173920846e-06
0.75	137	54	1	-3.99039246090638e-10	0	-2.92794829362862e-08	-3.43897020579011e-06
0.7505	137	54	1	-3.99379640469988e-10	0	-2.90566717504159e-08	-3.38599415173778e-06
0.751	137	54	1	-3.99678734552822e-10	0	-2.88385487968912e-08	-3.33450741920439e-06
0.7515	137	54	1	-3.99985600196828e-10	0	-2.86248342970622e-08	-3.28443107372204e-06
0.752	137	54	1	-4.00296240599118e-10	0	-2.84152741799523e-08	-3.23569278236054e-06
0.7525	137	54	1	-4.00629751595716e-10	0	-2.82096351803884e-08	-3.1882258827085e-06
0.753	137	54	1	-4.00921518206587e-10	0	-2.80077015228507e-08	-3.14196893469775e-06
0.7535	137	54	1	-4.01224831136915e-10	0	-2.78092748474898e-08	-3.09686506214062e-06
0.754	137	54	1	-4.01532807003946e-10	0	-2.76141720945104e-08	-3.05286155848313e-06
0.7545	137	54	1	-4.01854549636482e-10	0	-2.74222247573741e-08	-3.00990944291261e-06
0.755	137	54	1	-4.02146760336564e-10	0	-2.72332741367e-08	-2.96796312068469e-06
0.7555	137	54	1	-4.02447630776237e-10	0	-2.70471752338062e-08	-2.92698010671732e-06
0.756	137	54	1	-4.02752720063404e-10	0	-2.68637897715684e-08	-2.88692057761108e-06
0.7565	137	54	1	-4.0306002979662e-10	0	-2.66829918749167e-08	-2.84774738022165e-06
0.757	137	54	1	-4.03370448154305e-10	0	-2.6504662077296e-08	-2.80942564072286e-06
0.7575	137	54	1	-4.03656441605449e-10	0	-2.63286899506329e-08	-2.77192255412253e-06
0.758	137	54	1	-4.03968636319973e-10	0	-2.61549706490401e-08	-2.73520731860524e-06
0.7585	137	54	1	-4.04273947651745e-10	0	-2.5983405740862e-08	-2.69925090081921e-06
0.759	137	54	1	-4.04560163147494e-10	0	-2.58139038725372e-08	-2.6640259584138e-06
0.7595	137	54	1	-4.04860811542562e-10	0	-2.56463767676513e-08	-2.62950662569576e-06
0.76	137	54	1	-4.05148137261335e-10	0	-2.54807440692953e-08	-2.59566842095332e-06
0.7605	137	54	1	-4.05467437403217e-10	0	-2.53169286699347e-08	-2.56248825460594e-06
0.761	137	54	1	-4.05765643307632e-10	0	-2.51548572305428e-08	-2.52994415004471e-06
0.7615	137	54	1	-4.06049194268121e-10	0	-2.499445961102e-08	-2.49801538945783e-06
0.762	137	54	1	-4.06356281956732e-10	0	-2.4835672330606e-08	-2.46668208661884e-06
0.7625	137	54	1	-4.06644939943135e-10	0	-2.46784319127781e-08	-2.4359255551918e-06
0.763	137	54	1	-4.06936484509401e-10	0	-2.4522681876466e-08	-2.40572784848509e-06
0.7635	137	54	1	-4.07255562606679e-10	0	-2.4368364447238e-08	-2.37607194437731e-06
0.764	137	54	1	-4.07550881931229e-10	0	-2.42154271226783e-08	-2.34694168168836e-06
0.7645	137	54	1	-4.07834876980928e-10	0	-2.40638191607388e-08	-2.31832148616987e-06
0.765	137	54	1	-4.08144851249403e-10	0	-2.3913494434958e-08	-2.29019659690093e-06
0.7655	137	54	1	-4.08440836707769e-10	0	-2.37644047678818e-08	-2.26255289259366e-06
0.766	137	54	1	-4.08731937184825e-10	0	-2.36165071337853e-08	-2.23537683210659e-06
0.7665	137	54	1	-4.09034806025943e-10	0	-2.34697606955375e-08	-2.2086554709404e-06
0.767	137	54	1	-4.093394512239e-10	0	-2.33241264163375e-08	-2.182376411756e-06
0.7675	137	54	1	-4.09644096421857e-10	0	-2.31795653305141e-08	-2.15652778274123e-06
0.768	137	54	1	-4.0993142214063e-10	0	-2.30360399665637e-08	-2.13109819947711e-06
0.7685	137	54	1	-4.10228739866625e-10	0	-2.28935175891998e-08	-2.10607667668372e-06
0.769	137	54	1	-4.10526501681829e-10	0	-2.27519643314181e-08	-2.08145273379296e-06
0.7695	137	54	1	-4.10829592567552e-10	0	-2.26113481522425e-08	-2.05721630709813e-06
0.77	137	54	1	-4.11131351185645e-10	0	-2.24716388154578e-08	-2.03335763442668e-06
0.7705	137	54	1	-4.11440215231096e-10	0	-2.23328062315854e-08	-2.00986742681268e-06
0.771	137	54	1	-4.11734646377226e-10	0	-2.21948227474127e-08	-1.98673665610854e-06
0.7715	137	54	1	-4.12032186147826e-10	0	-2.20576614495852e-08	-1.96395667859449e-06
0.772	137	54	1	-4.12338163613413e-10	0	-2.19212974188404e-08	-1.94151918179185e-06
0.7725	137	54	1	-4.12742728883586e-10	0	-2.17856965190621e-08	-1.9194160795637e-06
0.773	137	54	1	-4.1305803222258e-10	0	-2.16508516193632e-08	-1.89763960429085e-06
0.7735	137	54	1	-4.1335290745792e-10	0	-2.1516730280489e-08	-1.87618226997e-06
0.774	137	54	1	-4.13639122953668e-10	0	-2.13833138916073e-08	-1.85503689809059e-06
0.7745	137	54	1	-4.13962419898439e-10	0	-2.12505762123927e-08	-1.83419649610721e-06
0.775	137	54	1	-4.14250855840237e-10	0	-2.11184989730844e-08	-1.81365422974514e-06
0.7755	137	54	1	-4.14557499439638e-10	0	-2.09870641279639e-08	-1.79340365749956e-06
0.776	137	54	1	-4.14843936979992e-10	0	-2.08562501350559e-08	-1.77343842178858e-06
0.7765	137	54	1	-4.15174117307515e-10	0	-2.07260393985548e-08	-1.75375244867436e-06
0.777	137	54	1	-4.1547143503351e-10	0	-2.05964144697957e-08	-1.73433979621822e-06
0.7775	137	54	1	-4.15774303874628e-10	0	-2.04673583151678e-08	-1.71519476158366e-06
0.778	137	54	1	-4.16090051302831e-10	0	-2.03388536031207e-08	-1.69631179130202e-06
0.7785	137	54	1	-4.16383594270542e-10	0	-2.02108855834514e-08	-1.67768549186381e-06
0.779	137	54	1	-4.16694678762042e-10	0	-2.0083437486344e-08	-1.65931067489697e-06
0.7795	137	54	1	-4.17013090725504e-10	0	-1.99564961266898e-08	-1.64118230950984e-06
0.78	137	54	1	-4.17320622503325e-10	0	-1.9830045673551e-08	-1.62329542551454e-06
0.7805	137	54	1	-4.1764813829559e-10	0	-1.9704072466859e-08	-1.60564533777846e-06
0.781	137	54	1	-4.17946566244609e-10	0	-1.95785642565222e-08	-1.58822738545932e-06
0.7815	137	54	1	-4.18268308877146e-10	0	-1.94535066737345e-08	-1.57103705639399e-06
0.782	137	54	1	-4.18582279948509e-10	0	-1.93288869919146e-08	-1.55407008243031e-06
0.7825	137	54	1	-4.18903134402626e-10	0	-1.92046948800956e-08	-1.53732214882731e-06
0.783	137	54	1	-4.19211110269657e-10	0	-1.90809166486334e-08	-1.52078917402822e-06
0.7835	137	54	1	-4.19539958329551e-10	0	-1.89575420398094e-08	-1.50446714988543e-06
0.784	137	54	1	-4.19849932598026e-10	0	-1.88345591272313e-08	-1.48835218258706e-06
0.7845	137	54	1	-4.20184775862253e-10	0	-1.87119582175515e-08	-1.47244050049297e-06
0.785	137	54	1	-4.2049075332784e-10	0	-1.85897280932719e-08	-1.4567284068027e-06
0.7855	137	54	1	-4.20808721202093e-10	0	-1.84678591962796e-08	-1.44121231586798e-06
0.786	137	54	1	-4.2114400855553e-10	0	-1.83463415929127e-08	-1.42588871180185e-06
0.7865	137	54	1	-4.21464196875831e-10	0	-1.82251658486936e-08	-1.4107542619772e-06
0.787	137	54	1	-4.21789936311256e-10	0	-1.81043229779831e-08	-1.39580559183123e-06
0.7875	137	54	1	-4.22110346676163e-10	0	-1.79838044028411e-08	-1.3810395197664e-06
0.788	137	54	1	-4.22448520609464e-10	0	-1.78636016043411e-08	-1.36645285270515e-06
0.7885	137	54	1	-4.22775592312519e-10	0	-1.77437044515186e-08	-1.35204256444471e-06
0.789	137	54	1	-4.23110435576746e-10	0	-1.76241076996465e-08	-1.33780564882644e-06
0.7895	137	54	1	-4.23441059993479e-10	0	-1.75048010491154e-08	-1.32373916912629e-06
0.79	137	54	1	-4.2377790165915e-10	0	-1.73857785588419e-08	-1.30984034792387e-06
0.7905	137	54	1	-4.24108970165094e-10	0	-1.72670327818558e-08	-1.29610633630737e-06
0.791	137	54	1	-4.24463353354554e-10	0	-1.71485542290853e-08	-1.28253446808324e-06
0.7915	137	54	1	-4.24776658292103e-10	0	-1.70303391734841e-08	-1.26912208126454e-06
0.792	137	54	1	-4.25102841816738e-10	0	-1.69123794308844e-08	-1.25586661951324e-06
0.7925	137	54	1	-4.25447010954372e-10	0	-1.67946678683503e-08	-1.24276554203367e-06
0.793	137	54	1	-4.25800505965412e-10	0	-1.66771984836911e-08	-1.22981637447754e-06
0.7935	137	54	1	-4.26137125586479e-10	0	-1.65599668149728e-08	-1.21701674207638e-06
0.794	137	54	1	-4.2647307907373e-10	0	-1.64429640003581e-08	-1.20436425452167e-06
0.7945	137	54	1	-4.2683057088766e-10	0	-1.63261860890158e-08	-1.19185663252484e-06
0.795	137	54	1	-4.27171631400824e-10	0	-1.6209627216311e-08	-1.1794916660907e-06
0.7955	137	54	1	-4.27518687118322e-10	0	-1.60932814994964e-08	-1.16726709956132e-06
0.796	137	54	1	-4.27861079899117e-10	0	-1.59771433433397e-08	-1.15518084811639e-06
0.7965	137	54	1	-4.28230118032502e-10	0	-1.58612086783433e-08	-1.14323075638178e-06
0.797	137	54	1	-4.28586499623407e-10	0	-1.57454712882365e-08	-1.13141481755419e-06
0.7975	137	54	1	-4.28943547348126e-10	0	-1.56299265933941e-08	-1.11973099519826e-06
0.798	137	54	1	-4.29309698901648e-10	0	-1.55145710586183e-08	-1.10817733077066e-06
0.7985	137	54	1	-4.29645430344294e-10	0	-1.53993993577141e-08	-1.09675187171618e-06
0.799	137	54	1	-4.30009805540976e-10	0	-1.52844055466495e-08	-1.08545279774585e-06
0.7995	137	54	1	-4.30359747838338e-10	0	-1.51695875753444e-08	-1.07427823035579e-06
0.8	137	54	1	-4.30728785971723e-10	0	-1.50549398549371e-08	-1.06322635672998e-06
0.8005	137	54	1	-4.31083613250394e-10	0	-1.49404589235059e-08	-1.05229541111532e-06
0.801	137	54	1	-4.3146397565863e-10	0	-1.48261413924255e-08	-1.041483643095e-06
0.8015	137	54	1	-4.31834346059645e-10	0	-1.47119813876031e-08	-1.03078935800114e-06
0.802	137	54	1	-4.32200941702376e-10	0	-1.45979768186722e-08	-1.02021094445923e-06
0.8025	137	54	1	-4.32582636378243e-10	0	-1.44841240850072e-08	-1.0097467545865e-06
0.803	137	54	1	-4.3293146845258e-10	0	-1.43704180428505e-08	-9.99395156592038e-07
0.8035	137	54	1	-4.33311164727002e-10	0	-1.42568577745843e-08	-9.89154612272411e-07
0.804	137	54	1	-4.33685087841695e-10	0	-1.41434387890524e-08	-9.79023593317026e-07
0.8045	137	54	1	-4.34066782517561e-10	0	-1.40301573350799e-08	-9.69000569631554e-07
0.805	137	54	1	-4.34444702435144e-10	0	-1.39170108501509e-08	-9.59084084686553e-07
0.8055	137	54	1	-4.34831504136923e-10	0	-1.38039966526992e-08	-9.49272709102036e-07
0.806	137	54	1	-4.35225189221455e-10	0	-1.36911117324175e-08	-9.39564976253416e-07
0.8065	137	54	1	-4.35588676239718e-10	0	-1.35783523053967e-08	-9.29959515840936e-07
0.807	137	54	1	-4.35979918833596e-10	0	-1.34657168459441e-08	-9.20454970754542e-07
0.8075	137	54	1	-4.36367608713795e-10	0	-1.33532017789411e-08	-9.11050009754259e-07
0.808	137	54	1	-4.36765734690425e-10	0	-1.32408053096321e-08	-9.01743306178478e-07
0.8085	137	54	1	-4.37154090704439e-10	0	-1.31285250214465e-08	-8.92533553150902e-07
0.809	137	54	1	-4.37553548948699e-10	0	-1.30163585229899e-08	-8.83419529216559e-07
0.8095	137	54	1	-4.37953673326774e-10	0	-1.29043017180462e-08	-8.74399922798707e-07
0.81	137	54	1	-4.38343583653023e-10	0	-1.2792354000042e-08	-8.65473570359072e-07
0.8105	137	54	1	-4.38762359777911e-10	0	-1.26805131795153e-08	-8.56639249482156e-07
0.811	137	54	1	-4.39130065643667e-10	0	-1.25687781912468e-08	-8.47895769228943e-07
0.8115	137	54	1	-4.39545955188692e-10	0	-1.24571444873992e-08	-8.39242011404946e-07
0.812	137	54	1	-4.39968728116469e-10	0	-1.23456116502582e-08	-8.30676793584092e-07
0.8125	137	54	1	-4.40356195952063e-10	0	-1.22341774983467e-08	-8.22199047926028e-07
0.813	137	54	1	-4.40768532783409e-10	0	-1.21228402944222e-08	-8.13807626200218e-07
0.8135	137	54	1	-4.41188641175927e-10	0	-1.20115989036407e-08	-8.0550149957612e-07
0.814	137	54	1	-4.41594316669125e-10	0	-1.19004498483621e-08	-7.97279582409669e-07
0.8145	137	54	1	-4.42032854763852e-10	0	-1.17893945515253e-08	-7.89140835772187e-07
0.815	137	54	1	-4.42440528658494e-10	0	-1.1678427942794e-08	-7.81084207628233e-07
0.8155	137	54	1	-4.42879510842431e-10	0	-1.15675515021971e-08	-7.7310876664369e-07
0.816	137	54	1	-4.43288294960098e-10	0	-1.14567623527193e-08	-7.65213469181301e-07
0.8165	137	54	1	-4.43714398556949e-10	0	-1.13460582559832e-08	-7.57397335191127e-07
0.817	137	54	1	-4.44156045276145e-10	0	-1.12354405589461e-08	-7.49659445535035e-07
0.8175	137	54	1	-4.44593695192452e-10	0	-1.112490557601e-08	-7.4199884315187e-07
0.818	137	54	1	-4.45007586336033e-10	0	-1.10144531921356e-08	-7.34414591733258e-07
0.8185	137	54	1	-4.45447900787599e-10	0	-1.09040816761467e-08	-7.26905802475966e-07
0.819	137	54	1	-4.45892212042054e-10	0	-1.07937913502452e-08	-7.19471580381577e-07
0.8195	137	54	1	-4.46324754932448e-10	0	-1.0683579449385e-08	-7.12111012869888e-07
0.82	137	54	1	-4.46771730722162e-10	0	-1.05734458263264e-08	-7.04823278228626e-07
0.8205	137	54	1	-4.47226700117653e-10	0	-1.04633901172723e-08	-6.97607526610918e-07
0.821	137	54	1	-4.47673897951972e-10	0	-1.03534097908899e-08	-6.90462842749074e-07
0.8215	137	54	1	-4.48113990358934e-10	0	-1.02435057823419e-08	-6.83388488346717e-07
0.822	137	54	1	-4.48576953360202e-10	0	-1.01336766370481e-08	-6.76383602320372e-07
0.8225	137	54	1	-4.49038140004632e-10	0	-1.00239217806945e-08	-6.69447421598539e-07
0.823	137	54	1	-4.49490222820259e-10	0	-9.91423982399031e-09	-6.62579128830366e-07
0.8235	137	54	1	-4.49958292847441e-10	0	-9.80463072643457e-09	-6.5577796091288e-07
0.824	137	54	1	-4.50409265440044e-10	0	-9.69509439513928e-09	-6.49043173797796e-07
0.8245	137	54	1	-4.50876669333411e-10	0	-9.58562998719384e-09	-6.42373981982363e-07
0.825	137	54	1	-4.51353399100185e-10	0	-9.47623676887718e-09	-6.3576967761693e-07
0.8255	137	54	1	-4.51836790205107e-10	0	-9.36691375077471e-09	-6.29229509173119e-07
0.826	137	54	1	-4.52305748410708e-10	0	-9.25766099295218e-09	-6.22752758941292e-07
0.8265	137	54	1	-4.52781145909853e-10	0	-9.14847954209733e-09	-6.16338745066348e-07
0.827	137	54	1	-4.53267645639244e-10	0	-9.03936684072586e-09	-6.09986752436864e-07
0.8275	137	54	1	-4.53747706075092e-10	0	-8.93032430987681e-09	-6.03696098948799e-07
0.828	137	54	1	-4.54238646696581e-10	0	-8.82135030664566e-09	-5.9746610731847e-07
0.8285	137	54	1	-4.54721371667688e-10	0	-8.71244592403064e-09	-5.9129609691695e-07
0.829	137	54	1	-4.55227189277707e-10	0	-8.60361080007239e-09	-5.85185480037222e-07
0.8295	137	54	1	-4.5572146056827e-10	0	-8.49484409171173e-09	-5.79133530297957e-07
0.83	137	54	1	-4.56212401189759e-10	0	-8.38614630586425e-09	-5.73139662793668e-07
0.8305	137	54	1	-4.56724880137926e-10	0	-8.27751800279232e-09	-5.67203204017049e-07
0.831	137	54	1	-4.57227589123477e-10	0	-8.16895776292693e-09	-5.61323602695972e-07
0.8315	137	54	1	-4.57741844428483e-10	0	-8.06046671315071e-09	-5.55500177070581e-07
0.832	137	54	1	-4.58251436796786e-10	0	-7.95204471173226e-09	-5.49732371692378e-07
0.8325	137	54	1	-4.58767024369422e-10	0	-7.84369298745836e-09	-5.44019575402897e-07
0.833	137	54	1	-4.59290161458625e-10	0	-7.73540862682517e-09	-5.38361232461926e-07
0.8335	137	54	1	-4.59815074904668e-10	0	-7.62719511649179e-09	-5.32756740303902e-07
0.834	137	54	1	-4.60318005934823e-10	0	-7.51905083106219e-09	-5.27205520069555e-07
0.8345	137	54	1	-4.6086023886005e-10	0	-7.41097661773547e-09	-5.21707038862385e-07
0.835	137	54	1	-4.61394700224105e-10	0	-7.30297232434632e-09	-5.16260752452058e-07
0.8355	137	54	1	-4.61922278205407e-10	0	-7.19503961377726e-09	-5.10866094864915e-07
0.836	137	54	1	-4.62474947227065e-10	0	-7.08717792788714e-09	-5.05522528029979e-07
0.8365	137	54	1	-4.63000970896132e-10	0	-6.97938820886631e-09	-5.00229533753759e-07
0.837	137	54	1	-4.63554750140815e-10	0	-6.8716701730832e-09	-4.94986593444642e-07
0.8375	137	54	1	-4.64106975073264e-10	0	-6.76402436584521e-09	-4.89793209638492e-07
0.838	137	54	1	-4.64658977961108e-10	0	-6.65645155461352e-09	-4.84648804570526e-07
0.8385	137	54	1	-4.65229188506555e-10	0	-6.54895317950447e-09	-4.79552944248918e-07
0.839	137	54	1	-4.65780525260584e-10	0	-6.4415286842814e-09	-4.7450511079008e-07
0.8395	137	54	1	-4.663538444305e-10	0	-6.33417871122457e-09	-4.69504812291088e-07
0.84	137	54	1	-4.6690340482769e-10	0	-6.22690513182487e-09	-4.64551590190223e-07
0.8405	137	54	1	-4.67484051469569e-10	0	-6.1197074513626e-09	-4.59644956311231e-07
0.841	137	54	1	-4.6807202558341e-10	0	-6.01258685120584e-09	-4.54784435605353e-07
0.8415	137	54	1	-4.68638017281364e-10	0	-5.90554397753234e-09	-4.49969558399111e-07
0.842	137	54	1	-4.69229766153489e-10	0	-5.79857967438892e-09	-4.4519990320232e-07
0.8425	137	54	1	-4.69805749858665e-10	0	-5.69169459648394e-09	-4.40474966955289e-07
0.843	137	54	1	-4.7039661055237e-10	0	-5.58488982750412e-09	-4.35794339526975e-07
0.8435	137	54	1	-4.71008565483544e-10	0	-5.47816656319847e-09	-4.31157591934872e-07
0.844	137	54	1	-4.71608752050656e-10	0	-5.37152564957759e-09	-4.26564274159768e-07
0.8445	137	54	1	-4.72199168655152e-10	0	-5.26496764234551e-09	-4.22013946531188e-07
0.845	137	54	1	-4.7282533444104e-10	0	-5.15849365819418e-09	-4.17506202102752e-07
0.8455	137	54	1	-4.73444172754967e-10	0	-5.05210499412212e-09	-4.130406316238e-07
0.846	137	54	1	-4.74060790622843e-10	0	-4.94580218200712e-09	-4.08616795135125e-07
0.8465	137	54	1	-4.74669192840338e-10	0	-4.83958657017564e-09	-4.04234325179795e-07
0.847	137	54	1	-4.75294692492412e-10	0	-4.73345982810756e-09	-3.99892807326741e-07
0.8475	137	54	1	-4.75939065935904e-10	0	-4.62742243947764e-09	-3.9559181941753e-07
0.848	137	54	1	-4.76575001684409e-10	0	-4.52147579871659e-09	-3.91330983964746e-07
0.8485	137	54	1	-4.77207828808446e-10	0	-4.41562116088476e-09	-3.87109925164708e-07
0.849	137	54	1	-4.77857309277852e-10	0	-4.30985993609841e-09	-3.8292825256102e-07
0.8495	137	54	1	-4.78508566104097e-10	0	-4.20419299222219e-09	-3.78785589515626e-07
0.85	137	54	1	-4.79156270216663e-10	0	-4.09862126208459e-09	-3.74681570508767e-07
0.8505	137	54	1	-4.79818407228549e-10	0	-3.9931471758202e-09	-3.70615807838435e-07
0.851	137	54	1	-4.80473438813078e-10	0	-3.8877716961143e-09	-3.66587969786703e-07
0.8515	137	54	1	-4.81154227571778e-10	0	-3.78249605552908e-09	-3.62597670668596e-07
0.852	137	54	1	-4.81821249564973e-10	0	-3.67732184735474e-09	-3.58644570892831e-07
0.8525	137	54	1	-4.82504036725118e-10	0	-3.57224978416468e-09	-3.54728283968858e-07
0.853	137	54	1	-4.83182827082373e-10	0	-3.46728258985777e-09	-3.50848525456383e-07
0.8535	137	54	1	-4.83877160561974e-10	0	-3.36242088631089e-09	-3.47004912075894e-07
0.854	137	54	1	-4.84558615454489e-10	0	-3.25766650249038e-09	-3.43197090748871e-07
0.8545	137	54	1	-4.85260942539867e-10	0	-3.15302086346267e-09	-3.39424796419599e-07
0.855	137	54	1	-4.85960161000776e-10	0	-3.04848603980223e-09	-3.35687630042947e-07
0.8555	137	54	1	-4.86688689349535e-10	0	-2.94406350455503e-09	-3.31985275780858e-07
0.856	137	54	1	-4.87409446137121e-10	0	-2.83975438509983e-09	-3.28317433841665e-07
0.8565	137	54	1	-4.88105778018166e-10	0	-2.73556125363272e-09	-3.24683762298516e-07
0.857	137	54	1	-4.88860063541097e-10	0	-2.63148490648935e-09	-3.21083985146221e-07
0.8575	137	54	1	-4.8957526921356e-10	0	-2.52752814998745e-09	-3.17517740582051e-07
0.858	137	54	1	-4.90316232060195e-10	0	-2.42369173524154e-09	-3.13984754778165e-07
0.8585	137	54	1	-4.91054308326966e-10	0	-2.31997783131737e-09	-3.10484710767023e-07
0.859	137	54	1	-4.91803930913193e-10	0	-2.21638847423485e-09	-3.07017296839372e-07
0.8595	137	54	1	-4.92576646138332e-10	0	-2.11292557908858e-09	-3.03582236622866e-07
0.86	137	54	1	-4.93332930062707e-10	0	-2.00959057742325e-09	-3.00179243111556e-07
0.8605	137	54	1	-4.94100982351142e-10	0	-1.90638579915813e-09	-2.96808014327866e-07
0.861	137	54	1	-4.94850160848159e-10	0	-1.80331332425561e-09	-2.93468226623658e-07
0.8615	137	54	1	-4.9566217796837e-10	0	-1.70037488131583e-09	-2.90159643497325e-07
0.862	137	54	1	-4.96422902784843e-10	0	-1.59757287545253e-09	-2.86881968768628e-07
0.8625	137	54	1	-4.97222929496388e-10	0	-1.49490850717109e-09	-2.83634931906624e-07
0.863	137	54	1	-4.98022734163328e-10	0	-1.39238471338878e-09	-2.80418241975817e-07
0.8635	137	54	1	-4.98835417417354e-10	0	-1.29000394285565e-09	-2.77231635469266e-07
0.864	137	54	1	-4.99642105467046e-10	0	-1.18776711058659e-09	-2.74074835540858e-07
0.8645	137	54	1	-5.00457897345541e-10	0	-1.08567699885729e-09	-2.70947610339335e-07
0.865	137	54	1	-5.01287900078751e-10	0	-9.83735637290954e-10	-2.67849633379752e-07
0.8655	137	54	1	-5.02126118462343e-10	0	-8.81945706900809e-10	-2.64780716130428e-07
0.866	137	54	1	-5.02961228221466e-10	0	-7.80309425205298e-10	-2.61740560984997e-07
0.8665	137	54	1	-5.03802555229527e-10	0	-6.78828762146484e-10	-2.58728911054534e-07
0.867	137	54	1	-5.04664754430451e-10	0	-5.77506087085737e-10	-2.55745535652544e-07
0.8675	137	54	1	-5.05501196457203e-10	0	-4.76343792123804e-10	-2.5279015940243e-07
0.868	137	54	1	-5.06380937181916e-10	0	-3.75344197143974e-10	-2.49862568719007e-07
0.8685	137	54	1	-5.07256014969926e-10	0	-2.74509454427607e-10	-2.46962501088306e-07
0.869	137	54	1	-5.08125097553602e-10	0	-1.73842887486064e-10	-2.44089702715156e-07
0.8695	137	54	1	-5.09023934114339e-10	0	-7.33467197477623e-11	-2.41243955806829e-07
0.87	137	54	1	-5.09941200377284e-10	0	2.69770866779023e-11	-2.38425017414345e-07
0.8705	137	54	1	-5.10839814893416e-10	0	1.27126057675658e-10	-2.35632642655602e-07
0.871	137	54	1	-5.11741760078621e-10	0	2.27096628746227e-10	-2.32866632511385e-07
0.8715	137	54	1	-5.1266280109985e-10	0	3.26887665000894e-10	-2.30126735036815e-07
0.872	137	54	1	-5.13586950745548e-10	0	4.26494836601374e-10	-2.2741271545084e-07
0.8725	137	54	1	-5.14532638717924e-10	0	5.25916940030652e-10	-2.24724360245006e-07
0.873	137	54	1	-5.15463227657165e-10	0	6.25150744246438e-10	-2.2206146910871e-07
0.8735	137	54	1	-5.16412468343219e-10	0	7.24193246778447e-10	-2.19423791511224e-07
0.874	137	54	1	-5.17381248954507e-10	0	8.23041524157159e-10	-2.16811116721719e-07
0.8745	137	54	1	-5.18354692502498e-10	0	9.21693469164308e-10	-2.14223236021308e-07
0.875	137	54	1	-5.19323473113786e-10	0	1.02014587185632e-09	-2.11659942147585e-07
0.8755	137	54	1	-5.20309573204258e-10	0	1.11839641809046e-09	-2.09121030000845e-07
0.876	137	54	1	-5.21318321844433e-10	0	1.21644085473479e-09	-2.06606269380018e-07
0.8765	137	54	1	-5.22316190298966e-10	0	1.31427768991248e-09	-2.04115455907263e-07
0.877	137	54	1	-5.23312060352055e-10	0	1.41190376680975e-09	-2.01648405559809e-07
0.8775	137	54	1	-5.24345455943376e-10	0	1.50931549998311e-09	-1.99204911204259e-07
0.878	137	54	1	-5.25372634285759e-10	0	1.60651044341054e-09	-1.96784763876248e-07
0.8785	137	54	1	-5.26424459579289e-10	0	1.70348489452941e-09	-1.94387760138427e-07
0.879	137	54	1	-5.27482946210966e-10	0	1.80023631154233e-09	-1.92013715259796e-07
0.8795	137	54	1	-5.28535659682916e-10	0	1.89676126340525e-09	-1.89662456484317e-07
0.88	137	54	1	-5.29593036091569e-10	0	1.99305711484598e-09	-1.87333745733122e-07
0.8805	137	54	1	-5.30678612165048e-10	0	2.08911998553967e-09	-1.85027430528068e-07
0.881	137	54	1	-5.31777288870217e-10	0	2.184946835423e-09	-1.82743310600535e-07
0.8815	137	54	1	-5.32888400073261e-10	0	2.28053472961338e-09	-1.80481182249911e-07
0.882	137	54	1	-5.33978639083443e-10	0	2.37588049517136e-09	-1.7824089419682e-07
0.8825	137	54	1	-5.35119282218943e-10	0	2.47098010730034e-09	-1.76022230325709e-07
0.883	137	54	1	-5.36238831116975e-10	0	2.56583124295336e-09	-1.73825037699287e-07
0.8835	137	54	1	-5.37389466259697e-10	0	2.66042913663528e-09	-1.71649119776264e-07
0.884	137	54	1	-5.38537658911764e-10	0	2.75477138151068e-09	-1.69494316269813e-07
0.8845	137	54	1	-5.39695399481843e-10	0	2.84885488917894e-09	-1.67360417481123e-07
0.885	137	54	1	-5.40875344512415e-10	0	2.94267453577507e-09	-1.65247273178538e-07
0.8855	137	54	1	-5.42068612219282e-10	0	3.0362285124391e-09	-1.63154725137913e-07
0.886	137	54	1	-5.43270761710346e-10	0	3.12951228356931e-09	-1.61082597908422e-07
0.8865	137	54	1	-5.44467360086287e-10	0	3.2225228620352e-09	-1.59030693429979e-07
0.887	137	54	1	-5.45690381770214e-10	0	3.3152561435664e-09	-1.56998875173501e-07
0.8875	137	54	1	-5.4693138906714e-10	0	3.40770814025318e-09	-1.54986962467797e-07
0.888	137	54	1	-5.48171730230251e-10	0	3.4998765068655e-09	-1.52994787180611e-07
0.8885	137	54	1	-5.49427836560312e-10	0	3.59175624002976e-09	-1.51022194529078e-07
0.889	137	54	1	-5.50689716050101e-10	0	3.68334391285388e-09	-1.49069019118958e-07
0.8895	137	54	1	-5.51992451747196e-10	0	3.77463566318724e-09	-1.47135113984744e-07
0.89	137	54	1	-5.53273427073009e-10	0	3.86562752569063e-09	-1.45220302368659e-07
0.8905	137	54	1	-5.54595924739942e-10	0	3.95631572540231e-09	-1.43324435558536e-07
0.891	137	54	1	-5.55923751477394e-10	0	4.04669665494162e-09	-1.41447370995798e-07
0.8915	137	54	1	-5.57251578214846e-10	0	4.13676582062805e-09	-1.39588938327131e-07
0.892	137	54	1	-5.58593837851618e-10	0	4.22651955688327e-09	-1.37748982819974e-07
0.8925	137	54	1	-5.59960522394931e-10	0	4.31595359159523e-09	-1.35927368783682e-07
0.893	137	54	1	-5.61344526417429e-10	0	4.40506446876611e-09	-1.34123934114332e-07
0.8935	137	54	1	-5.62735191778074e-10	0	4.49384660956024e-09	-1.32338527364949e-07
0.894	137	54	1	-5.64143398662509e-10	0	4.58229783331543e-09	-1.30571023366141e-07
0.8945	137	54	1	-5.65566260490868e-10	0	4.67041245113499e-09	-1.28821262239056e-07
0.895	137	54	1	-5.6699733796961e-10	0	4.75818624858078e-09	-1.27089105404131e-07
0.8955	137	54	1	-5.68441738124648e-10	0	4.84561612816124e-09	-1.2537440708458e-07
0.896	137	54	1	-5.6991567021214e-10	0	4.93269703222596e-09	-1.23677017311395e-07
0.8965	137	54	1	-5.7139626363778e-10	0	5.01942375245159e-09	-1.21996804646859e-07
0.897	137	54	1	-5.72897285167073e-10	0	5.1057930914863e-09	-1.20333629780676e-07
0.8975	137	54	1	-5.74406078257539e-10	0	5.19180048631394e-09	-1.18687368420699e-07
0.898	137	54	1	-5.75923086998387e-10	0	5.27744088702116e-09	-1.17057856126476e-07
0.8985	137	54	1	-5.77485170794034e-10	0	5.3627099483721e-09	-1.15444970435698e-07
0.899	137	54	1	-5.79032821690362e-10	0	5.44760332305202e-09	-1.1384857385704e-07
0.8995	137	54	1	-5.80628212176748e-10	0	5.53211643807161e-09	-1.12268550571358e-07
0.9	137	54	1	-5.82234482848776e-10	0	5.61624384324462e-09	-1.10704746843066e-07

0.9	137	54	1.619436525	-4.44317027614716e-10	0	9.94658747838275e-11	-1.44065959073758e-07
0.9005	137	54	1.619436525	-4.45009584737477e-10	0	1.73185854546307e-10	-1.42036736918673e-07
0.901	137	54	1.619436525	-4.45634640300341e-10	0	2.46486118011369e-10	-1.40028842044412e-07
0.9015	137	54	1.619436525	-4.46261250175439e-10	0	3.19368169216471e-10	-1.38042106714967e-07
0.902	137	54	1.619436525	-4.46902070905253e-10	0	3.91829900196015e-10	-1.36076325827333e-07
0.9025	137	54	1.619436525	-4.47525350111277e-10	0	4.63868730228623e-10	-1.34131351542908e-07
0.903	137	54	1.619436525	-4.48195480728941e-10	0	5.35482648898895e-10	-1.3220699643957e-07
0.9035	137	54	1.619436525	-4.48840742350853e-10	0	6.0666900846757e-10	-1.30303089463495e-07
0.904	137	54	1.619436525	-4.49517534306665e-10	0	6.7742547407944e-10	-1.28419479346216e-07
0.9045	137	54	1.619436525	-4.50191883771822e-10	0	7.47750311837368e-10	-1.26555968121781e-07
0.905	137	54	1.619436525	-4.50862680523301e-10	0	8.17640314876214e-10	-1.2471240949667e-07
0.9055	137	54	1.619436525	-4.51564341474864e-10	0	8.87093520831223e-10	-1.22888635617839e-07
0.906	137	54	1.619436525	-4.52249349081058e-10	0	9.56107129892755e-10	-1.21084467872213e-07
0.9065	137	54	1.619436525	-4.52961446129052e-10	0	1.02467860817635e-09	-1.19299759888321e-07
0.907	137	54	1.619436525	-4.53669768418763e-10	0	1.0928063394321e-09	-1.17534343156425e-07
0.9075	137	54	1.619436525	-4.54383863868202e-10	0	1.16048690365425e-09	-1.15788065030816e-07
0.908	137	54	1.619436525	-4.55126381027071e-10	0	1.22771757837429e-09	-1.14060749846562e-07
0.9085	137	54	1.619436525	-4.55873561122644e-10	0	1.29449614473973e-09	-1.12352264984011e-07
0.909	137	54	1.619436525	-4.56621185307426e-10	0	1.36082016890322e-09	-1.1066243654344e-07
0.9095	137	54	1.619436525	-4.57375914919567e-10	0	1.42668670430847e-09	-1.08991115936093e-07
0.91	137	54	1.619436525	-4.58140414494324e-10	0	1.4920931654958e-09	-1.07338145701532e-07
0.9105	137	54	1.619436525	-4.58921345369845e-10	0	1.55703680112681e-09	-1.05703388643329e-07
0.911	137	54	1.619436525	-4.59724924795069e-10	0	1.62151484981764e-09	-1.04086686920427e-07
0.9115	137	54	1.619436525	-4.60512294964133e-10	0	1.68552459466083e-09	-1.02487871801696e-07
0.912	137	54	1.619436525	-4.61312765764887e-10	0	1.74906314937929e-09	-1.00906828973627e-07
0.9125	137	54	1.619436525	-4.62124338795888e-10	0	1.81212793683026e-09	-9.9343388693785e-08
0.913	137	54	1.619436525	-4.62955007662913e-10	0	1.87471618263877e-09	-9.779741536498e-08
0.9135	137	54	1.619436525	-4.63799443295443e-10	0	1.93682421681053e-09	-9.62687779121282e-08
0.914	137	54	1.619436525	-4.64621008333665e-10	0	1.9984497005151e-09	-9.47573064514828e-08
0.9145	137	54	1.619436525	-4.65479654820911e-10	0	2.05958984782345e-09	-9.32628699541268e-08
0.915	137	54	1.619436525	-4.66362060080883e-10	0	2.12024151601471e-09	-9.17853401178527e-08
0.9155	137	54	1.619436525	-4.67234251289028e-10	0	2.18040141090704e-09	-9.03245629495466e-08
0.916	137	54	1.619436525	-4.68133976028184e-10	0	2.24006737569271e-09	-8.88804127444747e-08
0.9165	137	54	1.619436525	-4.69032146455106e-10	0	2.29923544870014e-09	-8.74527386978956e-08
0.917	137	54	1.619436525	-4.69940975023064e-10	0	2.35790277471008e-09	-8.60414186096626e-08
0.9175	137	54	1.619436525	-4.7085824128601e-10	0	2.41606626805957e-09	-8.46463208964632e-08
0.918	137	54	1.619436525	-4.7181858420231e-10	0	2.47372285796594e-09	-8.32672960144325e-08
0.9185	137	54	1.619436525	-4.72772487825068e-10	0	2.5308695257111e-09	-8.19042212385025e-08
0.919	137	54	1.619436525	-4.73727945760061e-10	0	2.58750267286551e-09	-8.05569632026202e-08
0.9195	137	54	1.619436525	-4.74704719977126e-10	0	2.64361906853704e-09	-7.92253970978716e-08
0.92	137	54	1.619436525	-4.75706807279153e-10	0	2.69921591164315e-09	-7.7909387631259e-08
0.9205	137	54	1.619436525	-4.76695571904884e-10	0	2.75428955076445e-09	-7.66088078892027e-08
0.921	137	54	1.619436525	-4.77718975488983e-10	0	2.80883650428301e-09	-7.53235397116936e-08
0.9215	137	54	1.619436525	-4.78758588329242e-10	0	2.86285372592631e-09	-7.40534549999514e-08
0.922	137	54	1.619436525	-4.79789763474514e-10	0	2.91633736312512e-09	-7.27984149053411e-08
0.9225	137	54	1.619436525	-4.80841588768044e-10	0	2.96928478521136e-09	-7.15583169279534e-08
0.923	137	54	1.619436525	-4.81926054618498e-10	0	3.02169157633508e-09	-7.03330137930667e-08
0.9235	137	54	1.619436525	-4.83040718535221e-10	0	3.07355484977595e-09	-6.91224067589041e-08
0.924	137	54	1.619436525	-4.84124074162651e-10	0	3.12487067793427e-09	-6.79263645957056e-08
0.9245	137	54	1.619436525	-4.85232742875041e-10	0	3.17563591050875e-09	-6.6744778016332e-08
0.925	137	54	1.619436525	-4.86382711883948e-10	0	3.2258465067674e-09	-6.55775104541923e-08
0.9255	137	54	1.619436525	-4.87569540297272e-10	0	3.27549918300598e-09	-6.44244568085612e-08
0.926	137	54	1.619436525	-4.88724172242883e-10	0	3.32459001220632e-09	-6.32854941998344e-08
0.9265	137	54	1.619436525	-4.89906559764108e-10	0	3.37311518163005e-09	-6.21605138394586e-08
0.927	137	54	1.619436525	-4.91124474422122e-10	0	3.42107144841526e-09	-6.10494006182221e-08
0.9275	137	54	1.619436525	-4.92334617518964e-10	0	3.46845453867662e-09	-5.99520254240899e-08
0.928	137	54	1.619436525	-4.93577179128124e-10	0	3.51526050125283e-09	-5.88682875287596e-08
0.9285	137	54	1.619436525	-4.94853269472628e-10	0	3.56148620278157e-09	-5.77980808365064e-08
0.929	137	54	1.619436525	-4.9613779751212e-10	0	3.60712691918196e-09	-5.67412775556818e-08
0.9295	137	54	1.619436525	-4.97428986889759e-10	0	3.65217911407134e-09	-5.5697789968792e-08
0.93	137	54	1.619436525	-4.98737495746582e-10	0	3.69663885744094e-09	-5.46674931483487e-08
0.9305	137	54	1.619436525	-5.00093300104254e-10	0	3.74050202687259e-09	-5.36502814848644e-08
0.931	137	54	1.619436525	-5.01454877621654e-10	0	3.78376452582935e-09	-5.26460377824236e-08
0.9315	137	54	1.619436525	-5.02838215510337e-10	0	3.82642198769861e-09	-5.16546733689758e-08
0.932	137	54	1.619436525	-5.04276620461042e-10	0	3.868470964868e-09	-5.06760616005545e-08
0.9325	137	54	1.619436525	-5.05696595709537e-10	0	3.90990702984066e-09	-4.97101124533793e-08
0.933	137	54	1.619436525	-5.07117459136452e-10	0	3.95072539327136e-09	-4.87567202944311e-08
0.9335	137	54	1.619436525	-5.08609820926154e-10	0	3.99092245313088e-09	-4.78157746379516e-08
0.934	137	54	1.619436525	-5.10113951079916e-10	0	4.03049377307412e-09	-4.68871734945232e-08
0.9345	137	54	1.619436525	-5.11628961419319e-10	0	4.06943480974296e-09	-4.59708150570555e-08
0.935	137	54	1.619436525	-5.13167952576055e-10	0	4.10774120159286e-09	-4.50666025729507e-08
0.9355	137	54	1.619436525	-5.14756459679688e-10	0	4.14540840561689e-09	-4.41744320402643e-08
0.936	137	54	1.619436525	-5.16384712767604e-10	0	4.18243208560251e-09	-4.32942053970745e-08
0.9365	137	54	1.619436525	-5.17999865223828e-10	0	4.21880781855583e-09	-4.24258232884223e-08
0.937	137	54	1.619436525	-5.19654763664334e-10	0	4.25453103777628e-09	-4.15691813249456e-08
0.9375	137	54	1.619436525	-5.21344745152419e-10	0	4.28959669358902e-09	-4.07241895648722e-08
0.938	137	54	1.619436525	-5.23062926305329e-10	0	4.32400069758692e-09	-3.98907497317929e-08
0.9385	137	54	1.619436525	-5.24824406156199e-10	0	4.35773800437272e-09	-3.90687599975824e-08
0.939	137	54	1.619436525	-5.26604093664673e-10	0	4.39080360674083e-09	-3.82581349560401e-08
0.9395	137	54	1.619436525	-5.28420640577565e-10	0	4.42319340439709e-09	-3.7458761304106e-08
0.94	137	54	1.619436525	-5.30262500575418e-10	0	4.45490161884437e-09	-3.66705692895119e-08
0.9405	137	54	1.619436525	-5.32125454810739e-10	0	4.48592385855124e-09	-3.5893449351145e-08
0.941	137	54	1.619436525	-5.34074340308166e-10	0	4.51625496561838e-09	-3.51273144849763e-08
0.9415	137	54	1.619436525	-5.36025446251642e-10	0	4.54589017519501e-09	-3.43720744300967e-08
0.942	137	54	1.619436525	-5.38011635242697e-10	0	4.5748241857928e-09	-3.36276354162561e-08
0.9425	137	54	1.619436525	-5.40022693229503e-10	0	4.60305182669278e-09	-3.28939049364653e-08
0.943	137	54	1.619436525	-5.42114797497106e-10	0	4.63056794965969e-09	-3.21707872297417e-08
0.9435	137	54	1.619436525	-5.44216005593512e-10	0	4.65736743508812e-09	-3.14581967770876e-08
0.944	137	54	1.619436525	-5.46366951681421e-10	0	4.68344460426102e-09	-3.07560524981581e-08
0.9445	137	54	1.619436525	-5.48581180481733e-10	0	4.70879443238464e-09	-3.00642680850674e-08
0.945	137	54	1.619436525	-5.50819168054772e-10	0	4.73341100840833e-09	-2.93827360807453e-08
0.9455	137	54	1.619436525	-5.53114665180487e-10	0	4.75728941788551e-09	-2.87113883591751e-08
0.946	137	54	1.619436525	-5.554461335322e-10	0	4.78042380057081e-09	-2.80501307899747e-08
0.9465	137	54	1.619436525	-5.57824453295552e-10	0	4.80280837124134e-09	-2.7398883378326e-08
0.947	137	54	1.619436525	-5.60283153205887e-10	0	4.82443787867015e-09	-2.67575616243965e-08
0.9475	137	54	1.619436525	-5.62758950550801e-10	0	4.84530621149649e-09	-2.61260661833542e-08
0.948	137	54	1.619436525	-5.65317792577957e-10	0	4.865407535853e-09	-2.55043314157957e-08
0.9485	137	54	1.619436525	-5.67912605831111e-10	0	4.88473599722922e-09	-2.48922561217608e-08
0.949	137	54	1.619436525	-5.70589575588087e-10	0	4.90328550589184e-09	-2.42897706538066e-08
0.9495	137	54	1.619436525	-5.73326053299184e-10	0	4.92105044235093e-09	-2.36967908153247e-08
0.95	137	54	1.619436525	-5.76113157180203e-10	0	4.93802416614648e-09	-2.31132345830337e-08
0.9505	137	54	1.619436525	-5.78993297750685e-10	0	4.95420069066153e-09	-2.25390154285791e-08
0.951	137	54	1.619436525	-5.81908299324141e-10	0	4.96957375874301e-09	-2.19740583384219e-08
0.9515	137	54	1.619436525	-5.84938542047553e-10	0	4.98413691647697e-09	-2.14182785326744e-08
0.952	137	54	1.619436525	-5.88008752799851e-10	0	4.99788376385072e-09	-2.0871597643843e-08
0.9525	137	54	1.619436525	-5.91175997044502e-10	0	5.01080777704074e-09	-2.03339384966555e-08
0.953	137	54	1.619436525	-5.94409632626025e-10	0	5.02290244711376e-09	-1.98052238037171e-08
0.9535	137	54	1.619436525	-5.97767391141701e-10	0	5.03416086176163e-09	-1.92853692429197e-08
0.954	137	54	1.619436525	-5.96811267072894e-10	0	5.04444960362477e-09	-1.87743047061379e-08
0.9545	137	54	1.619436525	-5.99987393101742e-10	0	5.05400772349215e-09	-1.82719474831003e-08
0.955	137	54	1.619436525	-6.03257443998473e-10	0	5.06270820854565e-09	-1.77782287719328e-08
0.9555	137	54	1.619436525	-6.0661387024652e-10	0	5.07054432644602e-09	-1.72930572755413e-08
0.956	137	54	1.619436525	-6.10046235749451e-10	0	5.07750868060412e-09	-1.68163726361319e-08
0.9565	137	54	1.619436525	-6.13548101213723e-10	0	5.08359369654886e-09	-1.63480920903033e-08
0.957	137	54	1.619436525	-6.17121465040782e-10	0	5.08879244872186e-09	-1.58881408922414e-08
0.9575	137	54	1.619436525	-6.20829831987635e-10	0	5.09309686229138e-09	-1.54364429698502e-08
0.958	137	54	1.619436525	-6.24606144583595e-10	0	5.09649946500326e-09	-1.49929292124224e-08
0.9585	137	54	1.619436525	-6.28458618479044e-10	0	5.09899246082043e-09	-1.45575259975934e-08
0.959	137	54	1.619436525	-6.324241130784e-10	0	5.10056791416276e-09	-1.41301550137617e-08
0.9595	137	54	1.619436525	-6.36498187489565e-10	0	5.10121758575649e-09	-1.37107532747565e-08
0.96	137	54	1.619436525	-6.40647312977194e-10	0	5.10093335507766e-09	-1.32992368680057e-08
0.9605	137	54	1.619436525	-6.44932107718432e-10	0	5.0997070765482e-09	-1.28955408086808e-08
0.961	137	54	1.619436525	-6.49319709111751e-10	0	5.09753002094553e-09	-1.24995874910105e-08
0.9615	137	54	1.619436525	-6.53810339201755e-10	0	5.09439365083755e-09	-1.21113158184123e-08
0.962	137	54	1.619436525	-6.58452181667712e-10	0	5.09028917395683e-09	-1.17306458624034e-08
0.9625	137	54	1.619436525	-6.63206822792972e-10	0	5.0852077811091e-09	-1.1357517513064e-08
0.963	137	54	1.619436525	-6.68090027744483e-10	0	5.07913989941031e-09	-1.09918476089534e-08
0.9635	137	54	1.619436525	-6.7310468310211e-10	0	5.07207677889697e-09	-1.06335736408133e-08
0.964	137	54	1.619436525	-6.78268330389642e-10	0	5.06400854348953e-09	-1.02826317167478e-08
0.9645	137	54	1.619436525	-6.83584744365362e-10	0	5.05492583879378e-09	-9.93894218398177e-09
0.965	137	54	1.619436525	-6.89061474545838e-10	0	5.04481871217182e-09	-9.60244116168237e-09
0.9655	137	54	1.619436525	-6.94656110411529e-10	0	5.03367705150774e-09	-9.27306742738708e-09
0.966	137	54	1.619436525	-7.00460578428874e-10	0	5.02149069979512e-09	-8.95074062270268e-09
0.9665	137	54	1.619436525	-7.06429359453864e-10	0	5.00824893268598e-09	-8.63540072037042e-09
0.967	137	54	1.619436525	-7.12590875195929e-10	0	4.99394142000595e-09	-8.32697926472416e-09
0.9675	137	54	1.619436525	-7.18933357291007e-10	0	4.97855687085794e-09	-8.02540938726346e-09
0.968	137	54	1.619436525	-7.25503657150739e-10	0	4.96208439850564e-09	-7.73062592704737e-09
0.9685	137	54	1.619436525	-7.32250038382176e-10	0	4.94451231678895e-09	-7.44255920919367e-09
0.969	137	54	1.619436525	-7.39236449831537e-10	0	4.92582885701778e-09	-7.16114305444153e-09
0.9695	137	54	1.619436525	-7.46464667855662e-10	0	4.90602225458716e-09	-6.88631366635451e-09
0.97	137	54	1.619436525	-7.53919149332205e-10	0	4.88507991150029e-09	-6.6180072745284e-09
0.9705	137	54	1.619436525	-7.61636309576375e-10	0	4.86298930107703e-09	-6.35615371148918e-09
0.971	137	54	1.619436525	-7.6961703676659e-10	0	4.83973757935966e-09	-6.10068819087736e-09
0.9715	137	54	1.619436525	-7.77894415548985e-10	0	4.81531122663127e-09	-5.85155312745021e-09
0.972	137	54	1.619436525	-7.86461784585413e-10	0	4.78969670334774e-09	-5.60867617789613e-09
0.9725	137	54	1.619436525	-7.95351784432796e-10	0	4.76287977508888e-09	-5.37199749723117e-09
0.973	137	54	1.619436525	-8.04560640332852e-10	0	4.73484605750574e-09	-5.14144745163039e-09
0.9735	137	54	1.619436525	-8.14137868232478e-10	0	4.70558064511145e-09	-4.91696935572077e-09
0.974	137	54	1.619436525	-8.24087242889959e-10	0	4.67506812968706e-09	-4.69849246449325e-09
0.9745	137	54	1.619436525	-8.34417646089491e-10	0	4.64329250978794e-09	-4.48595887658392e-09
0.975	137	54	1.619436525	-8.45189029874405e-10	0	4.61023758442772e-09	-4.279299442099e-09
0.9755	137	54	1.619436525	-8.56380077962626e-10	0	4.57588629214207e-09	-4.0784559883668e-09
0.976	137	54	1.619436525	-8.68055627378794e-10	0	4.54022122278635e-09	-3.88336233575253e-09
0.9765	137	54	1.619436525	-8.80222561505661e-10	0	4.50322411277436e-09	-3.69395517778216e-09
0.977	137	54	1.619436525	-8.92941720564977e-10	0	4.46487610050632e-09	-3.51017199884965e-09
0.9775	137	54	1.619436525	-9.06211550244507e-10	0	4.42515777873752e-09	-3.33194987826218e-09
0.978	137	54	1.619436525	-9.2012353292148e-10	0	4.38404877706774e-09	-3.15922476858612e-09
0.9785	137	54	1.619436525	-9.34676336328266e-10	0	4.34152803128912e-09	-2.99193639690357e-09
0.979	137	54	1.619436525	-9.49899936486531e-10	0	4.29757351913323e-09	-2.83002033131631e-09
0.9795	137	54	1.619436525	-9.65877822167727e-10	0	4.25216233409941e-09	-2.67341080894141e-09
0.98	137	54	1.619436525	-9.82670611548997e-10	0	4.20527033216333e-09	-2.52205093472752e-09

0.98	137	54	12.635047045	-3.69626773633058e-10	0	-5.93411891400117e-10	-8.72924204418805e-09
0.9805	137	54	12.635047045	-3.69899666452511e-10	0	-5.46788921413768e-10	-8.19593627802148e-09
0.981	137	54	12.635047045	-3.70204311650468e-10	0	-5.02094425151477e-10	-7.68355641588966e-09
0.9815	137	54	12.635047045	-3.70542929672979e-10	0	-4.593035788793e-10	-7.19171513608386e-09
0.982	137	54	12.635047045	-3.70867336840774e-10	0	-4.18391372293554e-10	-6.72004022934685e-09
0.9825	137	54	12.635047045	-3.71233266349691e-10	0	-3.79332954544261e-10	-6.26815019804273e-09
0.983	137	54	12.635047045	-3.7160696741978e-10	0	-3.42103607811775e-10	-5.83567074835362e-09
0.9835	137	54	12.635047045	-3.72015529492842e-10	0	-3.06678682786601e-10	-5.42223026030508e-09
0.984	137	54	12.635047045	-3.7243652606378e-10	0	-2.73033576731884e-10	-5.02745031574227e-09
0.9845	137	54	12.635047045	-3.72910591295295e-10	0	-2.41143874634489e-10	-4.65096319798025e-09
0.985	137	54	12.635047045	-3.73403752362833e-10	0	-2.10985148045969e-10	-4.29239501138376e-09
0.9855	137	54	12.635047045	-3.73904684991544e-10	0	-1.82533040700328e-10	-3.95137740299268e-09
0.986	137	54	12.635047045	-3.7447889233988e-10	0	-1.55763212533698e-10	-3.62754128310497e-09
0.9865	137	54	12.635047045	-3.75078190728573e-10	0	-1.30651392983049e-10	-3.3205162442928e-09
0.987	137	54	12.635047045	-3.75716124878522e-10	0	-1.07173586691969e-10	-3.02993436288328e-09
0.9875	137	54	12.635047045	-3.76429554194146e-10	0	-8.53054718737754e-11	-2.75542840595401e-09
0.988	137	54	12.635047045	-3.77167408416312e-10	0	-6.50230125673389e-11	-2.4966288124007e-09
0.9885	137	54	12.635047045	-3.78016062896336e-10	0	-4.63022596720074e-11	-2.25316739742939e-09
0.989	137	54	12.635047045	-3.78939990497429e-10	0	-2.91189914694429e-11	-2.02467655664596e-09
0.9895	137	54	12.635047045	-3.79971831776516e-10	0	-1.34493815677666e-11	-1.81078676056217e-09
0.99	137	54	12.635047045	-3.8118708189927e-10	0	7.30818853110691e-13	-1.61112607111847e-09
0.9905	137	54	12.635047045	-3.82745390936634e-10	0	1.34459924098434e-11	-1.42532265661966e-09
0.991	137	54	12.635047045	-3.85059317764558e-10	0	2.47216835063824e-11	-1.25300445175859e-09
0.9915	137	54	12.635047045	-3.89733578742835e-10	0	3.45869064564461e-11	-1.09379531730533e-09
0.992	137	54	12.635047045	-3.86649379180426e-10	0	4.30266945633455e-11	-9.4731624766305e-10
0.9925	137	54	12.635047045	-3.88568510700793e-10	0	5.01139831322177e-11	-8.13188152280501e-10
0.993	137	54	12.635047045	-3.90732557420392e-10	0	5.58534147650772e-11	-6.91024325415001e-10
0.9935	137	54	12.635047045	-3.93240773277626e-10	0	6.02681526341144e-11	-5.80436457809791e-10
0.994	137	54	12.635047045	-3.96148447379119e-10	0	6.33809167188172e-11	-4.81029199751023e-10
0.9945	137	54	12.635047045	-3.99609456636085e-10	0	6.52140156622294e-11	-3.92402440108602e-10
0.995	137	54	12.635047045	-4.05412370341196e-10	0	6.57893446472337e-11	-3.14146223605617e-10
0.9955	137	54	12.635047045	-4.08798328521698e-10	0	6.51264937109504e-11	-2.45842600729337e-10
0.99575	137	54	12.635047045	-4.14930090286703e-10	0	6.43414057767298e-11	-2.15289876101814e-10
0.996	137	54	12.635047045	-4.15147916044134e-10	0	6.32451804049372e-11	-1.87062783552578e-10
0.99625	137	54	12.635047045	-4.18941548119278e-10	0	6.18527338706499e-11	-1.61105878125029e-10
0.9965	137	54	12.635047045	-4.23273194272156e-10	0	6.01614359762487e-11	-1.37361829944882e-10
0.99675	137	54	12.635047045	-4.28280300113215e-10	0	5.81726288398039e-11	-1.15772081334522e-10
0.997	137	54	12.635047045	-4.34130065229965e-10	0	5.58873249923692e-11	-9.62774781497652e-11
0.99725	137	54	12.635047045	-4.41026992703542e-10	0	5.33058346180486e-11	-7.88162059665771e-11
0.9975	137	54	12.635047045	-4.50059101098077e-10	0	5.04278471335613e-11	-6.33244540412845e-11
0.99775	137	54	12.635047045	-4.59466908964146e-10	0	4.72517126949617e-11	-4.97369376142923e-11
0.998	137	54	12.635047045	-4.72118788508169e-10	0	4.37746095446985e-11	-3.79850177439726e-11
0.998125	137	54	12.635047045	-4.79717821022518e-10	0	4.19216459530308e-11	-3.27751900278168e-11
0.99825	137	54	12.635047045	-4.88397766673643e-10	0	3.99912201585979e-11	-2.79971598446746e-11
0.998375	137	54	12.635047045	-4.98436181217699e-10	0	3.79820913083563e-11	-2.36409778047389e-11
0.9985	137	54	12.635047045	-5.10112618812286e-10	0	3.58927356868038e-11	-1.96967060990956e-11
0.998625	137	54	12.635047045	-5.23928678219931e-10	0	3.37211464815584e-11	-1.61544680662596e-11
0.99875	137	54	12.635047045	-5.40994804509864e-10	0	3.14647469799611e-11	-1.30031848006282e-11
0.998875	137	54	12.635047045	-5.60760771151081e-10	0	2.9120054612389e-11	-1.02315402657212e-11
0.999	137	54	12.635047045	-6.03585625924552e-10	0	2.66863632766002e-11	-7.82761187031551e-12
0.9990625	137	54	12.635047045	-6.31809937701178e-10	0	2.54316439969607e-11	-6.75976901204698e-12
0.999125	137	54	12.635047045	-6.18649131922666e-10	0	2.41461268277477e-11	-5.77903086717354e-12
0.9991875	137	54	12.635047045	-6.38660457852325e-10	0	2.2838189574567e-11	-4.88363591583538e-12
0.99925	137	54	12.635047045	-6.62050636535128e-10	0	2.15019626823398e-11	-4.07186749806067e-12
0.9993125	137	54	12.635047045	-6.89694967803689e-10	0	2.01357084048703e-11	-3.34180588861452e-12
0.999375	137	54	12.635047045	-7.23287207904377e-10	0	1.87372742385153e-11	-2.69153602516639e-12
0.9994375	137	54	12.635047045	-7.63370922030049e-10	0	1.73039235194722e-11	-2.11894147048984e-12
0.9995	137	54	12.635047045	-8.16416045879009e-10	0	1.5832351900866e-11	-1.6216778367876e-12
0.99953125	137	54	12.635047045	-8.73550121127664e-10	0	1.50819723550217e-11	-1.4006313231986e-12
0.9995625	137	54	12.635047045	-8.79158079669651e-10	0	1.43173119277273e-11	-1.19750514413239e-12
0.99959375	137	54	12.635047045	-9.19242015839927e-10	0	1.35418215186797e-11	-1.01198662744637e-12
0.999625	137	54	12.635047045	-9.65988844470189e-10	0	1.27529583495261e-11	-8.43749299468349e-13
0.99965625	137	54	12.635047045	-1.02125707890366e-09	0	1.19494988145004e-11	-6.9234955995575e-13
0.9996875	137	54	12.635047045	-1.08794284692237e-09	0	1.11298860481003e-11	-5.57484954226104e-13
0.99971875	137	54	12.635047045	-1.16861964549742e-09	0	1.02922166713993e-11	-4.38744072383005e-13
0.99975	137	54	12.635047045	-1.27084853751569e-09	0	9.43403341366925e-12	-3.3561849431508e-13
0.999765625	137	54	12.635047045	-1.35913524879072e-09	0	8.9967460164808e-12	-2.8976415727676e-13
0.99978125	137	54	12.635047045	-1.52666723707284e-09	0	8.55412396279071e-12	-2.47633959104948e-13
0.999796875	137	54	12.635047045	-1.48031320534869e-09	0	8.10078630186333e-12	-2.09162669567067e-13
0.9998125	137	54	12.635047045	-1.57385482424388e-09	0	7.64181536624237e-12	-1.74291851680437e-13
0.999828125	137	54	12.635047045	-1.68439262537845e-09	0	7.17424491105002e-12	-1.42922910113655e-13
0.99984375	137	54	12.635047045	-1.81733494919456e-09	0	6.69702860773472e-12	-1.14997330976546e-13
0.999859375	137	54	12.635047045	-1.97909977295296e-09	0	6.20883997173431e-12	-9.04009494799146e-14
0.999875	137	54	12.635047045	-2.1822856854925e-09	0	5.70799885033135e-12	-6.90744040422608e-14
0.9998828125	137	54	12.635047045	-2.33135333260748e-09	0	5.45234149294649e-12	-5.95990884610453e-14
0.9998898125	137	54	12.635047045	-2.43704878499784e-09	0	5.21956493905117e-12	-5.17579146423074e-14
0.9998968125	137	54	12.635047045	-2.60786303662996e-09	0	4.9835234482727e-12	-4.45362130255583e-14
0.9999038125	137	54	12.635047045	-2.91681057085214e-09	0	4.74414206817502e-12	-3.79172535535042e-14
0.9999108125	137	54	12.635047045	-2.91394508522558e-09	0	4.49886836036179e-12	-3.18869515291256e-14
0.9999178125	137	54	12.635047045	-3.13162829002067e-09	0	4.24975950433134e-12	-2.64298561840056e-14
0.9999248125	137	54	12.635047045	-3.38984840198009e-09	0	3.9953135867037e-12	-2.1546631333285e-14
0.9999318125	137	54	12.635047045	-3.7026388621797e-09	0	3.7348229177407e-12	-1.72136943315159e-14
0.9999388125	137	54	12.635047045	-4.0835026471342e-09	0	3.46738192520937e-12	-1.34165485881367e-14
0.9999458125	137	54	12.635047045	-4.58347382270574e-09	0	3.19190507515971e-12	-1.01380310924924e-14
0.9999493125	137	54	12.635047045	-4.91441731753639e-09	0	3.05067952747627e-12	-8.69312557632264e-15
0.9999528125	137	54	12.635047045	-5.4765003643098e-09	0	2.90714876129783e-12	-7.36645661116982e-15
0.9999563125	137	54	12.635047045	-5.57576407267391e-09	0	2.75983348238069e-12	-6.165956493499e-15
0.9999598125	137	54	12.635047045	-6.03017724642996e-09	0	2.60973854567981e-12	-5.08219071339157e-15
0.9999633125	137	54	12.635047045	-6.57129883840923e-09	0	2.45596740133178e-12	-4.11863842119642e-15
0.9999668125	137	54	12.635047045	-7.23430493287935e-09	0	2.29800750907734e-12	-3.26029299119865e-15
0.9999703125	137	54	12.635047045	-8.03639843560688e-09	0	2.1351967976467e-12	-2.51777456032682e-15
0.9999720625	137	54	12.635047045	-8.52472781254221e-09	0	2.05172838213271e-12	-2.18487925556689e-15
0.9999738125	137	54	12.635047045	-9.09164632467707e-09	0	1.96672629544682e-12	-1.88022072212629e-15
0.9999755625	137	54	12.635047045	-9.81646763875688e-09	0	1.88006995408486e-12	-1.60022379949573e-15
0.9999773125	137	54	12.635047045	-1.11072089303832e-08	0	1.79179515660827e-12	-1.34444663280706e-15
0.9999790625	137	54	12.635047045	-1.1244915221198e-08	0	1.70072275623428e-12	-1.11323636849436e-15
0.9999808125	137	54	12.635047045	-1.22378285283276e-08	0	1.60770552199638e-12	-9.0950507926501e-16
0.9999825625	137	54	12.635047045	-1.34304394272533e-08	0	1.51203065525716e-12	-7.25674740219571e-16
0.9999843125	137	54	12.635047045	-1.52886958648679e-08	0	1.41351779415736e-12	-5.65752749716981e-16
0.9999860625	137	54	12.635047045	-1.67245548521322e-08	0	1.31102858466485e-12	-4.27992366856233e-16
0.9999869375	137	54	12.635047045	-1.78385928251146e-08	0	1.2583594049478e-12	-3.66561357027011e-16
0.9999878125	137	54	12.635047045	-1.91985192188326e-08	0	1.20455380412234e-12	-3.11486195238561e-16
0.9999886875	137	54	12.635047045	-2.12524620124555e-08	0	1.14956623577549e-12	-2.61115295421994e-16
0.9999895625	137	54	12.635047045	-2.21963334379183e-08	0	1.092893187919e-12	-2.16127390285927e-16
0.9999904375	137	54	12.635047045	-2.41945214973782e-08	0	1.03476926381074e-12	-1.74939076145871e-16
0.9999913125	137	54	12.635047045	-2.65956436873438e-08	0	9.74830689766389e-13	-1.38594838429536e-16
0.9999921875	137	54	12.635047045	-3.00822775578524e-08	0	9.12914407486211e-13	-1.07216274237706e-16
0.9999930625	137	54	12.635047045	-3.3888454487041e-08	0	8.48435037299006e-13	-8.04868025746886e-17
0.9999935	137	54	12.635047045	-3.54580032002616e-08	0	8.15076165583494e-13	-6.89007801416071e-17
0.9999939375	137	54	12.635047045	-3.81081357581081e-08	0	7.81015473552935e-13	-5.76250612093671e-17
0.999994375	137	54	12.635047045	-4.17208325664831e-08	0	7.46115570134929e-13	-4.85960449531692e-17
0.999994775	137	54	12.635047045	-4.45630174983336e-08	0	7.1329044148785e-13	-4.05094223767153e-17
0.999995175	137	54	12.635047045	-5.14602502832417e-08	0	6.79757464373026e-13	-3.35441926276456e-17
0.999995575	137	54	12.635047045	-5.18659055703807e-08	0	6.44809950925481e-13	-2.69503126461629e-17
0.999995975	137	54	12.635047045	-5.69843314757179e-08	0	6.08918622951724e-13	-2.10842104432238e-17
0.999996375	137	54	12.635047045	-6.33906103164605e-08	0	5.71709046916229e-13	-1.62228859113993e-17
0.999996775	137	54	12.635047045	-7.10288718952512e-08	0	5.32938533815174e-13	-1.21549965187997e-17
0.999996975	137	54	12.635047045	-7.57234757120528e-08	0	5.12889268919756e-13	-1.02991448742961e-17
0.999997175	137	54	12.635047045	-8.11332634409467e-08	0	4.9233582279271e-13	-8.82394683343698e-18
0.999997375	137	54	12.635047045	-8.7695564143786e-08	0	4.71231619968562e-13	-7.27483701619853e-18
0.999997575	137	54	12.635047045	-9.76991079149059e-08	0	4.49557708817349e-13	-5.80177028166722e-18
0.999997775	137	54	12.635047045	-1.0278465367719e-07	0	4.2707685433011e-13	-4.68061521578096e-18
0.999997975	137	54	12.635047045	-1.12898847159926e-07	0	4.03888949820618e-13	-3.64632325230206e-18
0.999998175	137	54	12.635047045	-1.2531907622737e-07	0	3.79794947748419e-13	-2.86337031914133e-18
0.999998375	137	54	12.635047045	-1.42778550538125e-07	0	3.54632329798689e-13	-2.05930344093479e-18
0.999998475	137	54	12.635047045	-1.49805857496688e-07	0	3.41565539639332e-13	-1.66701541816517e-18
0.999998575	137	54	12.635047045	-1.60350693834133e-07	0	3.28171900878809e-13	-1.38502772438344e-18
0.999998675	137	54	12.635047045	-1.72742137705129e-07	0	3.14410829871228e-13	-1.15451373105532e-18
0.999998775	137	54	12.635047045	-1.8892772146728e-07	0	3.00276629398326e-13	-1.00137996427521e-18
0.999998875	137	54	12.635047045	-2.24534699277967e-07	0	2.85847587377848e-13	-6.91304448145321e-19
0.999998975	137	54	12.635047045	-2.22649891856719e-07	0	2.70682396262508e-13	-4.75069552550575e-19
0.999999075	137	54	12.635047045	-2.46702901662843e-07	0	2.54900149116315e-13	-4.05084908155447e-19
0.999999175	137	54	12.635047045	-2.76550849109825e-07	0	2.38030793061335e-13	-1.75889332327181e-19
0.999999225	137	54	12.635047045	-2.94333249994949e-07	0	2.29248955835903e-13	-2.01128858121928e-19
0.999999275	137	54	12.635047045	-3.14636064979723e-07	0	2.20412770742794e-13	-1.5115331965904e-19
0.999999325	137	54	12.635047045	-3.38101888486264e-07	0	2.11659164764791e-13	-1.44057535193713e-19
0.999999375	137	54	12.635047045	-3.66338714252734e-07	0	2.02930607242402e-13	-1.21674033670501e-19
0.999999425	137	54	12.635047045	-4.08171254129286e-07	0	1.93841688300308e-13	-4.27150795375012e-20
0.999999475	137	54	12.635047045	-4.34199485477293e-07	0	1.83727514063901e-13	-4.13424336945633e-20
0.999999525	137	54	12.635047045	-4.79838067501959e-07	0	1.72511577762707e-13	7.48007131405866e-21
0.999999575	137	54	12.635047045	-5.36194011635516e-07	0	1.60963288005566e-13	1.21330330594868e-20
0.9999996	137	54	12.635047045	-5.69658331395217e-07	0	1.55353136646748e-13	-1.40933295787101e-21
0.999999625	137	54	12.635047045	-6.07589609291637e-07	0	1.49779211888852e-13	6.89907444232568e-21
0.99999965	137	54	12.635047045	-6.50996290207928e-07	0	1.43986977360957e-13	9.64128056503104e-21
0.999999675	137	54	12.635047045	-7.01437392836013e-07	0	1.37769102450536e-13	1.43753337067745e-20
0.9999997	137	54	12.635047045	-7.62918373142796e-07	0	1.31336937381854e-13	2.59754234594083e-21
0.999999725	137	54	12.635047045	-8.61971687138308e-07	0	1.25535514809638e-13	2.34162675454826e-20
