0.79	137	54	1	0.557635778541201	0.557635778333151	0.440565141471401	0	-0	-0.281439049504574
0.7905	137	54	1	0.556805093189179	0.556805092981453	0.439513966239802	0	-0	-0.281817668162135
0.791	137	54	1	0.555981279171513	0.555981278964112	0.438472145127962	0	-0	-0.282204043256464
0.7915	137	54	1	0.555164291526344	0.55516429131926	0.437439609482544	0	-0	-0.282598263926979
0.792	137	54	1	0.554354087905888	0.554354087699113	0.436416294081597	0	-0	-0.283000422995084
0.7925	137	54	1	0.553550628562185	0.55355062835574	0.435402137107885	0	-0	-0.283410617052156
0.793	137	54	1	0.55275387633688	0.552753876130738	0.434397080127225	0	-0	-0.283828946552811
0.7935	137	54	1	0.55196379665464	0.551963796448804	0.433401068071906	0	-0	-0.284255515913635
0.794	137	54	1	0.55118035752075	0.551180357315213	0.432414049228919	0	-0	-0.284690433617572
0.7945	137	54	1	0.550403529522487	0.55040352931727	0.431435975233317	0	-0	-0.285133812324193
0.795	137	54	1	0.549633285834645	0.549633285629724	0.43046680106662	0	-0	-0.285585768986067
0.7955	137	54	1	0.548869602228875	0.548869602024254	0.429506485060268	0	-0	-0.2860464249715
0.796	137	54	1	0.548112457087383	0.54811245688305	0.428554988904195	0	-0	-0.286515906193876
0.7965	137	54	1	0.547361831420656	0.547361831216609	0.427612277660767	0	-0	-0.28699434324791
0.797	137	54	1	0.546617708889569	0.546617708685814	0.426678319783948	0	-0	-0.287481871553132
0.7975	137	54	1	0.545880075831897	0.545880075628427	0.425753087143965	0	-0	-0.287978631504877
0.798	137	54	1	0.545148921293297	0.545148921090117	0.42483655505765	0	-0	-0.288484768633207
0.7985	137	54	1	0.544424237063067	0.54442423686016	0.423928702324431	0	-0	-0.289000433770084
0.799	137	54	1	0.543706017714608	0.543706017511986	0.423029511268383	0	-0	-0.289525783225253
0.7995	137	54	1	0.542994260651102	0.542994260448741	0.422138967786313	0	-0	-0.290060978971253
0.8	137	54	1	0.542288966156159	0.54228896595407	0.421257061402365	0	-0	-0.290606188838079
0.8005	137	54	1	0.541590137450151	0.541590137248342	0.420383785329143	0	-0	-0.291161586717991
0.801	137	54	1	0.540897780752111	0.540897780550557	0.419519136535802	0	-0	-0.291727352781117
0.8015	137	54	1	0.540211905347511	0.540211905146218	0.418663115823437	0	-0	-0.29230367370244
0.802	137	54	1	0.539532523662509	0.539532523461462	0.417815727907961	0	-0	-0.292890742900977
0.8025	137	54	1	0.538859651344533	0.538859651143785	0.416976981511067	0	-0	-0.293488760791855
0.803	137	54	1	0.538193307350236	0.538193307149727	0.416146889459658	0	-0	-0.294097935052471
0.8035	137	54	1	0.537533514040218	0.537533513839972	0.415325468794085	0	-0	-0.294718480903265
0.804	137	54	1	0.536880297282266	0.536880297082269	0.414512740886049	0	-0	-0.29535062140485
0.8045	137	54	1	0.536233686562487	0.536233686362745	0.413708731566518	0	-0	-0.295994587772425
0.805	137	54	1	0.535593715105697	0.53559371490619	0.412913471264614	0	-0	-0.29665061970904
0.8055	137	54	1	0.534960420005241	0.534960419805973	0.412126995157995	0	-0	-0.297318965759318
0.806	137	54	1	0.53433384236337	0.534333842164347	0.41134934333597	0	-0	-0.297999883685327
0.8065	137	54	1	0.533714027442787	0.533714027243995	0.410580560976016	0	-0	-0.298693640866392
0.807	137	54	1	0.533101024830309	0.533101024631752	0.409820698535075	0	-0	-0.299400514724668
0.8075	137	54	1	0.532494888613882	0.532494888415559	0.409069811956698	0	-0	-0.300120793178016
0.808	137	54	1	0.531895677573901	0.531895677375802	0.408327962895265	0	-0	-0.300854775121492
0.8085	137	54	1	0.531303455390088	0.531303455192219	0.40759521895895	0	-0	-0.301602770937886
0.809	137	54	1	0.530718290865296	0.530718290667646	0.406871653972145	0	-0	-0.302365103036707
0.8095	137	54	1	0.530140258167204	0.530140257969773	0.406157348259123	0	-0	-0.303142106419073
0.81	137	54	1	0.529569437089173	0.529569436891949	0.40545238894923	0	-0	-0.303934129263484
0.8105	137	54	1	0.52900591333072	0.529005913133714	0.404756870304243	0	-0	-0.304741533523778
0.811	137	54	1	0.528449778798003	0.528449778601204	0.404070894067132	0	-0	-0.305564695525968
0.8115	137	54	1	0.527901131923266	0.527901131726672	0.403394569830629	0	-0	-0.306404006544895
0.812	137	54	1	0.52736007800156	0.527360077805172	0.402728015421953	0	-0	-0.30725987333495
0.8125	137	54	1	0.526826729541025	0.526826729344835	0.402071357298564	0	-0	-0.308132718582307
0.813	137	54	1	0.526301206621206	0.526301206425212	0.401424730946947	0	-0	-0.309022981240084
0.8135	137	54	1	0.525783637251819	0.525783637056013	0.400788281274371	0	-0	-0.309931116705193
0.814	137	54	1	0.525274157722237	0.525274157526621	0.400162162981925	0	-0	-0.310857596799207
0.8145	137	54	1	0.524772912931093	0.524772912735672	0.399546540906502	0	-0	-0.31180290953073
0.815	137	54	1	0.524280056686097	0.524280056490847	0.398941590322826	0	-0	-0.312767558649783
0.8155	137	54	1	0.523795751968544	0.523795751773473	0.398347497204182	0	-0	-0.313752063063708
0.816	137	54	1	0.523320171167626	0.523320170972735	0.397764458456665	0	-0	-0.314756956277602
0.8165	137	54	1	0.522853496307581	0.522853496112857	0.397192682168918	0	-0	-0.315782786157115
0.817	137	54	1	0.522395919320744	0.522395919126191	0.39663238795963	0	-0	-0.316830115488502
0.8175	137	54	1	0.521947642461723	0.52194764226734	0.396083807560913	0	-0	-0.317899524020064
0.818	137	54	1	0.521508879011992	0.521508878817757	0.395547185843667	0	-0	-0.318991612879183
0.8185	137	54	1	0.521079854485225	0.521079854291159	0.395022782562214	0	-0	-0.320107012410171
0.819	137	54	1	0.520660808598833	0.520660808404913	0.394510875151617	0	-0	-0.321246394470356
0.8195	137	54	1	0.520251998301738	0.52025199810795	0.394011762919237	0	-0	-0.322410489911951
0.82	137	54	1	0.519853702109058	0.51985370191542	0.393525772884598	0	-0	-0.323600111182093
0.8205	137	54	1	0.519466225837511	0.519466225644008	0.393053267275154	0	-0	-0.324816178485386
0.821	137	54	1	0.519089909501139	0.519089909307765	0.392594652204511	0	-0	-0.326059745581471
0.8215	137	54	1	0.518725134549022	0.518725134355778	0.392150386270403	0	-0	-0.32733201792878
0.822	137	54	1	0.518372329754628	0.518372329561504	0.391720986668874	0	-0	-0.328634351679401
0.8225	137	54	1	0.518031972920548	0.518031972727544	0.391307028988009	0	-0	-0.329968217682151
0.823	137	54	1	0.517704584345044	0.51770458415215	0.390909135437309	0	-0	-0.331335112051456
0.8235	137	54	1	0.517390707307135	0.517390707114345	0.390527945732802	0	-0	-0.332736397992904
0.824	137	54	1	0.5170908719386	0.517090871745911	0.390164066896686	0	-0	-0.334173079187189
0.8245	137	54	1	0.516805543754711	0.516805543562121	0.389818005359083	0	-0	-0.335645541062419
0.825	137	54	1	0.516535068594058	0.516535068401543	0.389490098922956	0	-0	-0.337153354562365
0.8255	137	54	1	0.51627964064279	0.516279640450347	0.389180485159858	0	-0	-0.338695299057975
0.826	137	54	1	0.516039332198388	0.516039332006026	0.388889156244301	0	-0	-0.340269778566921
0.8265	137	54	1	0.515814220432824	0.515814220240526	0.38861614210784	0	-0	-0.34187572354512
0.827	137	54	1	0.515604620876968	0.51560462068474	0.388361827164318	0	-0	-0.343513890829954
0.8275	137	54	1	0.515411399853434	0.51541139966125	0.38812735632916	0	-0	-0.345188286104106
0.828	137	54	1	0.515236305319676	0.515236305127537	0.387915045260127	0	-0	-0.346907313663261
0.8285	137	54	1	0.515082213752001	0.515082213559894	0.387728656468949	0	-0	-0.348684088367825
0.82875	137	54	1	0.515014248747064	0.515014248554973	0.38764673260132	0	-0	-0.349599176944562
0.829	137	54	1	0.514953062003981	0.5149530618119	0.387573234314779	0	-0	-0.350534741828369
0.82925	137	54	1	0.514899161641683	0.514899161449605	0.387508780098844	0	-0	-0.351492270914227
0.8295	137	54	1	0.51485291800049	0.514852917808424	0.387453790190434	0	-0	-0.35247227997612
0.82975	137	54	1	0.514814436570278	0.514814436378213	0.387408321879106	0	-0	-0.353473747479061
0.83	137	54	1	0.51478342910582	0.514783428913742	0.387371908131802	0	-0	-0.354493644271739
0.83025	137	54	1	0.514759141228549	0.514759141036474	0.38734347684084	0	-0	-0.355526848720695
0.8305	137	54	1	0.514740404873051	0.51474040468096	0.387321437592734	0	-0	-0.356566719862961
0.83075	137	54	1	0.514725842239469	0.514725842047373	0.387303964168823	0	-0	-0.357606331457586
0.831	137	54	1	0.514714165010214	0.514714164818106	0.387289391918337	0	-0	-0.358639972100349
#0.83125	137	54	1	0.514704457475626	0.5147044572835	0.387276581879925	0	-0	-0.359664347417191
#0.8315	137	54	1	0.514696358726494	0.514696358534353	0.38726514461409	0	-0	-0.360679160139074
#0.83175	137	54	1	0.514690136809608	0.514690136617462	0.387255520935076	0	-0	-0.361687151863011
#0.832	137	54	1	0.514686708170735	0.514686707978574	0.387248993650479	0	-0	-0.362693932682155
#0.83225	137	54	1	0.514687672417101	0.514687672224917	0.387247722545957	0	-0	-0.363707934046863
#0.8325	137	54	1	0.514695425311415	0.514695425119215	0.387254882552067	0	-0	-0.364740731216362
#0.83275	137	54	1	0.514713406029708	0.514713405837475	0.387274973637548	0	-0	-0.365807903915843
#0.833	137	54	1	0.514746522554069	0.514746522361805	0.387314351471293	0	-0	-0.366930480807917
#0.83325	137	54	1	0.514801683797376	0.514801683605076	0.387381870307959	0	-0	-0.368136364936691

0.831	137	54	1	0.514714165010214	0.514714164818106	0.387289391918337	0	-0	-0.358639972100349
0.83325	274	54	1	0.515377859756311	0.51537785974458	0.388091497835749	0	-0	-0.370026270251049
0.8335	274	54	1	0.515465513474705	0.515465513462961	0.38819662926519	0	-0	-0.371285018638307
0.83375	274	54	1	0.515563904063381	0.51556390405163	0.388314604853805	0	-0	-0.372565423189814
0.834	274	54	1	0.515673460591667	0.515673460579912	0.388445930440406	0	-0	-0.373868094060743
0.834125	274	54	1	0.51573257224055	0.515732572228796	0.388516772377022	0	-0	-0.374527998328105
0.83425	274	54	1	0.515794657980316	0.515794657968551	0.38859116814364	0	-0	-0.375193749669805
0.834375	274	54	1	0.515859786298611	0.515859786286859	0.38866919912915	0	-0	-0.37586545884745
0.8345	274	54	1	0.515928028590366	0.515928028578601	0.388750950138784	0	-0	-0.376543240292176
0.834625	274	54	1	0.515999457879804	0.515999457868035	0.388836507733808	0	-0	-0.377227206446257
0.83475	274	54	1	0.516074147278237	0.516074147266475	0.388925958263054	0	-0	-0.377917461618381
0.834875	274	54	1	0.516152168657834	0.516152168646063	0.389019386206071	0	-0	-0.378614097350313
0.835	274	54	1	0.516233592159877	0.516233592148107	0.38911687361211	0	-0	-0.379317191603232
0.835125	274	54	1	0.516318487118479	0.516318487106707	0.389218501356311	0	-0	-0.380026813637874
0.83525	274	54	1	0.51640692468963	0.516406924677859	0.389324352550643	0	-0	-0.380743035081694
0.835375	274	54	1	0.516498981926458	0.516498981914668	0.389434517741258	0	-0	-0.381465945457202
0.8355	274	54	1	0.516594746340965	0.516594746329179	0.389549100640661	0	-0	-0.382195667929953
0.835625	274	54	1	0.516694319372664	0.516694319360878	0.38966822237762	0	-0	-0.382932369156749
0.83575	274	54	1	0.516797816946257	0.516797816934451	0.389792021983114	0	-0	-0.383676256953396
0.835875	274	54	1	0.51690536572921	0.51690536571742	0.389920651414575	0	-0	-0.384427561901871
0.836	274	54	1	0.51701709494101	0.517017094929203	0.390054265024051	0	-0	-0.385186504187513
0.836125	274	54	1	0.517133125508883	0.517133125497087	0.390193005839688	0	-0	-0.385953254093537
0.83625	274	54	1	0.517253560512065	0.517253560500245	0.390336993702566	0	-0	-0.386727901513185
0.836375	274	54	1	0.517378482227136	0.517378482215327	0.390486321945487	0	-0	-0.387510452958861
0.8365	274	54	1	0.517507960419478	0.517507960407664	0.390641068333697	0	-0	-0.388300869739785
0.836625	274	54	1	0.517642072924052	0.517642072912237	0.39080132134341	0	-0	-0.389099146196853
0.83675	274	54	1	0.517780933513327	0.517780933501504	0.390967215214322	0	-0	-0.389905405350056
0.836875	274	54	1	0.517924715883792	0.517924715871962	0.391138959567846	0	-0	-0.390719970294883
0.837	274	54	1	0.518073659667295	0.518073659655478	0.391316845947455	0	-0	-0.391543364629089
0.837125	274	54	1	0.518228047452659	0.518228047440831	0.391501217807659	0	-0	-0.392376211832148
0.83725	274	54	1	0.518388152057858	0.518388152046016	0.391692403588779	0	-0	-0.393219042987988
0.837375	274	54	1	0.518554169887755	0.518554169875909	0.391890633360705	0	-0	-0.394072078352112
0.8375	274	54	1	0.518726174318658	0.518726174306803	0.392095981887974	0	-0	-0.394935101558125
0.837625	274	54	1	0.518904130517743	0.518904130505875	0.392308389572538	0	-0	-0.395807554386126
0.83775	274	54	1	0.519087993777808	0.51908799376594	0.392527787619781	0	-0	-0.396688897883599
0.837875	274	54	1	0.51927786465822	0.519277864646354	0.392754292325661	0	-0	-0.397579118543063
0.838	274	54	1	0.519474122222601	0.519474122210738	0.392988369084657	0	-0	-0.398479105228617
0.838125	274	54	1	0.519677439365438	0.519677439353562	0.393230846793793	0	-0	-0.399390602695068
0.8381875	274	54	1	0.519781998883313	0.519781998871428	0.393355546984414	0	-0	-0.399851305252175
0.83825	274	54	1	0.519888616940278	0.519888616928395	0.393482705995176	0	-0	-0.400315590332747
0.8383125	274	54	1	0.519997358852616	0.519997358840725	0.393612401458126	0	-0	-0.400783564306132
0.838375	274	54	1	0.520108253603386	0.520108253591497	0.393744665304363	0	-0	-0.4012552117398
0.8384375	274	54	1	0.520221286828119	0.520221286816218	0.393879475326937	0	-0	-0.401730379796666
0.8385	274	54	1	0.520336401053714	0.520336401041824	0.394016755862642	0	-0	-0.402208786689878
0.8385625	274	54	1	0.520453505371286	0.520453505359387	0.394156390236337	0	-0	-0.402690059395732
0.838625	274	54	1	0.520572494838866	0.520572494826955	0.394298245239734	0	-0	-0.403173799483593
0.8386875	274	54	1	0.520693277314973	0.520693277303061	0.394442204682015	0	-0	-0.403659667931779
0.83875	274	54	1	0.52081580302894	0.520815803017031	0.394588206100127	0	-0	-0.404147473128645
0.8388125	274	54	1	0.520940090983726	0.520940090971807	0.39473627326565	0	-0	-0.40463724375579
0.838875	274	54	1	0.52106624665785	0.521066246645933	0.394886537647953	0	-0	-0.405129270696263
0.8389375	274	54	1	0.521194466960761	0.521194466948827	0.395039243889502	0	-0	-0.405624107651198
0.839	274	54	1	0.521325030051833	0.521325030039899	0.395194736433782	0	-0	-0.406122525734619
0.8390625	274	54	1	0.521458268778971	0.521458268767042	0.395353425879324	0	-0	-0.406625421040982
0.839125	274	54	1	0.521594527308629	0.521594527296693	0.395515734659862	0	-0	-0.407133676884052
0.8391875	274	54	1	0.521734102216042	0.521734102204102	0.39568202377802	0	-0	-0.407647987814717
0.83925	274	54	1	0.521877173710715	0.521877173698767	0.395852507805852	0	-0	-0.408168665690718
0.8393125	274	54	1	0.522023740909562	0.522023740897602	0.396027175551807	0	-0	-0.408695471225153
0.839375	274	54	1	0.522173584969818	0.522173584957858	0.396205745917104	0	-0	-0.409227539771922
0.8394375	274	54	1	0.52232628775227	0.52232628774031	0.396387692943745	0	-0	-0.409763474722843
0.8395	274	54	1	0.522481321408179	0.522481321396204	0.396572358494942	0	-0	-0.410301639194757
0.8395625	274	54	1	0.52263819489561	0.522638194883656	0.3967591344755	0	-0	-0.410840589754845
0.839625	274	54	1	0.52279661400106	0.522796613989092	0.39694766035042	0	-0	-0.411379518195698
0.8396875	274	54	1	0.522956605020684	0.522956605008703	0.397137974359453	0	-0	-0.411918561692622
0.83975	274	54	1	0.523118572483179	0.523118572471186	0.397330582332368	0	-0	-0.412458909373666
0.8398125	274	54	1	0.52328328761106	0.523283287599077	0.397526440655653	0	-0	-0.413002710071674
0.839875	274	54	1	0.523451814356356	0.523451814344361	0.397726862293076	0	-0	-0.413552811225331
0.8399375	274	54	1	0.52362536869228	0.523625368680286	0.397933340827743	0	-0	-0.414112325306454
0.84	274	54	1	0.523805086851278	0.52380508683928	0.39814726295773	0	-0	-0.414683968616734
0.8400625	274	54	1	0.523991678264118	0.523991678252101	0.398369480524039	0	-0	-0.41526912892816
0.840125	274	54	1	0.524185007757125	0.524185007745114	0.398599798681951	0	-0	-0.415866816813759
0.8401875	274	54	1	0.524383816519685	0.52438381650766	0.398836639715376	0	-0	-0.41647308541781
0.84025	274	54	1	0.524585918276799	0.524585918264772	0.399077295111824	0	-0	-0.417081770285162
0.8403125	274	54	1	0.524788988916705	0.524788988904669	0.399318905142498	0	-0	-0.417686724566634
0.840375	274	54	1	0.524991545982719	0.524991545970674	0.399559663029093	0	-0	-0.418284356833265
0.8404375	274	54	1	0.525193545158022	0.525193545145978	0.39979953960872	0	-0	-0.418874987579836
0.8405	274	54	1	0.525396446430071	0.525396446418009	0.400040353452014	0	-0	-0.419462771189585
0.8405625	274	54	1	0.525603002891598	0.525603002879538	0.400285501892521	0	-0	-0.42005493669098
0.840625	274	54	1	0.525816998058895	0.525816998046839	0.400539630673199	0	-0	-0.420660938302438
0.8406875	274	54	1	0.526042854568335	0.526042854556265	0.400808145533789	0	-0	-0.421291290307812
0.84071875	274	54	1	0.526161560791597	0.52616156077953	0.400949414244986	0	-0	-0.421618561141138
0.84075	274	54	1	0.526284599800262	0.526284599788184	0.401095934311867	0	-0	-0.42195480976759
0.84078125	274	54	1	0.52641199814752	0.526411998135442	0.401247726425239	0	-0	-0.422299844555461
0.8408125	274	54	1	0.526543361012814	0.526543361000731	0.401404293945484	0	-0	-0.422652423224157
0.84084375	274	54	1	0.526677800805937	0.526677800793842	0.401564537634095	0	-0	-0.423010125935111
0.840875	274	54	1	0.526814001509841	0.526814001497752	0.401726837277991	0	-0	-0.423369571530886
0.84090625	274	54	1	0.52695044895996	0.526950448947862	0.401889336054534	0	-0	-0.42372702593328
0.8409375	274	54	1	0.527085752551371	0.527085752539277	0.402050335136349	0	-0	-0.424079195290284
0.84096875	274	54	1	0.527218915767487	0.527218915755383	0.402208623580741	0	-0	-0.42442385135854
0.841	274	54	1	0.527349456914016	0.527349456901922	0.402363623618719	0	-0	-0.42476006878154
0.84103125	274	54	1	0.527477385951126	0.527477385939019	0.402515359789932	0	-0	-0.4250881147233
0.8410625	274	54	1	0.527603107514826	0.527603107502708	0.402664338462648	0	-0	-0.425409175756646
0.84109375	274	54	1	0.527727317747283	0.527727317735171	0.40281142058993	0	-0	-0.425725086833911
0.841125	274	54	1	0.527850931164138	0.527850931152028	0.40295773177782	0	-0	-0.426038143892386
0.84115625	274	54	1	0.527975047738824	0.527975047726705	0.403104621800197	0	-0	-0.426351017529291
0.8411875	274	54	1	0.528100958266876	0.528100958254763	0.403253670919848	0	-0	-0.426666757115612
0.84121875	274	54	1	0.528230182827807	0.528230182815691	0.403406736451441	0	-0	-0.426988867934696
0.84125	274	54	1	0.528364534965231	0.528364534953089	0.403566030309587	0	-0	-0.427321438827783
0.84128125	274	54	1	0.528506192961305	0.528506192949165	0.403734204479395	0	-0	-0.427669270852354
0.8413125	274	54	1	0.528657718832985	0.528657718820841	0.403914371503069	0	-0	-0.428037863098714
0.84134375	274	54	1	0.528821851405217	0.528821851393069	0.404109847764498	0	-0	-0.42843285670421
0.841375	274	54	1	0.529000668943602	0.529000668931449	0.40432312718506	0	-0	-0.428858049656081
0.84140625	274	54	1	0.529193617469233	0.529193617457087	0.404553477179945	0	-0	-0.429310985811498
0.8414375	274	54	1	0.529395156514112	0.529395156501943	0.40479408733546	0	-0	-0.429778091645981
0.84146875	274	54	1	0.529595607310648	0.529595607298474	0.405033141049691	0	-0	-0.430237364949724
0.8415	274	54	1	0.529786520398776	0.529786520386593	0.405260373615178	0	-0	-0.430670673006125
0.84153125	274	54	1	0.529964484661539	0.529964484649368	0.405471686267483	0	-0	-0.431071640646166
0.8415625	274	54	1	0.530130192701278	0.530130192689089	0.405667974970889	0	-0	-0.431442887536701
0.84159375	274	54	1	0.530286129861535	0.530286129849335	0.405852303697833	0	-0	-0.431790660004843
0.841625	274	54	1	0.530435209887873	0.530435209875681	0.40602824410466	0	-0	-0.432121838225462
0.84165625	274	54	1	0.530580329933161	0.530580329920975	0.40619933764467	0	-0	-0.432443032134719
0.8416875	274	54	1	0.530724383495173	0.530724383482978	0.406369114318184	0	-0	-0.432760663452655
0.84171875	274	54	1	0.530870496472109	0.530870496459903	0.406541381463303	0	-0	-0.433081498497857
0.84175	274	54	1	0.531022463600114	0.531022463587908	0.406720754719201	0	-0	-0.433413571045071
0.84178125	274	54	1	0.531185547353332	0.531185547341114	0.406913627513358	0	-0	-0.433767816212725
0.8418125	274	54	1	0.531368129323311	0.531368129311079	0.407130171969083	0	-0	-0.434161378502154
0.84184375	274	54	1	0.531585530287988	0.531585530275768	0.407388960278548	0	-0	-0.434625111507416
0.841875	274	54	1	0.531867975493567	0.531867975481333	0.407726563686652	0	-0	-0.435218455449795
0.84190625	274	54	1	0.532244355240583	0.532244355228326	0.408177616720802	0	-0	-0.435991588199413
0.8419375	274	54	1	0.53261176570057	0.532611765688301	0.408616912816298	0	-0	-0.436727519947378
0.841953125	274	54	1	0.53275993187626	0.532759931863995	0.408793294325747	0	-0	-0.437019697291784
0.84196875	274	54	1	0.532888765301142	0.532888765288882	0.408946202306431	0	-0	-0.437271910708664
0.841984375	274	54	1	0.533003360718587	0.533003360706323	0.409081838579893	0	-0	-0.437494971075626
0.842	274	54	1	0.533107517249268	0.533107517236994	0.409204820169721	0	-0	-0.437696782004141
0.842015625	274	54	1	0.533203931973052	0.533203931960772	0.409318421750457	0	-0	-0.43788288985158
0.84203125	274	54	1	0.533294545887062	0.533294545874795	0.409424998489142	0	-0	-0.438057252501893
0.842046875	274	54	1	0.533380803027771	0.533380803015493	0.409526301700433	0	-0	-0.438222793552569
0.8420625	274	54	1	0.533463822609	0.533463822596714	0.409623688226605	0	-0	-0.438381763895761
0.842078125	274	54	1	0.533544512846222	0.533544512833944	0.409718258754871	0	-0	-0.438535977853879
0.84209375	274	54	1	0.533623649270844	0.533623649258557	0.409810952910123	0	-0	-0.438686973811451
0.842109375	274	54	1	0.533701932721547	0.533701932709258	0.409902619619737	0	-0	-0.438836131644743
0.842125	274	54	1	0.533780037373526	0.533780037361235	0.409994075345829	0	-0	-0.438984768458946
0.842140625	274	54	1	0.533858657012558	0.533858657000263	0.410086160146613	0	-0	-0.439134229188924
0.84215625	274	54	1	0.533938558042266	0.533938558029976	0.410179801851408	0	-0	-0.439285988642793
0.842171875	274	54	1	0.534020651112839	0.534020651100534	0.410276102736447	0	-0	-0.439441787636468
0.8421875	274	54	1	0.534106102514782	0.534106102502488	0.410376474273499	0	-0	-0.439603842975492
0.842203125	274	54	1	0.534196529847592	0.534196529835299	0.410482873766685	0	-0	-0.439775214500129
0.84221875	274	54	1	0.534294390427785	0.534294390415486	0.410598273998329	0	-0	-0.439960531442642
0.842234375	274	54	1	0.534403875937028	0.534403875924715	0.4107277448164	0	-0	-0.440167661637396
0.84225	274	54	1	0.534533471945449	0.534533471933142	0.410881546926849	0	-0	-0.44041247662433
0.842265625	274	54	1	0.534706828707432	0.534706828695115	0.411088268953008	0	-0	-0.44073903780742
0.8422734375	274	54	1	0.534838620256632	0.53483862024431	0.411246159729569	0	-0	-0.440986237923925
0.84227734375	274	54	1	0.534944068267362	0.534944068255056	0.41137289382581	0	-0	-0.441183100481062
0.842279296875	274	54	1	0.535038251320198	0.535038251307876	0.411486338100877	0	-0	-0.44135805620525
0.842280273437	274	54	1	0.535813984124732	0.535813984112386	0.412421136704282	0	-0	-0.442750940210637
0.842281249999	274	54	1	0.535846970459816	0.535846970447467	0.412460597253592	0	-0	-0.442807907918393
0.842282226561	274	54	1	0.535875374614928	0.535875374602578	0.412494543407181	0	-0	-0.442856810476039
0.842283203123	274	54	1	0.535900610835268	0.535900610822911	0.412524677411217	0	-0	-0.442900142111164
0.842284179685	274	54	1	0.535923496731604	0.535923496719242	0.412551983329715	0	-0	-0.442939343915735
0.842285156247	274	54	1	0.535944554166617	0.535944554154258	0.412577089241123	0	-0	-0.442975335193824
0.842286132809	274	54	1	0.535964139640065	0.535964139627724	0.412600424186873	0	-0	-0.443008743625642
0.842287109371	274	54	1	0.535982509096793	0.535982509084452	0.412622296180461	0	-0	-0.443040019630063
0.842288085933	274	54	1	0.535999853413378	0.535999853401033	0.412642934921613	0	-0	-0.443069498965007
0.842289062495	274	54	1	0.536016319288861	0.53601631927651	0.412662516941057	0	-0	-0.443097439568096
0.842290039057	274	54	1	0.536032022256828	0.536032022244465	0.412681181261899	0	-0	-0.443124044496576
0.842291015619	274	54	1	0.536047055165697	0.536047055153337	0.412699039606485	0	-0	-0.443149476873614
0.842291992181	274	54	1	0.536061493915377	0.536061493903025	0.412716183300644	0	-0	-0.443173869996122
0.842292968743	274	54	1	0.536075401460528	0.536075401448174	0.412732688091762	0	-0	-0.443197334386622
0.842293945305	274	54	1	0.536088830679432	0.536088830667069	0.412748617601533	0	-0	-0.443219962845592
0.842294921867	274	54	1	0.536101826477149	0.536101826464805	0.412764025857052	0	-0	-0.443241834154386
0.842295898429	274	54	1	0.5361144273585	0.536114427346153	0.41277895918379	0	-0	-0.443263015843835
0.842296874991	274	54	1	0.536126666624853	0.536126666612492	0.412793457645899	0	-0	-0.443283566300624
0.842297851553	274	54	1	0.536138573299157	0.536138573286794	0.412807556159464	0	-0	-0.443303536394733
0.842298828115	274	54	1	0.536150172850789	0.536150172838428	0.412821285364642	0	-0	-0.443322970754381
0.842299804677	274	54	1	0.53616148777046	0.536161487758108	0.412834672317624	0	-0	-0.443341908777175
0.842300781239	274	54	1	0.536172538031487	0.536172538019129	0.412847741045579	0	-0	-0.443360385441099
0.842301757801	274	54	1	0.536183341463496	0.536183341451136	0.4128605129965	0	-0	-0.443378431961565
0.842302734363	274	54	1	0.536193914058178	0.536193914045822	0.412873007407013	0	-0	-0.443396076328714
0.842303710925	274	54	1	0.53620427022139	0.536204270209038	0.41288524160572	0	-0	-0.443413343750434
0.842304687487	274	54	1	0.536214422982761	0.5362144229704	0.412897231265524	0	-0	-0.443430257020618
0.842305664049	274	54	1	0.536224384171115	0.536224384158757	0.412908990614599	0	-0	-0.443446836827386
0.842306640611	274	54	1	0.536234164562405	0.536234164550052	0.412920532614443	0	-0	-0.443463102012778
0.842307617173	274	54	1	0.536243774005095	0.536243773992735	0.412931869110682	0	-0	-0.44347906979296
0.842308593735	274	54	1	0.536253221527061	0.536253221514704	0.412943010961818	0	-0	-0.443494755945984
0.842309570297	274	54	1	0.53626251542732	0.536262515414969	0.412953968149479	0	-0	-0.44351017497268
0.842310546859	274	54	1	0.536271663355042	0.536271663342687	0.412964749873505	0	-0	-0.443525340235374
0.842311523421	274	54	1	0.536280672377896	0.53628067236554	0.412975364634227	0	-0	-0.44354026407787
0.842312499983	274	54	1	0.53628954904157	0.536289549029203	0.412985820304057	0	-0	-0.443554957929778
0.842313476545	274	54	1	0.536298299421624	0.536298299409265	0.412996124189879	0	-0	-0.443569432397606
0.842314453107	274	54	1	0.536306929169097	0.536306929156742	0.413006283087839	0	-0	-0.443583697344574
0.842315429669	274	54	1	0.536315443550481	0.536315443538113	0.41301630333156	0	-0	-0.443597761960821
0.842316406231	274	54	1	0.536323847482989	0.536323847470639	0.413026190834544	0	-0	-0.443611634825343
0.842317382793	274	54	1	0.536332145566065	0.536332145553708	0.413035951127975	0	-0	-0.443625323960928
0.842318359355	274	54	1	0.536340342108954	0.536340342096593	0.413045589394042	0	-0	-0.443638836882822
0.842319335917	274	54	1	0.536348441155622	0.536348441143263	0.413055110495818	0	-0	-0.443652180642211
0.842320312479	274	54	1	0.536356446506884	0.536356446494521	0.413064519003891	0	-0	-0.443665361865002
0.842321289041	274	54	1	0.536364361740209	0.536364361727844	0.413073819220246	0	-0	-0.443678386786599
0.842322265603	274	54	1	0.536372190227569	0.536372190215197	0.41308301519963	0	-0	-0.4436912612831
0.842323242165	274	54	1	0.536379935151445	0.536379935139076	0.41309211076897	0	-0	-0.443703990899401
0.842324218727	274	54	1	0.536387599519389	0.536387599507025	0.413101109544705	0	-0	-0.443716580874615
0.842325195289	274	54	1	0.536395186177058	0.536395186164692	0.413110014948569	0	-0	-0.443729036164943
0.842326171851	274	54	1	0.536402697820117	0.536402697807747	0.413118830221971	0	-0	-0.443741361464529
0.842327148413	274	54	1	0.536410137005018	0.53641013699265	0.413127558438794	0	-0	-0.44375356122432
0.842328124975	274	54	1	0.536417506158831	0.536417506146469	0.413136202517391	0	-0	-0.443765639669249
0.842329101537	274	54	1	0.536424807588225	0.536424807575851	0.413144765231187	0	-0	-0.443777600813926
0.842330101537	274	54	1	0.536432216365213	0.536432216352841	0.413153451892521	0	-0	-0.443789731463071
0.842331101537	274	54	1	0.536439558670915	0.536439558658549	0.413162058698967	0	-0	-0.443801747018752
0.842332101537	274	54	1	0.536446836640338	0.536446836627975	0.413170588217542	0	-0	-0.443813651194943
0.842333101537	274	54	1	0.536454052308058	0.536454052295705	0.413179042894496	0	-0	-0.443825447530342
0.842334101537	274	54	1	0.536461207614787	0.536461207602419	0.413187425063124	0	-0	-0.443837139399754
0.842335101537	274	54	1	0.536468304413221	0.536468304400849	0.413195736950959	0	-0	-0.443848730024514
0.842336101537	274	54	1	0.536475344473649	0.536475344461288	0.41320398068643	0	-0	-0.443860222482115
0.842337101537	274	54	1	0.536482329488984	0.536482329476623	0.413212158304827	0	-0	-0.443871619715018
0.842338101537	274	54	1	0.536489261079417	0.536489261067049	0.413220271754063	0	-0	-0.443882924538874
0.842339101537	274	54	1	0.536496140796728	0.536496140784363	0.413228322899804	0	-0	-0.443894139650051
0.842340101537	274	54	1	0.53650297012835	0.536502970115984	0.41323631353027	0	-0	-0.443905267632642
0.842341101537	274	54	1	0.536509750501012	0.536509750488651	0.413244245360719	0	-0	-0.44391631096494
0.842342101537	274	54	1	0.536516483284225	0.53651648327187	0.413252120037595	0	-0	-0.443927272025449
0.842343101537	274	54	1	0.536523169793486	0.53652316978112	0.413259939142403	0	-0	-0.443938153098502
0.842344101537	274	54	1	0.536529811293187	0.536529811280813	0.413267704195177	0	-0	-0.443948956379412
0.842345101537	274	54	1	0.536536408999449	0.53653640898708	0.413275416657941	0	-0	-0.443959683979355
0.842346101537	274	54	1	0.536542964082707	0.536542964070344	0.41328307793775	0	-0	-0.443970337929856
0.842347101537	274	54	1	0.536549477670112	0.536549477657743	0.413290689389609	0	-0	-0.443980920187015
0.842348101537	274	54	1	0.536555950847742	0.536555950835375	0.41329825231918	0	-0	-0.443991432635442
0.842349101537	274	54	1	0.536562384662771	0.536562384650402	0.413305767985332	0	-0	-0.444001877091914
0.842350101537	274	54	1	0.536568780125395	0.536568780113032	0.413313237602405	0	-0	-0.444012255308847
0.842351101537	274	54	1	0.536575138210716	0.536575138198353	0.413320662342652	0	-0	-0.444022568977493
0.842352101537	274	54	1	0.536581459860467	0.536581459848092	0.413328043338105	0	-0	-0.444032819731008
0.842353101537	274	54	1	0.536587745984575	0.536587745972203	0.413335381682643	0	-0	-0.444043009147224
0.842354101537	274	54	1	0.536593997462823	0.536593997450441	0.413342678433841	0	-0	-0.444053138751396
0.842355101537	274	54	1	0.536600215146113	0.536600215133751	0.413349934614609	0	-0	-0.444063210018637
0.842356101537	274	54	1	0.536606399858031	0.536606399845671	0.413357151214897	0	-0	-0.444073224376334
0.842357101537	274	54	1	0.536612552395941	0.536612552383557	0.413364329193229	0	-0	-0.444083183206326
0.842358101537	274	54	1	0.53661867353218	0.536618673519822	0.413371469478078	0	-0	-0.444093087847033
0.842359101537	274	54	1	0.53662476401543	0.536624764003052	0.413378572969332	0	-0	-0.444102939595418
0.842360101537	274	54	1	0.536630824571452	0.536630824559066	0.413385640539459	0	-0	-0.444112739708831
0.842361101537	274	54	1	0.536636855904324	0.536636855891954	0.413392673034822	0	-0	-0.444122489406819
0.842362101537	274	54	1	0.536642858697377	0.536642858685006	0.413399671276786	0	-0	-0.444132189872742
0.842363101537	274	54	1	0.536648833613993	0.536648833601627	0.413406636062804	0	-0	-0.444141842255381
0.842364101537	274	54	1	0.536654781298563	0.536654781286188	0.413413568167422	0	-0	-0.444151447670405
0.842365101537	274	54	1	0.536660702377217	0.536660702364854	0.413420468343341	0	-0	-0.444161007201821
0.842366101537	274	54	1	0.536666597458673	0.536666597446313	0.413427337322245	0	-0	-0.444170521903251
0.842367101537	274	54	1	0.536672467134919	0.536672467122555	0.413434175815732	0	-0	-0.444179992799278
0.842368101537	274	54	1	0.536678311981897	0.536678311969518	0.413440984516062	0	-0	-0.444189420886583
0.842369101537	274	54	1	0.53668413256015	0.536684132547776	0.41344776409713	0	-0	-0.44419880713513
0.842370101537	274	54	1	0.536689929415533	0.536689929403158	0.413454515215011	0	-0	-0.444208152489255
0.842371101537	274	54	1	0.536695703079685	0.536695703067319	0.413461238508788	0	-0	-0.444217457868661
0.842372101537	274	54	1	0.536701454070725	0.536701454058349	0.413467934601208	0	-0	-0.444226724169472
0.842373101537	274	54	1	0.536707182893633	0.536707182881264	0.41347460409935	0	-0	-0.444235952265087
0.842374101537	274	54	1	0.536712890040928	0.536712890028552	0.413481247595183	0	-0	-0.444245143007145
0.842375101537	274	54	1	0.53671857599301	0.536718575980638	0.413487865666204	0	-0	-0.444254297226313
0.842376101537	274	54	1	0.536724241218755	0.536724241206378	0.413494458876001	0	-0	-0.444263415733168
0.842377101537	274	54	1	0.53672988617585	0.536729886163476	0.413501027774752	0	-0	-0.444272499318905
0.842378101537	274	54	1	0.536735511311285	0.536735511298919	0.413507572899775	0	-0	-0.444281548756105
0.842379101537	274	54	1	0.536741117061768	0.536741117049394	0.413514094775967	0	-0	-0.444290564799457
0.842429101537	274	54	1	0.537004228956572	0.537004228944196	0.413819610776185	0	-0	-0.444711803853058
0.842479101537	274	54	1	0.537254387436848	0.537254387424467	0.414109700891303	0	-0	-0.445110757551531
0.842529101537	274	54	1	0.537519608414377	0.537519608401983	0.41441809094912	0	-0	-0.44553546537099
0.842579101537	274	54	1	0.537867237835669	0.537867237823266	0.414825934035587	0	-0	-0.446100699074176
0.842591601537	274	54	1	0.538012201632294	0.538012201619881	0.414997873309531	0	-0	-0.446340623733885
0.842597851537	274	54	1	0.538152495539051	0.538152495526633	0.415165538772785	0	-0	-0.446575380824014
0.842598632787	274	54	1	0.53820609277003	0.538206092757608	0.415229933267948	0	-0	-0.446665679126843
0.842598644994	274	54	1	0.538208172019442	0.538208172007023	0.415232435167089	0	-0	-0.446669188311636
0.842598657201	274	54	1	0.538210529666808	0.538210529654396	0.415235272394063	0	-0	-0.446673167885975
0.842598669408	274	54	1	0.538213320902941	0.538213320890526	0.415238631874457	0	-0	-0.446677880060735
0.842598669503	274	54	1	0.53821334505359	0.538213345041181	0.415238660943946	0	-0	-0.446677920835381
0.842598669598	274	54	1	0.538213369250767	0.538213369238349	0.415238690069465	0	-0	-0.446677961688618
0.842598669645	274	54	1	0.538213381239207	0.538213381226798	0.415238704499671	0	-0	-0.446677981929312
0.842598669692	274	54	1	0.538213393239116	0.538213393226704	0.415238718943661	0	-0	-0.446678002189364
0.842598669703	274	54	1	0.538213396049257	0.538213396036852	0.415238722326181	0	-0	-0.446678006933883
0.842598669708	274	54	1	0.538213397326795	0.538213397314385	0.415238723863913	0	-0	-0.446678009090807

0.842598669708	274	54	1	0.538213397326795	0.538213397314385	0.415238723863913	0	-0	-0.446678009090807
0.842598669703	274	54	1	0.538238492739035	0.538238492726617	0.415268950985428	0	-0	-0.446720409938538
0.842597669703	274	54	1	0.538307333369717	0.538307333357297	0.415352074101697	0	-0	-0.446837010579786
0.842596659703	274	54	1	0.53834091813086	0.538340918118455	0.415392732629765	0	-0	-0.446894025181143
0.842595639603	274	54	1	0.538367142037209	0.538367142024791	0.415424526173759	0	-0	-0.446938590317692
0.842594609302	274	54	1	0.538389584247147	0.538389584234717	0.415451765927632	0	-0	-0.446976755050428
0.842593568698	274	54	1	0.538409640787532	0.538409640775123	0.415476133469694	0	-0	-0.447010878956789
0.842592517688	274	54	1	0.53842802911011	0.538428029097695	0.415498493015997	0	-0	-0.447042174703164
0.842591456168	274	54	1	0.538445175731947	0.538445175719527	0.415519358340584	0	-0	-0.447071363173567
0.842590384033	274	54	1	0.538461358681308	0.538461358668878	0.415539064355265	0	-0	-0.44709891422494
0.842589301177	274	54	1	0.538476771205317	0.5384767711929	0.415557843847616	0	-0	-0.447125154369688
0.842588207493	274	54	1	0.538491554169046	0.538491554156625	0.415575866506911	0	-0	-0.447150321541376
0.842587102873	274	54	1	0.538505814113234	0.538505814100812	0.415593260675583	0	-0	-0.447174595620333
0.842585987207	274	54	1	0.538519634051745	0.538519634039321	0.415610126355469	0	-0	-0.447198116686721
0.842584860385	274	54	1	0.538533080245186	0.538533080232757	0.415626543366568	0	-0	-0.447220996471352
0.842583722295	274	54	1	0.53854620670434	0.538546206691917	0.415642576772151	0	-0	-0.447243325969247
0.842582572825	274	54	1	0.538559058224247	0.538559058211832	0.415658280532967	0	-0	-0.447265180568431
0.842581411861	274	54	1	0.538571672559741	0.53857167254732	0.415673700128259	0	-0	-0.447286623727745
0.842580239288	274	54	1	0.538584081968463	0.538584081956042	0.415688874414233	0	-0	-0.447307709584789
0.84258	274	54	1	0.538586576834318	0.538586576821897	0.415691925745208	0	-0	-0.447311947649417
0.84257905499	274	54	1	0.538596314360047	0.538596314347625	0.415703837008154	0	-0	-0.447328484897834
0.84257785885	274	54	1	0.538608394162328	0.538608394149905	0.415718617331826	0	-0	-0.447348990509292
0.842576650749	274	54	1	0.538620342995744	0.538620342983321	0.415733241423976	0	-0	-0.447369262484698
0.842575430567	274	54	1	0.53863218018113	0.538632180168712	0.415747732551756	0	-0	-0.447389332969671
0.842574198184	274	54	1	0.538643923140595	0.538643923128175	0.415762111693222	0	-0	-0.447409230865948
0.842572953478	274	54	1	0.538655587746142	0.538655587733715	0.415776397957663	0	-0	-0.44742898241903
0.842571696325	274	54	1	0.538667188586592	0.538667188574157	0.415790608907001	0	-0	-0.447448611667261
0.842570426601	274	54	1	0.538678739169464	0.538678739157042	0.415804760798401	0	-0	-0.447468140780732
0.84256914418	274	54	1	0.538690252123558	0.538690252111128	0.415818868828525	0	-0	-0.447487590400992
0.842567848935	274	54	1	0.538701739344945	0.538701739332525	0.415832947309144	0	-0	-0.447506979885107
0.842566540738	274	54	1	0.538713212130372	0.538713212117933	0.415847009827486	0	-0	-0.447526327527598
0.84256521946	274	54	1	0.538724681292773	0.538724681280344	0.415861069385446	0	-0	-0.447545650752344
0.84256388497	274	54	1	0.538736157271979	0.538736157259546	0.415875138532532	0	-0	-0.447564966295212
0.842562537136	274	54	1	0.538747650217018	0.538747650204585	0.415889229464899	0	-0	-0.447584290338876
0.842561175824	274	54	1	0.538759170077759	0.538759170065331	0.415903354135444	0	-0	-0.447603638662367
0.84256	274	54	1	0.538769057642725	0.538769057630293	0.415915477821788	0	-0	-0.447620228066688
0.84254	274	54	1	0.538934192194417	0.538934192181997	0.416117866620528	0	-0	-0.447894464343359
0.8425	274	54	1	0.539383940929776	0.539383940917333	0.416664336723099	0	-0	-0.4486043192811
0.8424975	274	54	1	0.539455511627904	0.539455511615457	0.416750272465224	0	-0	-0.448711587809095
0.84249625	274	54	1	0.539534499295527	0.539534499283079	0.416844738354268	0	-0	-0.448828169557729
0.842496210938	274	54	1	0.539543125318784	0.53954312530633	0.416855030727571	0	-0	-0.448840788728307
0.842496191407	274	54	1	0.539551548830479	0.539551548818021	0.416865076914607	0	-0	-0.448853090576046
0.842496188966	274	54	1	0.539554397897539	0.539554397885094	0.416868473798017	0	-0	-0.448857246708776
0.84249618889	274	54	1	0.539554560973338	0.539554560960876	0.416868668214309	0	-0	-0.448857484527095
0.842496188814	274	54	1	0.539554741283304	0.539554741270844	0.416868883174989	0	-0	-0.448857747469512
0.842496188738	274	54	1	0.539554945820829	0.539554945808377	0.416869127016598	0	-0	-0.44885804573102
0.8424961887	274	54	1	0.539555060937649	0.5395550609252	0.416869264253181	0	-0	-0.448858213591749
0.842496188662	274	54	1	0.53955518817205	0.539555188159602	0.416869415934756	0	-0	-0.448858399117559
0.842496188643	274	54	1	0.539555257735742	0.539555257723291	0.41686949886419	0	-0	-0.448858500549291
0.8424961886	274	54	1	0.539555436193789	0.539555436181322	0.416869711609162	0	-0	-0.448858760754843

0.8424961886	274	54	1	0.539555436193789	0.539555436181322	0.416869711609162	0	-0	-0.448858760754843
0.842496188662	274	54	1	0.539557362986759	0.53955736297431	0.416872008466147	0	-0	-0.448861569576084
0.8424961887	274	54	1	0.53955749021605	0.539557490203604	0.416872160123086	0	-0	-0.448861755009066
0.8424961888	274	54	1	0.539557774275295	0.539557774262838	0.416872498717188	0	-0	-0.448862169000088
0.8424961898	274	54	1	0.539559430470927	0.539559430458472	0.416874472774263	0	-0	-0.448864582289703
0.8424961909	274	54	1	0.53956056871572	0.53956056870327	0.416875829373326	0	-0	-0.448866240395523
0.84249619211	274	54	1	0.539561543996867	0.539561543984434	0.416876991681502	0	-0	-0.448867660808868
0.842496193441	274	54	1	0.539562441105451	0.539562441093004	0.416878060772973	0	-0	-0.448868967126328
0.842496194905	274	54	1	0.5395632966878	0.539563296675354	0.416879080329864	0	-0	-0.4488702127578
0.842496196515	274	54	1	0.539564130713007	0.539564130700556	0.416880074153549	0	-0	-0.448871426799799
0.842496198286	274	54	1	0.539564956061343	0.539564956048895	0.416881057594542	0	-0	-0.448872628012537
0.842496200234	274	54	1	0.539565781480208	0.539565781467752	0.41688204107646	0	-0	-0.448873829130149
0.8424963	274	54	1	0.539585585014897	0.539585585002449	0.416905623966487	0	-0	-0.448902587389103
0.84249641	274	54	1	0.539597585893034	0.539597585880577	0.416919903082021	0	-0	-0.448919959913039
0.842496531	274	54	1	0.539607645637527	0.539607645625019	0.416931865579015	0	-0	-0.448934490764648
0.8424966641	274	54	1	0.539616811808359	0.539616811795915	0.416942759956023	0	-0	-0.448947705876445
0.84249681051	274	54	1	0.539625508692376	0.539625508679926	0.416953091701	0	-0	-0.448960222469855
0.842496971561	274	54	1	0.539633961015647	0.539633961003186	0.416963128383373	0	-0	-0.448972366726637
0.842497148717	274	54	1	0.539642307398267	0.539642307385821	0.416973034896838	0	-0	-0.448984339168432
0.842497343588	274	54	1	0.539650642705099	0.539650642692656	0.41698292394118	0	-0	-0.4489962763815
0.842497557946	274	54	1	0.539659037202532	0.53965903719009	0.416992878854836	0	-0	-0.449008278926932
0.842497793739	274	54	1	0.539667546230208	0.539667546217756	0.417002965140866	0	-0	-0.449020425425951
0.842498053111	274	54	1	0.539676215753864	0.539676215741403	0.417013237081702	0	-0	-0.449032780634673
0.84249833842	274	54	1	0.539685085585534	0.539685085573078	0.417023741573601	0	-0	-0.449045400120782
0.842498652259	274	54	1	0.539694191459882	0.539694191447413	0.417034520596839	0	-0	-0.449058333269688
0.842498997481	274	54	1	0.539703566467986	0.539703566455529	0.417045612919245	0	-0	-0.44907162535021
0.842499377225	274	54	1	0.539713242019991	0.539713242007526	0.417057055237423	0	-0	-0.449085318892349
0.842499794943	274	54	1	0.539723248504817	0.539723248492362	0.417068882957192	0	-0	-0.449099454623216
0.842500254432	274	54	1	0.539733615837305	0.539733615824847	0.417081130838278	0	-0	-0.449114072233431
0.842501	274	54	1	0.53974927959678	0.539749279584333	0.417099623662649	0	-0	-0.44913610428158
0.842502	274	54	1	0.539768522265953	0.539768522253481	0.417122321826662	0	-0	-0.449163083341337
0.8425031	274	54	1	0.539787899989265	0.5397878999768	0.417145157267063	0	-0	-0.44919015616507
0.84250431	274	54	1	0.539807551392273	0.539807551379809	0.41716829289109	0	-0	-0.449217514818801
0.842505641	274	54	1	0.539827591958397	0.539827591945928	0.417191863789391	0	-0	-0.449245316676994
0.8425071051	274	54	1	0.539848122575303	0.539848122562827	0.417215987401263	0	-0	-0.44927369678597
0.84250871561	274	54	1	0.539869234962599	0.539869234950129	0.417240769960036	0	-0	-0.449302775672413
0.842510487171	274	54	1	0.539891015323701	0.539891015311238	0.417266310819327	0	-0	-0.44933266455331
0.842512435888	274	54	1	0.539913546940934	0.539913546928463	0.41729270551684	0	-0	-0.44936346899455
0.842514579476	274	54	1	0.539936912122184	0.539936912109711	0.417320048062505	0	-0	-0.449395291612393
0.842516937422	274	54	1	0.539961193764	0.539961193751525	0.417348432766042	0	-0	-0.449428234200688
0.842519531162	274	54	1	0.539986476658626	0.539986476646161	0.417377955756013	0	-0	-0.449462399471154
0.842522384276	274	54	1	0.540012848667997	0.540012848655535	0.417408716336722	0	-0	-0.449497892582764
0.842525522701	274	54	1	0.540040401824065	0.540040401811592	0.417440818253475	0	-0	-0.449534822547189
0.842528974968	274	54	1	0.540069233452513	0.540069233440035	0.417474370981049	0	-0	-0.449573303645645
0.842532772461	274	54	1	0.540099447331466	0.540099447318976	0.417509491049409	0	-0	-0.449613456876385
0.842536949703	274	54	1	0.540131154958733	0.540131154946246	0.417546303493698	0	-0	-0.449655411535626
0.842541544669	274	54	1	0.54016447695915	0.540164476946655	0.417584943466245	0	-0	-0.449699306978218
0.842546599131	274	54	1	0.540199544710281	0.540199544697765	0.417625558103184	0	-0	-0.44974529466851
0.842552159039	274	54	1	0.540236502264631	0.540236502252111	0.417668308738651	0	-0	-0.449793540632663
0.842558274937	274	54	1	0.540275508632977	0.54027550862044	0.417713373543863	0	-0	-0.44984422841002
0.842565002424	274	54	1	0.540316740598311	0.540316740585763	0.417760950792803	0	-0	-0.449897562745044
0.8426	274	54	1	0.540511725166131	0.540511725153643	0.417985239315992	0	-0	-0.450146839461702
0.84265	274	54	1	0.540759576643052	0.540759576630561	0.418269173706654	0	-0	-0.450458792685608
0.8427	274	54	1	0.540994978733101	0.540994978720605	0.418538423470406	0	-0	-0.450753291475214
0.84275	274	54	1	0.541236483747922	0.541236483735413	0.41881517421576	0	-0	-0.451057763162907
0.8428	274	54	1	0.541514450886567	0.541514450874066	0.419135834301326	0	-0	-0.451417806672613
0.842825	274	54	1	0.541701692538413	0.541701692525756	0.419354139758491	0	-0	-0.451670791807825
0.8428375	274	54	1	0.541853231862176	0.541853231849663	0.419532816310852	0	-0	-0.451884517549695
0.842840625	274	54	1	0.541935901288234	0.54193590127572	0.419631226901748	0	-0	-0.452005254658635
0.842841015625	274	54	1	0.541964485452455	0.541964485439927	0.419665426708487	0	-0	-0.452047752905774
0.842841064453	274	54	1	0.541974674024327	0.541974674011816	0.419677639446919	0	-0	-0.452062997911517
