0.736268	137	54	1	0.776213984127887	0.776213983828603	0.73099304996755	0	-0	-0.306256446878062
0.736269	137	54	1	0.779077036229055	0.779077035928493	0.734881654462749	0	-0	-0.307368997247194
0.7363	137	54	1	0.783553653532241	0.783553653229661	0.74096168962047	0	-0	-0.309140846947572
0.7364	137	54	1	0.789662454994122	0.789662454688769	0.749257809152819	0	-0	-0.311622778752668
0.7365	137	54	1	0.793613130253166	0.793613129946014	0.754622311500787	0	-0	-0.313267656608396
0.7367	137	54	1	0.799491691182197	0.79949169087236	0.762603036147315	0	-0	-0.315773756177773
0.737	137	54	1	0.806143512173709	0.806143511860814	0.771630490832354	0	-0	-0.31869518204157
0.7375	137	54	1	0.814687822052116	0.814687821735258	0.783220093769467	0	-0	-0.322584056412129
0.738	137	54	1	0.821614278019342	0.821614277699247	0.792608806233418	0	-0	-0.32585186193751
0.7385	137	54	1	0.827593803794183	0.827593803471242	0.800708459185067	0	-0	-0.328758181121379
0.739	137	54	1	0.832931030296655	0.832931029971191	0.807933172840692	0	-0	-0.331420723615088
0.7395	137	54	1	0.837795013383375	0.8377950130556	0.814512823076111	0	-0	-0.33390473065876
0.74	137	54	1	0.842291163091134	0.842291162761186	0.820590779470925	0	-0	-0.33625083143627
0.7405	137	54	1	0.846490472454175	0.846490472122196	0.826263625868667	0	-0	-0.338486356205598
0.741	137	54	1	0.850443462492658	0.850443462158766	0.831600112910399	0	-0	-0.340630730759516
0.7415	137	54	1	0.854187606484967	0.854187606149249	0.836651249344117	0	-0	-0.342698346843694
0.742	137	54	1	0.857751613357706	0.857751613020234	0.841456124739033	0	-0	-0.344700217324872
0.7425	137	54	1	0.861158056189096	0.861158055849952	0.846045482958479	0	-0	-0.346644991334473
0.743	137	54	1	0.864425066132006	0.864425065791231	0.850444025295885	0	-0	-0.348539608118143
0.7435	137	54	1	0.867567468460804	0.867567468118468	0.854671955253513	0	-0	-0.350389735310284
0.744	137	54	1	0.870597570144131	0.87059756980027	0.858746049579373	0	-0	-0.352200072607435
0.7445	137	54	1	0.873525721336674	0.87352572099135	0.862680421929829	0	-0	-0.353974568152719
0.745	137	54	1	0.876360725403576	0.876360725056813	0.866487080583473	0	-0	-0.355716576463698
0.7455	137	54	1	0.879110144621897	0.879110144273741	0.870176344298033	0	-0	-0.357428976115343
0.746	137	54	1	0.881780532283412	0.881780531933898	0.873757158080006	0	-0	-0.35911425904241
0.7465	137	54	1	0.884377611767586	0.884377611416738	0.877237336833648	0	-0	-0.360774599401469
0.747	137	54	1	0.886906416685916	0.886906416333741	0.880623756062658	0	-0	-0.362411907434123
0.7475	137	54	1	0.889371401969881	0.889371401616433	0.883922503048789	0	-0	-0.364027872139788
0.748	137	54	1	0.891776532945463	0.891776532590775	0.887138998084753	0	-0	-0.365623995473923
0.7485	137	54	1	0.894125357503617	0.894125357147686	0.890278092710692	0	-0	-0.367201620041523
0.749	137	54	1	0.896421065131047	0.896421064773927	0.893344150073243	0	-0	-0.368761951736482
0.7495	137	54	1	0.898666535613436	0.898666535255127	0.896341111232679	0	-0	-0.370306078410037
0.75	137	54	1	0.90086437953749	0.90086437917801	0.899272550309975	0	-0	-0.37183498538742
0.7505	137	54	1	0.903016972220272	0.903016971859625	0.902141720689606	0	-0	-0.373349568459394
0.751	137	54	1	0.905126482324481	0.905126481962721	0.904951593989947	0	-0	-0.374850644833233
0.7515	137	54	1	0.907194896143659	0.907194895780794	0.907704893139949	0	-0	-0.376338962421529
0.752	137	54	1	0.909224038332128	0.909224037968169	0.910404120616711	0	-0	-0.37781520776701
0.7525	137	54	1	0.911215589696537	0.911215589331477	0.913051582682864	0	-0	-0.379280012840321
0.753	137	54	1	0.913171102542531	0.913171102176421	0.915649410295626	0	-0	-0.380733960900605
0.7535	137	54	1	0.915092013975656	0.915092013608498	0.9181995772302	0	-0	-0.382177591572014
0.754	137	54	1	0.916979657479885	0.916979657111687	0.920703915858437	0	-0	-0.383611405260609
0.7545	137	54	1	0.918835273039383	0.918835272670145	0.923164130943411	0	-0	-0.385035867013402
0.755	137	54	1	0.920660016021286	0.920660015651046	0.925581811746881	0	-0	-0.38645140990326
0.7555	137	54	1	0.922454965000344	0.922454964629104	0.927958442695397	0	-0	-0.387858438008921
0.756	137	54	1	0.924221128675241	0.924221128303009	0.930295412809658	0	-0	-0.389257329047769
0.7565	137	54	1	0.925959452002653	0.925959451629436	0.932594024067805	0	-0	-0.390648436709524
0.757	137	54	1	0.927670821654429	0.927670821280234	0.934855498846984	0	-0	-0.392032092731326
0.7575	137	54	1	0.929356070887083	0.929356070511942	0.937080986564059	0	-0	-0.393408608748374
0.758	137	54	1	0.931015983899327	0.931015983523226	0.939271569618822	0	-0	-0.39477827794908
0.7585	137	54	1	0.932651299741643	0.932651299364596	0.941428268726918	0	-0	-0.396141376559356
0.759	137	54	1	0.934262715833396	0.934262715455431	0.943552047717805	0	-0	-0.397498165177124
0.7595	137	54	1	0.935850891134347	0.935850890755458	0.945643817861807	0	-0	-0.398848889975063
0.76	137	54	1	0.937416449011163	0.937416448631371	0.947704441781436	0	-0	-0.40019378378718
0.7605	137	54	1	0.938959979834369	0.938959979453652	0.949734736995333	0	-0	-0.401533067092582
0.761	137	54	1	0.940482043335639	0.940482042954024	0.951735479135611	0	-0	-0.40286694890811
0.7615	137	54	1	0.941983170752474	0.941983170369983	0.953707404875014	0	-0	-0.404195627599911
0.762	137	54	1	0.943463866782845	0.943463866399462	0.955651214595298	0	-0	-0.405519291622787
0.7625	137	54	1	0.944924611370058	0.944924610985809	0.957567574824163	0	-0	-0.406838120194984
0.763	137	54	1	0.946365861335826	0.946365860950715	0.959457120464877	0	-0	-0.408152283915206
0.7635	137	54	1	0.94778805187669	0.947788051490698	0.961320456839793	0	-0	-0.409461945327748
0.764	137	54	1	0.949191597937611	0.949191597550767	0.963158161566468	0	-0	-0.410767259441006
0.7645	137	54	1	0.950576895475113	0.950576895087434	0.964970786282707	0	-0	-0.412068374203954
0.765	137	54	1	0.95194432262027	0.951944322231739	0.966758858235407	0	-0	-0.413365430944681
0.7655	137	54	1	0.953294240751195	0.95329424036183	0.968522881745829	0	-0	-0.414658564774617
0.766	137	54	1	0.954626995483724	0.954626995093538	0.970263339563065	0	-0	-0.415947904961664
0.7665	137	54	1	0.955942917587504	0.955942917196491	0.971980694116053	0	-0	-0.417233575275097
0.767	137	54	1	0.957242323834343	0.957242323442506	0.973675388672953	0	-0	-0.418515694304811
0.7675	137	54	1	0.95852551778493	0.958525517392276	0.975347848416434	0	-0	-0.419794375757199
0.768	137	54	1	0.959792790519197	0.959792790125747	0.976998481442173	0	-0	-0.421069728729715
0.7685	137	54	1	0.961044421315304	0.961044420921056	0.978627679687071	0	-0	-0.422341857965964
0.769	137	54	1	0.962280678281407	0.962280677886365	0.980235819793149	0	-0	-0.423610864092988
0.7695	137	54	1	0.963501818944392	0.963501818548557	0.981823263912688	0	-0	-0.424876843842233
0.77	137	54	1	0.964708090798932	0.96470809040231	0.98339036045904	0	-0	-0.426139890255545
0.7705	137	54	1	0.965899731820194	0.965899731422784	0.984937444808106	0	-0	-0.427400092877424
0.771	137	54	1	0.967076970943002	0.967076970544823	0.986464839953798	0	-0	-0.428657537934629
0.7715	137	54	1	0.968240028510238	0.968240028111292	0.987972857121436	0	-0	-0.429912308504137
0.772	137	54	1	0.969389116692681	0.969389116292965	0.989461796342402	0	-0	-0.431164484670372
0.7725	137	54	1	0.970524439882789	0.970524439482212	0.990931946992972	0	-0	-0.432414143672555
0.773	137	54	1	0.971646195063312	0.971646194661965	0.992383588298943	0	-0	-0.433661360042691
0.7735	137	54	1	0.97275457215514	0.972754571753049	0.993816989811805	0	-0	-0.434906205735507
0.774	137	54	1	0.973849754342631	0.973849753939809	0.995232411853973	0	-0	-0.436148750250116
0.7745	137	54	1	0.974931918380432	0.974931917976847	0.996630105939116	0	-0	-0.43738906074461
0.775	137	54	1	0.976001234882035	0.976001234477726	0.998010315167409	0	-0	-0.438627202143866
0.7755	137	54	1	0.977057868592032	0.977057868186985	0.999373274598149	0	-0	-0.43986323724108
0.776	137	54	1	0.978101978642409	0.978101978236649	1.00071921160116	0	-0	-0.441097226793457
0.7765	137	54	1	0.979133718794793	0.979133718388282	1.0020483461884	0	-0	-0.442329229612481
0.777	137	54	1	0.980153237668794	0.980153237261569	1.00336089132725	0	-0	-0.443559302649121
0.7775	137	54	1	0.981160678958283	0.981160678550342	1.00465705323647	0	-0	-0.444787501074318
0.778	137	54	1	0.982156181635533	0.982156181226868	1.00593703166632	0	-0	-0.446013878355079
0.7785	137	54	1	0.983139880144543	0.98313987973518	1.00720102016357	0	-0	-0.447238486326441
0.779	137	54	1	0.984111904584217	0.984111904174143	1.00844920632249	0	-0	-0.448461375259615
0.7795	137	54	1	0.98507238088173	0.985072380470942	1.0096817720228	0	-0	-0.449682593926505
0.78	137	54	1	0.986021430957047	0.98602143054556	1.01089889365518	0	-0	-0.450902189660885
0.7805	137	54	1	0.986959172879041	0.986959172466839	1.01210074233551	0	-0	-0.452120208416399
0.781	137	54	1	0.987885721013508	0.987885720600625	1.01328748410794	0	-0	-0.453336694821618
0.7815	137	54	1	0.988801186164083	0.988801185750499	1.01445928013818	0	-0	-0.454551692232307
0.782	137	54	1	0.989705675705793	0.98970567529152	1.01561628689694	0	-0	-0.455765242781091
0.7825	137	54	1	0.990599293712379	0.990599293297413	1.01675865633464	0	-0	-0.456977387424664
0.783	137	54	1	0.991482141077231	0.991482140661591	1.0178865360474	0	-0	-0.458188165988697
0.7835	137	54	1	0.992354315628687	0.992354315212355	1.01900006943546	0	-0	-0.459397617210574
0.784	137	54	1	0.993215912239629	0.993215911822627	1.02009939585371	0	-0	-0.460605778780086
0.7845	137	54	1	0.994067022932214	0.994067022514522	1.02118465075544	0	-0	-0.461812687378194
0.785	137	54	1	0.994907736977395	0.994907736559045	1.02225596582931	0	-0	-0.463018378713989
0.7855	137	54	1	0.99573814099021	0.995738140571195	1.02331346913008	0	-0	-0.464222887559923
0.786	137	54	1	0.996558319020423	0.996558318600729	1.02435728520326	0	-0	-0.465426247785436
0.7865	137	54	1	0.997368352639178	0.997368352218823	1.02538753520443	0	-0	-0.466628492389049
0.787	137	54	1	0.998168321021868	0.99816832060085	1.02640433701292	0	-0	-0.467829653529016
0.7875	137	54	1	0.998958301027158	0.998958300605487	1.0274078053407	0	-0	-0.469029762552608
0.788	137	54	1	0.999738367272691	0.999738366850353	1.02839805183646	0	-0	-0.470228850024106
0.7885	137	54	1	1.00050859220734	1.00050859178435	1.02937518518502	0	-0	-0.471426945751574
0.789	137	54	1	1.00126904618052	1.00126904575687	1.03033931120279	0	-0	-0.472624078812467
0.7895	137	54	1	1.00201979750839	1.0020197970841	1.03129053292885	0	-0	-0.47382027757815
0.79	137	54	1	1.00276091253736	1.00276091211241	1.03222895071245	0	-0	-0.475015569737364
0.7905	137	54	1	1.00349245570479	1.0034924552792	1.03315466229661	0	-0	-0.476209982318714
0.791	137	54	1	1.00421448959741	1.00421448917116	1.03406776289852	0	-0	-0.47740354171222
0.7915	137	54	1	1.00492707500694	1.00492707458007	1.03496834528643	0	-0	-0.478596273689963
0.792	137	54	1	1.00563027098395	1.00563027055645	1.03585649985356	0	-0	-0.479788203425906
0.7925	137	54	1	1.00632413488904	1.0063241344609	1.03673231468886	0	-0	-0.480979355514896
0.793	137	54	1	1.00700872244224	1.00700872201345	1.03759587564528	0	-0	-0.482169753990905
0.7935	137	54	1	1.00768408777033	1.00768408734091	1.03844726640478	0	-0	-0.483359422344546
0.794	137	54	1	1.00835028345241	1.00835028302237	1.03928656854144	0	-0	-0.484548383539894
0.7945	137	54	1	1.00900736056356	1.00900736013289	1.0401138615815	0	-0	-0.485736660030648
0.795	137	54	1	1.00965536871676	1.00965536828547	1.04092922306156	0	-0	-0.486924273775666
0.7955	137	54	1	1.01029435610338	1.01029435567146	1.04173272858425	0	-0	-0.488111246253901
0.796	137	54	1	1.01092436953189	1.01092436909936	1.04252445187185	0	-0	-0.489297598478761
0.7965	137	54	1	1.01154545446533	1.01154545403216	1.04330446481802	0	-0	-0.490483351011937
0.797	137	54	1	1.01215765505706	1.01215765462326	1.04407283753739	0	-0	-0.491668523976698
0.7975	137	54	1	1.01276101418549	1.01276101375107	1.04482963841336	0	-0	-0.492853137070694
0.798	137	54	1	1.01335557348733	1.01335557305229	1.04557493414432	0	-0	-0.494037209578294
0.7985	137	54	1	1.01394137338957	1.01394137295394	1.04630878978786	0	-0	-0.495220760382458
0.799	137	54	1	1.01451845314053	1.01451845270428	1.04703126880364	0	-0	-0.49640380797619
0.7995	137	54	1	1.01508685083941	1.01508685040255	1.04774243309467	0	-0	-0.497586370473563
0.8	137	54	1	1.0156466034651	1.01564660302763	1.04844234304684	0	-0	-0.498768465620362
0.8005	137	54	1	1.01619774690372	1.01619774646566	1.04913105756744	0	-0	-0.499950110804343
0.801	137	54	1	1.01674031597541	1.01674031553672	1.04980863412206	0	-0	-0.50113132306513
0.8015	137	54	1	1.01727434445984	1.01727434402054	1.0504751287703	0	-0	-0.502312119103764
0.802	137	54	1	1.01779986512113	1.01779986468123	1.05113059620011	0	-0	-0.503492515291928
0.8025	137	54	1	1.01831690973177	1.01831690929126	1.05177508976113	0	-0	-0.504672527680839
0.803	137	54	1	1.01882550909559	1.01882550865451	1.05240866149674	0	-0	-0.505852172009854
0.8035	137	54	1	1.01932569307023	1.01932569262854	1.05303136217498	0	-0	-0.50703146371477
0.804	137	54	1	1.01981749058843	1.01981749014615	1.05364324131856	0	-0	-0.508210417935847
0.8045	137	54	1	1.02030092967896	1.02030092923608	1.0542443472338	0	-0	-0.509389049525566
0.805	137	54	1	1.02077603748662	1.02077603704314	1.05483472703854	0	-0	-0.510567373056131
0.8055	137	54	1	1.02124284029161	1.02124283984754	1.05541442668914	0	-0	-0.511745402826711
0.806	137	54	1	1.02170136352829	1.02170136308362	1.05598349100665	0	-0	-0.512923152870459
0.8065	137	54	1	1.02215163180319	1.02215163135795	1.05654196370201	0	-0	-0.514100636961297
0.807	137	54	1	1.02259366891266	1.02259366846683	1.0570898874005	0	-0	-0.515277868620479
0.8075	137	54	1	1.02302749785957	1.02302749741315	1.05762730366539	0	-0	-0.516454861122949
0.808	137	54	1	1.02345314086979	1.02345314042278	1.05815425302079	0	-0	-0.51763162750349
0.8085	137	54	1	1.02387061940792	1.02387061896033	1.05867077497371	0	-0	-0.518808180562689
0.809	137	54	1	1.02427995419262	1.02427995374445	1.05917690803558	0	-0	-0.519984532872697
0.8095	137	54	1	1.02468116521135	1.02468116476259	1.05967268974286	0	-0	-0.521160696782833
0.81	137	54	1	1.02507427173467	1.02507427128533	1.06015815667717	0	-0	-0.52233668442499
0.8105	137	54	1	1.02545929233011	1.02545929188018	1.06063334448466	0	-0	-0.523512507718892
0.811	137	54	1	1.02583624487542	1.02583624442495	1.06109828789493	0	-0	-0.524688178377183
0.8115	137	54	1	1.02620514657179	1.02620514612072	1.06155302073909	0	-0	-0.525863707910361
0.812	137	54	1	1.02656601395605	1.02656601350439	1.0619975759676	0	-0	-0.527039107631568
0.8125	137	54	1	1.02691886291296	1.02691886246075	1.0624319856671	0	-0	-0.528214388661226
0.813	137	54	1	1.02726370868704	1.02726370823426	1.06285628107732	0	-0	-0.52938956193155
0.8135	137	54	1	1.02760056589375	1.02760056544038	1.06327049260681	0	-0	-0.530564638190916
0.814	137	54	1	1.02792944853056	1.02792944807663	1.06367464984876	0	-0	-0.531739628008098
0.8145	137	54	1	1.02825036998768	1.02825036953316	1.06406878159586	0	-0	-0.532914541776396
0.815	137	54	1	1.02856334305817	1.02856334260309	1.06445291585504	0	-0	-0.534089389717631
0.8155	137	54	1	1.02886837994819	1.02886837949252	1.06482707986167	0	-0	-0.535264181886027
0.816	137	54	1	1.02916549228638	1.02916549183016	1.06519130009321	0	-0	-0.536438928171984
0.8165	137	54	1	1.02945469113347	1.02945469067669	1.06554560228258	0	-0	-0.537613638305746
0.817	137	54	1	1.0297359869912	1.02973598653383	1.06589001143104	0	-0	-0.538788321860957
0.8175	137	54	1	1.03000938981107	1.03000938935313	1.06622455182079	0	-0	-0.539962988258127
0.818	137	54	1	1.0302749090029	1.03027490854442	1.06654924702703	0	-0	-0.54113764676799
0.8185	137	54	1	1.03053255344314	1.03053255298409	1.06686411992979	0	-0	-0.542312306514779
0.819	137	54	1	1.03078233148264	1.03078233102302	1.06716919272541	0	-0	-0.543486976479402
0.8195	137	54	1	1.03102425095447	1.0310242504943	1.06746448693744	0	-0	-0.544661665502541
0.82	137	54	1	1.03125831918144	1.0312583187207	1.06775002342766	0	-0	-0.545836382287649
0.8205	137	54	1	1.03148454298324	1.03148454252193	1.06802582240629	0	-0	-0.547011135403888
0.821	137	54	1	1.03170292868345	1.03170292822159	1.06829190344214	0	-0	-0.548185933288966
0.8215	137	54	1	1.03191348211637	1.03191348165396	1.06854828547258	0	-0	-0.549360784251917
0.822	137	54	1	1.03211620863357	1.03211620817059	1.06879498681284	0	-0	-0.550535696475789
0.8225	137	54	1	1.03231111311017	1.03231111264662	1.0690320251654	0	-0	-0.551710678020278
0.823	137	54	1	1.03249819995104	1.03249819948694	1.06925941762893	0	-0	-0.552885736824275
0.8235	137	54	1	1.03267747309678	1.03267747263212	1.06947718070684	0	-0	-0.554060880708362
0.824	137	54	1	1.03284893602937	1.03284893556417	1.06968533031593	0	-0	-0.555236117377232
0.8245	137	54	1	1.03301259177786	1.0330125913121	1.06988388179437	0	-0	-0.556411454422051
0.825	137	54	1	1.03316844292365	1.03316844245732	1.07007284990975	0	-0	-0.55758689932276
0.8255	137	54	1	1.03331649160572	1.03331649113883	1.07025224886668	0	-0	-0.558762459450314
0.826	137	54	1	1.03345673952567	1.03345673905823	1.07042209231439	0	-0	-0.559938142068865
0.8265	137	54	1	1.03358918795263	1.03358918748464	1.07058239335376	0	-0	-0.561113954337895
0.827	137	54	1	1.03371383772789	1.03371383725934	1.07073316454446	0	-0	-0.562289903314283
0.8275	137	54	1	1.03383068926944	1.03383068880034	1.07087441791179	0	-0	-0.563465995954338
0.828	137	54	1	1.03393974257643	1.03393974210677	1.07100616495308	0	-0	-0.564642239115762
0.8285	137	54	1	1.0340409972333	1.0340409967631	1.07112841664432	0	-0	-0.565818639559579
0.829	137	54	1	1.034134452414	1.03413445194324	1.07124118344614	0	-0	-0.566995203952009
0.8295	137	54	1	1.03422010688575	1.03422010641444	1.07134447530995	0	-0	-0.568171938866295
0.83	137	54	1	1.03429795901301	1.03429795854115	1.07143830168363	0	-0	-0.569348850784493
0.8305	137	54	1	1.03436800676108	1.03436800628865	1.07152267151723	0	-0	-0.57052594609921
0.831	137	54	1	1.03443024769957	1.0344302472266	1.07159759326849	0	-0	-0.571703231115306
0.8315	137	54	1	1.03448467900592	1.03448467853239	1.07166307490787	0	-0	-0.572880712051548
0.832	137	54	1	1.03453129746856	1.03453129699448	1.07171912392396	0	-0	-0.574058395042235
0.8325	137	54	1	1.03457009949013	1.03457009901551	1.07176574732818	0	-0	-0.575236286138774
0.833	137	54	1	1.03460108109049	1.03460108061531	1.07180295165966	0	-0	-0.576414391311222
0.8335	137	54	1	1.03462423790959	1.03462423743385	1.07183074298991	0	-0	-0.577592716449801
0.834	137	54	1	1.03463956521025	1.03463956473398	1.07184912692715	0	-0	-0.578771267366355
0.8345	137	54	1	1.03464705788097	1.03464705740414	1.07185810862075	0	-0	-0.579950049795799
0.835	137	54	1	1.03464671043829	1.03464670996091	1.07185769276534	0	-0	-0.58112906939752
0.8355	137	54	1	1.03463851702936	1.03463851655144	1.07184788360481	0	-0	-0.582308331756742
0.836	137	54	1	1.03462247143431	1.03462247095583	1.07182868493629	0	-0	-0.583487842385872
0.8365	137	54	1	1.03459856706837	1.03459856658935	1.07180010011375	0	-0	-0.584667606725809
0.837	137	54	1	1.03456679698415	1.03456679650457	1.0717621320518	0	-0	-0.585847630147217
0.8375	137	54	1	1.03452715387356	1.03452715339343	1.07171478322896	0	-0	-0.587027917951782
0.838	137	54	1	1.03447963006979	1.03447962958911	1.07165805569117	0	-0	-0.588208475373429
0.8385	137	54	1	1.03442421754915	1.03442421706791	1.07159195105493	0	-0	-0.589389307579523
0.839	137	54	1	1.03436090793278	1.03436090745099	1.07151647051044	0	-0	-0.590570419672026
0.8395	137	54	1	1.03428969248836	1.03428969200601	1.07143161482455	0	-0	-0.591751816688653
0.84	137	54	1	1.03421056213155	1.03421056164867	1.07133738434364	0	-0	-0.592933503603976
0.8405	137	54	1	1.03412350742761	1.03412350694418	1.07123377899631	0	-0	-0.594115485330523
0.841	137	54	1	1.03402851859261	1.03402851810861	1.07112079829606	0	-0	-0.595297766719846
0.8415	137	54	1	1.03392558549477	1.03392558501023	1.07099844134378	0	-0	-0.596480352563564
0.842	137	54	1	1.03381469765574	1.03381469717064	1.07086670683016	0	-0	-0.597663247594386
0.8425	137	54	1	1.03369584425153	1.0336958437659	1.07072559303791	0	-0	-0.59884645648711
0.843	137	54	1	1.03356901411374	1.03356901362755	1.07057509784407	0	-0	-0.600029983859605
0.8435	137	54	1	1.03343419573033	1.03343419524357	1.07041521872195	0	-0	-0.601213834273764
0.844	137	54	1	1.03329137724652	1.03329137675921	1.07024595274321	0	-0	-0.602398012236446
0.8445	137	54	1	1.03314054646562	1.03314054597777	1.07006729657964	0	-0	-0.603582522200391
0.845	137	54	1	1.03298169084972	1.0329816903613	1.069879246505	0	-0	-0.604767368565117
0.8455	137	54	1	1.03281479752019	1.03281479703121	1.06968179839666	0	-0	-0.605952555677804
0.846	137	54	1	1.03263985325832	1.03263985276879	1.0694749477371	0	-0	-0.607138087834147
0.8465	137	54	1	1.03245684450576	1.03245684401568	1.06925868961558	0	-0	-0.608323969279207
0.847	137	54	1	1.0322657573649	1.03226575687427	1.06903301872923	0	-0	-0.609510204208232
0.8475	137	54	1	1.03206657759915	1.03206657710795	1.06879792938456	0	-0	-0.610696796767465
0.848	137	54	1	1.03185929063313	1.03185929014137	1.06855341549859	0	-0	-0.611883751054938
0.8485	137	54	1	1.0316438815529	1.03164388106059	1.06829947059987	0	-0	-0.613071071121248
0.849	137	54	1	1.031420335106	1.03142033461313	1.06803608782955	0	-0	-0.614258760970312
0.8495	137	54	1	1.03118863570143	1.03118863520799	1.06776325994229	0	-0	-0.615446824560119
0.85	137	54	1	1.03094876740957	1.03094876691559	1.06748097930708	0	-0	-0.616635265803452
0.8505	137	54	1	1.03070071396213	1.03070071346758	1.06718923790795	0	-0	-0.617824088568606
0.851	137	54	1	1.03044445875176	1.03044445825666	1.06688802734464	0	-0	-0.61901329668009
0.8515	137	54	1	1.03017998483194	1.03017998433626	1.06657733883317	0	-0	-0.620202893919311
0.852	137	54	1	1.02990727491644	1.02990727442021	1.06625716320622	0	-0	-0.621392884025245
0.8525	137	54	1	1.02962631137904	1.02962631088224	1.06592749091368	0	-0	-0.622583270695102
0.853	137	54	1	1.02933707625291	1.02933707575555	1.06558831202284	0	-0	-0.623774057584968
0.8535	137	54	1	1.02903955123009	1.02903955073216	1.06523961621855	0	-0	-0.624965248310441
0.854	137	54	1	1.02873371766079	1.02873371716231	1.06488139280349	0	-0	-0.626156846447249
0.8545	137	54	1	1.02841955655274	1.02841955605369	1.06451363069822	0	-0	-0.627348855531865
0.855	137	54	1	1.02809704857029	1.02809704807068	1.06413631844096	0	-0	-0.6285412790621
0.8555	137	54	1	1.02776617403369	1.02776617353349	1.06374944418766	0	-0	-0.629734120497693
0.856	137	54	1	1.02742691291795	1.02742691241717	1.06335299571169	0	-0	-0.630927383260878
0.8565	137	54	1	1.02707924485201	1.02707924435068	1.06294696040366	0	-0	-0.632121070736961
0.857	137	54	1	1.02672314911768	1.02672314861575	1.06253132527094	0	-0	-0.633315186274859
0.8575	137	54	1	1.02635860464823	1.02635860414575	1.06210607693732	0	-0	-0.634509733187651
0.858	137	54	1	1.02598559002754	1.02598558952448	1.06167120164237	0	-0	-0.63570471475311
0.8585	137	54	1	1.02560408348849	1.02560408298487	1.06122668524093	0	-0	-0.636900134214222
0.859	137	54	1	1.02521406291179	1.02521406240759	1.06077251320234	0	-0	-0.638095994779699
0.8595	137	54	1	1.02481550582447	1.02481550531967	1.06030867060974	0	-0	-0.639292299624487
0.86	137	54	1	1.02440838939831	1.02440838889294	1.05983514215914	0	-0	-0.640489051890253
0.8605	137	54	1	1.02399269044844	1.02399268994248	1.05935191215858	0	-0	-0.641686254685871
0.861	137	54	1	1.02356838543147	1.02356838492496	1.05885896452692	0	-0	-0.642883911087903
0.8615	137	54	1	1.02313545044403	1.0231354499369	1.05835628279305	0	-0	-0.644082024141059
0.862	137	54	1	1.02269386122059	1.0226938607129	1.05784385009439	0	-0	-0.645280596858657
0.8625	137	54	1	1.02224359313201	1.02224359262373	1.0573216491758	0	-0	-0.646479632223078
0.863	137	54	1	1.02178462118328	1.02178462067441	1.05678966238821	0	-0	-0.647679133186199
0.8635	137	54	1	1.02131692001166	1.02131691950219	1.0562478716872	0	-0	-0.648879102669835
0.864	137	54	1	1.02084046388449	1.02084046337443	1.05569625863139	0	-0	-0.650079543566159
0.8645	137	54	1	1.0203552266971	1.02035522618645	1.05513480438101	0	-0	-0.651280458738126
0.865	137	54	1	1.0198611819705	1.01986118145926	1.05456348969601	0	-0	-0.652481851019876
0.8655	137	54	1	1.01935830284909	1.01935830233724	1.05398229493457	0	-0	-0.653683723217145
0.866	137	54	1	1.01884656209819	1.01884656158575	1.05339120005093	0	-0	-0.654886078107658
0.8665	137	54	1	1.01832593210165	1.01832593158861	1.05279018459373	0	-0	-0.656088918441521
0.867	137	54	1	1.01779638485924	1.0177963843456	1.05217922770384	0	-0	-0.657292246941596
0.8675	137	54	1	1.01725789198395	1.01725789146973	1.05155830811227	0	-0	-0.658496066303887
0.868	137	54	1	1.01671042469944	1.01671042418459	1.05092740413799	0	-0	-0.659700379197903
0.8685	137	54	1	1.01615395383697	1.01615395332152	1.05028649368573	0	-0	-0.660905188267021
0.869	137	54	1	1.01558844983275	1.0155884493167	1.04963555424344	0	-0	-0.662110496128845
0.8695	137	54	1	1.01501388272488	1.01501388220821	1.04897456287997	0	-0	-0.663316305375554
0.87	137	54	1	1.01443022215025	1.01443022163295	1.04830349624243	0	-0	-0.664522618574248
0.8705	137	54	1	1.01383743734141	1.0138374368235	1.04762233055361	0	-0	-0.665729438267284
0.871	137	54	1	1.01323549712343	1.01323549660491	1.04693104160924	0	-0	-0.666936766972613
0.8715	137	54	1	1.01262436991048	1.01262436939135	1.04622960477511	0	-0	-0.668144607184103
0.872	137	54	1	1.01200402370246	1.01200402318271	1.04551799498415	0	-0	-0.66935296137186
0.8725	137	54	1	1.01137442608152	1.01137442556113	1.04479618673351	0	-0	-0.670561831982548
0.873	137	54	1	1.01073554420839	1.01073554368739	1.04406415408133	0	-0	-0.671771221439695
0.8735	137	54	1	1.01008734481882	1.0100873442972	1.04332187064357	0	-0	-0.672981132144005
0.874	137	54	1	1.00942979421974	1.00942979369748	1.04256930959075	0	-0	-0.674191566473647
0.8745	137	54	1	1.00876285828533	1.00876285776243	1.04180644364443	0	-0	-0.675402526784563
0.875	137	54	1	1.00808650245313	1.0080865019296	1.04103324507377	0	-0	-0.676614015410751
0.8755	137	54	1	1.00740069171997	1.00740069119581	1.04024968569193	0	-0	-0.677826034664552
0.876	137	54	1	1.00670539063776	1.00670539011295	1.03945573685236	0	-0	-0.679038586836929
0.8765	137	54	1	1.00600056330921	1.00600056278376	1.03865136944483	0	-0	-0.68025167419775
0.877	137	54	1	1.00528617338349	1.00528617285742	1.03783655389164	0	-0	-0.681465298996051
0.8775	137	54	1	1.00456218405179	1.00456218352505	1.0370112601436	0	-0	-0.68267946346031
0.878	137	54	1	1.00382855804258	1.0038285575152	1.03617545767576	0	-0	-0.683894169798707
0.8785	137	54	1	1.00308525761709	1.00308525708904	1.03532911548318	0	-0	-0.68510942019938
0.879	137	54	1	1.00233224456436	1.00233224403565	1.03447220207666	0	-0	-0.686325216830689
0.8795	137	54	1	1.0015694801964	1.00156947966703	1.03360468547805	0	-0	-0.687541561841452
0.88	137	54	1	1.00079692534314	1.00079692481312	1.03272653321578	0	-0	-0.688758457361207
0.8805	137	54	1	1.00001454034728	1.0000145398166	1.03183771232013	0	-0	-0.689975905500442
0.881	137	54	1	0.999222285058975	0.999222284527611	1.03093818931823	0	-0	-0.69119390835084
0.8815	137	54	1	0.998420118830462	0.998420118298416	1.03002793022925	0	-0	-0.692412467985512
0.882	137	54	1	0.997608000510522	0.997607999977821	1.02910690055922	0	-0	-0.693631586459229
0.8825	137	54	1	0.996785888438957	0.996785887905558	1.02817506529575	0	-0	-0.694851265808648
0.883	137	54	1	0.995953740440571	0.995953739906502	1.02723238890274	0	-0	-0.696071508052538
0.8835	137	54	1	0.995111513819529	0.995111513284767	1.02627883531478	0	-0	-0.697292315191998
0.884	137	54	1	0.99425916535311	0.994259164817664	1.02531436793168	0	-0	-0.698513689210675
0.8845	137	54	1	0.993396651285654	0.993396650749522	1.0243389496125	0	-0	-0.699735632074976
0.885	137	54	1	0.992523927322206	0.992523926785374	1.02335254266976	0	-0	-0.700958145734284
0.8855	137	54	1	0.991640948622033	0.991640948084496	1.02235510886333	0	-0	-0.702181232121156
0.886	137	54	1	0.990747669792044	0.990747669253799	1.0213466093942	0	-0	-0.703404893151535
0.8865	137	54	1	0.989844044880019	0.989844044341082	1.02032700489823	0	-0	-0.704629130724946
0.887	137	54	1	0.988930027367768	0.988930026828119	1.01929625543948	0	-0	-0.705853946724692
0.8875	137	54	1	0.988005570163977	0.988005569623606	1.01825432050364	0	-0	-0.707079343018056
0.888	137	54	1	0.987070625597019	0.987070625055934	1.01720115899119	0	-0	-0.708305321456485
0.8885	137	54	1	0.986125145407622	0.986125144865817	1.0161367292104	0	-0	-0.709531883875782
0.889	137	54	1	0.985169080741262	0.98516908019874	1.01506098887019	0	-0	-0.710759032096293
0.8895	137	54	1	0.984202382140518	0.984202381597246	1.01397389507275	0	-0	-0.711986767923085
0.89	137	54	1	0.983224999537039	0.983224998993047	1.01287540430601	0	-0	-0.713215093146135
0.8905	137	54	1	0.982236882243707	0.982236881698962	1.01176547243617	0	-0	-0.714444009540496
0.891	137	54	1	0.981237978946162	0.981237978400668	1.01064405469962	0	-0	-0.715673518866485
0.8915	137	54	1	0.980228237694506	0.980228237148273	1.00951110569492	0	-0	-0.716903622869844
0.892	137	54	1	0.979207605894667	0.979207605347688	1.00836657937465	0	-0	-0.718134323281916
0.8925	137	54	1	0.978176030299565	0.978176029751825	1.00721042903696	0	-0	-0.719365621819811
0.893	137	54	1	0.97713345700008	0.977133456451572	1.0060426073169	0	-0	-0.720597520186571
0.8935	137	54	1	0.976079831415865	0.976079830866591	1.0048630661776	0	-0	-0.721830020071331
0.894	137	54	1	0.975015098285925	0.975015097735877	1.00367175690123	0	-0	-0.72306312314948
0.8945	137	54	1	0.973939201658971	0.973939201108144	1.00246863007979	0	-0	-0.724296831082819
0.895	137	54	1	0.972852084883551	0.972852084331947	1.00125363560557	0	-0	-0.725531145519717
0.8955	137	54	1	0.971753690598006	0.971753690045621	1.00002672266149	0	-0	-0.72676606809526
0.896	137	54	1	0.970643960720151	0.970643960166966	0.998787839711221	0	-0	-0.728001600431411
0.8965	137	54	1	0.969522836436688	0.969522835882706	0.997536934488906	0	-0	-0.729237744137146
0.897	137	54	1	0.968390258192494	0.968390257637706	0.996273953988933	0	-0	-0.730474500808612
0.8975	137	54	1	0.967246165679535	0.967246165123943	0.994998844455096	0	-0	-0.731711872029266
0.898	137	54	1	0.966090497825617	0.966090497269224	0.993711551369892	0	-0	-0.732949859370017
0.8985	137	54	1	0.964923192782869	0.964923192225641	0.992412019443186	0	-0	-0.734188464389369
0.899	137	54	1	0.963744187915804	0.963744187357765	0.991100192600991	0	-0	-0.735427688633558
0.8995	137	54	1	0.962553419789451	0.962553419230565	0.989776013973539	0	-0	-0.736667533636688
0.9	137	54	1	0.961350824156778	0.961350823597046	0.988439425883556	0	-0	-0.737908000920867

0.9	137	54	1.619436525	0.961350821225482	0.961350820798338	0.988439444630325	0	-0	-0.737908129974246
0.9005	137	54	1.619436525	0.960136332520444	0.960136332093174	0.987090388019959	0	-0	-0.739149221159873
0.901	137	54	1.619436525	0.958909885326676	0.958909884899352	0.985728804118627	0	-0	-0.740390937634896
0.9015	137	54	1.619436525	0.957671412884257	0.957671412456886	0.98435463275142	0	-0	-0.741633280886213
0.902	137	54	1.619436525	0.956420847568834	0.956420847141408	0.982967812884938	0	-0	-0.742876252389239
0.9025	137	54	1.619436525	0.955158120877765	0.955158120450307	0.981568282613904	0	-0	-0.744119853608037
0.903	137	54	1.619436525	0.953883163416048	0.953883162988522	0.980155979147232	0	-0	-0.745364085995446
0.9035	137	54	1.619436525	0.952595904881557	0.952595904453993	0.978730838794028	0	-0	-0.746608950993191
0.904	137	54	1.619436525	0.951296274050402	0.951296273622778	0.977292796948971	0	-0	-0.747854450032018
0.9045	137	54	1.619436525	0.949984198761474	0.949984198333799	0.975841788077636	0	-0	-0.7491005845318
0.905	137	54	1.619436525	0.948659605900947	0.948659605473231	0.974377745701126	0	-0	-0.750347355901663
0.9055	137	54	1.619436525	0.947322421386296	0.947322420958519	0.972900602380626	0	-0	-0.751594765540092
0.906	137	54	1.619436525	0.945972570149804	0.945972569721988	0.971410289701324	0	-0	-0.752842814835057
0.9065	137	54	1.619436525	0.944609976121957	0.944609975694085	0.969906738256174	0	-0	-0.754091505164114
0.907	137	54	1.619436525	0.943234562214097	0.94323456178618	0.968389877629053	0	-0	-0.755340837894522
0.9075	137	54	1.619436525	0.941846250300932	0.941846249872972	0.966859636377613	0	-0	-0.756590814383349
0.908	137	54	1.619436525	0.940444961202466	0.940444960774445	0.965315942015632	0	-0	-0.757841435977583
0.9085	137	54	1.619436525	0.939030614665467	0.939030614237388	0.963758720995029	0	-0	-0.759092704014236
0.909	137	54	1.619436525	0.937603129344577	0.937603128916447	0.962187898687319	0	-0	-0.760344619820448
0.9095	137	54	1.619436525	0.936162422782892	0.936162422354714	0.960603399364617	0	-0	-0.761597184713594
0.91	137	54	1.619436525	0.934708411392049	0.934708410963821	0.959005146180193	0	-0	-0.762850400001384
0.9105	137	54	1.619436525	0.933241010431823	0.933241010003539	0.957393061148507	0	-0	-0.764104266981959
0.911	137	54	1.619436525	0.931760133989212	0.931760133560859	0.95576706512484	0	-0	-0.765358786944002
0.9115	137	54	1.619436525	0.930265694956936	0.930265694528537	0.954127077784078	0	-0	-0.766613961166825
0.912	137	54	1.619436525	0.928757605011548	0.928757604583101	0.95247301759939	0	-0	-0.76786979092047
0.9125	137	54	1.619436525	0.927235774590777	0.927235774162279	0.95080480182004	0	-0	-0.769126277465807
0.913	137	54	1.619436525	0.925700112870419	0.925700112441862	0.949122346448684	0	-0	-0.770383422054622
0.9135	137	54	1.619436525	0.924150527740571	0.924150527311951	0.947425566218168	0	-0	-0.771641225929717
0.914	137	54	1.619436525	0.922586925781247	0.922586925352593	0.945714374567527	0	-0	-0.772899690324999
0.9145	137	54	1.619436525	0.921009212237493	0.921009211808782	0.943988683617629	0	-0	-0.774158816465567
0.915	137	54	1.619436525	0.919417290993572	0.91941729056479	0.942248404145881	0	-0	-0.775418605567809
0.9155	137	54	1.619436525	0.917811064546666	0.917811064117833	0.940493445560409	0	-0	-0.776679058839481
0.916	137	54	1.619436525	0.916190433979923	0.916190433551023	0.93872371587351	0	-0	-0.777940177479805
0.9165	137	54	1.619436525	0.91455529893456	0.914555298505604	0.93693912167448	0	-0	-0.779201962679544
0.917	137	54	1.619436525	0.91290555758145	0.912905557152438	0.935139568101495	0	-0	-0.780464415621096
0.9175	137	54	1.619436525	0.911241106591787	0.911241106162722	0.933324958812911	0	-0	-0.781727537478572
0.918	137	54	1.619436525	0.90956184110705	0.909561840677902	0.931495195957732	0	-0	-0.782991329417884
0.9185	137	54	1.619436525	0.907867654707986	0.907867654278771	0.929650180145152	0	-0	-0.784255792596817
0.919	137	54	1.619436525	0.906158439382985	0.906158438953712	0.927789810413481	0	-0	-0.785520928165124
0.9195	137	54	1.619436525	0.904434085495402	0.904434085066063	0.925913984197916	0	-0	-0.786786737264594
0.92	137	54	1.619436525	0.90269448174999	0.902694481320572	0.924022597297627	0	-0	-0.788053221029135
0.9205	137	54	1.619436525	0.900939515158393	0.900939514728919	0.922115543841889	0	-0	-0.789320380584852
0.921	137	54	1.619436525	0.899169071003804	0.899169070574254	0.920192716255127	0	-0	-0.790588217050123
0.9215	137	54	1.619436525	0.897383032804369	0.89738303237474	0.918254005220997	0	-0	-0.791856731535674
0.922	137	54	1.619436525	0.895581282275746	0.895581281846055	0.916299299645637	0	-0	-0.793125925144657
0.9225	137	54	1.619436525	0.893763699292574	0.893763698862815	0.914328486619583	0	-0	-0.794395798972718
0.923	137	54	1.619436525	0.89193016184873	0.891930161418885	0.912341451378691	0	-0	-0.795666354108077
0.9235	137	54	1.619436525	0.890080546016481	0.890080545586535	0.910338077263929	0	-0	-0.796937591631594
0.924	137	54	1.619436525	0.888214725904412	0.888214725474405	0.90831824568002	0	-0	-0.798209512616845
0.9245	137	54	1.619436525	0.88633257361431	0.886332573184233	0.906281836052748	0	-0	-0.799482118130189
0.925	137	54	1.619436525	0.884433959196468	0.884433958766295	0.904228725785125	0	-0	-0.800755409230837
0.9255	137	54	1.619436525	0.882518750603823	0.882518750173533	0.902158790212092	0	-0	-0.802029386970924
0.926	137	54	1.619436525	0.880586813644651	0.880586813214287	0.900071902553979	0	-0	-0.803304052395574
0.9265	137	54	1.619436525	0.878638011934062	0.878638011503612	0.897967933868553	0	-0	-0.804579406542967
0.927	137	54	1.619436525	0.876672206843671	0.876672206413116	0.895846753001465	0	-0	-0.805855450444409
0.9275	137	54	1.619436525	0.8746892574499	0.874689257019261	0.893708226535378	0	-0	-0.80713218512439
0.928	137	54	1.619436525	0.872689020480801	0.872689020050062	0.891552218737263	0	-0	-0.808409611600655
0.9285	137	54	1.619436525	0.870671350261006	0.870671349830152	0.889378591504323	0	-0	-0.809687730884264
0.929	137	54	1.619436525	0.868636098655077	0.868636098224114	0.887187204308021	0	-0	-0.810966543979658
0.9295	137	54	1.619436525	0.866583115009107	0.866583114578043	0.884977914136453	0	-0	-0.812246051884717
0.93	137	54	1.619436525	0.864512246090414	0.864512245659249	0.882750575434733	0	-0	-0.813526255590827
0.9305	137	54	1.619436525	0.862423336025337	0.862423335594045	0.880505040043786	0	-0	-0.814807156082937
0.931	137	54	1.619436525	0.860316226234938	0.860316225803528	0.878241157136666	0	-0	-0.816088754339617
0.9315	137	54	1.619436525	0.858190755368825	0.858190754937294	0.875958773153428	0	-0	-0.817371051333123
0.932	137	54	1.619436525	0.856046759236669	0.856046758804984	0.873657731733244	0	-0	-0.818654048029452
0.9325	137	54	1.619436525	0.853884070737398	0.853884070305592	0.871337873644761	0	-0	-0.819937745388399
0.933	137	54	1.619436525	0.851702519786338	0.851702519354424	0.868999036713869	0	-0	-0.821222144363618
0.9335	137	54	1.619436525	0.849501933239706	0.849501932807641	0.866641055749175	0	-0	-0.822507245902675
0.934	137	54	1.619436525	0.847282134816465	0.847282134384254	0.864263762464912	0	-0	-0.823793050947106
0.9345	137	54	1.619436525	0.845042945017847	0.845042944585499	0.861866985401309	0	-0	-0.82507956043247
0.935	137	54	1.619436525	0.842784181043931	0.842784180611442	0.859450549842111	0	-0	-0.826366775288406
0.9355	137	54	1.619436525	0.840505656707407	0.840505656274751	0.857014277729377	0	-0	-0.827654696438686
0.936	137	54	1.619436525	0.838207182344302	0.838207181911465	0.85455798757524	0	-0	-0.828943324801268
0.9365	137	54	1.619436525	0.835888564721646	0.835888564288655	0.852081494370663	0	-0	-0.830232661288348
0.937	137	54	1.619436525	0.833549606942007	0.833549606508848	0.849584609490813	0	-0	-0.831522706806417
0.9375	137	54	1.619436525	0.831190108344399	0.831190107911063	0.847067140597349	0	-0	-0.832813462256303
0.938	137	54	1.619436525	0.828809864401828	0.828809863968308	0.844528891536904	0	-0	-0.834104928533231
0.9385	137	54	1.619436525	0.826408666615124	0.826408666181405	0.841969662236094	0	-0	-0.83539710652687
0.939	137	54	1.619436525	0.823986302402858	0.823986301968943	0.839389248592668	0	-0	-0.836689997121381
0.9395	137	54	1.619436525	0.821542554987343	0.821542554553223	0.836787442362653	0	-0	-0.837983601195467
0.94	137	54	1.619436525	0.819077203276311	0.819077202841985	0.834164031043206	0	-0	-0.839277919622426
0.9405	137	54	1.619436525	0.816590021740274	0.816590021305746	0.831518797751406	0	-0	-0.840572953270191
0.941	137	54	1.619436525	0.814080780285309	0.814080779850529	0.828851521098093	0	-0	-0.841868703001386
0.9415	137	54	1.619436525	0.811549244120799	0.811549243685788	0.826161975057323	0	-0	-0.843165169673365
0.942	137	54	1.619436525	0.808995173622537	0.808995173187288	0.823449928830384	0	-0	-0.844462354138266
0.9425	137	54	1.619436525	0.806418324190199	0.806418323754715	0.820715146704977	0	-0	-0.845760257243051
0.943	137	54	1.619436525	0.803818446099511	0.803818445663749	0.817957387908697	0	-0	-0.847058879829555
0.9435	137	54	1.619436525	0.801195284348386	0.801195283912363	0.815176406456752	0	-0	-0.848358222734529
0.944	137	54	1.619436525	0.798548578497333	0.798548578061033	0.812371950993795	0	-0	-0.849658286789686
0.9445	137	54	1.619436525	0.795878062503189	0.795878062066585	0.809543764629197	0	-0	-0.850959072821741
0.945	137	54	1.619436525	0.79318346454627	0.793183464109369	0.806691584766037	0	-0	-0.852260581652464
0.9455	137	54	1.619436525	0.790464506850618	0.7904645064134	0.803815142922684	0	-0	-0.853562814098707
0.946	137	54	1.619436525	0.787720905496683	0.787720905059146	0.800914164547394	0	-0	-0.854865770972466
0.9465	137	54	1.619436525	0.784952370226439	0.784952369788574	0.797988368825161	0	-0	-0.856169453080905
0.947	137	54	1.619436525	0.782158604240279	0.782158603802049	0.795037468476331	0	-0	-0.857473861226409
0.9475	137	54	1.619436525	0.779339303985272	0.779339303546692	0.792061169546845	0	-0	-0.858778996206621
0.948	137	54	1.619436525	0.776494158934689	0.776494158495723	0.78905917118954	0	-0	-0.860084858814484
0.9485	137	54	1.619436525	0.773622851357683	0.773622850918333	0.786031165435972	0	-0	-0.861391449838279
0.949	137	54	1.619436525	0.770725056079341	0.770725055639573	0.782976836958386	0	-0	-0.862698770061666
0.9495	137	54	1.619436525	0.76780044022993	0.76780043978973	0.7798958628211	0	-0	-0.864006820263725
0.95	137	54	1.619436525	0.76484866298325	0.764848662542611	0.776787912221076	0	-0	-0.865315601218992
0.9505	137	54	1.619436525	0.761869375283255	0.761869374842138	0.773652646216709	0	-0	-0.866625113697501
0.951	137	54	1.619436525	0.758862219558192	0.758862219116604	0.770489717444393	0	-0	-0.867935358464816
0.9515	137	54	1.619436525	0.755826829421999	0.755826828979887	0.76729876982218	0	-0	-0.869246336282077
0.952	137	54	1.619436525	0.752762829361543	0.752762828918911	0.764079438239616	0	-0	-0.870558047906031
0.9525	137	54	1.619436525	0.749669834409734	0.749669833966548	0.760831348233325	0	-0	-0.87187049408907
0.953	137	54	1.619436525	0.746547449802878	0.746547449359123	0.757554115647105	0	-0	-0.873183675579269
0.9535	137	54	1.619436525	0.743395270622017	0.74339527017764	0.754247346275853	0	-0	-0.874497593120423
0.954	137	54	1.619436525	0.740212881412902	0.740212880971135	0.750910635488674	0	-0	-0.875812247452084
0.9545	137	54	1.619436525	0.736999855806988	0.736999855364798	0.747543567852408	0	-0	-0.877127639309579
0.955	137	54	1.619436525	0.733755756085344	0.7337557556427	0.744145716698847	0	-0	-0.878443769424074
0.9555	137	54	1.619436525	0.730480132759029	0.73048013231591	0.740716643708315	0	-0	-0.879760638522589
0.956	137	54	1.619436525	0.727172524109447	0.727172523665838	0.737255898453138	0	-0	-0.881078247328039
0.9565	137	54	1.619436525	0.723832455709092	0.723832455264986	0.733763017921881	0	-0	-0.882396596559262
0.957	137	54	1.619436525	0.720459439917658	0.720459439473047	0.730237526018925	0	-0	-0.883715686931061
0.9575	137	54	1.619436525	0.717052975351944	0.717052974906776	0.726678933038049	0	-0	-0.885035519154231
0.958	137	54	1.619436525	0.713612546327694	0.713612545881968	0.723086735108193	0	-0	-0.886356093935593
0.9585	137	54	1.619436525	0.710137622271972	0.71013762182568	0.719460413609602	0	-0	-0.887677411978028
0.959	137	54	1.619436525	0.706627657103661	0.706627656656773	0.715799434558561	0	-0	-0.888999473980509
0.9595	137	54	1.619436525	0.703082088580128	0.703082088132618	0.712103247958278	0	-0	-0.890322280638131
0.96	137	54	1.619436525	0.699500337607833	0.6995003371597	0.708371287114065	0	-0	-0.891645832642144
0.9605	137	54	1.619436525	0.695881807514418	0.695881807065621	0.70460296790992	0	-0	-0.892970130679984
0.961	137	54	1.619436525	0.692225883279322	0.692225882829847	0.700797688044104	0	-0	-0.894295175435303
0.9615	137	54	1.619436525	0.688531930720427	0.688531930270258	0.696954826220726	0	-0	-0.895620967588003
0.962	137	54	1.619436525	0.684799295633303	0.684799295182395	0.693073741294351	0	-0	-0.896947507814261
0.9625	137	54	1.619436525	0.681027302879606	0.681027302427944	0.689153771363886	0	-0	-0.898274796786563
0.963	137	54	1.619436525	0.677215255421209	0.677215254968768	0.685194232812405	0	-0	-0.89960283517373
0.9635	137	54	1.619436525	0.673362433295676	0.673362432842432	0.681194419288683	0	-0	-0.900931623640955
0.964	137	54	1.619436525	0.669468092528912	0.669468092074833	0.677153600626041	0	-0	-0.902261162849821
0.9645	137	54	1.619436525	0.665531463980055	0.665531463525108	0.673071021693933	0	-0	-0.903591453458339
0.965	137	54	1.619436525	0.661551752113474	0.661551751657624	0.668945901176722	0	-0	-0.904922496120973
0.9655	137	54	1.619436525	0.65752813369203	0.657528133235274	0.664777430274293	0	-0	-0.906254291488669
0.966	137	54	1.619436525	0.653459756385583	0.65345975592786	0.660564771317905	0	-0	-0.907586840208879
0.9665	137	54	1.619436525	0.64934573728738	0.649345736828663	0.656307056294782	0	-0	-0.908920142925597
0.967	137	54	1.619436525	0.645185161331452	0.645185160871699	0.652003385273646	0	-0	-0.910254200279378
0.9675	137	54	1.619436525	0.640977079602172	0.640977079141353	0.647652824723196	0	-0	-0.911589012907373
0.968	137	54	1.619436525	0.636720507527271	0.636720507065328	0.643254405714224	0	-0	-0.912924581443349
0.9685	137	54	1.619436525	0.632414422943934	0.632414422480849	0.638807121995539	0	-0	-0.914260906517719
0.969	137	54	1.619436525	0.628057764027366	0.628057763563083	0.634309927932628	0	-0	-0.91559798875757
0.9695	137	54	1.619436525	0.623649427069063	0.623649426603531	0.629761736296867	0	-0	-0.916935828786687
0.97	137	54	1.619436525	0.619188264091704	0.619188263624886	0.625161415891705	0	-0	-0.918274427225578
0.9705	137	54	1.619436525	0.614673080285494	0.614673079817337	0.620507789001076	0	-0	-0.919613784691504
0.971	137	54	1.619436525	0.61010263124923	0.610102630779685	0.615799628643164	0	-0	-0.920953901798502
0.9715	137	54	1.619436525	0.605475620017738	0.605475619546742	0.611035655611314	0	-0	-0.922294779157408
0.972	137	54	1.619436525	0.600790693854883	0.600790693382384	0.60621453528133	0	-0	-0.923636417375888
0.9725	137	54	1.619436525	0.59604644078927	0.596046440315203	0.601334874162287	0	-0	-0.924978817058458
0.973	137	54	1.619436525	0.591241385866711	0.591241385391021	0.596395216165068	0	-0	-0.926321978806512
0.9735	137	54	1.619436525	0.586373987090749	0.58637398661336	0.591394038559936	0	-0	-0.927665903218346
0.974	137	54	1.619436525	0.581442631018629	0.58144263053947	0.586329747590713	0	-0	-0.929010590889179
0.9745	137	54	1.619436525	0.576445627976405	0.576445627495408	0.581200673709251	0	-0	-0.930356042411184
0.975	137	54	1.619436525	0.571381206851961	0.571381206369036	0.57600506638903	0	-0	-0.931702258373507
0.9755	137	54	1.619436525	0.566247509419315	0.566247508934392	0.570741088471619	0	-0	-0.933049239362292
0.976	137	54	1.619436525	0.561042584141777	0.561042583654761	0.565406809993296	0	-0	-0.934396985960708
0.9765	137	54	1.619436525	0.555764379393753	0.555764378904556	0.560000201432199	0	-0	-0.935745498748969
0.977	137	54	1.619436525	0.55041073603333	0.550410735541846	0.554519126307994	0	-0	-0.937094778304359
0.9775	137	54	1.619436525	0.544979379247535	0.544979378753669	0.548961333056155	0	-0	-0.938444825201258
0.978	137	54	1.619436525	0.539467909581415	0.539467909085038	0.543324446088392	0	-0	-0.939795640011164
0.9785	137	54	1.619436525	0.533873793048241	0.533873792549241	0.537605955936592	0	-0	-0.941147223302715
0.979	137	54	1.619436525	0.528194350203329	0.528194349701597	0.531803208363017	0	-0	-0.942499575641714
0.9795	137	54	1.619436525	0.522426744045018	0.522426743540418	0.525913392300603	0	-0	-0.943852697591157
0.98	137	54	1.619436525	0.516567966584926	0.51656796607731	0.519933526465855	0	-0	-0.945206589711248

0.98	137	54	12.635047045	0.51656789701937	0.516567896828432	0.519933466072456	0	-0	-0.945206720287239
0.9805	137	54	12.635047045	0.510614750112944	0.510614749924068	0.513860379603248	0	-0	-0.946561381900337
0.981	137	54	12.635047045	0.50456384146028	0.504563841273488	0.50769070883043	0	-0	-0.947916814800041
0.9815	137	54	12.635047045	0.498411553280051	0.498411553095368	0.501420865282691	0	-0	-0.949273019537497
0.982	137	54	12.635047045	0.492154025605127	0.492154025422603	0.495047019284616	0	-0	-0.950629996661115
0.9825	137	54	12.635047045	0.48578713272837	0.48578713254803	0.488565076467956	0	-0	-0.951987746716593
0.983	137	54	12.635047045	0.479306456608223	0.479306456430109	0.481970651249388	0	-0	-0.953346270246928
0.9835	137	54	12.635047045	0.47270725673987	0.472707256564016	0.475259036780804	0	-0	-0.954705567792448
0.984	137	54	12.635047045	0.465984435899127	0.465984435725577	0.468425170780753	0	-0	-0.956065639890822
0.9845	137	54	12.635047045	0.459132501045434	0.459132500874218	0.46146359653423	0	-0	-0.957426487077087
0.985	137	54	12.635047045	0.452145518519209	0.452145518350376	0.454368418197557	0	-0	-0.958788109883663
0.9855	137	54	12.635047045	0.44501706248037	0.445017062313976	0.447133249356725	0	-0	-0.960150508840376
0.986	137	54	12.635047045	0.437740155296531	0.437740155132607	0.439751153549499	0	-0	-0.961513684474478
0.9865	137	54	12.635047045	0.430307198287002	0.430307198125603	0.432214575159786	0	-0	-0.962877637310661
0.987	137	54	12.635047045	0.422709890841948	0.422709890683129	0.424515258706189	0	-0	-0.964242367871087
0.9875	137	54	12.635047045	0.414939135435523	0.414939135279327	0.416644154046885	0	-0	-0.965607876675398
0.988	137	54	12.635047045	0.406984925400628	0.406984925247126	0.408591304372409	0	-0	-0.966974164240743
0.9885	137	54	12.635047045	0.398836211475539	0.398836211324773	0.400345713001427	0	-0	-0.968341231081793
0.989	137	54	12.635047045	0.390480741991881	0.390480741843912	0.391895183855062	0	-0	-0.969709077710765
0.9895	137	54	12.635047045	0.381904870040118	0.381904869895005	0.383226128953244	0	-0	-0.971077704637445
0.99	137	54	12.635047045	0.373093318859131	0.373093318716913	0.374323334189281	0	-0	-0.972447112369202
0.9905	137	54	12.635047045	0.3640288938132	0.364028893673869	0.365169671757732	0	-0	-0.973817301411017
0.991	137	54	12.635047045	0.354692125280874	0.354692125144297	0.355745743575651	0	-0	-0.975188272265497
0.9915	137	54	12.635047045	0.345060821031427	0.345060820896945	0.346029434292664	0	-0	-0.976560025432886
0.992	137	54	12.635047045	0.335109498328994	0.335109498199424	0.335995344156709	0	-0	-0.977932561411389
0.9925	137	54	12.635047045	0.32480865373143	0.32480865360522	0.325614059737368	0	-0	-0.97930588069639
0.993	137	54	12.635047045	0.314123809885588	0.31412380976285	0.314851201857196	0	-0	-0.980679983781438
0.9935	137	54	12.635047045	0.303014249976337	0.303014249857179	0.30366616145447	0	-0	-0.982054871157773
0.994	137	54	12.635047045	0.29143130463159	0.29143130451614	0.292010388274691	0	-0	-0.983430543314472
0.9945	137	54	12.635047045	0.279315981024435	0.279315980912818	0.27982502226877	0	-0	-0.984807000738531
0.995	137	54	12.635047045	0.266595596037969	0.266595595929888	0.267037529768357	0	-0	-0.986184243915002
0.9955	137	54	12.635047045	0.253178848367624	0.253178848264125	0.253556779628342	0	-0	-0.987562273326784
0.99575	137	54	12.635047045	0.246173953429738	0.246173953327593	0.246521108013582	0	-0	-0.988251583021461
0.996	137	54	12.635047045	0.238948341048747	0.238948340949549	0.239265571329234	0	-0	-0.988941089455468
0.99625	137	54	12.635047045	0.231481327089772	0.231481326992795	0.23176951540318	0	-0	-0.98963079268865
0.9965	137	54	12.635047045	0.22374872769507	0.223748727600363	0.224008789170826	0	-0	-0.990320692780927
0.99675	137	54	12.635047045	0.21572196744882	0.215721967356431	0.215954853333938	0	-0	-0.991010789792136
0.997	137	54	12.635047045	0.207366871890533	0.207366871800509	0.207573573498675	0	-0	-0.991701083782097
0.99725	137	54	12.635047045	0.198641995997157	0.198641995909551	0.198823549461212	0	-0	-0.992391574810647
0.9975	137	54	12.635047045	0.189496249982405	0.189496249897121	0.189653742061342	0	-0	-0.993082262937713
0.99775	137	54	12.635047045	0.179865423499551	0.179865423416909	0.179999998801268	0	-0	-0.993773148223302
0.998	137	54	12.635047045	0.169666910355466	0.169666910275363	0.169779780514963	0	-0	-0.994464230727789
0.998125	137	54	12.635047045	0.164321966247659	0.164321966168831	0.164424462317407	0	-0	-0.994809845956082
0.99825	137	54	12.635047045	0.158791343915097	0.158791343837544	0.158883799565011	0	-0	-0.995155510511938
0.998375	137	54	12.635047045	0.153054913207645	0.153054913131357	0.153137674531304	0	-0	-0.995501224403079
0.9985	137	54	12.635047045	0.14708859340444	0.147088593329408	0.147162020302976	0	-0	-0.995846987637305
0.998625	137	54	12.635047045	0.140863173023157	0.140863172949355	0.140927640871738	0	-0	-0.996192800222526
0.99875	137	54	12.635047045	0.134342633305418	0.13434263323274	0.134398534990708	0	-0	-0.996538662166803
0.998875	137	54	12.635047045	0.127481693547206	0.127481693475719	0.127529442003226	0	-0	-0.99688457347838
0.999	137	54	12.635047045	0.120222085178467	0.120222085105903	0.120262116611031	0	-0	-0.997230534165756
0.9990625	137	54	12.635047045	0.116419635141806	0.116419635068251	0.116455980027344	0	-0	-0.997403533028208
0.999125	137	54	12.635047045	0.112486643195472	0.112486643125882	0.112519421290274	0	-0	-0.997576544238117
0.9991875	137	54	12.635047045	0.108408901853539	0.108408901784303	0.108438237245526	0	-0	-0.99774956779656
0.99925	137	54	12.635047045	0.104169413156777	0.104169413087812	0.104195434752577	0	-0	-0.997922603704905
0.9993125	137	54	12.635047045	0.0997475547924256	0.0997475547236302	0.0997703969041295	0	-0	-0.998095651964533
0.999375	137	54	12.635047045	0.0951178954270314	0.0951178953582339	0.0951376984897635	0	-0	-0.99826871257694
0.9994375	137	54	12.635047045	0.0902484600848331	0.0902484600159401	0.0902653715501703	0	-0	-0.998441785543771
0.9995	137	54	12.635047045	0.0850980970320311	0.0850980969625557	0.085112272504336	0	-0	-0.998614870866904
0.99953125	137	54	12.635047045	0.0824012197219354	0.0824012196499538	0.0824140884902092	0	-0	-0.998701418162728
0.9995625	137	54	12.635047045	0.0796123019500431	0.0796123018800513	0.0796239066699969	0	-0	-0.998787968548551
0.99959375	137	54	12.635047045	0.076721306917437	0.0767213068469115	0.0767316917655214	0	-0	-0.998874522024628
0.999625	137	54	12.635047045	0.0737162257293053	0.0737162256580962	0.0737254365745417	0	-0	-0.9989610785914
0.99965625	137	54	12.635047045	0.0705824879716146	0.0705824878995317	0.0705905725825964	0	-0	-0.999047638249333
0.9996875	137	54	12.635047045	0.0673021243123156	0.0673021242390947	0.0673091326104266	0	-0	-0.999134200998982
0.99971875	137	54	12.635047045	0.0638525403248758	0.0638525402502565	0.0638585246995943	0	-0	-0.999220766841017
0.99975	137	54	12.635047045	0.0602046551280589	0.0602046550515479	0.0602096708380782	0	-0	-0.999307335776277
0.999765625	137	54	12.635047045	0.0582947962925886	0.0582947962133581	0.0582993494276729	0	-0	-0.999350621404177
0.99978125	137	54	12.635047045	0.0563199494034627	0.0563199493174809	0.056324055100426	0	-0	-0.999393907805774
0.999796875	137	54	12.635047045	0.0542730206688232	0.0542730205884821	0.0542766946002581	0	-0	-0.999437194981433
0.9998125	137	54	12.635047045	0.052145522248823	0.0521455221667535	0.0521487806837666	0	-0	-0.999480482931185
0.999828125	137	54	12.635047045	0.0499271554532335	0.0499271553691365	0.0499300153302891	0	-0	-0.999523771655381
0.99984375	137	54	12.635047045	0.0476052187601888	0.0476052186736742	0.0476076977769634	0	-0	-0.999567061154369
0.999859375	137	54	12.635047045	0.0451637409060993	0.0451637408167157	0.0451658576305771	0	-0	-0.99961035142858
0.999875	137	54	12.635047045	0.0425821648944126	0.0425821648014862	0.0425839389066628	0	-0	-0.999653642478576
0.9998828125	137	54	12.635047045	0.0412306729463338	0.0412306728502105	0.0412322833103011	0	-0	-0.999675288294709
0.9998898125	137	54	12.635047045	0.0399808717543237	0.0399808716568883	0.0399823400381461	0	-0	-0.999694683110966
0.9998968125	137	54	12.635047045	0.0386906439087016	0.0386906438078017	0.0386919745516906	0	-0	-0.999714078083251
0.9999038125	137	54	12.635047045	0.037355800767085	0.0373558006581252	0.0373569983573228	0	-0	-0.999733473211664
0.9999108125	137	54	12.635047045	0.0359713758259886	0.03597137572117	0.0359724451163053	0	-0	-0.999752868496458
0.9999178125	137	54	12.635047045	0.0345314061562412	0.0345314060481016	0.0345323520832663	0	-0	-0.999772263937668
0.9999248125	137	54	12.635047045	0.0330286276835642	0.0330286275716022	0.0330294553907823	0	-0	-0.999791659535548
0.9999318125	137	54	12.635047045	0.0314540392445098	0.0314540391280469	0.0314547541105753	0	-0	-0.999811055290355
0.9999388125	137	54	12.635047045	0.0297962585699031	0.0297962584482299	0.0297968662440935	0	-0	-0.999830451202416
0.9999458125	137	54	12.635047045	0.0280405343332228	0.0280405342046997	0.0280410407808253	0	-0	-0.999849847272157
0.9999493125	137	54	12.635047045	0.0271200409978541	0.0271200408645749	0.0271204991837076	0	-0	-0.999859545366337
0.9999528125	137	54	12.635047045	0.0261671589369038	0.0261671587935994	0.0261675704989423	0	-0	-0.999869243500146
0.9999563125	137	54	12.635047045	0.0251782110871907	0.0251782109468029	0.0251785777231798	0	-0	-0.999878941673788
0.9999598125	137	54	12.635047045	0.0241487669475089	0.0241487668018875	0.0241490904221097	0	-0	-0.999888639887296
0.9999633125	137	54	12.635047045	0.0230734067835353	0.023073406631913	0.0230736889368842	0	-0	-0.999898338140875
0.9999668125	137	54	12.635047045	0.0219453817403102	0.0219453815815506	0.0219456244986087	0	-0	-0.999908036434737
0.9999703125	137	54	12.635047045	0.0207561070997361	0.0207561069329318	0.02075631248858	0	-0	-0.99991773476915
0.9999720625	137	54	12.635047045	0.020135131711361	0.0201351315397145	0.0201353192106957	0	-0	-0.999922583951673
0.9999738125	137	54	12.635047045	0.0194943762832545	0.0194943761060185	0.0194945464448091	0	-0	-0.999927433144479
0.9999755625	137	54	12.635047045	0.0188318218660467	0.0188318216811847	0.0188319752597224	0	-0	-0.99993228234763
0.9999773125	137	54	12.635047045	0.0181450806993896	0.0181450804978484	0.0181452179151812	0	-0	-0.999937131561181
0.9999790625	137	54	12.635047045	0.0174312943121025	0.0174312941160891	0.0174314159623852	0	-0	-0.999941980785337
0.9999808125	137	54	12.635047045	0.0166869925309806	0.016686992326768	0.0166870992532666	0	-0	-0.999946830020096
0.9999825625	137	54	12.635047045	0.0159078926239048	0.0159078924102548	0.0159079850842195	0	-0	-0.999951679265647
0.9999843125	137	54	12.635047045	0.0150886051467546	0.0150886049160695	0.0150886840438409	0	-0	-0.999956528522165
0.9999860625	137	54	12.635047045	0.0142221865901136	0.0142221863522538	0.0142222526607893	0	-0	-0.999961377789956
0.9999869375	137	54	12.635047045	0.013768541871366	0.0137685416257546	0.0137686018188958	0	-0	-0.999963802428157
0.9999878125	137	54	12.635047045	0.0132994287914705	0.0132994285361412	0.0132994828176287	0	-0	-0.9999662270693
0.9999886875	137	54	12.635047045	0.0128131484898075	0.0128131482174965	0.0128131968034965	0	-0	-0.999968651713438
0.9999895625	137	54	12.635047045	0.0123076662481592	0.0123076659749742	0.0123077090662261	0	-0	-0.999971076360706
0.9999904375	137	54	12.635047045	0.011780510587282	0.0117805103022582	0.0117805481354972	0	-0	-0.999973501011137
0.9999913125	137	54	12.635047045	0.0112286293631205	0.0112286290644879	0.011228661877382	0	-0	-0.999975925664877
0.9999921875	137	54	12.635047045	0.0106481787822788	0.0106481784619574	0.0106482065101096	0	-0	-0.999978350322066
0.9999930625	137	54	12.635047045	0.0100342020688717	0.0100342017288281	0.0100342252713329	0	-0	-0.999980774982944
0.9999935	137	54	12.635047045	0.00971266830250577	0.00971266795811396	0.00971268934507207	0	-0	-0.999981987314864
0.9999939375	137	54	12.635047045	0.00938011814282363	0.00938011778536483	0.00938013709701264	0	-0	-0.999983199647797
0.999994375	137	54	12.635047045	0.00903533527532831	0.00903533489836662	0.00903535221519658	0	-0	-0.99998441198181
0.999994775	137	54	12.635047045	0.00870816617596054	0.0087081657878984	0.00870818134137137	0	-0	-0.999985520402501
0.999995175	137	54	12.635047045	0.0083682144678469	0.00836821403721652	0.00836822792548613	0	-0	-0.999986628824172
0.999995575	137	54	12.635047045	0.00801385345213288	0.00801385303648714	0.00801386527140127	0	-0	-0.999987737247044
0.999995975	137	54	12.635047045	0.00764307931076845	0.00764307887523271	0.0076430895641413	0	-0	-0.999988845671067
0.999996375	137	54	12.635047045	0.00725337542864991	0.00725337496885404	0.0072533841921275	0	-0	-0.999989954096422
0.999996775	137	54	12.635047045	0.00684150773848688	0.00684150725254234	0.00684151509216526	0	-0	-0.999991062523275
0.999996975	137	54	12.635047045	0.0066259796872334	0.00662597918549123	0.00662598636752544	0	-0	-0.999991616737332
0.999997175	137	54	12.635047045	0.00640320077886756	0.00640320025935502	0.00640320680768294	0	-0	-0.999992170951857
0.999997375	137	54	12.635047045	0.00617238594900174	0.00617238540771092	0.00617239134901339	0	-0	-0.999992725166893
0.999997575	137	54	12.635047045	0.00593259733924696	0.00593259675963755	0.00593260213397717	0	-0	-0.999993279382481
0.999997775	137	54	12.635047045	0.00568269900461361	0.00568269842051942	0.00568270321853714	0	-0	-0.999993833598746
0.999997975	137	54	12.635047045	0.00542129315206265	0.00542129254000497	0.00542129681073277	0	-0	-0.999994387815706
0.999998175	137	54	12.635047045	0.00514662658379739	0.00514662593882698	0.0051466297140024	0	-0	-0.9999949420335
0.999998375	137	54	12.635047045	0.00485644985852314	0.00485644916512636	0.00485645248848554	0	-0	-0.999995496252286
0.999998475	137	54	12.635047045	0.00470465437254471	0.00470465366776004	0.00470465676348586	0	-0	-0.999995773362102
0.999998575	137	54	12.635047045	0.00454779494844557	0.00454779421920361	0.00454779710808038	0	-0	-0.99999605047225
0.999998675	137	54	12.635047045	0.00438532820043923	0.0043853274429084	0.00438533013674903	0	-0	-0.999996327582777
0.999998775	137	54	12.635047045	0.00421660601469716	0.00421660521806354	0.00421660773595929	0	-0	-0.999996604693739
0.999998875	137	54	12.635047045	0.00404084493868767	0.00404084403137797	0.00404084645351134	0	-0	-0.999996881805124
0.999998975	137	54	12.635047045	0.00385708250979957	0.00385708165102076	0.00385708382716925	0	-0	-0.999997158917115
0.999999075	137	54	12.635047045	0.0036641155571359	0.00366411465318818	0.00366411668646553	0	-0	-0.999997436029619
0.999999175	137	54	12.635047045	0.00346040460958832	0.00346040365261075	0.00346040556078958	0	-0	-0.999997713143156
0.999999225	137	54	12.635047045	0.00335391234922765	0.00335391136206002	0.00335391321526025	0	-0	-0.999997851700468
0.999999275	137	54	12.635047045	0.00324392576411274	0.00324392474345702	0.00324392654768202	0	-0	-0.99999799025808
0.999999325	137	54	12.635047045	0.00313007636130901	0.00313007530302464	0.00313007706521188	0	-0	-0.9999981288158
0.999999375	137	54	12.635047045	0.00301192619308246	0.0030119250896977	0.0030119268202178	0	-0	-0.999998267373464
0.999999425	137	54	12.635047045	0.00288894813949309	0.00288894696030799	0.00288894869287474	0	-0	-0.999998405931274
0.999999475	137	54	12.635047045	0.00276049761343084	0.00276049641482471	0.00276049809620235	0	-0	-0.999998544490086
0.999999525	137	54	12.635047045	0.0026257716633917	0.0026257704034471	0.00262577207884304	0	-0	-0.999998683050621
0.999999575	137	54	12.635047045	0.00248374739709526	0.0024837460653255	0.00248374774868316	0	-0	-0.999998821611999
0.9999996	137	54	12.635047045	0.00240959711714606	0.00240959574449977	0.00240959743815841	0	-0	-0.999998890892178
0.999999625	137	54	12.635047045	0.00233309092670155	0.00233308950914061	0.00233309121807952	0	-0	-0.999998960171815
0.99999965	137	54	12.635047045	0.00225398976609338	0.00225398829875536	0.00225399002880998	0	-0	-0.999999029451476
0.999999675	137	54	12.635047045	0.00217201105962177	0.00217200953609306	0.00217201129468515	0	-0	-0.999999098732447
0.9999997	137	54	12.635047045	0.00208681557349362	0.00208681398142489	0.00208681578194986	0	-0	-0.99999916801605
0.999999725	137	54	12.635047045	0.0019979894157825	0.00199798769357367	0.00199798959871831	0	-0	-0.999999237301882
1.0	137	54	12.635047045	0	0	0	0	0	-1
