0.736268	137	54	1	0.776213984127887	0.776213983828603	0.73099304996755	0	-0	-0.306256446878062
0.7365	137	54	1	0.761379112072936	0.761379111780274	0.710846572785022	0	-0	-0.30074704673681
0.737	137	54	1	0.749041844807833	0.749041844520612	0.694100509544037	0	-0	-0.296488077460845
0.7375	137	54	1	0.740688134671273	0.740688134387707	0.682769433709322	0	-0	-0.293769992810658
0.738	137	54	1	0.733949757363379	0.733949757082752	0.673635655862307	0	-0	-0.291675225321226
0.7385	137	54	1	0.728155783009558	0.72815578273144	0.665787341569684	0	-0	-0.289944207453274
0.739	137	54	1	0.723001574547748	0.723001574271853	0.658810367168468	0	-0	-0.288459244735868
0.7395	137	54	1	0.718318069994006	0.718318069720126	0.652474853362996	0	-0	-0.287155111329422
0.74	137	54	1	0.713999853199723	0.713999852927692	0.646637427181639	0	-0	-0.285991193674989
0.7405	137	54	1	0.709975925035078	0.709975924764771	0.641201501417789	0	-0	-0.284940177368213
0.741	137	54	1	0.706195758401622	0.706195758132921	0.63609832209733	0	-0	-0.283982652703083
0.7415	137	54	1	0.702621873960768	0.702621873693591	0.631276877170405	0	-0	-0.283104244258362
0.742	137	54	1	0.699225556744803	0.699225556479062	0.626698073798301	0	-0	-0.282293955734064
0.7425	137	54	1	0.695984227654342	0.695984227389975	0.622331164881779	0	-0	-0.281543154812595
0.743	137	54	1	0.692879749536455	0.692879749273396	0.618151445926209	0	-0	-0.280844919314091
0.7435	137	54	1	0.689897291138638	0.689897290876845	0.614138710264389	0	-0	-0.28019359892688
0.744	137	54	1	0.687024539537312	0.687024539276723	0.610276178020641	0	-0	-0.279584511539206
0.7445	137	54	1	0.684251138646906	0.684251138387488	0.606549732449792	0	-0	-0.279013726860029
0.745	137	54	1	0.681568279196786	0.681568278938502	0.602947362224537	0	-0	-0.278477908496535
0.7455	137	54	1	0.678968393030887	0.678968392773636	0.599458745580191	0	-0	-0.27797419627663
0.746	137	54	1	0.676444921005743	0.676444920749569	0.596074934546108	0	-0	-0.277500116952364
0.7465	137	54	1	0.673992133919448	0.673992133664303	0.59278811129879	0	-0	-0.277053515343425
0.747	137	54	1	0.671604992368027	0.671604992113876	0.589591397461368	0	-0	-0.276632500480022
0.7475	137	54	1	0.669279035658886	0.669279035405713	0.586478702926756	0	-0	-0.276235402936134
0.748	137	54	1	0.667010292737807	0.667010292485572	0.583444604626346	0	-0	-0.2758607406375
0.7485	137	54	1	0.664795210019727	0.664795209768409	0.580484248295389	0	-0	-0.275507191174515
0.749	137	54	1	0.66263059235933	0.662630592108926	0.577593268115476	0	-0	-0.275173569169416
0.7495	137	54	1	0.66051355434955	0.660513554100015	0.574767720409562	0	-0	-0.274858807614551
0.75	137	54	1	0.658441479820736	0.658441479572059	0.572004028496399	0	-0	-0.27456194236262
0.7505	137	54	1	0.656411987913099	0.656411987665261	0.569298936489958	0	-0	-0.2742820991422
0.751	137	54	1	0.654422904462901	0.654422904215898	0.566649470330896	0	-0	-0.274018482614026
0.7515	137	54	1	0.652472237719143	0.652472237472937	0.564052904711996	0	-0	-0.273770367089618
0.752	137	54	1	0.650558157615104	0.65055815736968	0.561506734842717	0	-0	-0.273537088614103
0.7525	137	54	1	0.648678977978702	0.648678977734064	0.559008652213956	0	-0	-0.273318038176269
0.753	137	54	1	0.646833141187609	0.646833140943731	0.556556523691296	0	-0	-0.273112655856039
0.7535	137	54	1	0.645019204870337	0.645019204627202	0.554148373393905	0	-0	-0.272920425756213
0.754	137	54	1	0.64323583032955	0.643235830087143	0.551782366918331	0	-0	-0.272740871594052
0.7545	137	54	1	0.641481772422373	0.641481772180688	0.54945679754641	0	-0	-0.272573552850947
0.755	137	54	1	0.639755870679656	0.639755870438684	0.547170074140234	0	-0	-0.272418061396466
0.7555	137	54	1	0.63805704148361	0.638057041243327	0.544920710478825	0	-0	-0.272274018517521
0.756	137	54	1	0.636384271153541	0.636384270913943	0.5427073158315	0	-0	-0.272141072295038
0.7565	137	54	1	0.634736609814197	0.634736609575276	0.540528586597303	0	-0	-0.272018895279968
0.757	137	54	1	0.633113165940933	0.633113165702672	0.538383298866386	0	-0	-0.271907182428169
0.7575	137	54	1	0.631513101492625	0.631513101255017	0.536270301782298	0	-0	-0.271805649260009
0.758	137	54	1	0.629935627556791	0.629935627319824	0.534188511601929	0	-0	-0.27171403021575
0.7585	137	54	1	0.628380000442468	0.628380000206133	0.53213690636563	0	-0	-0.271632077182077
0.759	137	54	1	0.626845518165907	0.626845517930201	0.530114521102708	0	-0	-0.271559558168728
0.7595	137	54	1	0.625331517281889	0.6253315170468	0.528120443507719	0	-0	-0.271496256117182
0.76	137	54	1	0.623837370019977	0.623837369785495	0.526153810032586	0	-0	-0.271441967825866
0.7605	137	54	1	0.622362481690698	0.62236248145681	0.524213802346455	0	-0	-0.271396502978487
0.761	137	54	1	0.620906288331147	0.620906288097859	0.522299644122049	0	-0	-0.271359683263856
0.7615	137	54	1	0.619468254563722	0.619468254331011	0.520410598112304	0	-0	-0.271331341577123
0.762	137	54	1	0.61804787164465	0.61804787141252	0.518545963486107	0	-0	-0.271311321293626
0.7625	137	54	1	0.616644655682539	0.616644655450976	0.516705073395528	0	-0	-0.271299475607666
0.763	137	54	1	0.615258146008892	0.615258145777896	0.51488729275042	0	-0	-0.271295666929468
0.7635	137	54	1	0.613887903685359	0.613887903454909	0.513092016179341	0	-0	-0.271299766334429
0.764	137	54	1	0.612533510133762	0.612533509903866	0.511318666158126	0	-0	-0.271311653059417
0.7645	137	54	1	0.611194565877104	0.611194565647751	0.509566691289448	0	-0	-0.271331214041549
0.765	137	54	1	0.609870689380537	0.609870689151705	0.507835564719041	0	-0	-0.27135834349536
0.7655	137	54	1	0.608561515982943	0.608561515754646	0.506124782675414	0	-0	-0.271392942524763
0.766	137	54	1	0.607266696910814	0.607266696683038	0.504433863121636	0	-0	-0.271434918766591
0.7665	137	54	1	0.605985898366541	0.605985898139273	0.502762344508838	0	-0	-0.271484186062875
0.767	137	54	1	0.60471880068469	0.604718800457944	0.501109784622422	0	-0	-0.271540664159314
0.7675	137	54	1	0.603465097550233	0.603465097323986	0.49947575951266	0	-0	-0.271604278427644
0.768	137	54	1	0.602224495273044	0.602224495047296	0.49785986250216	0	-0	-0.271674959609904
0.7685	137	54	1	0.600996712114238	0.600996711888987	0.496261703264026	0	-0	-0.271752643582745
0.769	137	54	1	0.599781477659677	0.599781477434915	0.494680906964352	0	-0	-0.271837271140165
0.7695	137	54	1	0.598578532236847	0.598578532012566	0.493117113463912	0	-0	-0.271928787793186
0.77	137	54	1	0.59738762637156	0.597387626147747	0.491569976574121	0	-0	-0.272027143585158
0.7705	137	54	1	0.596208520281221	0.596208520057886	0.490039163363026	0	-0	-0.272132292921483
0.771	137	54	1	0.595040983401933	0.595040983179053	0.488524353507173	0	-0	-0.27224419441269
0.7715	137	54	1	0.59388479394646	0.593884793724054	0.487025238686026	0	-0	-0.272362810729889
0.772	137	54	1	0.592739738491175	0.592739738269234	0.485541522015337	0	-0	-0.27248810847172
0.7725	137	54	1	0.591605611589314	0.591605611367813	0.484072917516933	0	-0	-0.27262005804199
0.773	137	54	1	0.590482215408823	0.590482215187784	0.482619149621823	0	-0	-0.272758633537301
0.7735	137	54	1	0.589369359393174	0.58936935917257	0.481179952704458	0	-0	-0.272903812643995
0.774	137	54	1	0.588266859942982	0.588266859722822	0.479755070645759	0	-0	-0.273055576543825
0.7745	137	54	1	0.58717454011755	0.587174539897826	0.478344256422912	0	-0	-0.273213909827831
0.775	137	54	1	0.586092229354483	0.586092229135186	0.476947271724067	0	-0	-0.273378800417914
0.7755	137	54	1	0.58501976320637	0.585019762987504	0.475563886586184	0	-0	-0.273550239495679
0.776	137	54	1	0.583956983093368	0.583956982874924	0.47419387905454	0	-0	-0.273728221438144
0.7765	137	54	1	0.582903736070508	0.582903735852483	0.472837034862362	0	-0	-0.273912743759952
0.777	137	54	1	0.58185987460891	0.581859874391298	0.471493147129341	0	-0	-0.274103807061757
0.7775	137	54	1	0.580825256389919	0.580825256172717	0.470162016077749	0	-0	-0.274301414984491
0.778	137	54	1	0.579799744111386	0.5797997438946	0.468843448765141	0	-0	-0.274505574169247
0.7785	137	54	1	0.578783205305383	0.578783205088997	0.467537258832465	0	-0	-0.274716294222525
0.779	137	54	1	0.577775512166504	0.577775511950518	0.466243266266775	0	-0	-0.274933587686647
0.7795	137	54	1	0.576776541390365	0.576776541174782	0.464961297177647	0	-0	-0.275157470015116
0.78	137	54	1	0.575786174021527	0.575786173806332	0.46369118358636	0	-0	-0.275387959552794
0.7805	137	54	1	0.574804295310304	0.5748042950955	0.462432763227378	0	-0	-0.275625077520691
0.781	137	54	1	0.573830794578138	0.573830794363718	0.461185879361126	0	-0	-0.275868848005282
0.7815	137	54	1	0.572865565090854	0.572865564876814	0.459950380597679	0	-0	-0.276119297952201
0.782	137	54	1	0.571908503939551	0.571908503725882	0.4587261207307	0	-0	-0.276376457164228
0.7825	137	54	1	0.570959511928613	0.57095951171532	0.457512958581034	0	-0	-0.276640358303482
0.783	137	54	1	0.570018493470627	0.570018493257706	0.456310757849556	0	-0	-0.27691103689775
0.7835	137	54	1	0.569085356487701	0.569085356275151	0.455119386978729	0	-0	-0.277188531350893
0.784	137	54	1	0.568160012319044	0.568160012106858	0.453938719022624	0	-0	-0.277472882957288
0.7845	137	54	1	0.56724237563441	0.567242375422585	0.452768631524752	0	-0	-0.277764135920278
0.785	137	54	1	0.56633236435324	0.566332364141775	0.451609006403534	0	-0	-0.278062337374605
0.7855	137	54	1	0.565429899569221	0.565429899358109	0.450459729845196	0	-0	-0.278367537412836
0.786	137	54	1	0.564534905480023	0.564534905269276	0.449320692203337	0	-0	-0.278679789115772
0.7865	137	54	1	0.563647309322172	0.563647309111764	0.448191787905524	0	-0	-0.278999148586855
0.787	137	54	1	0.562767041310568	0.562767041100496	0.447072915366153	0	-0	-0.279325674990632
0.7875	137	54	1	0.561894034582892	0.561894034373161	0.445963976905575	0	-0	-0.279659430595276
0.788	137	54	1	0.561028225148457	0.561028224939079	0.444864878675299	0	-0	-0.280000480819239
0.7885	137	54	1	0.560169551841545	0.560169551632499	0.443775530588953	0	-0	-0.2803488942821
0.789	137	54	1	0.55931795627891	0.559317956070197	0.442695846259042	0	-0	-0.280704742859675
0.7895	137	54	1	0.558473382821661	0.558473382613284	0.441625742939113	0	-0	-0.281068101743468
0.79	137	54	1	0.557635778541201	0.557635778333151	0.440565141471401	0	-0	-0.281439049504574
