0.995	137	54	1	9.33577615214176e-09	9.66535621538256e-08	7.94401278399338e-09	2.62345105796729e-11
0.9945	137	54	1	8.33653868159701e-09	8.77671890719967e-08	8.37948736557293e-09	3.24867968406283e-11
0.994	137	54	1	7.50471407240383e-09	8.03141263494567e-08	8.79561567686221e-09	3.94570510968764e-11
0.9935	137	54	1	6.80139622399878e-09	7.39671214278204e-08	9.19437323845296e-09	4.7151670640971e-11
0.993	137	54	1	6.19910478505403e-09	6.8492107097029e-08	9.57737894814531e-09	5.55782799346261e-11
0.9925	137	54	1	5.67765778836105e-09	6.37169793593628e-08	9.94598203974256e-09	6.47442428387949e-11
0.992	137	54	1	5.22192722396397e-09	5.95123335056513e-08	1.03013227428484e-08	7.46539754261397e-11
0.9915	137	54	1	4.82031736748212e-09	5.57789752164695e-08	1.06443765980726e-08	8.53128357669206e-11
0.991	137	54	1	4.46383274788076e-09	5.24395641354758e-08	1.09759867345459e-08	9.67258262039774e-11
0.9905	137	54	1	4.14534340187345e-09	4.94329146505379e-08	1.12968886955175e-08	1.08895207277727e-10
0.99	137	54	1	3.85917608980435e-09	4.67099815493199e-08	1.16077295155591e-08	1.21829455424434e-10
0.9895	137	54	1	3.60071639171622e-09	4.4230956341984e-08	1.19090823008096e-08	1.35526104899647e-10
0.989	137	54	1	3.36619465635124e-09	4.19632050219221e-08	1.2201458340004e-08	1.49993520855086e-10
0.9885	137	54	1	3.15250281435198e-09	3.98797208589485e-08	1.24853161751563e-08	1.65231162250708e-10
0.988	137	54	1	2.95702984320911e-09	3.79579659925966e-08	1.2761069766963e-08	1.81245068292884e-10
0.9875	137	54	1	2.77762168821027e-09	3.61789358471754e-08	1.30290940165102e-08	1.98035375744031e-10
0.987	137	54	1	2.61241028809422e-09	3.45265429579911e-08	1.32897306859688e-08	2.15604116515184e-10
0.9865	137	54	1	2.45984732583082e-09	3.29870551984968e-08	1.35432922210975e-08	2.33956633170861e-10
0.986	137	54	1	2.31856078780623e-09	3.1548679113591e-08	1.3790065251567e-08	2.53092611156083e-10
0.9855	137	54	1	2.1874118072418e-09	3.02012110875438e-08	1.40303141561919e-08	2.73013859683828e-10
0.985	137	54	1	2.0653895260736e-09	2.89358292882014e-08	1.42642832065348e-08	2.93723153437875e-10
0.9845	137	54	1	1.95160021476681e-09	2.77448047869555e-08	1.44921988583078e-08	3.1522011935215e-10
0.984	137	54	1	1.84529413971291e-09	2.66213647792668e-08	1.47142716608629e-08	3.37511050678249e-10
0.9835	137	54	1	1.74579417588916e-09	2.5559560579147e-08	1.49306979805679e-08	3.60590338207675e-10
0.983	137	54	1	1.65250546579898e-09	2.45541265098126e-08	1.51416614755225e-08	3.84466051026147e-10
0.9825	137	54	1	1.56489543545746e-09	2.36003999676271e-08	1.53473340462704e-08	4.09137516705155e-10
0.982	137	54	1	1.4825092264914e-09	2.2694212065133e-08	1.55478772807885e-08	4.34602594221279e-10
0.9815	137	54	1	1.40490696853846e-09	2.18318541023166e-08	1.57434430074461e-08	4.60866781186723e-10
0.981	137	54	1	1.33173760907823e-09	2.10099838637845e-08	1.59341746938528e-08	4.87927522215567e-10
0.9805	137	54	1	1.26265298217021e-09	2.02256239534293e-08	1.61202074699281e-08	5.15788369979073e-10
0.98	137	54	1	1.19735765746753e-09	1.94760685356954e-08	1.63016695484481e-08	5.44451421542479e-10
0.9795	137	54	1	1.13556808400972e-09	1.87588790057092e-08	1.64786824702739e-08	5.73912622975002e-10
0.979	137	54	1	1.07705866447816e-09	1.80718366937782e-08	1.66513612936572e-08	6.04177262877042e-10
0.9785	137	54	1	1.02158903558802e-09	1.74129451968597e-08	1.68198156437729e-08	6.35242216566456e-10
0.978	137	54	1	9.68958246971852e-10	1.67803677619816e-08	1.69841499422386e-08	6.67112288548269e-10
0.9775	137	54	1	9.18988996012615e-10	1.61724487135473e-08	1.71444636933852e-08	6.99786448955849e-10
0.977	137	54	1	8.71499872268089e-10	1.55876430651958e-08	1.73008517379508e-08	7.33262722223521e-10
0.9765	137	54	1	8.26349766391843e-10	1.50245728081089e-08	1.74534050709621e-08	7.67548898717405e-10
0.976	137	54	1	7.83379805469053e-10	1.44819445324629e-08	1.76022105008066e-08	8.02634008969467e-10
0.9755	137	54	1	7.42477190840418e-10	1.39585696334876e-08	1.77473512113195e-08	8.38526281440015e-10
0.975	137	54	1	7.03517022415667e-10	1.34533750806298e-08	1.78889072562221e-08	8.75220870708145e-10
0.9745	137	54	1	6.66387944825431e-10	1.29653485725356e-08	1.80269551113786e-08	9.12732025725098e-10
0.974	137	54	1	6.30981711324807e-10	1.24935662926262e-08	1.81615686119601e-08	9.51042935767345e-10
0.9735	137	54	1	5.97210725317154e-10	1.20371655976115e-08	1.82928185033317e-08	9.90161594924481e-10
0.973	137	54	1	5.64990387807995e-10	1.15953553425641e-08	1.84207730979255e-08	1.03009044404183e-09
0.9725	137	54	1	5.34234545490619e-10	1.11673763569797e-08	1.85454982658574e-08	1.07082367539333e-09
0.972	137	54	1	5.04871588979938e-10	1.07525639503336e-08	1.86670572782015e-08	1.1123653889214e-09
0.9715	137	54	1	4.76826467199487e-10	1.03502685311341e-08	1.87855114392746e-08	1.15471474243157e-09
0.971	137	54	1	4.50041781618893e-10	9.95989202223768e-09	1.89009199568957e-08	1.19787119780114e-09
0.9705	137	54	1	4.24449586589049e-10	9.58086920910262e-09	1.90133399413641e-08	1.24183672554443e-09
0.97	137	54	1	3.99995370159445e-10	9.2126916095836e-09	1.91228268819215e-08	1.2866072450718e-09
0.9695	137	54	1	3.76639497368103e-10	8.85486861612605e-09	1.92294341014829e-08	1.33218963102227e-09
0.969	137	54	1	3.54305251804021e-10	8.50694514831218e-09	1.93332135927675e-08	1.37858356279766e-09
0.9685	137	54	1	3.3297686830025e-10	8.16847667284293e-09	1.94342157341446e-08	1.425775003404e-09
0.968	137	54	1	3.12585290984657e-10	7.83908127299782e-09	1.95324891231454e-08	1.47377949720598e-09
0.9675	137	54	1	2.93106316995306e-10	7.51835971257719e-09	1.96280812251669e-08	1.5225899371214e-09
0.967	137	54	1	2.74497535812657e-10	7.20598425374419e-09	1.9721038098852e-08	1.57220781390904e-09
0.9665	137	54	1	2.56716425894865e-10	6.90159240868127e-09	1.98114042842884e-08	1.62263726133729e-09
0.966	137	54	1	2.39743669361303e-10	6.60488219672573e-09	1.9899223295853e-08	1.67387190571944e-09
0.9655	137	54	1	2.23533525023356e-10	6.31556018593216e-09	1.99845371794775e-08	1.72591338054249e-09
0.965	137	54	1	2.07292849552232e-10	6.03259686648983e-09	2.00673983067073e-08	1.77876028869009e-09
0.9645	137	54	1	1.92597826575991e-10	5.75727532314829e-09	2.01478236763168e-08	1.83241816263906e-09
0.964	137	54	1	1.78580816800888e-10	5.48853851256581e-09	2.02258642951396e-08	1.88688165296251e-09
0.9635	137	54	1	1.65208624558488e-10	5.22612941811218e-09	2.03015582176183e-08	1.94214884575279e-09
0.963	137	54	1	1.52469148417822e-10	4.96983865172496e-09	2.03749421452899e-08	1.99822164289579e-09
0.9625	137	54	1	1.4033763040544e-10	4.71945604818558e-09	2.04460526008966e-08	2.05510253631055e-09
0.962	137	54	1	1.28780874852907e-10	4.47477377374383e-09	2.05149244564049e-08	2.11278701628727e-09
0.9615	137	54	1	1.17790333042933e-10	4.2356012031064e-09	2.05815923811405e-08	2.17127914387406e-09
0.961	137	54	1	1.0735889954816e-10	4.00174793302455e-09	2.06460897376167e-08	2.23057367572013e-09
0.9605	137	54	1	9.7448604741146e-11	3.77305897636404e-09	2.07084495258213e-08	2.29067274535647e-09
0.96	137	54	1	8.80547856851877e-11	3.54936213753376e-09	2.07687037098691e-08	2.3515789732743e-09
0.9595	137	54	1	7.91524623622308e-11	3.3304855540095e-09	2.08268836057789e-08	2.4132824729951e-09
0.959	137	54	1	7.07348624118254e-11	3.11629477778297e-09	2.08830199916874e-08	2.47579323019373e-09
0.9585	137	54	1	6.27785601281516e-11	2.90665236324372e-09	2.09371427913101e-08	2.53910400893556e-09
0.958	137	54	1	5.52780043960865e-11	2.70140254610141e-09	2.09892811267493e-08	2.60322351879846e-09
0.9575	137	54	1	4.82021089709406e-11	2.50044474014999e-09	2.10394641514404e-08	2.66814059805885e-09
0.957	137	54	1	4.15693035549225e-11	2.30362784403582e-09	2.108771959759e-08	2.73385872456832e-09
0.9565	137	54	1	3.53432838551271e-11	2.1108439440809e-09	2.11340752698083e-08	2.80037840910251e-09
0.956	137	54	1	2.95218294255051e-11	1.92198146287126e-09	2.11785580064162e-08	2.86769478231923e-09
0.9555	137	54	1	2.40861774969403e-11	1.73693948113396e-09	2.1221194209221e-08	2.9358123488277e-09
0.955	137	54	1	1.90346627348958e-11	1.55559443104636e-09	2.12620099409166e-08	3.00472970138812e-09
0.9545	137	54	1	1.43576261990574e-11	1.37787914411547e-09	2.13010304478231e-08	3.07444999087259e-09
0.954	137	54	1	1.00369712541237e-11	1.2036546204186e-09	2.1338280701405e-08	3.14497254450271e-09
0.9535	137	54	1	6.06803496339126e-12	1.03286401653691e-09	2.13737853037443e-08	3.21628127372917e-09
0.953	137	54	1	2.44371189950243e-12	8.65413962714001e-10	2.14075680018413e-08	3.28838813081482e-09
0.9525	137	54	1	-8.5131901528257e-13	7.01222968579884e-10	2.14396524564229e-08	3.3612919984022e-09
0.952	137	54	1	-3.81006337590861e-12	5.40199995846535e-10	2.14700618228496e-08	3.43499036979059e-09
0.9515	137	54	1	-6.45949960187409e-12	3.82278764199384e-10	2.14988186965485e-08	3.50948348894746e-09
0.951	137	54	1	-8.79363248884601e-12	2.27377783268423e-10	2.15259455421915e-08	3.58477217326836e-09
0.9505	137	54	1	-1.08146824828736e-11	7.54303286498725e-11	2.15514639566253e-08	3.66086185706543e-09
0.95	137	54	1	-1.25541799178563e-11	-7.36335437068192e-11	2.15753957885017e-08	3.73774253786462e-09
0.9495	137	54	1	-1.39876998872523e-11	-2.19871676421235e-10	2.15977618383431e-08	3.81540895819161e-09
0.949	137	54	1	-1.5140777520628e-11	-3.63355567856161e-10	2.16185830275109e-08	3.89387293099862e-09
0.9485	137	54	1	-1.60247370928346e-11	-5.04156716374382e-10	2.16378799705975e-08	3.97312779349628e-09
0.948	137	54	1	-1.66213709462681e-11	-6.42301545283885e-10	2.16556724494027e-08	4.05316580658624e-09
0.9475	137	54	1	-1.69544378536557e-11	-7.77878428337431e-10	2.16719803333925e-08	4.13399441426404e-09
0.947	137	54	1	-1.70310432423548e-11	-9.10919339958127e-10	2.16868228927492e-08	4.21561465712252e-09
0.9465	137	54	1	-1.68436375957981e-11	-1.04149266988429e-09	2.17002195579479e-08	4.2980246340219e-09
0.946	137	54	1	-1.640865221475e-11	-1.16963860818942e-09	2.17121889663523e-08	4.38121659809857e-09
0.9455	137	54	1	-1.57287516344695e-11	-1.29540422832974e-09	2.17227495083305e-08	4.46519658093168e-09
0.945	137	54	1	-1.48014933643026e-11	-1.41885125870544e-09	2.17319196655639e-08	4.54996494722288e-09
0.9445	137	54	1	-1.36315403409526e-11	-1.54000323604464e-09	2.17397170687754e-08	4.63551862772826e-09
0.944	137	54	1	-1.22328813745298e-11	-1.65892810599644e-09	2.17461595562263e-08	4.7218510804568e-09
0.9435	137	54	1	-1.06021857959604e-11	-1.77564274395081e-09	2.17512644803281e-08	4.80896700298648e-09
0.943	137	54	1	-8.74611494339206e-12	-1.89021376328924e-09	2.17550489872525e-08	4.896875871413e-09
0.9425	137	54	1	-6.66000588012139e-12	-2.00264138605633e-09	2.17575296505438e-08	4.9855468407885e-09
0.942	137	54	1	-4.36628511124582e-12	-2.11300910102352e-09	2.17587236500401e-08	5.07500697237069e-09
0.9415	137	54	1	-1.84874338060581e-12	-2.22132978677791e-09	2.17586466654243e-08	5.16525180274539e-09
0.941	137	54	1	8.75743921824323e-13	-2.32764163499155e-09	2.17573153737964e-08	5.25626789484799e-09
0.9405	137	54	1	3.8095082643963e-12	-2.43197662008754e-09	2.17547456251637e-08	5.3480667377449e-09
0.94	137	54	1	6.94833079961654e-12	-2.53437337782714e-09	2.1750952835258e-08	5.4406441793125e-09
0.9395	137	54	1	1.02899910814358e-11	-2.63486277241043e-09	2.17459525715786e-08	5.53398667597258e-09
0.939	137	54	1	1.38454803177979e-11	-2.73347366963606e-09	2.17397598508921e-08	5.6281133328262e-09
0.9385	137	54	1	1.7582935107896e-11	-2.83023982028396e-09	2.17323900326772e-08	5.72300239443404e-09
0.938	137	54	1	2.15241158230128e-11	-2.92517987610097e-09	2.17238577234356e-08	5.81866987617859e-09
0.9375	137	54	1	2.56507037832421e-11	-3.01833358307135e-09	2.17141777036579e-08	5.91511080875588e-09
0.937	137	54	1	2.99736901965275e-11	-3.10973580219809e-09	2.17033640549897e-08	6.01232592921706e-09
0.9365	137	54	1	3.44807515872958e-11	-3.19938631143657e-09	2.16914311234813e-08	6.11030283541999e-09
0.936	137	54	1	3.91746635131085e-11	-3.28733662513514e-09	2.16783932007732e-08	6.20905518775315e-09
0.9355	137	54	1	4.40510961041696e-11	-3.37359051805208e-09	2.16642636206645e-08	6.30857359581876e-09
0.935	137	54	1	4.91061635798928e-11	-3.45819106684075e-09	2.16490565466855e-08	6.40885576793675e-09
0.9345	137	54	1	5.43391998064635e-11	-3.5411582555156e-09	2.163278494741e-08	6.50990336728757e-09
0.934	137	54	1	5.97425442450117e-11	-3.62249918950397e-09	2.16154623900205e-08	6.61172559002901e-09
0.9335	137	54	1	6.53223031221728e-11	-3.70225805568225e-09	2.1597101844047e-08	6.71429733523247e-09
0.933	137	54	1	7.10890235566808e-11	-3.78044240356701e-09	2.15777163721659e-08	6.81763866875141e-09
0.9325	137	54	1	7.70152830398274e-11	-3.8570864280274e-09	2.15573190041291e-08	6.92173194951839e-09
0.932	137	54	1	8.31154034486303e-11	-3.93219279359869e-09	2.15359217462727e-08	7.02659300134267e-09
0.9315	137	54	1	8.93765061960039e-11	-4.00578703541044e-09	2.15135375224825e-08	7.13221395862504e-09
0.931	137	54	1	9.58089163560771e-11	-4.07788203204973e-09	2.14901785071181e-08	7.23859489249741e-09
0.9305	137	54	1	1.02403530100048e-10	-4.1485199719915e-09	2.14658569605525e-08	7.34572713934741e-09
0.93	137	54	1	1.09168563078299e-10	-4.21769685843287e-09	2.14405846591086e-08	7.45361767226799e-09
0.9295	137	54	1	1.16082476964152e-10	-4.28543556196814e-09	2.14143734610161e-08	7.5622567712957e-09
0.929	137	54	1	1.23162702259094e-10	-4.35176028545925e-09	2.13872353984052e-08	7.6716522090773e-09
0.9285	137	54	1	1.30407240561681e-10	-4.41668124295802e-09	2.13591818110821e-08	7.78180073877148e-09
0.928	137	54	1	1.37791444920765e-10	-4.48020842647168e-09	2.13302238611233e-08	7.89269390826709e-09
0.9275	137	54	1	1.45347289759457e-10	-4.54237181202188e-09	2.1300373264467e-08	8.00434291828448e-09
0.927	137	54	1	1.53058121732386e-10	-4.6031831679727e-09	2.12696412354714e-08	8.11673587818985e-09
0.9265	137	54	1	1.6091616927838e-10	-4.66264427068097e-09	2.12380383199904e-08	8.22988539582958e-09
0.926	137	54	1	1.68934866096038e-10	-4.72078154345468e-09	2.12055757615544e-08	8.34377267789861e-09
0.9255	137	54	1	1.77097003728477e-10	-4.77761452621905e-09	2.11722641854166e-08	8.45840566389621e-09
0.925	137	54	1	1.854116860045e-10	-4.833138778082e-09	2.11381143016366e-08	8.57377905014605e-09
0.9245	137	54	1	1.93876248388847e-10	-4.88738960413571e-09	2.11031365132227e-08	8.68989566892931e-09
0.924	137	54	1	2.02498906531901e-10	-4.94035812259597e-09	2.1067341429225e-08	8.80675454059634e-09
0.9235	137	54	1	2.11253126103372e-10	-4.99207764015352e-09	2.10307391415172e-08	8.92434674469241e-09
0.923	137	54	1	2.20158447028496e-10	-5.04254060729181e-09	2.09933397286944e-08	9.04268319638984e-09
0.9225	137	54	1	2.29217644864832e-10	-5.09177766616631e-09	2.09551535851068e-08	9.16175292155684e-09
0.922	137	54	1	2.38413622177802e-10	-5.13978792859859e-09	2.09161903401447e-08	9.28156325058007e-09
0.9215	137	54	1	2.47757259153047e-10	-5.18659004633548e-09	2.08764598852987e-08	9.40209823135402e-09
0.921	137	54	1	2.57244670009982e-10	-5.23219378933959e-09	2.08359717287925e-08	9.52337350415219e-09
0.9205	137	54	1	2.66873634302556e-10	-5.27659538285263e-09	2.07947360612454e-08	9.64537479403648e-09
0.92	137	54	1	2.76646039409911e-10	-5.31983324059127e-09	2.07527616263124e-08	9.76810604862212e-09
0.9195	137	54	1	2.86554224793178e-10	-5.36189137534393e-09	2.07100582797433e-08	9.89156354306722e-09
0.919	137	54	1	2.96609403704906e-10	-5.40279976313229e-09	2.06666353801491e-08	1.00157528031981e-08
0.9185	137	54	1	3.06806913208391e-10	-5.44255529533189e-09	2.06225017234987e-08	1.01406670731363e-08
0.918	137	54	1	3.17142201389231e-10	-5.48118417320609e-09	2.05776666212349e-08	1.0266306506741e-08
0.9175	137	54	1	3.27613158823681e-10	-5.51867174181098e-09	2.05321391859243e-08	1.03926525631299e-08
0.917	137	54	1	3.38221894935486e-10	-5.55504398036533e-09	2.04859280905088e-08	1.05197324544766e-08
0.9165	137	54	1	3.48968076657741e-10	-5.59030199909216e-09	2.0439042149509e-08	1.06475307034259e-08
0.916	137	54	1	3.59856699994054e-10	-5.62446134111383e-09	2.03914899636983e-08	1.07760522446108e-08
0.9155	137	54	1	3.70878994182533e-10	-5.65753022208071e-09	2.03432804359412e-08	1.09052774322198e-08
0.915	137	54	1	3.82037401713831e-10	-5.68950553336833e-09	2.02944220796742e-08	1.10352330017329e-08
0.9145	137	54	1	3.933298131642e-10	-5.72041725099837e-09	2.02449228238274e-08	1.1165895088039e-08
0.914	137	54	1	4.04768218942309e-10	-5.75025027593767e-09	2.01947916001189e-08	1.12972645265866e-08
0.9135	137	54	1	4.16325973695564e-10	-5.77901881904097e-09	2.01440365244167e-08	1.14293549280285e-08
0.913	137	54	1	4.28033275490236e-10	-5.80674464067954e-09	2.00926654344214e-08	1.15621471803195e-08
0.9125	137	54	1	4.39864811241364e-10	-5.83341885906918e-09	2.00406866018453e-08	1.16956514875963e-08
0.912	137	54	1	4.51838566561946e-10	-5.85905857164448e-09	1.99881081609922e-08	1.18298560363664e-08
0.9115	137	54	1	4.63942328998712e-10	-5.88366444453925e-09	1.99349378868784e-08	1.19647578385482e-08
0.911	137	54	1	4.76174100150217e-10	-5.90723914228874e-09	1.98811835130792e-08	1.21003647721335e-08
0.9105	137	54	1	4.88550755406436e-10	-5.9298110866024e-09	1.98268531111904e-08	1.2236675158479e-08
0.91	137	54	1	5.0105342097595e-10	-5.95135141168157e-09	1.97719539926226e-08	1.23736980052901e-08
0.9095	137	54	1	5.13688758196906e-10	-5.97189830919831e-09	1.97164939095979e-08	1.25113810409434e-08
0.909	137	54	1	5.26460541827589e-10	-5.99145177915261e-09	1.96604804242543e-08	1.26497926604217e-08
0.9085	137	54	1	5.39358557816172e-10	-6.01000738065238e-09	1.96039210242442e-08	1.27888825624738e-08
0.908	137	54	1	5.52387247054753e-10	-6.027573329348e-09	1.95468230504812e-08	1.29286636820402e-08
0.9075	137	54	1	5.65549385100894e-10	-6.04417138561075e-09	1.94891936584359e-08	1.30691429566463e-08
0.907	137	54	1	5.78853187604977e-10	-6.05978800471973e-09	1.94310398835367e-08	1.32103179129819e-08
0.9065	137	54	1	5.9227867055256e-10	-6.07442607325481e-09	1.93723692348386e-08	1.33521730422089e-08
0.906	137	54	1	6.05832384259486e-10	-6.08811179247937e-09	1.93131889859059e-08	1.34947166740667e-08
0.9055	137	54	1	6.19528206513564e-10	-6.10084138763511e-09	1.92535056547465e-08	1.36379377548851e-08
0.905	137	54	1	6.33346042278049e-10	-6.11261530281126e-09	1.91933262436449e-08	1.37818488520624e-08
0.9045	137	54	1	6.4730798499113e-10	-6.12344930317477e-09	1.91326580557979e-08	1.3926430407128e-08
0.904	137	54	1	6.61386057032587e-10	-6.13333250853998e-09	1.90715074643915e-08	1.40717069115541e-08
0.9035	137	54	1	6.75597466859301e-10	-6.1422782415832e-09	1.90098812910713e-08	1.42176628684407e-08
0.903	137	54	1	6.8994432389502e-10	-6.15029649431165e-09	1.89477862612888e-08	1.4364273224153e-08
0.9025	137	54	1	7.04433622544798e-10	-6.15738060538717e-09	1.88852288761474e-08	1.45115614652306e-08
0.902	137	54	1	7.19032056117896e-10	-6.16353790228175e-09	1.88222157928025e-08	1.46595199512611e-08
0.9015	137	54	1	7.33774929706499e-10	-6.16879303194651e-09	1.87587535001789e-08	1.48081547681331e-08
0.901	137	54	1	7.48644812809118e-10	-6.1731253442332e-09	1.86948484167132e-08	1.49574557368646e-08
0.9005	137	54	1	7.63644814050224e-10	-6.17654660750588e-09	1.86305068337004e-08	1.51074219572155e-08
0.9	137	54	1	7.78785369526247e-10	-6.17907081057467e-09	1.85657350980906e-08	1.52580487625385e-08
0.8995	137	54	1	7.94041388196831e-10	-6.18068529689708e-09	1.85005393020304e-08	1.54093435977053e-08
0.899	137	54	1	8.09433520210234e-10	-6.18140405528322e-09	1.84349257690881e-08	1.55612902395317e-08
0.8985	137	54	1	8.24957546718963e-10	-6.18124129658781e-09	1.83689004082938e-08	1.57138923908087e-08
0.898	137	54	1	8.40615466124461e-10	-6.18017614861799e-09	1.83024696453917e-08	1.58671736822232e-08
0.8975	137	54	1	8.56407056382125e-10	-6.17822659698675e-09	1.82356392571763e-08	1.60210798754055e-08
0.897	137	54	1	8.72325767176108e-10	-6.17540241165671e-09	1.81684150183598e-08	1.61756509886443e-08
0.8965	137	54	1	8.88369933171873e-10	-6.17170403671707e-09	1.81008031945534e-08	1.63308681556725e-08
0.896	137	54	1	9.04549213309735e-10	-6.16712791945417e-09	1.80328094504493e-08	1.64867484713764e-08
0.8955	137	54	1	9.20861831232855e-10	-6.16167805667089e-09	1.79644391528172e-08	1.66432580625705e-08
0.895	137	54	1	9.3730945227577e-10	-6.1553664387759e-09	1.78956985581279e-08	1.68004163078921e-08
0.8945	137	54	1	9.53885193055726e-10	-6.14817730060224e-09	1.78265932936725e-08	1.69582158928329e-08
0.894	137	54	1	9.70597824334618e-10	-6.14014039612698e-09	1.77571288446545e-08	1.71166512750575e-08
0.8935	137	54	1	9.87427029031096e-10	-6.13124750969973e-09	1.76873105635277e-08	1.72757384652227e-08
0.893	137	54	1	1.00440711303662e-09	-6.12149753109748e-09	1.76171443845757e-08	1.7435458482863e-08
0.8925	137	54	1	1.02150410352664e-09	-6.11089978619361e-09	1.75466353786724e-08	1.75958032741644e-08
0.892	137	54	1	1.03873742940408e-09	-6.09945072227447e-09	1.74757892694273e-08	1.77567840777161e-08
0.8915	137	54	1	1.05610398204448e-09	-6.08715566841056e-09	1.74046112880144e-08	1.79184000659111e-08
0.891	137	54	1	1.07361430856656e-09	-6.07402306229687e-09	1.73331065454425e-08	1.80806432925613e-08
0.8905	137	54	1	1.09123665659183e-09	-6.06005268188881e-09	1.72612803676424e-08	1.8243494475663e-08
0.89	137	54	1	1.10901643424199e-09	-6.0452418626511e-09	1.71891383921387e-08	1.84069832006791e-08
0.8895	137	54	1	1.12692299936157e-09	-6.02960703588451e-09	1.71166854034105e-08	1.85711032532543e-08
0.889	137	54	1	1.14495701808437e-09	-6.01313354664512e-09	1.70439266098215e-08	1.8735835418446e-08
0.8885	137	54	1	1.16312404152552e-09	-5.99583582783225e-09	1.69708668332517e-08	1.89011781434923e-08
0.888	137	54	1	1.18143139715698e-09	-5.97770544175091e-09	1.68975114050727e-08	1.90671474514952e-08
0.8875	137	54	1	1.19986809377082e-09	-5.9587601519695e-09	1.68238652693494e-08	1.92337169447927e-08
0.887	137	54	1	1.21844445644115e-09	-5.93899018852539e-09	1.67499332116767e-08	1.94009055668645e-08
0.8865	137	54	1	1.23714882782622e-09	-5.91840265684596e-09	1.667572031966e-08	1.95686965881387e-08
0.886	137	54	1	1.25598653699655e-09	-5.89700444031394e-09	1.66012313407395e-08	1.97370815471105e-08
0.8855	137	54	1	1.27496790902626e-09	-5.87478754532356e-09	1.6526470800637e-08	1.99060934215933e-08
0.885	137	54	1	1.2940903904024e-09	-5.85176751499716e-09	1.64514439560563e-08	2.00756797128427e-08
0.8845	137	54	1	1.31334254582782e-09	-5.82792658576636e-09	1.6376155097103e-08	2.02458741724962e-08
0.884	137	54	1	1.33272703983778e-09	-5.80328429755639e-09	1.63006090139544e-08	2.04166823992818e-08
0.8835	137	54	1	1.3522450936776e-09	-5.77784997624065e-09	1.62248104974204e-08	2.05880773722568e-08
0.883	137	54	1	1.37190614424298e-09	-5.75159808668957e-09	1.61487640235194e-08	2.07600571181576e-08
0.8825	137	54	1	1.39171596469367e-09	-5.72454261771327e-09	1.60724741318596e-08	2.09326177709635e-08
0.882	137	54	1	1.41163880584827e-09	-5.69670510763842e-09	1.59959452478909e-08	2.11057845793988e-08
0.8815	137	54	1	1.43172373956446e-09	-5.66805935520165e-09	1.59191820422803e-08	2.12795287418207e-08
0.881	137	54	1	1.45192646794357e-09	-5.6386213476145e-09	1.58421885198171e-08	2.14538600099691e-08
0.8805	137	54	1	1.47229051172815e-09	-5.6083961919029e-09	1.5764969576826e-08	2.16287621010157e-08
0.88	137	54	1	1.49277823435767e-09	-5.57737944717474e-09	1.56875291089909e-08	2.18042477203861e-08
0.8795	137	54	1	1.51340684428902e-09	-5.54557622045593e-09	1.56098719958321e-08	2.19803036986565e-08
0.879	137	54	1	1.53417334392003e-09	-5.51297585360544e-09	1.55320019247084e-08	2.21569354756949e-08
0.8785	137	54	1	1.55508916854785e-09	-5.47959722041469e-09	1.54539231646019e-08	2.23341463149915e-08
0.878	137	54	1	1.57614021834007e-09	-5.44542833047501e-09	1.53756404808659e-08	2.25119170001386e-08
0.8775	137	54	1	1.59733426485786e-09	-5.41048739144401e-09	1.5297157313588e-08	2.26902512914e-08
0.877	137	54	1	1.6186610940494e-09	-5.37476330109143e-09	1.52184779393695e-08	2.2869136000919e-08
0.8765	137	54	1	1.6401395797061e-09	-5.33826027826478e-09	1.51396069767524e-08	2.30486039895761e-08
0.876	137	54	1	1.661762394356e-09	-5.30096766482302e-09	1.50605477594117e-08	2.3228627888505e-08
0.8755	137	54	1	1.6835247640401e-09	-5.26290899749426e-09	1.49813050166208e-08	2.34091866986488e-08
0.875	137	54	1	1.70542013844255e-09	-5.22407805902958e-09	1.49018821093783e-08	2.35903129528048e-08
0.8745	137	54	1	1.72746827953318e-09	-5.18447573760739e-09	1.48222831041107e-08	2.37720047911248e-08
0.874	137	54	1	1.74966685584366e-09	-5.14409692620177e-09	1.47425119024468e-08	2.39542175165782e-08
0.8735	137	54	1	1.77198966611058e-09	-5.10295161681995e-09	1.46625726168274e-08	2.41369838380064e-08
0.873	137	54	1	1.79447734449667e-09	-5.0610295954101e-09	1.45824686766638e-08	2.43202786344419e-08
0.8725	137	54	1	1.81709669533348e-09	-5.01834152011327e-09	1.45022042509204e-08	2.45041475448131e-08
0.872	137	54	1	1.83987691748655e-09	-4.9748947184014e-09	1.44217831980826e-08	2.46885192726505e-08
0.8715	137	54	1	1.86278803493423e-09	-4.9306845273378e-09	1.43412088205261e-08	2.4873447924331e-08
0.871	137	54	1	1.88585491667226e-09	-4.8856987344692e-09	1.4260485041852e-08	2.50588959236752e-08
0.8705	137	54	1	1.90906446206895e-09	-4.83994999633808e-09	1.41796155335759e-08	2.52448674308197e-08
0.87	137	54	1	1.93242866153298e-09	-4.79345629855743e-09	1.40986036919018e-08	2.54313756314535e-08
0.8695	137	54	1	1.9559369679456e-09	-4.74618988555164e-09	1.40174536849867e-08	2.56184097611689e-08
0.869	137	54	1	1.97958749392768e-09	-4.69816319181859e-09	1.39361680597447e-08	2.58059420933439e-08
0.8685	137	54	1	2.00339655975768e-09	-4.6493859873209e-09	1.38547517930955e-08	2.59940103117291e-08
0.868	137	54	1	2.02734262710891e-09	-4.59984716982831e-09	1.3773207129143e-08	2.61825996986279e-08
0.8675	137	54	1	2.05145411769081e-09	-4.54954807160846e-09	1.36915383092546e-08	2.63716859169713e-08
0.867	137	54	1	2.07570838295368e-09	-4.4985004610254e-09	1.36097481838843e-08	2.65612885416725e-08
0.8665	137	54	1	2.1001139716148e-09	-4.44668746268917e-09	1.35278410026559e-08	2.67514064231036e-08
0.866	137	54	1	2.12467254900872e-09	-4.39412151109764e-09	1.34458191609289e-08	2.69420256977704e-08
0.8655	137	54	1	2.14938411513543e-09	-4.34082259026525e-09	1.33636866722079e-08	2.71331408031426e-08
0.865	137	54	1	2.17425255577552e-09	-4.28675162034153e-09	1.32814467158134e-08	2.73247501388959e-08
0.8645	137	54	1	2.19926377109658e-09	-4.23193924348197e-09	1.31991024389659e-08	2.7516860586058e-08
0.864	137	54	1	2.22443663489003e-09	-4.17637502359014e-09	1.31166571909871e-08	2.77094637423913e-08
0.8635	137	54	1	2.24976104412633e-09	-4.12006317951352e-09	1.30341144167114e-08	2.79025418507348e-08
0.863	137	54	1	2.27523933027385e-09	-4.06299749400318e-09	1.29514772784026e-08	2.8096122302573e-08
0.8625	137	54	1	2.30087515706856e-09	-4.0051946204045e-09	1.28687484963963e-08	2.82901877522443e-08
0.862	137	54	1	2.32666641508672e-09	-3.94663324243538e-09	1.27859316284262e-08	2.84847089320047e-08
0.8615	137	54	1	2.35261043979307e-09	-3.88732646072754e-09	1.27030299889714e-08	2.86797268220874e-08
0.861	137	54	1	2.37872477271139e-09	-3.8272807145745e-09	1.26200461264915e-08	2.88752303071046e-08
0.8605	137	54	1	2.404991539251e-09	-3.76648201516616e-09	1.2536983538715e-08	2.90711831179758e-08
0.86	137	54	1	2.43141640154931e-09	-3.70495079060618e-09	1.24538451754959e-08	2.92675917787664e-08
0.8595	137	54	1	2.4579980273387e-09	-3.64266150576498e-09	1.23706342383261e-08	2.94645177480693e-08
0.859	137	54	1	2.48474307795732e-09	-3.57963925168292e-09	1.22873533424812e-08	2.96618718298939e-08
0.8585	137	54	1	2.51164367082168e-09	-3.51586937341608e-09	1.22040055983228e-08	2.98596880500761e-08
0.858	137	54	1	2.53870924282751e-09	-3.4513627511501e-09	1.21205938120903e-08	3.00579557681671e-08
0.8575	137	54	1	2.56593724046184e-09	-3.386102509495e-09	1.20371211781705e-08	3.02566738685825e-08
0.857	137	54	1	2.59332511021171e-09	-3.32011418358036e-09	1.19535907701591e-08	3.04558573154249e-08
0.8565	137	54	1	2.62087540559008e-09	-3.25337734530251e-09	1.18700049535375e-08	3.06554740482168e-08
0.856	137	54	1	2.64859612020274e-09	-3.18590576142697e-09	1.17863665862429e-08	3.08555222116837e-08
0.8555	137	54	1	2.67647226603884e-09	-3.11768855176808e-09	1.17026787911047e-08	3.1056033711042e-08
0.855	137	54	1	2.70452338302363e-09	-3.04873881695755e-09	1.16189442765147e-08	3.12569803097757e-08
0.8545	137	54	1	2.73273015327646e-09	-2.97903879342698e-09	1.15351656026835e-08	3.14583564969364e-08
0.854	137	54	1	2.7611126718341e-09	-2.90861068563686e-09	1.14513460654422e-08	3.16601421901674e-08
0.8535	137	54	1	2.78965639477491e-09	-2.837437174108e-09	1.13674875613308e-08	3.18623846298664e-08
0.853	137	54	1	2.81836542992409e-09	-2.76553291378434e-09	1.1283593458419e-08	3.2065027265356e-08
0.8525	137	54	1	2.84724843702122e-09	-2.69288724652483e-09	1.11996660465154e-08	3.22680920443546e-08
0.852	137	54	1	2.87628965089937e-09	-2.61951060842591e-09	1.11157081926749e-08	3.24715881605108e-08
0.8515	137	54	1	2.90551382953197e-09	-2.545385902053e-09	1.10317222119465e-08	3.2675496942193e-08
0.851	137	54	1	2.93490920455497e-09	-2.47052800439462e-09	1.09477112234808e-08	3.28798189128813e-08
0.8505	137	54	1	2.96446334147049e-09	-2.39493802567381e-09	1.08636771807438e-08	3.30845277411445e-08
0.85	137	54	1	2.99420455096566e-09	-2.31860730615097e-09	1.0779623259409e-08	3.32896500451418e-08
0.8495	137	54	1	3.02410685382171e-09	-2.24154761419015e-09	1.06955516628134e-08	3.34951754797865e-08
0.849	137	54	1	3.0541873474732e-09	-2.16374385075824e-09	1.06114647080278e-08	3.37010890387699e-08
0.8485	137	54	1	3.08444270125108e-09	-2.08521067079914e-09	1.05273652893125e-08	3.39073925555003e-08
0.848	137	54	1	3.11487236004382e-09	-2.00593008869987e-09	1.04432555503694e-08	3.41141200392771e-08
0.8475	137	54	1	3.14548065372122e-09	-1.92591964598421e-09	1.03591382886354e-08	3.43211946604768e-08
0.847	137	54	1	3.17626314139119e-09	-1.84517534584927e-09	1.0275015501578e-08	3.45286676812155e-08
0.8465	137	54	1	3.20721516011702e-09	-1.76369496784901e-09	1.01908897876998e-08	3.47365068813008e-08
0.846	137	54	1	3.23835658289084e-09	-1.68148073242946e-09	1.0106763543138e-08	3.4944734418635e-08
0.8455	137	54	1	3.26967741770545e-09	-1.59853041914459e-09	1.00226392906505e-08	3.51533411254113e-08
0.845	137	54	1	3.30117511104788e-09	-1.51484780275268e-09	9.93851894913876e-09	3.53622756709709e-08
0.8445	137	54	1	3.33285077314116e-09	-1.4304315509861e-09	9.85440547477541e-09	3.55716135375172e-08
0.844	137	54	1	3.36470318273996e-09	-1.3452705616146e-09	9.77030028607665e-09	3.57813198082698e-08
0.8435	137	54	1	3.39674466331985e-09	-1.25937504869e-09	9.68620651218663e-09	3.59913548265833e-08
0.843	137	54	1	3.42897210625637e-09	-1.17275011923823e-09	9.60212589604074e-09	3.62017602378787e-08
0.8425	137	54	1	3.46138229190274e-09	-1.08538178444917e-09	9.51806074339776e-09	3.64125188037851e-08
0.842	137	54	1	3.49396722665318e-09	-9.97284477222138e-10	9.43401344113753e-09	3.66236035591327e-08
0.8415	137	54	1	3.52674367487538e-09	-9.08448649639126e-10	9.34998608393563e-09	3.6835051566692e-08
0.841	137	54	1	3.55971030430169e-09	-8.1888673619801e-10	9.26598098641771e-09	3.70468220931322e-08
0.8405	137	54	1	3.59286367324074e-09	-7.28576754482901e-10	9.18199984451662e-09	3.72589337201013e-08
0.84	137	54	1	3.62620278249182e-09	-6.37541130998898e-10	9.09804541083855e-09	3.74713718365807e-08
0.8395	137	54	1	3.65973096272398e-09	-5.45763878534444e-10	9.01411968197683e-09	3.7684145750226e-08
0.839	137	54	1	3.69344543837968e-09	-4.53253212739924e-10	8.93022409988619e-09	3.78972338480352e-08
0.8385	137	54	1	3.72735098341792e-09	-3.60007579303101e-10	8.84636168292917e-09	3.81106494355595e-08
0.838	137	54	1	3.76145281588691e-09	-2.6601720826136e-10	8.76253403325115e-09	3.83243792518098e-08
0.8375	137	54	1	3.795743719337e-09	-1.71300307272304e-10	8.67874303004147e-09	3.85384093285621e-08
0.837	137	54	1	3.83023035510632e-09	-7.58331175632065e-11	8.59499097259249e-09	3.87527479927013e-08
0.8365	137	54	1	3.86490328629918e-09	2.03622674277426e-11	8.51127983582526e-09	3.89673883850558e-08
0.836	137	54	1	3.89978016546166e-09	1.17302056956703e-10	8.42761143345597e-09	3.91823288200265e-08
0.8355	137	54	1	3.93485055649734e-09	2.14961604072528e-10	8.34398778856256e-09	3.93975717050616e-08
0.835	137	54	1	3.9701234522127e-09	3.13374437510561e-10	8.26041131560601e-09	3.96131036557106e-08
0.8345	137	54	1	4.00558564095377e-09	4.12528011750624e-10	8.17688331049634e-09	3.98289181444911e-08
0.834	137	54	1	4.04124822495078e-09	5.12421105547389e-10	8.09340599346674e-09	4.00450227460486e-08
0.8335	137	54	1	4.07711164829294e-09	6.13036288399371e-10	8.00998110518593e-09	4.02614025830902e-08
0.833	137	54	1	4.11318090698387e-09	7.14410197666382e-10	7.92661092561126e-09	4.04780615476794e-08
0.8325	137	54	1	4.14944156812425e-09	8.16514078572084e-10	7.84329698903546e-09	4.06949956541133e-08
0.832	137	54	1	4.18591372675081e-09	9.19363585261124e-10	7.76004119792346e-09	4.09121868536257e-08
0.8315	137	54	1	4.22257562249229e-09	1.02294439585648e-09	7.67684524089865e-09	4.11296441214007e-08
0.831	137	54	1	4.25945656523652e-09	1.12727782664024e-09	7.59371127744796e-09	4.13473377836745e-08
0.8305	137	54	1	4.29654034572735e-09	1.23234367155334e-09	7.51064092408628e-09	4.15653193612572e-08
0.83	137	54	1	4.33383062770076e-09	1.33815858394115e-09	7.42763575240595e-09	4.17835347448728e-08
0.8295	137	54	1	4.37132618991143e-09	1.44470968521659e-09	7.34469823812145e-09	4.20019983409205e-08
0.829	137	54	1	4.40903735743348e-09	1.55201052010057e-09	7.26182913639401e-09	4.2220702946912e-08
0.8285	137	54	1	4.44694880918917e-09	1.66005098556354e-09	7.17903134982751e-09	4.24396385624961e-08
0.828	137	54	1	4.48507198047565e-09	1.76883474534151e-09	7.09630543008034e-09	4.26588212020803e-08
0.8275	137	54	1	4.52341586409943e-09	1.87835591525243e-09	7.01365376697931e-09	4.2878210170578e-08
0.827	137	54	1	4.56196813658494e-09	1.98863747691291e-09	6.9310777094554e-09	4.30978359748749e-08
0.8265	137	54	1	4.60073013019979e-09	2.0996447913646e-09	6.84857921487871e-09	4.33176760599361e-08
0.826	137	54	1	4.63971316921885e-09	2.21141649436873e-09	6.76615975901939e-09	4.35377403654988e-08
0.8255	137	54	1	4.67890393096582e-09	2.32393404520082e-09	6.68382145958901e-09	4.37580099517458e-08
0.825	137	54	1	4.71831385073784e-09	2.43719278092414e-09	6.6015653369658e-09	4.39784893576007e-08
0.8245	137	54	1	4.75794337262414e-09	2.55119481096244e-09	6.51939289181651e-09	4.41991694689781e-08
0.824	137	54	1	4.79779704853911e-09	2.66595268083591e-09	6.43730643295648e-09	4.44200332882289e-08
0.8235	137	54	1	4.83786755101079e-09	2.78145662058193e-09	6.35530692317557e-09	4.46411056340391e-08
0.823	137	54	1	4.87815354777155e-09	2.89770896166885e-09	6.27339670566741e-09	4.48623512777806e-08
0.8225	137	54	1	4.918664808784e-09	3.01471936303699e-09	6.19157636943754e-09	4.50837850509323e-08
0.822	137	54	1	4.95940488676183e-09	3.13246761862729e-09	6.10984780178411e-09	4.53054096924881e-08
0.8215	137	54	1	5.00036434480933e-09	3.25098148401537e-09	6.02821315527479e-09	4.55272030936727e-08
0.821	137	54	1	5.04154895608622e-09	3.37023631225009e-09	5.94667294387381e-09	4.57491412183851e-08
0.8205	137	54	1	5.08297026691196e-09	3.4902531975689e-09	5.86522920328634e-09	4.59712715169129e-08
0.82	137	54	1	5.12460984758434e-09	3.61101715196099e-09	5.78388351553144e-09	4.61935516590124e-08
0.8195	137	54	1	5.16648079873505e-09	3.73253827845588e-09	5.70263685897936e-09	4.64159909569744e-08
0.819	137	54	1	5.20858300934179e-09	3.8548230163471e-09	5.62149131598908e-09	4.66385638698154e-08
0.8185	137	54	1	5.25092103131897e-09	3.97785770989145e-09	5.5404479650075e-09	4.68612907233407e-08
0.818	137	54	1	5.29348764821691e-09	4.10164591180262e-09	5.45950839976238e-09	4.70841648890543e-08
0.8175	137	54	1	5.33628985444068e-09	4.2261965038648e-09	5.37867393964317e-09	4.73071392541094e-08
0.817	137	54	1	5.37932309807587e-09	4.35149605237939e-09	5.29794600700309e-09	4.75302741805843e-08
0.8165	137	54	1	5.42259770419662e-09	4.47757142474359e-09	5.21732575994954e-09	4.77535192272557e-08
0.816	137	54	1	5.46611544915976e-09	4.60439475435948e-09	5.13681515259333e-09	4.79769103121106e-08
0.8155	137	54	1	5.50985357339329e-09	4.7319863583084e-09	5.05641483957432e-09	4.82003805941154e-08
0.815	137	54	1	5.55385881728654e-09	4.86033535640473e-09	4.9761270817179e-09	4.84239846100065e-08
0.8145	137	54	1	5.59807611377749e-09	4.98945040838805e-09	4.89595196700243e-09	4.86476829350534e-08
0.814	137	54	1	5.64255020485405e-09	5.11933639923967e-09	4.81589212575053e-09	4.88714789395473e-08
0.8135	137	54	1	5.68726987726365e-09	5.24998144957323e-09	4.73594787592475e-09	4.90953797772706e-08
0.813	137	54	1	5.73223513100629e-09	5.38138389405418e-09	4.65612108992211e-09	4.9319365927489e-08
0.8125	137	54	1	5.77744518892587e-09	5.51356582612073e-09	4.5764129800059e-09	4.95434159813503e-08
0.812	137	54	1	5.82290904382887e-09	5.64650570744618e-09	4.496824385718e-09	4.97675716795246e-08
0.8115	137	54	1	5.86860937623612e-09	5.78022418817881e-09	4.41735726752275e-09	4.99917905226229e-08
0.811	137	54	1	5.91457316456712e-09	5.91470961097684e-09	4.33801210337328e-09	5.02160804988896e-08
0.8105	137	54	1	5.96077875947287e-09	6.04996752695541e-09	4.25879095836984e-09	5.04404252177357e-08
0.81	137	54	1	6.00723426558147e-09	6.18599105273177e-09	4.17969448379585e-09	5.06648276584947e-08
0.8095	137	54	1	6.05396544006709e-09	6.32279184564766e-09	4.10072443860391e-09	5.08892953065558e-08
0.809	137	54	1	6.10093586761451e-09	6.46036169005271e-09	4.02188072099219e-09	5.11137974594363e-08
0.8085	137	54	1	6.14816542121588e-09	6.59871124408795e-09	3.94316608848498e-09	5.13383335353371e-08
0.808	137	54	1	6.19565210246975e-09	6.73783573379438e-09	3.86458091529877e-09	5.1562907949702e-08
0.8075	137	54	1	6.2434036829373e-09	6.87774037722022e-09	3.78612684554055e-09	5.17875371004243e-08
0.807	137	54	1	6.29141505559261e-09	7.01841840200501e-09	3.70780470775256e-09	5.20121494332864e-08
0.8065	137	54	1	6.33968411101193e-09	7.15987868993295e-09	3.62961514465951e-09	5.22368146937209e-08
0.806	137	54	1	6.3882208412025e-09	7.30211879851339e-09	3.55156022758821e-09	5.24614793588885e-08
0.8055	137	54	1	6.43702502411969e-09	7.44514405681684e-09	3.47364034659839e-09	5.26861525029689e-08
0.805	137	54	1	6.48609521647359e-09	7.58894891372819e-09	3.3958572999764e-09	5.29108194046881e-08
0.8045	137	54	1	6.53543430484405e-09	7.73354091876399e-09	3.31821201828518e-09	5.31355162572962e-08
0.804	137	54	1	6.58504861750231e-09	7.87891707432209e-09	3.24070526394061e-09	5.33601471758894e-08
0.8035	137	54	1	6.63492905061958e-09	8.02508526298595e-09	3.16333818669197e-09	5.35848016842317e-08
0.803	137	54	1	6.68507971202104e-09	8.17203482661455e-09	3.08611209568719e-09	5.38093973900412e-08
0.8025	137	54	1	6.7355055977103e-09	8.31978008708489e-09	3.00902763647717e-09	5.40339795205871e-08
0.802	137	54	1	6.78621470129315e-09	8.46829872891419e-09	2.93208634424163e-09	5.42585654974832e-08
0.8015	137	54	1	6.83719980631992e-09	8.61763072013133e-09	2.85528879695073e-09	5.44830826247845e-08
0.801	137	54	1	6.88844958851575e-09	8.76774020053261e-09	2.77863651991281e-09	5.47075682897302e-08
0.8005	137	54	1	6.93999813172752e-09	8.91865592489438e-09	2.70213045563874e-09	5.49319970357841e-08
0.8	137	54	1	6.99181745833499e-09	9.07036223907198e-09	2.62577090673632e-09	5.51563315136462e-08
0.7995	137	54	1	7.04393277040083e-09	9.22286313986831e-09	2.54955935476912e-09	5.53806511876547e-08
0.799	137	54	1	7.09632130835303e-09	9.37616717600065e-09	2.47349728426404e-09	5.56048649037869e-08
0.7985	137	54	1	7.14899961451465e-09	9.53026635386323e-09	2.39758514794498e-09	5.58290557877404e-08
0.798	137	54	1	7.20196968728715e-09	9.68517976929206e-09	2.3218237948522e-09	5.60531275215959e-08
0.7975	137	54	1	7.25522697475611e-09	9.84087833444391e-09	2.24621479459358e-09	5.62770844843349e-08
0.797	137	54	1	7.30877969257193e-09	9.99738658524763e-09	2.17075823080703e-09	5.65009848340398e-08
0.7965	137	54	1	7.36260918898779e-09	1.01547030784133e-08	2.0954556457449e-09	5.6724773277261e-08
0.796	137	54	1	7.41675532101027e-09	1.03128280359854e-08	2.02030777071529e-09	5.69484214134344e-08
0.7955	137	54	1	7.47119055510836e-09	1.04717650106778e-08	1.94531534675478e-09	5.7172012686351e-08
0.795	137	54	1	7.52593087849363e-09	1.0631503566394e-08	1.87047983803731e-09	5.73954544379981e-08
0.7945	137	54	1	7.58095952679838e-09	1.07920479219814e-08	1.79580172230952e-09	5.76187932340395e-08
0.794	137	54	1	7.63629537381405e-09	1.0953418949633e-08	1.72128212598817e-09	5.78419571442821e-08
0.7935	137	54	1	7.69193320149242e-09	1.11155979976019e-08	1.6469212483687e-09	5.80650265716033e-08
0.793	137	54	1	7.74787278778888e-09	1.12785958350514e-08	1.57272115806646e-09	5.82879237195002e-08
0.7925	137	54	1	7.80412345857684e-09	1.14424156816284e-08	1.49868198751138e-09	5.85106458991434e-08
0.792	137	54	1	7.86067411162605e-09	1.16070431044335e-08	1.42480448772891e-09	5.87332527722942e-08
0.7915	137	54	1	7.91754239948261e-09	1.17724975323696e-08	1.35108922571704e-09	5.8955641551923e-08
0.791	137	54	1	7.97473531655157e-09	1.19387758568124e-08	1.27753821137871e-09	5.91779172587399e-08
0.7905	137	54	1	8.03222210965515e-09	1.21058795210516e-08	1.20415168938861e-09	5.9399942785805e-08
0.79	137	54	1	8.09003075641357e-09	1.22738053054405e-08	1.13092971545523e-09	5.96218660533911e-08
0.7895	137	54	1	8.14816070171531e-09	1.24425582059828e-08	1.05787416459778e-09	5.98435369320261e-08
0.789	137	54	1	8.20661405498413e-09	1.26121417753922e-08	9.84985284079054e-10	6.00649964672924e-08
0.7885	137	54	1	8.26537760456603e-09	1.27825547924232e-08	9.12264117192098e-10	6.02862815718264e-08
0.788	137	54	1	8.32446878096249e-09	1.29538072490831e-08	8.39711318165107e-10	6.05073272612336e-08
0.7875	137	54	1	8.38388392043754e-09	1.31258841573612e-08	7.67327609068934e-10	6.07281542180891e-08
0.787	137	54	1	8.44362046947822e-09	1.32988065004724e-08	6.9511362697801e-10	6.0948757444369e-08
0.7865	137	54	1	8.5036996333443e-09	1.34725612888076e-08	6.23071033683706e-10	6.11691223645624e-08
0.786	137	54	1	8.56409299032634e-09	1.36471528522364e-08	5.51198956941888e-10	6.13892125204147e-08
0.7855	137	54	1	8.62483018337912e-09	1.38225896284538e-08	4.79499842560612e-10	6.16090939586624e-08
0.785	137	54	1	8.68590521729828e-09	1.39988716174599e-08	4.0797303465407e-10	6.18286868329063e-08
0.7845	137	54	1	8.74730976541116e-09	1.41759972649425e-08	3.36620434687291e-10	6.20480643394287e-08
0.784	137	54	1	8.8090509331451e-09	1.43539695685035e-08	2.65442172604212e-10	6.22671421628154e-08
0.7835	137	54	1	8.87113038583465e-09	1.45327873068979e-08	1.94439017484714e-10	6.24858958348668e-08
0.783	137	54	1	8.93355778242011e-09	1.47124556981737e-08	1.23611339488309e-10	6.27044084733939e-08
0.7825	137	54	1	8.99633567641445e-09	1.48929818477583e-08	5.29606563456175e-11	6.29225905135874e-08
0.782	137	54	1	9.05944930185143e-09	1.50743647564511e-08	-1.75131727861009e-11	6.31404969179203e-08
0.7815	137	54	1	9.12291475696492e-09	1.5256591989754e-08	-8.78090238732237e-11	6.33581098732572e-08
0.781	137	54	1	9.18673137562109e-09	1.54396889717745e-08	-1.57926276824367e-10	6.35753396844666e-08
0.7805	137	54	1	9.25090326564515e-09	1.56236388271225e-08	-2.27864284937171e-10	6.37922991934628e-08
0.78	137	54	1	9.31541899173993e-09	1.5808460651634e-08	-2.97622712110547e-10	6.40089114605969e-08
0.7795	137	54	1	9.38030619845875e-09	1.59941333510716e-08	-3.6720021734285e-10	6.42251463517372e-08
0.779	137	54	1	9.4455462340548e-09	1.61806801290965e-08	-4.36596688944932e-10	6.44410618667109e-08
0.7785	137	54	1	9.51113643399282e-09	1.63680990983295e-08	-5.05811292087799e-10	6.46566249478877e-08
0.778	137	54	1	9.57709678228724e-09	1.65563749376929e-08	-5.74843281265216e-10	6.48717768050337e-08
0.7775	137	54	1	9.64342972142873e-09	1.67455393995652e-08	-6.436926709539e-10	6.50865911901767e-08
0.777	137	54	1	9.710131476659e-09	1.69355682810846e-08	-7.12357850136064e-10	6.53010002178775e-08
0.7765	137	54	1	9.77719805117516e-09	1.71264807891092e-08	-7.80838944738321e-10	6.55150333312512e-08
0.776	137	54	1	9.8446376606276e-09	1.73182646001635e-08	-8.49135318806653e-10	6.57286481732187e-08
0.7755	137	54	1	9.91245086012782e-09	1.75109277078533e-08	-9.17245740246263e-10	6.59418639716639e-08
0.775	137	54	1	9.98063498514057e-09	1.77044868765464e-08	-9.85170504377918e-10	6.61546545526264e-08
0.7745	137	54	1	1.0049203691409e-08	1.78989291166332e-08	-1.05290802388958e-09	6.63670318073162e-08
0.774	137	54	1	1.01181559797325e-08	1.80942498761993e-08	-1.12045886124715e-09	6.65789830914053e-08
0.7735	137	54	1	1.0187488186375e-08	1.82904574819176e-08	-1.18782141912713e-09	6.67904377405429e-08
0.773	137	54	1	1.02572046412064e-08	1.84875723618916e-08	-1.25499565796738e-09	6.70015098375563e-08
0.7725	137	54	1	1.03273071205834e-08	1.86855676487241e-08	-1.32198077162585e-09	6.72120895674209e-08
0.772	137	54	1	1.03978143872752e-08	1.8884465324831e-08	-1.38877666887247e-09	6.74221794258298e-08
0.7715	137	54	1	1.04686983526392e-08	1.90842736058627e-08	-1.45538243133461e-09	6.76318172492112e-08
0.771	137	54	1	1.05399795558014e-08	1.92849637370429e-08	-1.52179777114595e-09	6.78409361559018e-08
0.7705	137	54	1	1.06116653242339e-08	1.94865571456759e-08	-1.58802192798877e-09	6.80496017680957e-08
0.77	137	54	1	1.06837503288659e-08	1.96890728165755e-08	-1.65405429010072e-09	6.82576965394892e-08
0.7695	137	54	1	1.07562283524487e-08	1.98924825500768e-08	-1.71989451489299e-09	6.84653425892187e-08
0.769	137	54	1	1.08291251521564e-08	2.00968069963281e-08	-1.78554201149908e-09	6.86724150216888e-08
0.7685	137	54	1	1.090241907864e-08	2.03020400491027e-08	-1.85099655535548e-09	6.88789864529476e-08
0.768	137	54	1	1.09761376654305e-08	2.05082073545526e-08	-1.91625720702055e-09	6.90849972999123e-08
0.7675	137	54	1	1.10502472727703e-08	2.07152737186078e-08	-1.98132348038779e-09	6.92904679220273e-08
0.767	137	54	1	1.11247898670896e-08	2.09232635661749e-08	-2.04619525725943e-09	6.94953558060352e-08
0.7665	137	54	1	1.11997406904152e-08	2.11321844467705e-08	-2.11087221412267e-09	6.96996822898874e-08
0.766	137	54	1	1.12751252778764e-08	2.1342020040116e-08	-2.17535296144365e-09	6.99034334745936e-08
0.7655	137	54	1	1.13509169841208e-08	2.15527860003561e-08	-2.23963774056024e-09	7.01065773284641e-08
0.765	137	54	1	1.14271448969916e-08	2.17644948730111e-08	-2.30372596453278e-09	7.03090980140329e-08
0.7645	137	54	1	1.15037914749649e-08	2.19771174592154e-08	-2.36761746290554e-09	7.05110525666897e-08
0.764	137	54	1	1.15808701517395e-08	2.21906873987265e-08	-2.43131107320128e-09	7.0712387633253e-08
0.7635	137	54	1	1.16583944720361e-08	2.24051854846863e-08	-2.49480700250819e-09	7.09130461669323e-08
0.763	137	54	1	1.17363497809109e-08	2.2620637918358e-08	-2.55810442389574e-09	7.11131022314802e-08
0.7625	137	54	1	1.18147404082336e-08	2.28370321542215e-08	-2.62120312599373e-09	7.13124879766476e-08
0.762	137	54	1	1.18935712389856e-08	2.30543708568121e-08	-2.68410237408583e-09	7.15112286209114e-08
0.7615	137	54	1	1.19728561509547e-08	2.32726592441779e-08	-2.7468018268357e-09	7.17092273782237e-08
0.761	137	54	1	1.2052581266353e-08	2.34918949848506e-08	-2.80930152372412e-09	7.19066247656479e-08
0.7605	137	54	1	1.21327657920389e-08	2.37120810764324e-08	-2.8716003870108e-09	7.21033103695034e-08
0.76	137	54	1	1.22133987368045e-08	2.39332322848895e-08	-2.93369842859804e-09	7.22992645370584e-08
0.7595	137	54	1	1.22944933123037e-08	2.41553398394601e-08	-2.99559499783528e-09	7.24944997279024e-08
0.759	137	54	1	1.2376032421102e-08	2.43784104014821e-08	-3.05729007978379e-09	7.26890142381089e-08
0.7585	137	54	1	1.2458043485708e-08	2.46024411953982e-08	-3.11878287840792e-09	7.28827909748461e-08
0.758	137	54	1	1.25405161810477e-08	2.48274469871745e-08	-3.18007306524761e-09	7.30758199035903e-08
0.7575	137	54	1	1.26234643849088e-08	2.50534261114765e-08	-3.24115996405906e-09	7.32680833754314e-08
0.757	137	54	1	1.27068782163064e-08	2.52803723510553e-08	-3.30204419074468e-09	7.34596016589306e-08
0.7565	137	54	1	1.27907603397759e-08	2.55083010269885e-08	-3.36272439046452e-09	7.36502780825444e-08
0.756	137	54	1	1.28751355132906e-08	2.57372029244252e-08	-3.42320040867891e-09	7.38402096815208e-08
0.7555	137	54	1	1.29599847520367e-08	2.59670915880861e-08	-3.48347232504068e-09	7.40293130035782e-08
0.755	137	54	1	1.30453136071296e-08	2.61979723470418e-08	-3.54353947207841e-09	7.42176231727754e-08
0.7545	137	54	1	1.31311287399072e-08	2.64298278818131e-08	-3.60340059405053e-09	7.44050946750437e-08
0.754	137	54	1	1.321743836602e-08	2.66626795086822e-08	-3.66305687933195e-09	7.4591692819969e-08
0.7535	137	54	1	1.33042457051147e-08	2.68965313354741e-08	-3.72250738237886e-09	7.47774613562007e-08
0.753	137	54	1	1.3391542541541e-08	2.71313846944565e-08	-3.78175181780666e-09	7.49623640085103e-08
0.7525	137	54	1	1.34793411987744e-08	2.7367225818864e-08	-3.8407892644983e-09	7.5146358119262e-08
0.752	137	54	1	1.35676315737854e-08	2.7604081354049e-08	-3.89962002034115e-09	7.53294979404579e-08
0.7515	137	54	1	1.36564404229489e-08	2.78419417520936e-08	-3.95824352657958e-09	7.55117314209952e-08
0.751	137	54	1	1.37457641935512e-08	2.80808101216223e-08	-4.01665931535867e-09	7.56930155291071e-08
0.7505	137	54	1	1.38355938927859e-08	2.83206846862782e-08	-4.07486711672433e-09	7.58733903725997e-08
0.75	137	54	1	1.39259334064334e-08	2.856157743647e-08	-4.13286713984035e-09	7.60528133314436e-08
0.7495	137	54	1	1.40167983886386e-08	2.8803509022346e-08	-4.19065846388334e-09	7.62313093825463e-08
0.749	137	54	1	1.4108188395312e-08	2.90464416963232e-08	-4.24824059460717e-09	7.64088045789618e-08
0.7485	137	54	1	1.42001026492977e-08	2.92904096532709e-08	-4.30561413558589e-09	7.6585330195292e-08
0.748	137	54	1	1.42925492552237e-08	2.95354031232264e-08	-4.3627779601282e-09	7.67608392269785e-08
0.7475	137	54	1	1.4385524549354e-08	2.97814362060222e-08	-4.41973202183147e-09	7.69353424273337e-08
0.747	137	54	1	1.44790462952571e-08	3.0028496689205e-08	-4.4764762174779e-09	7.71088679512238e-08
0.7465	137	54	1	1.457310905284e-08	3.02766020032763e-08	-4.53300981420519e-09	7.72813025491933e-08
0.746	137	54	1	1.46677050505417e-08	3.05257504829015e-08	-4.58933297771988e-09	7.74527239668568e-08
0.7455	137	54	1	1.47628638202946e-08	3.07759404627461e-08	-4.64544507354606e-09	7.76230813454194e-08
0.745	137	54	1	1.48585631576381e-08	3.10271814907281e-08	-4.70134596978485e-09	7.77923397596636e-08
0.7445	137	54	1	1.4954813942758e-08	3.1279473344803e-08	-4.75703564695157e-09	7.79605075098826e-08
0.744	137	54	1	1.50516417107838e-08	3.15328261280001e-08	-4.81251335951002e-09	7.81275702178798e-08
0.7435	137	54	1	1.51490222588535e-08	3.17872398403196e-08	-4.8677791658759e-09	7.82935167476048e-08
0.743	137	54	1	1.52469641356845e-08	3.20427125943823e-08	-4.92283260988069e-09	7.84583368723018e-08
0.7425	137	54	1	1.53454847717782e-08	3.22992547152623e-08	-4.97767338176781e-09	7.86219787618964e-08
0.742	137	54	1	1.54445909394951e-08	3.25568585424207e-08	-5.03230184491766e-09	7.87844688573742e-08
0.7415	137	54	1	1.55442552163265e-08	3.28155361772886e-08	-5.08671671319551e-09	7.89457382861638e-08
0.741	137	54	1	1.56445146837214e-08	3.30753077149026e-08	-5.14091822019202e-09	7.91058766140018e-08
0.7405	137	54	1	1.57453546867359e-08	3.33361425131073e-08	-5.19490661226181e-09	7.92647570557646e-08
0.74	137	54	1	1.58467853283994e-08	3.35980722132589e-08	-5.24868097422365e-09	7.94224036343493e-08
0.7395	137	54	1	1.59488157125409e-08	3.38610893768632e-08	-5.30224108643973e-09	7.95788311710666e-08
0.739	137	54	1	1.60514469493833e-08	3.4125195114143e-08	-5.35558693881698e-09	7.97340267778854e-08
0.7385	137	54	1	1.61546739319007e-08	3.43903902022547e-08	-5.40871801953914e-09	7.98878532308949e-08
0.738	137	54	1	1.62585149787731e-08	3.46566938480564e-08	-5.46163475570644e-09	8.00404385866037e-08
0.7375	137	54	1	1.63629607641269e-08	3.49240931729611e-08	-5.51433668742722e-09	8.01917134698475e-08
0.737	137	54	1	1.64680333814005e-08	3.51926089381394e-08	-5.56682271385121e-09	8.03416355050838e-08
0.7365	137	54	1	1.65737187307613e-08	3.54622264886473e-08	-5.619093473416e-09	8.04902444523407e-08
0.736	137	54	1	1.66800215861684e-08	3.57329571487597e-08	-5.67114865574378e-09	8.06374708727202e-08
0.7355	137	54	1	1.6786961820614e-08	3.60048092451493e-08	-5.72298829914559e-09	8.07833080989256e-08
0.735	137	54	1	1.68945381018304e-08	3.62777902163103e-08	-5.77461123396234e-09	8.09278049077088e-08
0.7345	137	54	1	1.70027495416392e-08	3.65518870726333e-08	-5.82601783298776e-09	8.10708074612417e-08
0.734	137	54	1	1.71115983604864e-08	3.68271100281703e-08	-5.87720802049265e-09	8.12124111543808e-08
0.7335	137	54	1	1.72211040982972e-08	3.71034720725305e-08	-5.92818105161524e-09	8.13525487417895e-08
0.733	137	54	1	1.73312543205739e-08	3.73809687648219e-08	-5.97893765901541e-09	8.14912069186742e-08
0.7325	137	54	1	1.74420553555876e-08	3.76596122064754e-08	-6.02947694092578e-09	8.16284053156226e-08
0.732	137	54	1	1.75535233015722e-08	3.79393900740155e-08	-6.07979827922875e-09	8.17641281994105e-08
0.7315	137	54	1	1.766565971284e-08	3.82203299009731e-08	-6.12990270730599e-09	8.18982244503734e-08
0.731	137	54	1	1.77784549304505e-08	3.850241392378e-08	-6.17978885794855e-09	8.20308579577452e-08
0.7305	137	54	1	1.78919414839385e-08	3.87856554651123e-08	-6.22945709501221e-09	8.21618645033141e-08
0.73	137	54	1	1.80060930610182e-08	3.90700637398211e-08	-6.27890728412124e-09	8.22913207272031e-08
0.7295	137	54	1	1.81209326433063e-08	3.93556286448771e-08	-6.32813928894979e-09	8.24191574169833e-08
0.729	137	54	1	1.82364595646689e-08	3.9642371829629e-08	-6.37715183968243e-09	8.25453896363298e-08
0.7285	137	54	1	1.83526911445853e-08	3.99302846343375e-08	-6.42594620301746e-09	8.26699038035233e-08
0.728	137	54	1	1.84696161698028e-08	4.02193737203405e-08	-6.47452177306281e-09	8.27928115405839e-08
0.7275	137	54	1	1.85872407465482e-08	4.05096417521733e-08	-6.52287814013324e-09	8.29140390007715e-08
0.727	137	54	1	1.8705579085676e-08	4.08011068264713e-08	-6.57101471182129e-09	8.30335157098934e-08
0.7265	137	54	1	1.88246347399001e-08	4.10937429640157e-08	-6.61893181882451e-09	8.3151261023662e-08
0.726	137	54	1	1.89444013809492e-08	4.13875870242109e-08	-6.666629538628e-09	8.32672410282116e-08
0.7255	137	54	1	1.90648928866111e-08	4.16826159144179e-08	-6.71410734900827e-09	8.33814634532903e-08
0.725	137	54	1	1.91861280196548e-08	4.19788586114578e-08	-6.76136515767367e-09	8.34938755775109e-08
0.7245	137	54	1	1.93080850197092e-08	4.22763051233233e-08	-6.80840266405314e-09	8.36044456936943e-08
0.724	137	54	1	1.94307944179073e-08	4.25749562271704e-08	-6.85521940346738e-09	8.37131988783064e-08
0.7235	137	54	1	1.95542452230413e-08	4.28748300196347e-08	-6.90181598228413e-09	8.38200615310219e-08
0.723	137	54	1	1.96784528672111e-08	4.31759082930583e-08	-6.94819129251604e-09	8.39250488707658e-08
0.7225	137	54	1	1.98034117993018e-08	4.3478236455563e-08	-6.99434654369688e-09	8.40280559354795e-08
0.722	137	54	1	1.99291291247405e-08	4.37817695431164e-08	-7.04027980091305e-09	8.41291653524429e-08
0.7215	137	54	1	2.00556309337685e-08	4.40865309814242e-08	-7.08599223263057e-09	8.422828108549e-08
0.721	137	54	1	2.01828963541928e-08	4.43925489701513e-08	-7.13148309096983e-09	8.43254097324236e-08
0.7205	137	54	1	2.03109455920725e-08	4.46997889813616e-08	-7.17675248476644e-09	8.44204812984678e-08
0.72	137	54	1	2.04397785363852e-08	4.50082864311696e-08	-7.22180035898963e-09	8.45135915761314e-08
0.7195	137	54	1	2.05693979626886e-08	4.53180274417875e-08	-7.26662531596731e-09	8.46045434507663e-08
0.719	137	54	1	2.0699824188064e-08	4.56290228934009e-08	-7.31122884531048e-09	8.46934214803915e-08
0.7185	137	54	1	2.08310491078834e-08	4.59412760056566e-08	-7.35560992907883e-09	8.47801627898237e-08
0.718	137	54	1	2.09630908187819e-08	4.62547927737589e-08	-7.39976884231803e-09	8.4864739702655e-08
0.7175	137	54	1	2.10959355539941e-08	4.65695657592136e-08	-7.44370503016001e-09	8.49471135444669e-08
0.717	137	54	1	2.12296136226087e-08	4.68856192759048e-08	-7.48741813547368e-09	8.50273166723945e-08
0.7165	137	54	1	2.13641124791053e-08	4.72029413334241e-08	-7.53090875801033e-09	8.51052286234918e-08
0.716	137	54	1	2.14994522185208e-08	4.75215427009346e-08	-7.57417614579757e-09	8.51808569146185e-08
0.7155	137	54	1	2.16356256244055e-08	4.78414308169306e-08	-7.61722014131277e-09	8.52542257591549e-08
0.715	137	54	1	2.17726527917961e-08	4.81626095671928e-08	-7.66004083647065e-09	8.5325242059827e-08
0.7145	137	54	1	2.1910528724689e-08	4.84850806170556e-08	-7.7026381159498e-09	8.53938922661601e-08
0.714	137	54	1	2.20492626379354e-08	4.88088397476716e-08	-7.7450113531552e-09	8.54600965987576e-08
0.7135	137	54	1	2.21888645235424e-08	4.91339083863451e-08	-7.78716064482792e-09	8.55239061610607e-08
0.713	137	54	1	2.23293371570676e-08	4.94602812040057e-08	-7.82908617044523e-09	8.55852342697714e-08
0.7125	137	54	1	2.24706956375442e-08	4.97879585337202e-08	-7.87078779423235e-09	8.56440880832436e-08
0.712	137	54	1	2.26129407421283e-08	5.01169516997635e-08	-7.91226442121696e-09	8.57004290350599e-08
0.7115	137	54	1	2.27560758014889e-08	5.04472541518197e-08	-7.95351651669518e-09	8.57541545066899e-08
0.711	137	54	1	2.29001123619454e-08	5.07788916470631e-08	-7.99454370877536e-09	8.58052905262097e-08
0.7105	137	54	1	2.30450571958585e-08	5.1111852972241e-08	-8.03534666776426e-09	8.58537816057224e-08
0.71	137	54	1	2.31909079717596e-08	5.14461470091376e-08	-8.07592419481932e-09	8.58995827612507e-08
0.7095	137	54	1	2.33376813429942e-08	5.17817680956156e-08	-8.11627639463058e-09	8.59427099459477e-08
0.709	137	54	1	2.34853917424616e-08	5.21187306645743e-08	-8.15640384409255e-09	8.59830392397679e-08
0.7085	137	54	1	2.36340216286379e-08	5.24570376025935e-08	-8.19630511491344e-09	8.60206430482642e-08
0.708	137	54	1	2.37836048633255e-08	5.27966877994501e-08	-8.23598112419076e-09	8.60553500248541e-08
0.7075	137	54	1	2.39341418906136e-08	5.3137696576222e-08	-8.27543098381711e-09	8.60872365966928e-08
0.707	137	54	1	2.40856296018777e-08	5.3480053607835e-08	-8.3146547578405e-09	8.6116207245756e-08
0.7065	137	54	1	2.42380898685113e-08	5.38237794334151e-08	-8.35365242380866e-09	8.61422145541474e-08
0.706	137	54	1	2.43915087017044e-08	5.4168858176773e-08	-8.39242340900387e-09	8.61652453298782e-08
0.7055	137	54	1	2.45459044201368e-08	5.45153088227224e-08	-8.43096822040586e-09	8.61852102752524e-08
0.705	137	54	1	2.47013045573397e-08	5.48631279295719e-08	-8.46928562160778e-09	8.620210796089e-08
0.7045	137	54	1	2.48576944583689e-08	5.52123229358159e-08	-8.50737657929919e-09	8.62159093564555e-08
0.704	137	54	1	2.50150818947859e-08	5.5562902168127e-08	-8.54524044074542e-09	8.62264808960106e-08
0.7035	137	54	1	2.51734781908652e-08	5.59148517487174e-08	-8.58287687883371e-09	8.62338584890165e-08
0.703	137	54	1	2.53328935606589e-08	5.62681983229396e-08	-8.62028592170324e-09	8.62379749376891e-08
0.7025	137	54	1	2.54933378851518e-08	5.66229318987865e-08	-8.65746715988082e-09	8.62387304711917e-08
0.702	137	54	1	2.56548156052361e-08	5.69790529203473e-08	-8.69442047069603e-09	8.62361920720366e-08
0.7015	137	54	1	2.58173361578073e-08	5.73365807055026e-08	-8.73114559882839e-09	8.62301845956106e-08
0.701	137	54	1	2.59809015412671e-08	5.76954990449963e-08	-8.76764275837645e-09	8.62207304631087e-08
0.7005	137	54	1	2.61455304073621e-08	5.80558245921736e-08	-8.80391115678956e-09	8.62077534262425e-08
0.7	137	54	1	2.63112248655162e-08	5.84175530171649e-08	-8.83995126759223e-09	8.61911717857789e-08
0.6995	137	54	1	2.6477994352625e-08	5.8780695311178e-08	-8.87576189151445e-09	8.61710295947218e-08
0.699	137	54	1	2.66458533015879e-08	5.91452502529677e-08	-8.91134384404156e-09	8.61471440375925e-08
0.6985	137	54	1	2.68148062643192e-08	5.95112055190583e-08	-8.94669623445945e-09	8.61195098296792e-08
0.698	137	54	1	2.69848481337931e-08	5.98785923067169e-08	-8.98181894371515e-09	8.60880543222509e-08
0.6975	137	54	1	2.7156008441942e-08	6.02473914090851e-08	-9.01671208617166e-09	8.60527851877033e-08
0.697	137	54	1	2.7328280971517e-08	6.06176167039507e-08	-9.05137515564905e-09	8.60135268827442e-08
0.6965	137	54	1	2.75016839301756e-08	6.09892728542505e-08	-9.08580786445029e-09	8.59702913391188e-08
0.696	137	54	1	2.76762230910776e-08	6.13623445389067e-08	-9.12001040002863e-09	8.59230220995614e-08
0.6955	137	54	1	2.78519053376058e-08	6.17368474120639e-08	-9.15398231727025e-09	8.58715809193002e-08
0.695	137	54	1	2.80287392184775e-08	6.21127844713243e-08	-9.1877231275673e-09	8.58160381408604e-08
0.6945	137	54	1	2.82067408319264e-08	6.24901584922455e-08	-9.22123288207866e-09	8.57561586638431e-08
0.694	137	54	1	2.83859041827483e-08	6.28689548198835e-08	-9.25451052348059e-09	8.56919281467098e-08
0.6935	137	54	1	2.8566258913898e-08	6.32491935492752e-08	-9.28755664416263e-09	8.56232820895776e-08
0.693	137	54	1	2.87478035820854e-08	6.36308583601419e-08	-9.3203711828649e-09	8.5550219390326e-08
0.6925	137	54	1	2.89305400746898e-08	6.40139655727623e-08	-9.35295324440142e-09	8.54725481987742e-08
0.692	137	54	1	2.911449148435e-08	6.43985048620621e-08	-9.38530234870116e-09	8.53902365265072e-08
0.6915	137	54	1	2.92996595874229e-08	6.47844882184501e-08	-9.41741880042613e-09	8.53031876968639e-08
0.691	137	54	1	2.94860472704883e-08	6.51719058719635e-08	-9.44930248189635e-09	8.52113265843829e-08
0.6905	137	54	1	2.96736798466313e-08	6.55607548250003e-08	-9.48095191318609e-09	8.5114583125083e-08
0.69	137	54	1	2.98625560946064e-08	6.59510495104598e-08	-9.51236806778217e-09	8.50128599080857e-08
0.6895	137	54	1	3.00526843410864e-08	6.63427697222829e-08	-9.54354996212802e-09	8.49060624758277e-08
0.689	137	54	1	3.02440777977253e-08	6.67359253414546e-08	-9.5744971146935e-09	8.47940697086961e-08
0.6885	137	54	1	3.04367602232958e-08	6.71305161459301e-08	-9.60521013402305e-09	8.46768165226137e-08
0.688	137	54	1	3.0630709302315e-08	6.75265328098362e-08	-9.63568734768566e-09	8.45542237304933e-08
0.6875	137	54	1	3.08259578973846e-08	6.79239789969088e-08	-9.6659298525487e-09	8.44260856561817e-08
0.687	137	54	1	3.10225101163297e-08	6.83228390530033e-08	-9.69593569987119e-09	8.42924457814795e-08
0.6865	137	54	1	3.12203792818266e-08	6.87231311857772e-08	-9.7257051998174e-09	8.4153054642697e-08
0.686	137	54	1	3.1419572610325e-08	6.91248348561047e-08	-9.75523836269536e-09	8.40079459882138e-08
0.6855	137	54	1	3.16200914340925e-08	6.95279525064763e-08	-9.78453446059376e-09	8.38568747079949e-08
0.685	137	54	1	3.18219507411399e-08	6.99324703701265e-08	-9.81359360398581e-09	8.36998025875124e-08
0.6845	137	54	1	3.20251609675637e-08	7.0338378010959e-08	-9.84241387259704e-09	8.35365742003114e-08
0.684	137	54	1	3.22297409871553e-08	7.07456955240104e-08	-9.87099606115946e-09	8.33670446126399e-08
0.6835	137	54	1	3.24356933534276e-08	7.11543965969952e-08	-9.8993395387249e-09	8.31910830269335e-08
0.683	137	54	1	3.26430147357115e-08	7.15644792315118e-08	-9.92744342718177e-09	8.30085849216566e-08
0.6825	137	54	1	3.28517331116274e-08	7.19759307710177e-08	-9.95530775499408e-09	8.28193882446674e-08
0.682	137	54	1	3.30618470378852e-08	7.23887414455504e-08	-9.98293212744979e-09	8.26234283544907e-08
0.6815	137	54	1	3.32733707253396e-08	7.2802903594571e-08	-1.00103153864548e-08	8.24204137754089e-08
0.681	137	54	1	3.34863073936376e-08	7.32184093354959e-08	-1.00374570828214e-08	8.22102329570685e-08
0.6805	137	54	1	3.37006740291912e-08	7.36352371299986e-08	-1.00643572524189e-08	8.19928097151593e-08
0.68	137	54	1	3.39164758500488e-08	7.40533849796776e-08	-1.00910146922498e-08	8.17678855478359e-08
0.6795	137	54	1	3.41337210718606e-08	7.44728183565968e-08	-1.01174293378455e-08	8.15353235572886e-08
0.679	137	54	1	3.43524161339204e-08	7.48935483629865e-08	-1.01436003449758e-08	8.12949613514852e-08
0.6785	137	54	1	3.45725673644992e-08	7.53155477983825e-08	-1.01695264590802e-08	8.10465928318227e-08
0.678	137	54	1	3.47942035183735e-08	7.57387994543279e-08	-1.0195208002686e-08	8.07899984015673e-08
0.6775	137	54	1	3.50173071650417e-08	7.61632783508048e-08	-1.0220643914099e-08	8.05249964512156e-08
0.677	137	54	1	3.52419061711018e-08	7.65889645037987e-08	-1.02458334707135e-08	8.02513812671781e-08
0.6765	137	54	1	3.54679894343235e-08	7.70158344876037e-08	-1.02707759255275e-08	7.99689407024001e-08
0.676	137	54	1	3.56955675018256e-08	7.74438674300271e-08	-1.02954700989781e-08	7.96774573385455e-08
0.6755	137	54	1	3.59246443704109e-08	7.78730334660693e-08	-1.03199161736174e-08	7.93766606608342e-08
0.675	137	54	1	3.61552433547629e-08	7.83033134998945e-08	-1.034411244321e-08	7.90663054194729e-08
0.6745	137	54	1	3.63873524644731e-08	7.87346599029348e-08	-1.03680582868761e-08	7.87462002150878e-08
0.674	137	54	1	3.66209872426637e-08	7.91670555777557e-08	-1.03917527291859e-08	7.84159436823262e-08
0.6735	137	54	1	3.68561482444463e-08	7.96004571146369e-08	-1.04151953213742e-08	7.80753773150766e-08
0.673	137	54	1	3.70928365800438e-08	8.00348219920366e-08	-1.04383845997967e-08	7.77241818262506e-08
0.6725	137	54	1	3.73310540258132e-08	8.04701170142863e-08	-1.04613199027956e-08	7.73620002799283e-08
0.672	137	54	1	3.7570816235899e-08	8.09063001039334e-08	-1.04839997042804e-08	7.69885428597908e-08
0.6715	137	54	1	3.78121060018444e-08	8.1343314750626e-08	-1.05064235326234e-08	7.6603483598516e-08
0.671	137	54	1	3.80549304290767e-08	8.17811155462422e-08	-1.05285894859561e-08	7.62064740946829e-08
0.6705	137	54	1	3.8299297955291e-08	8.22196501992778e-08	-1.05504969260974e-08	7.57970393095768e-08
0.67	137	54	1	3.85451950357663e-08	8.26588439917231e-08	-1.05721449306613e-08	7.53749692316613e-08
0.6695	137	54	1	3.87926250011716e-08	8.30986418565161e-08	-1.05935314503261e-08	7.4939697987093e-08
0.669	137	54	1	3.90415785256337e-08	8.35389837305911e-08	-1.06146556223311e-08	7.44908118414478e-08
0.6685	137	54	1	3.92920531666618e-08	8.39797773544149e-08	-1.06355156982795e-08	7.40279050455639e-08
0.668	137	54	1	3.95440425959848e-08	8.4420960555498e-08	-1.06561099367729e-08	7.35504653490406e-08
0.6675	137	54	1	3.97975260524319e-08	8.48624246430063e-08	-1.06764376366092e-08	7.30580159922051e-08
0.667	137	54	1	4.005249132355e-08	8.53040921233728e-08	-1.06964967569003e-08	7.25499350412911e-08
0.6665	137	54	1	4.03089422951197e-08	8.57458642977704e-08	-1.07162853978242e-08	7.20256849587607e-08
0.666	137	54	1	4.05668376668444e-08	8.61876159330421e-08	-1.07358014819848e-08	7.14846558172068e-08
0.6655	137	54	1	4.08261783269026e-08	8.66292274581681e-08	-1.07550434437024e-08	7.09262036344261e-08
0.665	137	54	1	4.10869168687711e-08	8.70705675337646e-08	-1.07740093699879e-08	7.03496026179948e-08
0.6645	137	54	1	4.1349041968175e-08	8.75115108156521e-08	-1.07926967567102e-08	6.9754088360347e-08
0.664	137	54	1	4.16125165436654e-08	8.79518935459345e-08	-1.08111041938313e-08	6.91390099937504e-08
0.6635	137	54	1	4.18772901911169e-08	8.83915464156004e-08	-1.082922817321e-08	6.85034369652887e-08
0.663	137	54	1	4.21433363761992e-08	8.88302952306574e-08	-1.08470665062639e-08	6.78464475249497e-08
0.6625	137	54	1	4.24106079144337e-08	8.92679183905898e-08	-1.08646167265533e-08	6.71670410113137e-08
0.662	137	54	1	4.26790314200787e-08	8.97042212733012e-08	-1.08818760768076e-08	6.64642251351703e-08
0.6615	137	54	1	4.29485637054583e-08	9.01389446417156e-08	-1.08988411382347e-08	6.57367910568728e-08
0.661	137	54	1	4.3219118284199e-08	9.05718432475666e-08	-1.09155086146421e-08	6.49837276179181e-08
0.6605	137	54	1	4.34906155533099e-08	9.1002609337032e-08	-1.09318753785215e-08	6.42034227557438e-08
0.66	137	54	1	4.37629624761016e-08	9.14309308264194e-08	-1.09479375537673e-08	6.3394644339119e-08
0.6595	137	54	1	4.40360357067959e-08	9.18564584395654e-08	-1.0963691058069e-08	6.25557461264987e-08
0.659	137	54	1	4.43097377678114e-08	9.22787850576867e-08	-1.09791314810261e-08	6.16850297650111e-08
0.6585	137	54	1	4.45839051232966e-08	9.26974818016291e-08	-1.09942544927996e-08	6.07806246878206e-08
0.658	137	54	1	4.48583948875481e-08	9.31120581748601e-08	-1.10090545263181e-08	5.98405128541518e-08
0.6575	137	54	1	4.51330109951797e-08	9.35219571784884e-08	-1.10235269530832e-08	5.88623064610327e-08
0.657	137	54	1	4.54075581579616e-08	9.39265851762627e-08	-1.10376649022359e-08	5.78435566612376e-08
0.6565	137	54	1	4.56817633720519e-08	9.43252306262465e-08	-1.10514622993165e-08	5.67814637057794e-08
0.656	137	54	1	4.59553743947794e-08	9.47171229226385e-08	-1.1064912156509e-08	5.56729054241265e-08
0.6555	137	54	1	4.62280376201107e-08	9.51013549022051e-08	-1.10780063946487e-08	5.45143201768037e-08
0.655	137	54	1	4.64993796800428e-08	9.5476908934522e-08	-1.10907356254313e-08	5.33016760680406e-08
0.6545	137	54	1	4.67689467154031e-08	9.58425947494845e-08	-1.11030913796499e-08	5.20305872863911e-08
0.654	137	54	1	4.70362263582658e-08	9.61970592072703e-08	-1.11150618625883e-08	5.06956882088874e-08
0.6535	137	54	1	4.73005545842398e-08	9.65387044749022e-08	-1.11266354580398e-08	4.92912055145586e-08
0.653	137	54	1	4.75612094152922e-08	9.68656489463982e-08	-1.1137797936251e-08	4.78100477211087e-08
0.6525	137	54	1	4.78172730300486e-08	9.71756675127722e-08	-1.11485328118086e-08	4.62441836370947e-08
0.652	137	54	1	4.80676335401498e-08	9.74660715469255e-08	-1.11588222049518e-08	4.45838478000567e-08
0.6515	137	54	1	4.83109425797323e-08	9.77336240826077e-08	-1.11686445802845e-08	4.28175250340623e-08
0.651	137	54	1	4.85454919596506e-08	9.79743077778039e-08	-1.11779737088513e-08	4.09310757952095e-08
0.6505	137	54	1	4.87691163009174e-08	9.8183124963569e-08	-1.11867794144085e-08	3.89070691261987e-08
0.65	137	54	1	4.89790333846329e-08	9.83536501131255e-08	-1.119502343631e-08	3.67233049288782e-08
0.6495	137	54	1	4.91715329564713e-08	9.84775373469304e-08	-1.12026584912213e-08	3.43514350121287e-08
0.649	137	54	1	4.9341590924179e-08	9.85434953637565e-08	-1.12096227129205e-08	3.17534143842628e-08
0.6485	137	54	1	4.94820903140791e-08	9.85358153959837e-08	-1.12158355164957e-08	2.88767242647831e-08
0.648	137	54	1	4.95824918900212e-08	9.84314600938063e-08	-1.12211818216619e-08	2.5645635291148e-08
0.6475	137	54	1	4.96261574056689e-08	9.81944395794798e-08	-1.12254912143823e-08	2.1942598852524e-08
0.647	137	54	1	4.95841334657854e-08	9.77628479281734e-08	-1.12284845544128e-08	1.75677960143342e-08
0.6465	137	54	1	4.93978472571044e-08	9.70127177479796e-08	-1.12296308634089e-08	1.21254355878471e-08
0.646	137	54	1	4.89076639187402e-08	9.56099269755484e-08	-1.12275790309552e-08	4.56041346083736e-09
0.64554	137	54	1	4.69714795947596e-08	9.12308661948913e-08	-1.12134712708487e-08	-1.20925590808318e-08
