#0.64554	137	54	1	4.69714795947596e-08	9.12308661948913e-08	-1.12134712708487e-08	-1.20925590808318e-08
0.645565	137	54	0.55	2.87290050637878e-08	5.51494415690357e-08	-7.73321046787035e-09	3.13059141536129e-07
0.6457	137	54	0.55	2.63037509551367e-08	5.04831071390655e-08	-7.65316207029283e-09	3.12996896529955e-07
0.646	137	54	0.55	2.31834330621794e-08	4.45903109991264e-08	-7.55643907475162e-09	3.12577237467338e-07
0.6465	137	54	0.55	1.9489962754804e-08	3.77509075111249e-08	-7.44970755821632e-09	3.11676674587107e-07
0.647	137	54	0.55	1.64837108407312e-08	3.22767201854646e-08	-7.36815294840339e-09	3.10674277535573e-07
0.6475	137	54	0.55	1.38255089598971e-08	2.74968157132349e-08	-7.29951448236298e-09	3.0961416582098e-07
0.648	137	54	0.55	1.13880634922126e-08	2.31587655719068e-08	-7.23914997849126e-09	3.08513340714834e-07
0.6485	137	54	0.55	9.10711339674464e-09	1.91348443756567e-08	-7.18469555512354e-09	3.07380773588467e-07
0.649	137	54	0.55	6.94486823604734e-09	1.5349749582505e-08	-7.13474954725695e-09	3.06222037658906e-07
0.6495	137	54	0.55	4.87689089112564e-09	1.17546816724712e-08	-7.08839827333475e-09	3.05040875204266e-07
0.65	137	54	0.55	2.886322403306e-09	8.31589208605266e-09	-7.04500626032674e-09	3.0383959298862e-07
0.6505	137	54	0.55	9.60995394372333e-10	5.00887820109597e-09	-7.00410917592186e-09	3.02620362639459e-07
0.651	137	54	0.55	-9.08272124178211e-10	1.81521164765996e-09	-6.96535546603219e-09	3.01384637562446e-07
0.6515	137	54	0.55	-2.7285478321204e-09	-1.27942079153343e-09	-6.92847154748154e-09	3.00133570541214e-07
0.652	137	54	0.55	-4.50541892682566e-09	-4.28635704707858e-09	-6.89323841212457e-09	2.98868143830118e-07
0.6525	137	54	0.55	-6.24341467414524e-09	-7.21476522969056e-09	-6.85947845599316e-09	2.97589175515347e-07
0.653	137	54	0.55	-7.94621635158421e-09	-1.00722052920332e-08	-6.82704415030156e-09	2.96297497433736e-07
0.6535	137	54	0.55	-9.61691926093522e-09	-1.28649617625598e-08	-6.79581247543286e-09	2.94993416064635e-07
0.654	137	54	0.55	-1.12580980093924e-08	-1.55983634897439e-08	-6.76567805958755e-09	2.93677568239957e-07
0.6545	137	54	0.55	-1.28719486180984e-08	-1.82769421819273e-08	-6.73655103117896e-09	2.92350431100676e-07
0.655	137	54	0.55	-1.44603622409534e-08	-2.09045971644173e-08	-6.70835378517313e-09	2.9101230784102e-07
0.6555	137	54	0.55	-1.60249689074021e-08	-2.34847283842043e-08	-6.68101758823472e-09	2.89663613346495e-07
0.656	137	54	0.55	-1.75671761581953e-08	-2.60202877022664e-08	-6.65448299202956e-09	2.88304640275672e-07
0.6565	137	54	0.55	-1.90882347705923e-08	-2.85138881395142e-08	-6.62869690361076e-09	2.86935511039473e-07
0.657	137	54	0.55	-2.05892456417445e-08	-3.09678476195785e-08	-6.60361194802297e-09	2.85556648297693e-07
0.6575	137	54	0.55	-2.20711771081739e-08	-3.33842158362074e-08	-6.57918608410134e-09	2.84168236884411e-07
0.658	137	54	0.55	-2.35348860400109e-08	-3.57648348714434e-08	-6.55538071206007e-09	2.82770444245059e-07
0.6585	137	54	0.55	-2.49811484831497e-08	-3.8111366951199e-08	-6.53216169253722e-09	2.81363491667699e-07
0.659	137	54	0.55	-2.64106485570181e-08	-4.04252848973385e-08	-6.50949767324725e-09	2.7994746515459e-07
0.6595	137	54	0.55	-2.78240248618999e-08	-4.27079598352975e-08	-6.48736017705417e-09	2.7852272552189e-07
0.66	137	54	0.55	-2.92218282904599e-08	-4.49606099017785e-08	-6.46572298789056e-09	2.77089101697296e-07
0.6605	137	54	0.55	-3.06045755404938e-08	-4.71843488725199e-08	-6.44456224483371e-09	2.75647058295893e-07
0.661	137	54	0.55	-3.19727255781999e-08	-4.9380213473782e-08	-6.42385606104712e-09	2.74196484136034e-07
0.6615	137	54	0.55	-3.3326705617398e-08	-5.15491227481846e-08	-6.40358374902239e-09	2.72737684604657e-07
0.662	137	54	0.55	-3.46668806994188e-08	-5.36919571025862e-08	-6.38372668094415e-09	2.71270564539299e-07
0.6625	137	54	0.55	-3.59936414007223e-08	-5.58094934710596e-08	-6.36426747271661e-09	2.69795322710651e-07
0.663	137	54	0.55	-3.73072770454286e-08	-5.79024779234771e-08	-6.34518975714292e-09	2.68312123186475e-07
0.6635	137	54	0.55	-3.86080905023789e-08	-5.99715965776682e-08	-6.32647839701962e-09	2.66820987766528e-07
0.664	137	54	0.55	-3.98963602155078e-08	-6.20174516186012e-08	-6.30811935678438e-09	2.65321979366597e-07
0.6645	137	54	0.55	-4.11723242166318e-08	-6.40406501162261e-08	-6.29009908637069e-09	2.63815175610463e-07
0.665	137	54	0.55	-4.24362267548162e-08	-6.60417240894162e-08	-6.27240573210655e-09	2.62300742084488e-07
0.6655	137	54	0.55	-4.36882732213206e-08	-6.80211877934767e-08	-6.25502708879522e-09	2.60778701310191e-07
0.666	137	54	0.55	-4.49286616799327e-08	-6.99795086323007e-08	-6.23795228089283e-09	2.59249147163735e-07
0.6665	137	54	0.55	-4.61575688781579e-08	-7.19171227014925e-08	-6.22117133749037e-09	2.57712040746989e-07
0.667	137	54	0.55	-4.73751755603047e-08	-7.38344583250949e-08	-6.2046739825522e-09	2.56167533305203e-07
0.6675	137	54	0.55	-4.85816267215e-08	-7.57318896482673e-08	-6.18845143102328e-09	2.54615714398629e-07
0.668	137	54	0.55	-4.97770660246033e-08	-7.7609780602117e-08	-6.17249492807959e-09	2.5305655163068e-07
0.6685	137	54	0.55	-5.09616220334408e-08	-7.94684691385328e-08	-6.15679596324454e-09	2.51490178328482e-07
0.669	137	54	0.55	-5.21354339699798e-08	-8.13082907669127e-08	-6.14134689957917e-09	2.49916580007972e-07
0.6695	137	54	0.55	-5.32986041967831e-08	-8.31295352554662e-08	-6.12614041441023e-09	2.4833581888491e-07
0.67	137	54	0.55	-5.44512497313576e-08	-8.49324812701724e-08	-6.11116906455142e-09	2.46748007777884e-07
0.6705	137	54	0.55	-5.55934516199841e-08	-8.67174101415458e-08	-6.09642657103389e-09	2.45153108374312e-07
0.671	137	54	0.55	-5.67253211070096e-08	-8.84845605675366e-08	-6.08190597342896e-09	2.43551192037935e-07
0.6715	137	54	0.55	-5.78469379064472e-08	-9.02341881214852e-08	-6.0676016222007e-09	2.41942315207318e-07
0.672	137	54	0.55	-5.89583735166599e-08	-9.19664977505619e-08	-6.05350756477291e-09	2.40326554834493e-07
0.6725	137	54	0.55	-6.00596987698765e-08	-9.36817126095946e-08	-6.03961798252405e-09	2.38703856934938e-07
0.673	137	54	0.55	-6.1150991825798e-08	-9.53800216585421e-08	-6.02592775934921e-09	2.37074334050171e-07
0.6735	137	54	0.55	-6.22323068633079e-08	-9.70616356177345e-08	-6.01243197391579e-09	2.35437954646713e-07
0.674	137	54	0.55	-6.3303717157126e-08	-9.87267270158299e-08	-5.99912530607584e-09	2.3379481490289e-07
0.6745	137	54	0.55	-6.43652469101141e-08	-1.00375456391077e-07	-5.98600328206977e-09	2.32144966872255e-07
0.675	137	54	0.55	-6.54169596270293e-08	-1.02007998048492e-07	-5.97306137190861e-09	2.30488318357194e-07
0.6755	137	54	0.55	-6.64589121512904e-08	-1.0362449209822e-07	-5.96029519859872e-09	2.28825039555222e-07
0.676	137	54	0.55	-6.74911397879896e-08	-1.05225095081707e-07	-5.9477010316687e-09	2.27155038561367e-07
0.6765	137	54	0.55	-6.85136607447845e-08	-1.06809942224118e-07	-5.93527417449856e-09	2.25478406761968e-07
0.677	137	54	0.55	-6.95265451877702e-08	-1.08379158758609e-07	-5.92301145197183e-09	2.23795266095068e-07
0.6775	137	54	0.55	-7.05297928949022e-08	-1.09932876801722e-07	-5.91090866694917e-09	2.22105516243121e-07
0.678	137	54	0.55	-7.15234422798972e-08	-1.11471207819847e-07	-5.89896253734503e-09	2.20409163740984e-07
0.6785	137	54	0.55	-7.25075328666946e-08	-1.12994263723465e-07	-5.88716955377264e-09	2.18706352825091e-07
0.679	137	54	0.55	-7.3482058882135e-08	-1.14502160197816e-07	-5.87552639347194e-09	2.16997057765897e-07
0.6795	137	54	0.55	-7.44470733948788e-08	-1.15994988281187e-07	-5.86402997359483e-09	2.15281228616382e-07
0.68	137	54	0.55	-7.54025695215432e-08	-1.17472851446365e-07	-5.85267705190004e-09	2.13558963574975e-07
0.6805	137	54	0.55	-7.634857723815e-08	-1.18935826076694e-07	-5.84146462014714e-09	2.11830232511912e-07
0.681	137	54	0.55	-7.72851180830258e-08	-1.20384016533137e-07	-5.83039025424913e-09	2.10095281500879e-07
0.6815	137	54	0.55	-7.82121785114498e-08	-1.21817488540898e-07	-5.81945050272552e-09	2.08353752354621e-07
0.682	137	54	0.55	-7.91297896096665e-08	-1.2323632803124e-07	-5.80864314162255e-09	2.0660599683341e-07
0.6825	137	54	0.55	-8.00379562626574e-08	-1.24640607390702e-07	-5.79796542079351e-09	2.0485166760028e-07
0.683	137	54	0.55	-8.09366873522066e-08	-1.26030411884415e-07	-5.78741488871289e-09	2.03091296485981e-07
0.6835	137	54	0.55	-8.18259686674594e-08	-1.27405771932487e-07	-5.77698891643693e-09	2.01324446857027e-07
0.684	137	54	0.55	-8.27058264096792e-08	-1.28766784790457e-07	-5.76668540281833e-09	1.99551336278717e-07
0.6845	137	54	0.55	-8.35762561379738e-08	-1.30113495755424e-07	-5.75650182855466e-09	1.97772019522888e-07
0.685	137	54	0.55	-8.44372887165434e-08	-1.31445983209133e-07	-5.74643562518283e-09	1.95986445122066e-07
0.6855	137	54	0.55	-8.5288848872267e-08	-1.32764259141993e-07	-5.73648551415794e-09	1.94194686280256e-07
0.686	137	54	0.55	-8.61309843447344e-08	-1.34068379731289e-07	-5.72664905906546e-09	1.92396590714513e-07
0.6865	137	54	0.55	-8.69636616052105e-08	-1.35358411146314e-07	-5.71692455535641e-09	1.9059237941014e-07
0.687	137	54	0.55	-8.77869472670767e-08	-1.36634442648997e-07	-5.70730861185098e-09	1.8878195872157e-07
0.6875	137	54	0.55	-8.8600769387881e-08	-1.37896426277706e-07	-5.69780089565667e-09	1.86965387264419e-07
0.688	137	54	0.55	-8.9405123082642e-08	-1.39144451516415e-07	-5.68839887316008e-09	1.8514268337788e-07
0.6885	137	54	0.55	-9.02000343305787e-08	-1.40378558111109e-07	-5.67910082757896e-09	1.83313726447651e-07
0.689	137	54	0.55	-9.09854336317295e-08	-1.41598747838145e-07	-5.66990520995844e-09	1.81478800809077e-07
0.6895	137	54	0.55	-9.17614111362042e-08	-1.4280512905529e-07	-5.66080958698207e-09	1.79637647508907e-07
0.69	137	54	0.55	-9.25278711427779e-08	-1.43997657131578e-07	-5.65181288187745e-09	1.77790450850261e-07
0.6905	137	54	0.55	-9.32848278623055e-08	-1.45176397126079e-07	-5.64291345432347e-09	1.75937220477423e-07
0.691	137	54	0.55	-9.40322730791365e-08	-1.46341362361468e-07	-5.63410953537404e-09	1.74077872833906e-07
0.6915	137	54	0.55	-9.4770161274127e-08	-1.47492571933583e-07	-5.62540011224679e-09	1.72212467534091e-07
0.692	137	54	0.55	-9.54985555079446e-08	-1.4863010000532e-07	-5.61678254371115e-09	1.70341038787925e-07
0.6925	137	54	0.55	-9.62173782870224e-08	-1.49753914158168e-07	-5.60825649405723e-09	1.68463568396036e-07
0.693	137	54	0.55	-9.69266125139256e-08	-1.50864042369747e-07	-5.5998198122183e-09	1.66580141698028e-07
0.6935	137	54	0.55	-9.76262595209221e-08	-1.51960517280614e-07	-5.5914715727779e-09	1.64690618189667e-07
0.694	137	54	0.55	-9.83163079837368e-08	-1.53043364203853e-07	-5.58321027901007e-09	1.62795120744186e-07
0.6945	137	54	0.55	-9.89967252618129e-08	-1.54112572925413e-07	-5.57503447945654e-09	1.60893689785101e-07
0.695	137	54	0.55	-9.96674978104295e-08	-1.55168174309495e-07	-5.56694295778622e-09	1.58986345211456e-07
0.6955	137	54	0.55	-1.00328607643974e-07	-1.56210191892825e-07	-5.55893452651523e-09	1.57072901535062e-07
0.696	137	54	0.55	-1.00980031003672e-07	-1.57238612796817e-07	-5.55100776618182e-09	1.55153613216866e-07
0.6965	137	54	0.55	-1.01621755677073e-07	-1.58253457893665e-07	-5.5431616797625e-09	1.53228353828729e-07
0.697	137	54	0.55	-1.02253743694547e-07	-1.59254735399017e-07	-5.5353951654699e-09	1.51297198842336e-07
0.6975	137	54	0.55	-1.02876014151931e-07	-1.60242472846406e-07	-5.52770658885178e-09	1.49360028946095e-07
0.698	137	54	0.55	-1.03488489999748e-07	-1.61216646032969e-07	-5.52009522450902e-09	1.47417015200672e-07
0.6985	137	54	0.55	-1.04091177899335e-07	-1.62177278717479e-07	-5.5125599987616e-09	1.45468054115947e-07
0.699	137	54	0.55	-1.04684056978499e-07	-1.63124373564472e-07	-5.50509972683412e-09	1.43513229489219e-07
0.6995	137	54	0.55	-1.05267097927353e-07	-1.64057919471716e-07	-5.49771323627565e-09	1.41552596728119e-07
0.7	137	54	0.55	-1.05840273878499e-07	-1.64977932648469e-07	-5.49039975113563e-09	1.39586078992149e-07
0.7005	137	54	0.55	-1.06403559296808e-07	-1.65884414649042e-07	-5.48315813187693e-09	1.37613711758111e-07
0.701	137	54	0.55	-1.06956946854808e-07	-1.66777361698678e-07	-5.47598742503291e-09	1.35635397499302e-07
0.7015	137	54	0.55	-1.07500383705883e-07	-1.67656766691948e-07	-5.46888668034315e-09	1.33651283566428e-07
0.702	137	54	0.55	-1.08033864965051e-07	-1.68522643617663e-07	-5.46185485296107e-09	1.31661405823244e-07
0.7025	137	54	0.55	-1.0855733889592e-07	-1.69374978042924e-07	-5.45489111675098e-09	1.29665667155479e-07
0.703	137	54	0.55	-1.09070807718936e-07	-1.70213769079552e-07	-5.44799455002381e-09	1.27664011746258e-07
0.7035	137	54	0.55	-1.09574235018783e-07	-1.71039012730745e-07	-5.44116421510936e-09	1.25656714559104e-07
0.704	137	54	0.55	-1.10067583936058e-07	-1.71850701446985e-07	-5.43439939073839e-09	1.23643526606254e-07
0.7045	137	54	0.55	-1.10550830934031e-07	-1.72648833451916e-07	-5.42769897455768e-09	1.21624546001895e-07
0.705	137	54	0.55	-1.11023959581402e-07	-1.73433402972378e-07	-5.4210625094742e-09	1.19599824905993e-07
0.7055	137	54	0.55	-1.1148691481111e-07	-1.74204396019562e-07	-5.41448874696515e-09	1.17569185736436e-07
0.706	137	54	0.55	-1.11939697955421e-07	-1.74961799048745e-07	-5.40797729623204e-09	1.15532994167537e-07
0.7065	137	54	0.55	-1.12382253947274e-07	-1.75705616278776e-07	-5.40152706589237e-09	1.13490839123979e-07
0.707	137	54	0.55	-1.12814565245145e-07	-1.76435834386979e-07	-5.39513755898616e-09	1.11443041194219e-07
0.7075	137	54	0.55	-1.13236602761191e-07	-1.77152433833427e-07	-5.38880765030651e-09	1.09389509540944e-07
0.708	137	54	0.55	-1.13648334076899e-07	-1.77855407512695e-07	-5.38253681979477e-09	1.07330158545148e-07
0.7085	137	54	0.55	-1.14049713006992e-07	-1.78544757645227e-07	-5.37632447659604e-09	1.05265109377923e-07
0.709	137	54	0.55	-1.14440738219201e-07	-1.79220448481843e-07	-5.37016975066973e-09	1.03194268489086e-07
0.7095	137	54	0.55	-1.14821353092154e-07	-1.7988247846823e-07	-5.3640718913436e-09	1.01117801327221e-07
0.71	137	54	0.55	-1.15191540750459e-07	-1.80530835613979e-07	-5.3580303906587e-09	9.90356378584123e-08
0.7105	137	54	0.55	-1.15551255897017e-07	-1.81165508150727e-07	-5.35204440806092e-09	9.69476281984036e-08
0.711	137	54	0.55	-1.15900474551012e-07	-1.81786463882005e-07	-5.34611326477014e-09	9.48540159615264e-08
0.7115	137	54	0.55	-1.16239153413744e-07	-1.82393698588967e-07	-5.34023647824963e-09	9.27547084489717e-08
0.712	137	54	0.55	-1.16567283159341e-07	-1.82987197616669e-07	-5.3344134215686e-09	9.06495890576271e-08
0.7125	137	54	0.55	-1.16884794731931e-07	-1.83566934763846e-07	-5.32864312395733e-09	8.85389398770917e-08
0.713	137	54	0.55	-1.17191689241736e-07	-1.84132901592804e-07	-5.32292543383763e-09	8.64225625272291e-08
0.7135	137	54	0.55	-1.17487909401248e-07	-1.84685083670644e-07	-5.31725940719775e-09	8.43004651648439e-08
0.714	137	54	0.55	-1.17773429231249e-07	-1.85223440363202e-07	-5.31164470340827e-09	8.21726747569901e-08
0.7145	137	54	0.55	-1.18048223418654e-07	-1.8574798033022e-07	-5.30608042626646e-09	8.00393548767246e-08
0.715	137	54	0.55	-1.18312241559337e-07	-1.86258655388016e-07	-5.30056635527413e-09	7.79002354514159e-08
0.7155	137	54	0.55	-1.18565447460028e-07	-1.86755469533395e-07	-5.29510176870099e-09	7.57555274030753e-08
0.716	137	54	0.55	-1.18807813365152e-07	-1.87238399229628e-07	-5.28968595076806e-09	7.3605143404789e-08
0.7165	137	54	0.55	-1.19039307966418e-07	-1.87707395182812e-07	-5.28431867194325e-09	7.14490937622107e-08
0.717	137	54	0.55	-1.19259872866095e-07	-1.88162458281127e-07	-5.27899913633058e-09	6.92874419983458e-08
0.7175	137	54	0.55	-1.19469505177605e-07	-1.88603580308921e-07	-5.27372708497761e-09	6.71201375455393e-08
0.718	137	54	0.55	-1.19668148723662e-07	-1.89030707531401e-07	-5.26850161902487e-09	6.49472906770255e-08
0.7185	137	54	0.55	-1.19855757541032e-07	-1.89443835063585e-07	-5.26332254979095e-09	6.27686165604619e-08
0.719	137	54	0.55	-1.20032318751129e-07	-1.89842937592388e-07	-5.25818935967806e-09	6.05844511174988e-08
0.7195	137	54	0.55	-1.2019776329808e-07	-1.90227982033164e-07	-5.25310128360606e-09	5.83946380568465e-08
0.72	137	54	0.55	-1.20352093846421e-07	-1.90598948179854e-07	-5.24805808039927e-09	5.61992357476302e-08
0.7205	137	54	0.55	-1.20495242228458e-07	-1.90955812051641e-07	-5.24305930729887e-09	5.39982428995554e-08
0.721	137	54	0.55	-1.20627173583188e-07	-1.9129855033384e-07	-5.2381043075259e-09	5.17915643743539e-08
0.7215	137	54	0.55	-1.20747854159831e-07	-1.91627123946603e-07	-5.23319282840782e-09	4.95793625335045e-08
0.722	137	54	0.55	-1.20857259311435e-07	-1.91941520677474e-07	-5.22832418219914e-09	4.73615328651824e-08
0.7225	137	54	0.55	-1.20955316207372e-07	-1.9224170122456e-07	-5.22349809661119e-09	4.51381089143668e-08
0.723	137	54	0.55	-1.21042016409945e-07	-1.9252764626998e-07	-5.21871407424687e-09	4.29090029276647e-08
0.7235	137	54	0.55	-1.2111730618436e-07	-1.92799336717897e-07	-5.21397165894352e-09	4.06744414485309e-08
0.724	137	54	0.55	-1.21181156220729e-07	-1.93056723940543e-07	-5.20927044417873e-09	3.84342441279444e-08
0.7245	137	54	0.55	-1.2123350856541e-07	-1.93299786177548e-07	-5.20461008978535e-09	3.61884131310653e-08
0.725	137	54	0.55	-1.2127433746123e-07	-1.93528491676531e-07	-5.19999001622003e-09	3.39370351967396e-08
0.7255	137	54	0.55	-1.21303599387446e-07	-1.93742825560506e-07	-5.19540987885931e-09	3.16801424196782e-08
0.726	137	54	0.55	-1.21321250379225e-07	-1.93942748971665e-07	-5.19086944677134e-09	2.94175952949768e-08
0.7265	137	54	0.55	-1.2132724713787e-07	-1.9412822238607e-07	-5.1863680591781e-09	2.71495764592146e-08
0.727	137	54	0.55	-1.21321563240073e-07	-1.94299224931527e-07	-5.1819054351088e-09	2.48758846185838e-08
0.7275	137	54	0.55	-1.21304134959033e-07	-1.94455727964282e-07	-5.17748128561059e-09	2.25967288706671e-08
0.728	137	54	0.55	-1.2127493631553e-07	-1.94597683744746e-07	-5.17309505055968e-09	2.03119273307625e-08
0.7285	137	54	0.55	-1.21233923566777e-07	-1.94725076729796e-07	-5.16874647623494e-09	1.80215628233019e-08
0.729	137	54	0.55	-1.21181039425267e-07	-1.94837855627128e-07	-5.1644352154955e-09	1.57256261840529e-08
0.7295	137	54	0.55	-1.21116271678545e-07	-1.94936009778601e-07	-5.16016094151094e-09	1.34242357570913e-08
0.73	137	54	0.55	-1.21039547051893e-07	-1.95019493887116e-07	-5.15592305659053e-09	1.11172574789721e-08
0.7305	137	54	0.55	-1.20950842896761e-07	-1.95088271981447e-07	-5.15172129368506e-09	8.80466146480554e-09
0.731	137	54	0.55	-1.20850099261105e-07	-1.95142319858732e-07	-5.14755562958753e-09	6.48656765364921e-09
0.7315	137	54	0.55	-1.20737279951655e-07	-1.95181596440719e-07	-5.1434252299778e-09	4.16290760728522e-09
0.732	137	54	0.55	-1.20612347220828e-07	-1.95206059094843e-07	-5.13933017488336e-09	1.83375529436842e-09
0.7325	137	54	0.55	-1.20475246223606e-07	-1.95215686060735e-07	-5.13526988531692e-09	-5.00990052663465e-10
0.733	137	54	0.55	-1.20325945429656e-07	-1.95210435371962e-07	-5.13124412583681e-09	-2.84130467446084e-09
0.7335	137	54	0.55	-1.20164391770317e-07	-1.95190263951872e-07	-5.12725252488021e-09	-5.18700786362665e-09
0.734	137	54	0.55	-1.19990533065106e-07	-1.95155150040094e-07	-5.1232948797794e-09	-7.5384007148441e-09
0.7345	137	54	0.55	-1.19804339338003e-07	-1.95105047895439e-07	-5.11937057376688e-09	-9.89523969222678e-09
0.735	137	54	0.55	-1.19605748860607e-07	-1.95039917105788e-07	-5.11547956465215e-09	-1.22576516623306e-08
0.7355	137	54	0.55	-1.19394736097789e-07	-1.94959726806943e-07	-5.1116216592661e-09	-1.46256087472226e-08
0.736	137	54	0.55	-1.19171235324345e-07	-1.94864433478159e-07	-5.10779617949117e-09	-1.6999045197377e-08
0.7365	137	54	0.55	-1.18935211679272e-07	-1.94754006477282e-07	-5.10400313407127e-09	-1.93781624355142e-08
0.737	137	54	0.55	-1.18686614092312e-07	-1.94628399841079e-07	-5.1002421059832e-09	-2.17625847667132e-08
0.7375	137	54	0.55	-1.18425400374988e-07	-1.9448757115903e-07	-5.09651289057294e-09	-2.41527217073387e-08
0.738	137	54	0.55	-1.18151519901133e-07	-1.94331488456712e-07	-5.09281489135135e-09	-2.65483362908034e-08
0.7385	137	54	0.55	-1.17864920046173e-07	-1.94160110211783e-07	-5.08914822863145e-09	-2.89494477363416e-08
0.739	137	54	0.55	-1.17565568613642e-07	-1.93973397122349e-07	-5.08551249367821e-09	-3.13560463887014e-08
0.7395	137	54	0.55	-1.17253393439043e-07	-1.93771308776292e-07	-5.08190731517282e-09	-3.37682732352334e-08
0.74	137	54	0.55	-1.16928369875424e-07	-1.9355379210495e-07	-5.07833250128262e-09	-3.61859786963694e-08
0.7405	137	54	0.55	-1.1659044218959e-07	-1.9332082179524e-07	-5.07478768457193e-09	-3.8609252692004e-08
0.741	137	54	0.55	-1.16239558201059e-07	-1.93072351661883e-07	-5.07127286126445e-09	-4.10379949537638e-08
0.7415	137	54	0.55	-1.15875669282062e-07	-1.92808328858263e-07	-5.067787397852e-09	-4.34721775557688e-08
0.742	137	54	0.55	-1.15498726582786e-07	-1.92528718301332e-07	-5.06433135764846e-09	-4.59120157521531e-08
0.7425	137	54	0.55	-1.15108686582488e-07	-1.92233481133286e-07	-5.0609041149451e-09	-4.83573610216399e-08
0.743	137	54	0.55	-1.14705489329125e-07	-1.91922576275871e-07	-5.05750585916702e-09	-5.0808175189536e-08
0.7435	137	54	0.55	-1.14289079311547e-07	-1.91595939558198e-07	-5.0541360605312e-09	-5.32645519559221e-08
0.744	137	54	0.55	-1.13859417671947e-07	-1.9125354322469e-07	-5.05079453189359e-09	-5.57264465498722e-08
0.7445	137	54	0.55	-1.13416459557314e-07	-1.90895352414344e-07	-5.04748102838213e-09	-5.81939001329282e-08
0.745	137	54	0.55	-1.12960152121033e-07	-1.90521298293334e-07	-5.04419534950901e-09	-6.06668187918052e-08
0.7455	137	54	0.55	-1.12490424086786e-07	-1.90131346222699e-07	-5.04093728538241e-09	-6.31453305070445e-08
0.746	137	54	0.55	-1.12007237040856e-07	-1.8972544646445e-07	-5.03770641705072e-09	-6.56292760944558e-08
0.7465	137	54	0.55	-1.11510542355475e-07	-1.89303567932342e-07	-5.03450271258641e-09	-6.81188094471285e-08
0.747	137	54	0.55	-1.11000280744733e-07	-1.88865649342063e-07	-5.03132584273598e-09	-7.06139173286492e-08
0.7475	137	54	0.55	-1.10476403136772e-07	-1.88411660717591e-07	-5.02817556102673e-09	-7.31144211952086e-08
0.748	137	54	0.55	-1.09938865122672e-07	-1.87941513019041e-07	-5.02505180557173e-09	-7.56206354909901e-08
0.7485	137	54	0.55	-1.09387596092247e-07	-1.87455195144182e-07	-5.0219541487533e-09	-7.81322535780933e-08
0.749	137	54	0.55	-1.08822556743604e-07	-1.86952656022754e-07	-5.01888252575746e-09	-8.06493877650925e-08
0.7495	137	54	0.55	-1.08243674912245e-07	-1.86433838145206e-07	-5.01583663958395e-09	-8.31721294353528e-08
0.75	137	54	0.55	-1.07650923286684e-07	-1.85898704874177e-07	-5.01281622671045e-09	-8.57003797601594e-08
0.7505	137	54	0.55	-1.07044219710417e-07	-1.85347184711304e-07	-5.00982123240433e-09	-8.82341678531639e-08
0.751	137	54	0.55	-1.06423528434263e-07	-1.84779252343503e-07	-5.00685128306429e-09	-9.0773513194469e-08
0.7515	137	54	0.55	-1.05788790172312e-07	-1.84194838936946e-07	-5.00390626660848e-09	-9.33183802062715e-08
0.752	137	54	0.55	-1.05139936090737e-07	-1.83593892533196e-07	-5.00098601803515e-09	-9.58687674387196e-08
0.7525	137	54	0.55	-1.04476927775821e-07	-1.82976379603517e-07	-4.99809014232923e-09	-9.8424764332022e-08
0.753	137	54	0.55	-1.03799696393736e-07	-1.82342231536126e-07	-4.99521872710169e-09	-1.00986200680563e-07
0.7535	137	54	0.55	-1.03108194426937e-07	-1.81691401479611e-07	-4.99237123051398e-09	-1.03553313465109e-07
0.754	137	54	0.55	-1.02402355039999e-07	-1.81023853240703e-07	-4.98954780092627e-09	-1.06125873963034e-07
0.7545	137	54	0.55	-1.01682130271286e-07	-1.80339505106986e-07	-4.98674809324977e-09	-1.08703958908402e-07
0.755	137	54	0.55	-1.00947456616041e-07	-1.79638310005004e-07	-4.98397193024207e-09	-1.1128769698293e-07
0.7555	137	54	0.55	-1.00198269015195e-07	-1.78920234850111e-07	-4.98121905585139e-09	-1.13876991899327e-07
0.756	137	54	0.55	-9.94345270566299e-08	-1.78185215471416e-07	-4.9784892514728e-09	-1.16471831412714e-07
0.7565	137	54	0.55	-9.86561581317602e-08	-1.77433175929664e-07	-4.9757825347063e-09	-1.19072225868803e-07
0.757	137	54	0.55	-9.78631096160143e-08	-1.76664091577905e-07	-4.973098624036e-09	-1.21678149249973e-07
0.7575	137	54	0.55	-9.70553035717359e-08	-1.75877892916176e-07	-4.97043725110771e-09	-1.24289751756069e-07
0.758	137	54	0.55	-9.6232709578814e-08	-1.75074517994034e-07	-4.96779832347586e-09	-1.26906841358799e-07
0.7585	137	54	0.55	-9.5395246590968e-08	-1.74253919293932e-07	-4.96518164313474e-09	-1.29529492441472e-07
0.759	137	54	0.55	-9.45428479948163e-08	-1.73416037085872e-07	-4.96258698353715e-09	-1.3215767823796e-07
0.7595	137	54	0.55	-9.36754891434077e-08	-1.72560817857104e-07	-4.96001435655245e-09	-1.34791595136826e-07
0.76	137	54	0.55	-9.27930605687521e-08	-1.7168818988722e-07	-4.95746337414972e-09	-1.37431010703168e-07
0.7605	137	54	0.55	-9.18955302964264e-08	-1.70798114096371e-07	-4.95493390605764e-09	-1.40076005515856e-07
0.761	137	54	0.55	-9.0982814837659e-08	-1.69890509882364e-07	-4.95242586216288e-09	-1.42726609703081e-07
0.7615	137	54	0.55	-9.00548753346442e-08	-1.68965336833082e-07	-4.94993907588706e-09	-1.45382859099877e-07
0.762	137	54	0.55	-8.91116389567514e-08	-1.68022528113099e-07	-4.94747333634438e-09	-1.48044616140572e-07
0.7625	137	54	0.55	-8.81530339835734e-08	-1.67062019995612e-07	-4.94502854935658e-09	-1.50712070411762e-07
0.763	137	54	0.55	-8.71790077905388e-08	-1.66083752084489e-07	-4.9426044953419e-09	-1.53385060261429e-07
0.7635	137	54	0.55	-8.61894633441551e-08	-1.65087659764751e-07	-4.94020093281362e-09	-1.56063636390344e-07
0.764	137	54	0.55	-8.51843933169505e-08	-1.64073703734502e-07	-4.9378179019887e-09	-1.58747888650492e-07
0.7645	137	54	0.55	-8.41636735859908e-08	-1.63041780520956e-07	-4.93545495558125e-09	-1.61437860508556e-07
0.765	137	54	0.55	-8.31272817247708e-08	-1.61991862590583e-07	-4.93311228533039e-09	-1.64133396382656e-07
0.7655	137	54	0.55	-8.2075124252512e-08	-1.60923871561636e-07	-4.93078947469744e-09	-1.6683445637419e-07
0.766	137	54	0.55	-8.10071381085464e-08	-1.59837742597091e-07	-4.92848654009132e-09	-1.69541280726258e-07
0.7665	137	54	0.55	-7.99232637849201e-08	-1.58733411748102e-07	-4.92620321779525e-09	-1.72253701119145e-07
0.767	137	54	0.55	-7.8823430449404e-08	-1.5761080818244e-07	-4.92393940579014e-09	-1.74971737219467e-07
0.7675	137	54	0.55	-7.77075714886166e-08	-1.56469885270738e-07	-4.92169491129584e-09	-1.77695525155751e-07
0.768	137	54	0.55	-7.65756089649017e-08	-1.55310556637644e-07	-4.919469654429e-09	-1.8042491845013e-07
0.7685	137	54	0.55	-7.54274762648777e-08	-1.54132766327919e-07	-4.91726360234349e-09	-1.83159973288324e-07
0.769	137	54	0.55	-7.42631147687689e-08	-1.52936435737772e-07	-4.91507633520137e-09	-1.85900715686346e-07
0.7695	137	54	0.55	-7.30824276651276e-08	-1.51721512464675e-07	-4.91290783045651e-09	-1.88647085970975e-07
0.77	137	54	0.55	-7.18853803149955e-08	-1.50487908578967e-07	-4.91075796669862e-09	-1.91399226155426e-07
0.7705	137	54	0.55	-7.06718596976685e-08	-1.49235573676521e-07	-4.90862666589063e-09	-1.94156993503527e-07
0.771	137	54	0.55	-6.94418336166791e-08	-1.4796441871745e-07	-4.90651379647827e-09	-1.96920500348731e-07
0.7715	137	54	0.55	-6.81952059267132e-08	-1.4667439907079e-07	-4.90441898555704e-09	-1.99689706082671e-07
0.772	137	54	0.55	-6.6931904685319e-08	-1.45365406156728e-07	-4.90234243814969e-09	-2.02464650280922e-07
0.7725	137	54	0.55	-6.56518530650629e-08	-1.4403741133151e-07	-4.90028369239949e-09	-2.05245192094687e-07
0.773	137	54	0.55	-6.43549857848313e-08	-1.42690307569637e-07	-4.89824290701335e-09	-2.08031583706593e-07
0.7735	137	54	0.55	-6.3041220910165e-08	-1.41324029589995e-07	-4.89621972160828e-09	-2.10823615019904e-07
0.774	137	54	0.55	-6.17104898292808e-08	-1.39938522769611e-07	-4.89421414959894e-09	-2.13621557718859e-07
0.7745	137	54	0.55	-6.03627130502105e-08	-1.38533688520681e-07	-4.89222602448766e-09	-2.16425040281158e-07
0.775	137	54	0.55	-5.8997811747119e-08	-1.37109460007778e-07	-4.89025515419858e-09	-2.19234385576963e-07
0.7755	137	54	0.55	-5.76157102027963e-08	-1.3566575995938e-07	-4.88830142778345e-09	-2.22049469472715e-07
0.776	137	54	0.55	-5.62163307016306e-08	-1.34202517321214e-07	-4.88636488005224e-09	-2.24870373057902e-07
0.7765	137	54	0.55	-5.47995819832892e-08	-1.3271965260131e-07	-4.8844451523669e-09	-2.27697044542963e-07
0.777	137	54	0.55	-5.33654016532381e-08	-1.31217082532942e-07	-4.88254234881603e-09	-2.30529340012347e-07
0.7775	137	54	0.55	-5.19136982291002e-08	-1.29694732953212e-07	-4.88065618074494e-09	-2.33367561254269e-07
0.778	137	54	0.55	-5.04444066518062e-08	-1.28152523037883e-07	-4.8787865399938e-09	-2.36211660343185e-07
0.7785	137	54	0.55	-4.89574230044809e-08	-1.2659038639562e-07	-4.87693341738107e-09	-2.39061526068499e-07
0.779	137	54	0.55	-4.74526835603228e-08	-1.25008217333189e-07	-4.87509646956572e-09	-2.41917238885532e-07
0.7795	137	54	0.55	-4.59300886213043e-08	-1.23405947682897e-07	-4.87327579156607e-09	-2.44778676397776e-07
0.78	137	54	0.55	-4.43895762369806e-08	-1.21783492179617e-07	-4.87147130506969e-09	-2.47645996722572e-07
0.7805	137	54	0.55	-4.28310416022981e-08	-1.20140769555022e-07	-4.86968264313317e-09	-2.50519247011507e-07
0.781	137	54	0.55	-4.12544216565891e-08	-1.18477701649411e-07	-4.86790991724299e-09	-2.53398224400159e-07
0.7815	137	54	0.55	-3.96596029350604e-08	-1.16794189430891e-07	-4.86615298060046e-09	-2.56283225849344e-07
0.782	137	54	0.55	-3.80465239313565e-08	-1.1509016095701e-07	-4.86441159655201e-09	-2.59174009142527e-07
0.7825	137	54	0.55	-3.64150889442527e-08	-1.13365528076059e-07	-4.86268577025945e-09	-2.62070705905254e-07
0.783	137	54	0.55	-3.47652027166134e-08	-1.11620194420681e-07	-4.86097530713431e-09	-2.64973347752408e-07
0.7835	137	54	0.55	-3.30967837580687e-08	-1.09854075613924e-07	-4.85928020591199e-09	-2.67881893018185e-07
0.784	137	54	0.55	-3.14097361453491e-08	-1.08067083059993e-07	-4.85760022136532e-09	-2.70796346780847e-07
0.7845	137	54	0.55	-2.97039735031035e-08	-1.06259139043274e-07	-4.85593528495662e-09	-2.73716706830516e-07
0.785	137	54	0.55	-2.79794150070956e-08	-1.04430135428046e-07	-4.85428536686133e-09	-2.76643103562623e-07
0.7855	137	54	0.55	-2.6235947858666e-08	-1.02579982064199e-07	-4.85265037760031e-09	-2.79575297584486e-07
0.786	137	54	0.55	-2.44735016696751e-08	-1.00708601902255e-07	-4.85103007796364e-09	-2.82513575158444e-07
0.7865	137	54	0.55	-2.26919687484894e-08	-9.88158868064914e-08	-4.8494244589898e-09	-2.85457907425362e-07
0.787	137	54	0.55	-2.0891258056821e-08	-9.69017468488431e-08	-4.84783332112389e-09	-2.88408081275147e-07
0.7875	137	54	0.55	-1.90712743375343e-08	-9.4966100094851e-08	-4.84625660287328e-09	-2.91364306938001e-07
0.788	137	54	0.55	-1.72319207791816e-08	-9.30088157602427e-08	-4.84469428217848e-09	-2.94326593194247e-07
0.7885	137	54	0.55	-1.53730979057798e-08	-9.10298481038296e-08	-4.84314623070402e-09	-2.97294901622483e-07
0.789	137	54	0.55	-1.34947266694496e-08	-8.90290412502992e-08	-4.84161224642159e-09	-3.00269219959339e-07
0.7895	137	54	0.55	-1.15966689584468e-08	-8.70063454616599e-08	-4.84009236869078e-09	-3.03249619493893e-07
0.79	137	54	0.55	-9.67885949165748e-09	-8.49616410558696e-08	-4.83858633681575e-09	-3.06236110073389e-07
0.7905	137	54	0.55	-7.74118591451156e-09	-8.28948132358676e-08	-4.83709422299585e-09	-3.09228653916802e-07
0.791	137	54	0.55	-5.78354808489223e-09	-8.08057840639975e-08	-4.83561578738012e-09	-3.12227359511948e-07
0.7915	137	54	0.55	-3.8058429741028e-09	-7.86944360786634e-08	-4.83415102591433e-09	-3.15232124779999e-07
0.792	137	54	0.55	-1.80795733939476e-09	-7.65606658070794e-08	-4.83269982071298e-09	-3.18243057763244e-07
0.7925	137	54	0.55	2.10195194583207e-10	-7.44043653355675e-08	-4.83126202295523e-09	-3.21260165533497e-07
0.793	137	54	0.55	2.24873242249402e-09	-7.22254460683303e-08	-4.82983752568186e-09	-3.24283343916042e-07
0.7935	137	54	0.55	4.30776003756961e-09	-7.00237894335487e-08	-4.82842638830216e-09	-3.27312789081576e-07
0.794	137	54	0.55	6.38738351099732e-09	-6.77992799680283e-08	-4.82702835105504e-09	-3.30348370368293e-07
0.7945	137	54	0.55	8.48771819494942e-09	-6.55518155312507e-08	-4.8256434436727e-09	-3.33390170393493e-07
0.795	137	54	0.55	1.06088645646096e-08	-6.32812851009135e-08	-4.82427149731912e-09	-3.36438147398414e-07
0.7955	137	54	0.55	1.27509273140092e-08	-6.09875714374652e-08	-4.82291234838518e-09	-3.3949242554509e-07
0.796	137	54	0.55	1.49140413352455e-08	-5.86705579674884e-08	-4.82156600361807e-09	-3.42552966973748e-07
0.7965	137	54	0.55	1.70983063263463e-08	-5.63301532086058e-08	-4.82023243426481e-09	-3.4561979151606e-07
0.797	137	54	0.55	1.93038373064169e-08	-5.39662108334227e-08	-4.81891139726412e-09	-3.48692824502503e-07
0.7975	137	54	0.55	2.15307438544698e-08	-5.15786264809748e-08	-4.81760294501742e-09	-3.51772210058658e-07
0.798	137	54	0.55	2.37791614177141e-08	-4.91672964564316e-08	-4.8163069261165e-09	-3.5485792341828e-07
0.7985	137	54	0.55	2.60491922476902e-08	-4.6732072433997e-08	-4.81502317612649e-09	-3.5794996694306e-07
0.799	137	54	0.55	2.83409571366633e-08	-4.42728667060521e-08	-4.81375172205286e-09	-3.61048451212063e-07
0.7995	137	54	0.55	3.06545792083668e-08	-4.17895273940871e-08	-4.81249249678599e-09	-3.64153228479507e-07
0.8	137	54	0.55	3.29901921336528e-08	-3.92819508032716e-08	-4.81124520808852e-09	-3.67264402121022e-07
0.8005	137	54	0.55	3.53479036041549e-08	-3.67499937148352e-08	-4.81000999535634e-09	-3.70382011617023e-07
0.801	137	54	0.55	3.77278378538293e-08	-3.41935444403418e-08	-4.80878672214625e-09	-3.73506143932663e-07
0.8015	137	54	0.55	4.01301187835656e-08	-3.16124697530284e-08	-4.80757522112301e-09	-3.76636561316847e-07
0.802	137	54	0.55	4.25548851712421e-08	-2.9006657298325e-08	-4.80637544918631e-09	-3.7977365594355e-07
0.8025	137	54	0.55	4.50022691333984e-08	-2.63759392105101e-08	-4.80518733508059e-09	-3.8291712260445e-07
0.803	137	54	0.55	4.74723924615006e-08	-2.3720226005608e-08	-4.80401084289608e-09	-3.86067140369011e-07
0.8035	137	54	0.55	4.99653810548395e-08	-2.10393493738081e-08	-4.80284573597671e-09	-3.89223706231028e-07
0.804	137	54	0.55	5.24813659197321e-08	-1.83331796410613e-08	-4.80169211284706e-09	-3.92386849154137e-07
0.8045	137	54	0.55	5.50204989346881e-08	-1.56016013441729e-08	-4.80054979083765e-09	-3.95556614326583e-07
0.805	137	54	0.55	5.7582894785746e-08	-1.28444552771612e-08	-4.79941867862174e-09	-3.98732881964519e-07
0.8055	137	54	0.55	6.01687175638688e-08	-1.00616104337092e-08	-4.79829880334564e-09	-4.01915873613145e-07
0.806	137	54	0.55	6.2778085285764e-08	-7.25292181869008e-09	-4.79718987976565e-09	-4.05105536269141e-07
0.8065	137	54	0.55	6.54111379505551e-08	-4.41824821173498e-09	-4.79609204306796e-09	-4.08301826032297e-07
0.807	137	54	0.55	6.80680376508036e-08	-1.55743751228954e-09	-4.79500504622062e-09	-4.11504826171342e-07
0.8075	137	54	0.55	7.0748901292994e-08	1.32963673404873e-09	-4.79392893682435e-09	-4.14714527789156e-07
0.808	137	54	0.55	7.34538984081823e-08	4.24316048963647e-09	-4.79286359748416e-09	-4.1793098066728e-07
0.8085	137	54	0.55	7.6183163222332e-08	7.18324721926678e-09	-4.79180891738613e-09	-4.21154284673686e-07
0.809	137	54	0.55	7.89368459486184e-08	1.01500714499991e-08	-4.79076479975519e-09	-4.24384406928342e-07
0.8095	137	54	0.55	8.17150941356815e-08	1.31437730699346e-08	-4.78973118874715e-09	-4.27621307245598e-07
0.81	137	54	0.55	8.45180673225698e-08	1.61645185015047e-08	-4.7887080480165e-09	-4.30864981428994e-07
0.8105	137	54	0.55	8.73459332639825e-08	1.92124740561184e-08	-4.78769526364739e-09	-4.34115612066907e-07
0.811	137	54	0.55	9.01988226331696e-08	2.22877686306688e-08	-4.78669278855585e-09	-4.37373222371925e-07
0.8115	137	54	0.55	9.30768959683803e-08	2.53906025093897e-08	-4.78570051325119e-09	-4.406376624305e-07
0.812	137	54	0.55	9.59803410083282e-08	2.85211035899735e-08	-4.78471834890557e-09	-4.43909168804235e-07
0.8125	137	54	0.55	9.89092731051855e-08	3.16794671606502e-08	-4.78374625771095e-09	-4.47187627652081e-07
0.813	137	54	0.55	1.01863915857869e-07	3.48658534266022e-08	-4.78278414401877e-09	-4.50473146743242e-07
0.8135	137	54	0.55	1.04844376069835e-07	3.80804117128264e-08	-4.78183191773087e-09	-4.53765626759908e-07
0.814	137	54	0.55	1.07850865460613e-07	4.1323344746047e-08	-4.7808895517782e-09	-4.57065203439365e-07
0.8145	137	54	0.55	1.10883530357597e-07	4.45948176164279e-08	-4.77995690967678e-09	-4.6037199942891e-07
0.815	137	54	0.55	1.13942556279056e-07	4.78949944149321e-08	-4.77903397204407e-09	-4.63685869401067e-07
0.8155	137	54	0.55	1.17028123525209e-07	5.12240736494363e-08	-4.77812062746568e-09	-4.67006882862902e-07
0.816	137	54	0.55	1.20140383419454e-07	5.45822130826323e-08	-4.77721680503179e-09	-4.70335158267474e-07
0.8165	137	54	0.55	1.23279534913756e-07	5.79696283198317e-08	-4.77632251179404e-09	-4.73670637092986e-07
0.817	137	54	0.55	1.26445765968874e-07	6.13864835630196e-08	-4.77543752762448e-09	-4.77013491062389e-07
0.8175	137	54	0.55	1.29639235790791e-07	6.48329767649614e-08	-4.77456186345495e-09	-4.8036358965977e-07
0.818	137	54	0.55	1.32860153323477e-07	6.83093002162849e-08	-4.77369543892431e-09	-4.83720981086705e-07
0.8185	137	54	0.55	1.36108695980575e-07	7.18156412116144e-08	-4.77283818534363e-09	-4.8708583515562e-07
0.819	137	54	0.55	1.39385052277952e-07	7.53521967045145e-08	-4.7719900211039e-09	-4.90458061387822e-07
0.8195	137	54	0.55	1.42689444260213e-07	7.89191810790513e-08	-4.77115091112211e-09	-4.93837861465497e-07
0.82	137	54	0.55	1.46022024249959e-07	8.25167839613172e-08	-4.77032065284107e-09	-4.97225053231565e-07
0.8205	137	54	0.55	1.4938302139722e-07	8.61452071898583e-08	-4.76949939437324e-09	-5.00619698156382e-07
0.821	137	54	0.55	1.52772634987031e-07	8.98046579322909e-08	-4.76868687340084e-09	-5.04022006578014e-07
0.8215	137	54	0.55	1.56191067635092e-07	9.34953645614911e-08	-4.76788310407611e-09	-5.07431899761069e-07
0.822	137	54	0.55	1.59638513075322e-07	9.72175170366185e-08	-4.76708796091661e-09	-5.10849382418663e-07
0.8225	137	54	0.55	1.63115200346731e-07	1.00971353278467e-07	-4.76630143062242e-09	-5.14274610350988e-07
0.823	137	54	0.55	1.66621335506711e-07	1.04757077790119e-07	-4.76552342389574e-09	-5.17707536497991e-07
0.8235	137	54	0.55	1.70157140710891e-07	1.08574928492366e-07	-4.76475383681972e-09	-5.21148266815879e-07
0.824	137	54	0.55	1.737228102483e-07	1.12425121767679e-07	-4.76399262724862e-09	-5.24596767285511e-07
0.8245	137	54	0.55	1.77318608129973e-07	1.16307888764489e-07	-4.7632397906397e-09	-5.28053133005776e-07
0.825	137	54	0.55	1.80944723870979e-07	1.20223450084112e-07	-4.76249513745023e-09	-5.31517379901914e-07
0.8255	137	54	0.55	1.84601400055051e-07	1.24172057858196e-07	-4.76175865271217e-09	-5.3498958681868e-07
0.826	137	54	0.55	1.88288887370547e-07	1.28153951894916e-07	-4.76103022292571e-09	-5.38469774144688e-07
0.8265	137	54	0.55	1.92007396093707e-07	1.32169376554359e-07	-4.76030987312268e-09	-5.41958052719684e-07
0.827	137	54	0.55	1.95757163368171e-07	1.36218573865143e-07	-4.75959745295976e-09	-5.45454282737224e-07
0.8275	137	54	0.55	1.99538455758486e-07	1.40301792517228e-07	-4.75889293539313e-09	-5.48958691263562e-07
0.828	137	54	0.55	2.03351498417881e-07	1.44419291192577e-07	-4.75819612942012e-09	-5.52471366872571e-07
0.8285	137	54	0.55	2.07196550250366e-07	1.48571319025237e-07	-4.75750713906511e-09	-5.55992155024341e-07
0.829	137	54	0.55	2.11073859390787e-07	1.52758148685983e-07	-4.75682582495404e-09	-5.59521230497043e-07
0.8295	137	54	0.55	2.14983699287075e-07	1.5698004174336e-07	-4.75615214313699e-09	-5.63058733323769e-07
0.83	137	54	0.55	2.18926311523759e-07	1.61237270202008e-07	-4.75548597033861e-09	-5.66604443383342e-07
0.8305	137	54	0.55	2.22901958002453e-07	1.6553009984932e-07	-4.75482723327372e-09	-5.70158694405333e-07
0.831	137	54	0.55	2.26910946699022e-07	1.69858829446312e-07	-4.75417585093476e-09	-5.73721441809332e-07
0.8315	137	54	0.55	2.3095350443203e-07	1.74223718008015e-07	-4.75353188092916e-09	-5.77292664520209e-07
0.832	137	54	0.55	2.35029942841081e-07	1.78625065072602e-07	-4.75289504816833e-09	-5.80872515477398e-07
0.8325	137	54	0.55	2.3914052404983e-07	1.83063165404285e-07	-4.75226542170377e-09	-5.84461009828605e-07
0.833	137	54	0.55	2.4328554182329e-07	1.87538315321589e-07	-4.7516429578536e-09	-5.88058249956287e-07
0.8335	137	54	0.55	2.47465282043891e-07	1.9205080337148e-07	-4.75102752741145e-09	-5.91664237083112e-07
0.834	137	54	0.55	2.51680062568482e-07	1.96600960400417e-07	-4.75041897729165e-09	-5.95279012372751e-07
0.8345	137	54	0.55	2.55930156178863e-07	2.01189076176611e-07	-4.74981744234423e-09	-5.98902694742954e-07
0.835	137	54	0.55	2.60215888170379e-07	2.05815467779757e-07	-4.7492226298702e-09	-6.02535335325916e-07
0.8355	137	54	0.55	2.64537560856759e-07	2.10480467388585e-07	-4.74863462551191e-09	-6.06177007402423e-07
0.836	137	54	0.55	2.68895492094856e-07	2.1518439208279e-07	-4.74805326913286e-09	-6.09827724585937e-07
0.8365	137	54	0.55	2.73289999630499e-07	2.19927582700841e-07	-4.74747855214559e-09	-6.13487593233283e-07
0.837	137	54	0.55	2.77721416641619e-07	2.24710376861559e-07	-4.74691036363592e-09	-6.17156762164712e-07
0.8375	137	54	0.55	2.82190071976274e-07	2.29533104745272e-07	-4.7463485968933e-09	-6.20835133065443e-07
0.838	137	54	0.55	2.8669630436351e-07	2.34396136278292e-07	-4.74579325090065e-09	-6.24522892786008e-07
0.8385	137	54	0.55	2.91240442873431e-07	2.3929980230708e-07	-4.74524428496634e-09	-6.28220046416435e-07
0.839	137	54	0.55	2.95822868534579e-07	2.44244496849788e-07	-4.74470148352666e-09	-6.3192666821503e-07
0.8395	137	54	0.55	3.00443913525683e-07	2.49230551196966e-07	-4.7441648794272e-09	-6.35642866553809e-07
0.84	137	54	0.55	3.05103929454376e-07	2.54258361143123e-07	-4.74363438051202e-09	-6.39368825300101e-07
0.8405	137	54	0.55	3.09803305453826e-07	2.59328316487561e-07	-4.74310999756289e-09	-6.43104305571552e-07
0.841	137	54	0.55	3.14542412893637e-07	2.64440771058361e-07	-4.7425914153124e-09	-6.46849754426799e-07
0.8415	137	54	0.55	3.19321624808744e-07	2.69596157287388e-07	-4.74207872957763e-09	-6.50604945674162e-07
0.842	137	54	0.55	3.24141325558358e-07	2.74794836441217e-07	-4.74157194983442e-09	-6.54370181586478e-07
0.8425	137	54	0.55	3.29001923038419e-07	2.80037260602661e-07	-4.74107085985436e-09	-6.58145458564026e-07
0.843	137	54	0.55	3.33903811045033e-07	2.85323809356974e-07	-4.74057542397012e-09	-6.61930842593817e-07
0.8435	137	54	0.55	3.38847396808006e-07	2.90654920576117e-07	-4.74008553949269e-09	-6.65726366145016e-07
0.844	137	54	0.55	3.4383309266417e-07	2.96031027580135e-07	-4.73960114743492e-09	-6.69532272108439e-07
0.8445	137	54	0.55	3.48861332155614e-07	3.01452571349614e-07	-4.73912227155328e-09	-6.73348581446885e-07
0.845	137	54	0.55	3.53932546603986e-07	3.0691997598975e-07	-4.73864866034064e-09	-6.77175333331815e-07
0.8455	137	54	0.55	3.59047167775017e-07	3.12433723115291e-07	-4.73818036965954e-09	-6.81012645059473e-07
0.846	137	54	0.55	3.64205654190819e-07	3.17994277354572e-07	-4.73771727056727e-09	-6.8486067162189e-07
0.8465	137	54	0.55	3.69408453049225e-07	3.23602095786413e-07	-4.73725920885923e-09	-6.8871948948381e-07
0.847	137	54	0.55	3.74656026647102e-07	3.29257656361825e-07	-4.73680621311918e-09	-6.92588974627386e-07
0.8475	137	54	0.55	3.79948856599199e-07	3.34961463122063e-07	-4.73635822105616e-09	-6.96469590732601e-07
0.848	137	54	0.55	3.85287439841342e-07	3.40714020885535e-07	-4.7359151078497e-09	-7.00361290141263e-07
0.8485	137	54	0.55	3.90672240890844e-07	3.46515831362026e-07	-4.735476746158e-09	-7.04264095792069e-07
0.849	137	54	0.55	3.96103774336076e-07	3.5236740725253e-07	-4.73504309168342e-09	-7.08178129739376e-07
0.8495	137	54	0.55	4.01582564091285e-07	3.58269281908186e-07	-4.73461416935323e-09	-7.12103608322201e-07
0.85	137	54	0.55	4.07109122191329e-07	3.64222004223258e-07	-4.73418963589273e-09	-7.16040588155738e-07
0.8505	137	54	0.55	4.12683979766904e-07	3.70226128754148e-07	-4.73376961074129e-09	-7.19989182290183e-07
0.851	137	54	0.55	4.18307683935915e-07	3.76282201508538e-07	-4.73335400011552e-09	-7.23949556661337e-07
0.8515	137	54	0.55	4.23980782704447e-07	3.82390813902234e-07	-4.73294268007728e-09	-7.27921762964191e-07
0.852	137	54	0.55	4.29703859605723e-07	3.88552541030762e-07	-4.73253554526287e-09	-7.31905856053232e-07
0.8525	137	54	0.55	4.35477481408597e-07	3.94767982192512e-07	-4.73213248121483e-09	-7.35902152972265e-07
0.853	137	54	0.55	4.41302233533669e-07	4.01037757002953e-07	-4.73173346962952e-09	-7.39910602199304e-07
0.8535	137	54	0.55	4.47178721940666e-07	4.07362479526441e-07	-4.73133840725978e-09	-7.43931402644667e-07
0.854	137	54	0.55	4.53107557807364e-07	4.13742782257032e-07	-4.73094721185166e-09	-7.4796466615185e-07
0.8545	137	54	0.55	4.59089381066313e-07	4.20179310012259e-07	-4.73055977776207e-09	-7.52010599791287e-07
0.855	137	54	0.55	4.6512481499672e-07	4.2667274213759e-07	-4.73017593970735e-09	-7.56069306687202e-07
0.8555	137	54	0.55	4.71214538055875e-07	4.33223745543998e-07	-4.7297957330925e-09	-7.60140872596389e-07
0.856	137	54	0.55	4.77359194839266e-07	4.39833021781411e-07	-4.72941898111761e-09	-7.64225488450805e-07
0.8565	137	54	0.55	4.83559479569351e-07	4.46501272732824e-07	-4.72904557645918e-09	-7.68323326230805e-07
0.857	137	54	0.55	4.89816110116337e-07	4.53229209051997e-07	-4.7286754664026e-09	-7.72434442006579e-07
0.8575	137	54	0.55	4.96129772376008e-07	4.60017588910233e-07	-4.7283085474236e-09	-7.76559135686936e-07
0.858	137	54	0.55	5.02501213084372e-07	4.66867144610639e-07	-4.7279447106236e-09	-7.80697439432509e-07
0.8585	137	54	0.55	5.08931173981431e-07	4.73778665632807e-07	-4.72758379899455e-09	-7.84849654933877e-07
0.859	137	54	0.55	5.15420418234491e-07	4.80752951781405e-07	-4.72722584184522e-09	-7.89015811748368e-07
0.8595	137	54	0.55	5.21969735212124e-07	4.87790785208553e-07	-4.72687055804192e-09	-7.93196069701771e-07
0.86	137	54	0.55	5.28579915726191e-07	4.94893005908992e-07	-4.72651799874721e-09	-7.9739072681361e-07
0.8605	137	54	0.55	5.35251790778624e-07	5.02060451990083e-07	-4.72616796746604e-09	-8.01599854153233e-07
0.861	137	54	0.55	5.41986176827436e-07	5.09293987094317e-07	-4.72582041419812e-09	-8.05823751473876e-07
0.8615	137	54	0.55	5.48783946507925e-07	5.16594511723589e-07	-4.72547514385868e-09	-8.10062530378907e-07
0.862	137	54	0.55	5.55645987332376e-07	5.2396291938539e-07	-4.72513210707849e-09	-8.14316237615729e-07
0.8625	137	54	0.55	5.62573179263559e-07	5.31400138670257e-07	-4.72479116973541e-09	-8.18585282965218e-07
0.863	137	54	0.55	5.69566449892811e-07	5.38907114044918e-07	-4.7244521917121e-09	-8.22869936741313e-07
0.8635	137	54	0.55	5.76626745241171e-07	5.46484821284388e-07	-4.72411513089865e-09	-8.27170137372093e-07
0.864	137	54	0.55	5.83755036531741e-07	5.54134270580597e-07	-4.72377976234702e-09	-8.31486309118729e-07
0.8645	137	54	0.55	5.90952308199277e-07	5.61856472458544e-07	-4.72344600947212e-09	-8.3581848051808e-07
0.865	137	54	0.55	5.9821957043571e-07	5.69652471305027e-07	-4.72311371834164e-09	-8.40167154834007e-07
0.8655	137	54	0.55	6.0555786629557e-07	5.77523346589892e-07	-4.72278284026022e-09	-8.44532266281926e-07
0.866	137	54	0.55	6.12968285795823e-07	5.8547020154176e-07	-4.72245317072097e-09	-8.48914317785445e-07
0.8665	137	54	0.55	6.20451907518138e-07	5.93494151490681e-07	-4.7221245978129e-09	-8.53313258213255e-07
0.867	137	54	0.55	6.28009854342082e-07	6.01596359062206e-07	-4.72179693380527e-09	-8.57729489085376e-07
0.8675	137	54	0.55	6.3564327945631e-07	6.09778040394637e-07	-4.72147006846386e-09	-8.62163349639762e-07
0.868	137	54	0.55	6.43353378793066e-07	6.18040369992912e-07	-4.72114392832491e-09	-8.66614954317347e-07
0.8685	137	54	0.55	6.51141359719887e-07	6.26384617952169e-07	-4.72081831223956e-09	-8.71084658695046e-07
0.869	137	54	0.55	6.59008470793587e-07	6.34812063138313e-07	-4.72049306868278e-09	-8.75572733181812e-07
0.8695	137	54	0.55	6.66955986328155e-07	6.43324042925997e-07	-4.7201680243701e-09	-8.80079431013171e-07
0.87	137	54	0.55	6.74985252357985e-07	6.51921905236996e-07	-4.71984302607511e-09	-8.84604979542004e-07
0.8705	137	54	0.55	6.83097594045279e-07	6.60607020308568e-07	-4.71951793386197e-09	-8.89149738953643e-07
0.871	137	54	0.55	6.91294415489097e-07	6.6938085485635e-07	-4.71919260523671e-09	-8.93714064694212e-07
0.8715	137	54	0.55	6.9957714887714e-07	6.78244839846798e-07	-4.7188668357102e-09	-8.98298361275589e-07
0.872	137	54	0.55	7.07947277689414e-07	6.87200530480325e-07	-4.71854042356176e-09	-9.02902606722009e-07
0.8725	137	54	0.55	7.1640629728531e-07	6.96249443321584e-07	-4.71821320526989e-09	-9.07527566586808e-07
0.873	137	54	0.55	7.24955778519387e-07	7.05393195854498e-07	-4.71788507273814e-09	-9.1217324894164e-07
0.8735	137	54	0.55	7.33597330881963e-07	7.14633433762657e-07	-4.7175557400641e-09	-9.16840179414371e-07
0.874	137	54	0.55	7.42332591952e-07	7.23971858906935e-07	-4.71722508462903e-09	-9.21528674940318e-07
0.8745	137	54	0.55	7.511632736934e-07	7.33410192244044e-07	-4.71689294040344e-09	-9.26239135541267e-07
0.875	137	54	0.55	7.60091122042894e-07	7.42950252208274e-07	-4.71655897240919e-09	-9.30971918031418e-07
0.8755	137	54	0.55	7.69117960874866e-07	7.52593892316966e-07	-4.71622312987041e-09	-9.35727403953765e-07
0.876	137	54	0.55	7.78245635824071e-07	7.62343002169708e-07	-4.71588499585739e-09	-9.40506057928384e-07
0.8765	137	54	0.55	7.87476066910209e-07	7.72199556742237e-07	-4.71554460760882e-09	-9.45308335840252e-07
0.877	137	54	0.55	7.96811255199259e-07	7.8216559307176e-07	-4.71520150850697e-09	-9.50134664519516e-07
0.8775	137	54	0.55	8.062532161901e-07	7.92243175062879e-07	-4.71485560079188e-09	-9.54985345180574e-07
0.878	137	54	0.55	8.1580409261317e-07	8.02434486746328e-07	-4.71450655562702e-09	-9.59861057861737e-07
0.8785	137	54	0.55	8.25466038745226e-07	8.12741753120072e-07	-4.71415422293773e-09	-9.64762107118019e-07
0.879	137	54	0.55	8.35241319108171e-07	8.23167248475976e-07	-4.7137983243247e-09	-9.69689079619517e-07
0.8795	137	54	0.55	8.45132248072922e-07	8.33713386549917e-07	-4.71343850467512e-09	-9.74642642657426e-07
0.88	137	54	0.55	8.55141238931267e-07	8.44382581410841e-07	-4.7130745831839e-09	-9.79623010172283e-07
0.8805	137	54	0.55	8.65270759597969e-07	8.55177386349659e-07	-4.71270625282642e-09	-9.84630952345489e-07
0.881	137	54	0.55	8.75523407217749e-07	8.66100435592543e-07	-4.71233320334309e-09	-9.89666938673108e-07
0.8815	137	54	0.55	8.85901827563096e-07	8.7715440955094e-07	-4.71195512409958e-09	-9.94731604251652e-07
0.882	137	54	0.55	8.96408773432e-07	8.88342140181742e-07	-4.71157176015326e-09	-9.99825621437521e-07
0.8825	137	54	0.55	9.07047090881186e-07	8.99666525167042e-07	-4.71118278406633e-09	-1.00494958384662e-06
0.883	137	54	0.55	9.17819754975291e-07	9.11130560776741e-07	-4.7107878095995e-09	-1.01010415303846e-06
0.8835	137	54	0.55	9.28729808613582e-07	9.22737371400473e-07	-4.71038651486084e-09	-1.0152898881408e-06
0.884	137	54	0.55	9.39780424369374e-07	9.34490190229731e-07	-4.70997855755992e-09	-1.02050769150194e-06
0.8845	137	54	0.55	9.50974915148173e-07	9.46392349154834e-07	-4.70956350953543e-09	-1.02575812281551e-06
0.885	137	54	0.55	9.62316675567898e-07	9.58447336385504e-07	-4.70914104711747e-09	-1.0310420521206e-06
0.8855	137	54	0.55	9.73809277660109e-07	9.70658753818299e-07	-4.70871076067204e-09	-1.03636018849841e-06
0.886	137	54	0.55	9.85456375501848e-07	9.8303032014524e-07	-4.70827218516143e-09	-1.04171334369957e-06
0.8865	137	54	0.55	9.97261834889684e-07	9.95565941463994e-07	-4.7078250430336e-09	-1.0471025224688e-06
0.887	137	54	0.55	1.0092296272024e-06	1.00826965154788e-06	-4.70736862644079e-09	-1.05252843012618e-06
0.8875	137	54	0.55	1.02136388080432e-06	1.02114563604871e-06	-4.70690268950227e-09	-1.05799210787957e-06
0.888	137	54	0.55	1.03366892467704e-06	1.03419827823803e-06	-4.70642665354122e-09	-1.06349445094832e-06
0.8885	137	54	0.55	1.04614925677815e-06	1.04743211504221e-06	-4.70593997763521e-09	-1.06903643147395e-06
0.889	137	54	0.55	1.05880954071047e-06	1.0608518757893e-06	-4.70544217988879e-09	-1.07461912487585e-06
0.8895	137	54	0.55	1.07165465734749e-06	1.07446250641186e-06	-4.70493269807534e-09	-1.08024365512116e-06
0.89	137	54	0.55	1.08468971249387e-06	1.08826912337268e-06	-4.70441096239883e-09	-1.08591109707141e-06
0.8905	137	54	0.55	1.09792000002606e-06	1.10227710170552e-06	-4.70387637614634e-09	-1.09162256471511e-06
0.891	137	54	0.55	1.11135108171734e-06	1.11649205081221e-06	-4.70332827600223e-09	-1.09737936894093e-06
0.8915	137	54	0.55	1.12498875293188e-06	1.13091980347146e-06	-4.70276601049981e-09	-1.10318287725045e-06
0.892	137	54	0.55	1.13883907992829e-06	1.14556646113595e-06	-4.70218891006199e-09	-1.10903433052488e-06
0.8925	137	54	0.55	1.15290839930449e-06	1.16043842068869e-06	-4.7015962454154e-09	-1.11493509934182e-06
0.893	137	54	0.55	1.16720336951204e-06	1.1755423781068e-06	-4.70098720788772e-09	-1.12088676918635e-06
0.8935	137	54	0.55	1.1817309530926e-06	1.19088530003975e-06	-4.70036103323284e-09	-1.12689070242133e-06
0.894	137	54	0.55	1.19649844132486e-06	1.20647456036682e-06	-4.69971689727997e-09	-1.13294872424303e-06
0.8945	137	54	0.55	1.21151351006876e-06	1.22231782828663e-06	-4.69905393416906e-09	-1.13906243655958e-06
0.895	137	54	0.55	1.22678422653788e-06	1.23842318766609e-06	-4.69837119613391e-09	-1.14523354436195e-06
0.8955	137	54	0.55	1.24231901788008e-06	1.25479912038706e-06	-4.69766768353318e-09	-1.15146412894028e-06
0.896	137	54	0.55	1.25812680118464e-06	1.27145454709154e-06	-4.69694233958707e-09	-1.15775587341479e-06
0.8965	137	54	0.55	1.27421697815322e-06	1.28839882873599e-06	-4.69619419531377e-09	-1.16411106084082e-06
0.897	137	54	0.55	1.2905993928003e-06	1.30564187650339e-06	-4.69542198808611e-09	-1.17053184836291e-06
0.8975	137	54	0.55	1.3072844762263e-06	1.32319407997183e-06	-4.69462460644454e-09	-1.17702040179189e-06
0.898	137	54	0.55	1.32428325916312e-06	1.34106641747067e-06	-4.69380072526396e-09	-1.18357937909915e-06
0.8985	137	54	0.55	1.34160735276723e-06	1.35927050237683e-06	-4.69294894577821e-09	-1.1902111645498e-06
0.899	137	54	0.55	1.35926907263162e-06	1.37781860265473e-06	-4.69206788456621e-09	-1.19691843160129e-06
0.8995	137	54	0.55	1.37728145233051e-06	1.39672368826282e-06	-4.69115602065037e-09	-1.20370424333883e-06
0.9	137	54	0.55	1.395658331238e-06	1.41599951986038e-06	-4.69021170830895e-09	-1.21057147154329e-06
0.9005	137	54	0.55	1.41441437129242e-06	1.43566068633305e-06	-4.68923319965731e-09	-1.21752349072141e-06
0.901	137	54	0.55	1.43356517923188e-06	1.45572266030403e-06	-4.68821871902942e-09	-1.22456368813777e-06
0.9015	137	54	0.55	1.45312739374681e-06	1.4762019304726e-06	-4.68716625477339e-09	-1.2316955663629e-06
0.902	137	54	0.55	1.47311867093602e-06	1.49711600927471e-06	-4.68607375937709e-09	-1.23892326808442e-06
0.9025	137	54	0.55	1.49355793011008e-06	1.51848363205698e-06	-4.68493888744481e-09	-1.2462508457224e-06
0.903	137	54	0.55	1.51446534302213e-06	1.54032471988419e-06	-4.68375944137306e-09	-1.25368255551246e-06
0.9035	137	54	0.55	1.53586253592852e-06	1.56266065742816e-06	-4.68253269007706e-09	-1.26122327757158e-06
0.904	137	54	0.55	1.55777267807355e-06	1.58551428131037e-06	-4.68125590846307e-09	-1.26887813030881e-06
0.9045	137	54	0.55	1.58022066121255e-06	1.60891014977516e-06	-4.67992619771047e-09	-1.27665259024678e-06
0.905	137	54	0.55	1.60323325082423e-06	1.63287459897798e-06	-4.67854029536672e-09	-1.28455238251153e-06
0.9055	137	54	0.55	1.62683930660101e-06	1.65743603020019e-06	-4.67709471211746e-09	-1.29258376836165e-06
0.906	137	54	0.55	1.65107000904552e-06	1.68262505817474e-06	-4.6755857936603e-09	-1.30075378428837e-06
0.9065	137	54	0.55	1.67595909728036e-06	1.70847477587444e-06	-4.67400943582112e-09	-1.30906965379443e-06
0.907	137	54	0.55	1.70154315859428e-06	1.73502106637358e-06	-4.67236122359949e-09	-1.31753926332483e-06
0.9075	137	54	0.55	1.72786196772634e-06	1.76230285897638e-06	-4.67063641343249e-09	-1.32617156591863e-06
0.908	137	54	0.55	1.75495890819555e-06	1.79036254821519e-06	-4.66882970153848e-09	-1.3349757011584e-06
0.9085	137	54	0.55	1.78288136654103e-06	1.81924643316567e-06	-4.66693541321375e-09	-1.34396212436727e-06
0.909	137	54	0.55	1.81168124979703e-06	1.84900513944264e-06	-4.66494733498473e-09	-1.35314204033112e-06
0.9095	137	54	0.55	1.84141565950924e-06	1.87969422937861e-06	-4.66285835880575e-09	-1.36252789922939e-06
0.91	137	54	0.55	1.8721475574246e-06	1.91137501359684e-06	-4.66066098127915e-09	-1.37213327879615e-06
0.9105	137	54	0.55	1.90394659149717e-06	1.9441151165589e-06	-4.65834673662469e-09	-1.38197332760653e-06
0.911	137	54	0.55	1.93689013539e-06	1.97798959655771e-06	-4.65590621002619e-09	-1.39206464367468e-06
0.9115	137	54	0.55	1.97106449939533e-06	2.01308206138062e-06	-4.65332892699866e-09	-1.40242604938539e-06
0.912	137	54	0.55	2.00656634208318e-06	2.04948602322563e-06	-4.65060312271887e-09	-1.4130781912374e-06
0.9125	137	54	0.55	2.04350454546809e-06	2.08730668305179e-06	-4.64771567806804e-09	-1.42404453348637e-06
0.913	137	54	0.55	2.08200203621889e-06	2.12666258903038e-06	-4.64465137144952e-09	-1.43535163482672e-06
0.9135	137	54	0.55	2.12219894257792e-06	2.16768872107753e-06	-4.64139334241013e-09	-1.44702950951556e-06
0.914	137	54	0.55	2.1642556436996e-06	2.21053933258109e-06	-4.63792208094677e-09	-1.45911252073584e-06
0.9145	137	54	0.55	2.2083570454523e-06	2.25539197440394e-06	-4.6342150790088e-09	-1.4716401905686e-06
0.915	137	54	0.55	2.25471803139143e-06	2.30245270560481e-06	-4.63024627028675e-09	-1.48465848831217e-06
0.9155	137	54	0.55	2.30359043262851e-06	2.35196257492021e-06	-4.62598524926635e-09	-1.498221034118e-06
0.916	137	54	0.55	2.35527239844657e-06	2.40420657315887e-06	-4.62139591224362e-09	-1.51239136828351e-06
0.9165	137	54	0.55	2.41012075474778e-06	2.45952519639658e-06	-4.61643503109556e-09	-1.52724521710829e-06
0.917	137	54	0.55	2.4685680926062e-06	2.51833061937212e-06	-4.61105068738729e-09	-1.54287433189629e-06
0.9175	137	54	0.55	2.53114674453325e-06	2.58112914830466e-06	-4.60517894646057e-09	-1.55939111526723e-06
0.918	137	54	0.55	2.59852322936904e-06	2.64855371323591e-06	-4.59873995153878e-09	-1.57693642106243e-06
0.9185	137	54	0.55	2.67154960076343e-06	2.72141205892584e-06	-4.59163220194837e-09	-1.59568966061247e-06
0.919	137	54	0.55	2.7513428336734e-06	2.80076127390227e-06	-4.5837230828513e-09	-1.61588516650741e-06
0.9195	137	54	0.55	2.83941352008377e-06	2.88802856096559e-06	-4.57483418683374e-09	-1.63783924840279e-06
0.92	137	54	0.55	2.9378872089536e-06	2.98521859665168e-06	-4.56471590217341e-09	-1.66199599423229e-06
0.9205	137	54	0.55	3.04991503674579e-06	3.09529829345401e-06	-4.55300050961575e-09	-1.68901112844979e-06
0.921	137	54	0.55	3.1805184864675e-06	3.22298715060843e-06	-4.53910626483974e-09	-1.71992676201778e-06
0.9215	137	54	0.55	3.33860416956711e-06	3.37664139526961e-06	-4.52200986508715e-09	-1.75658438054867e-06
0.922	137	54	0.55	3.54305785232878e-06	3.57394757244389e-06	-4.49956152598864e-09	-1.80287380590339e-06
0.9225	137	54	0.55	3.85255949508778e-06	3.86975282740121e-06	-4.46515744489827e-09	-1.87082611619406e-06
0.92275	137	54	0.55	4.14748729060666e-06	4.14863648756647e-06	-4.43225203710554e-09	-1.93350238420661e-06
0.9228125	137	54	0.55	4.31002686518411e-06	4.30117803618124e-06	-4.41418444946776e-09	-1.96727192320027e-06
0.922828125	137	54	0.55	4.40702673265569e-06	4.39184235179191e-06	-4.40344938630109e-09	-1.98718204764873e-06
0.922828140258	137	54	0.55	4.40720952710194e-06	4.39201296287273e-06	-4.40342924903229e-09	-1.9872194117327e-06
0.922828147887	137	54	0.55	4.40730116413324e-06	4.39209848568378e-06	-4.40341912159313e-09	-1.98723812200135e-06
0.922828149794	137	54	0.55	4.40732409257016e-06	4.39211988312316e-06	-4.40341656470527e-09	-1.98724281070649e-06
0.922828150747	137	54	0.55	4.40733555062689e-06	4.39213057001897e-06	-4.40341528383149e-09	-1.98724508063563e-06
0.9228281517	137	54	0.55	4.40734702000789e-06	4.392141277898e-06	-4.40341401997257e-09	-1.98724745791317e-06
0.922828151938	137	54	0.55	4.40734988560454e-06	4.3921439530914e-06	-4.40341369672155e-09	-1.9872480758517e-06
0.922828151997	137	54	0.55	4.4073505888198e-06	4.39214461800397e-06	-4.40341360356337e-09	-1.9872482153638e-06
0.922828152026	137	54	0.55	4.40735094398015e-06	4.39214493797024e-06	-4.40341357423028e-09	-1.98724830125765e-06
0.922828152055	137	54	0.55	4.40735129381142e-06	4.39214526881671e-06	-4.40341354892667e-09	-1.98724834629184e-06
0.922828152069	137	54	0.55	4.40735146256532e-06	4.39214541836375e-06	-4.40341355107172e-09	-1.9872483708452e-06
0.922828152076	137	54	0.55	4.4073515490517e-06	4.39214550052025e-06	-4.40341351355276e-09	-1.98724836360019e-06
0.922828152083	137	54	0.55	4.40735163331762e-06	4.3921455868956e-06	-4.40341349940002e-09	-1.98724835210837e-06
0.922828152086	137	54	0.55	4.40735166351569e-06	4.39214561798185e-06	-4.40341351744845e-09	-1.98724844212474e-06
0.922828152089	137	54	0.55	4.40735170159634e-06	4.39214565417512e-06	-4.40341347174978e-09	-1.98724849206916e-06
0.922828152092	137	54	0.55	4.40735173468099e-06	4.39214567582447e-06	-4.4034135164163e-09	-1.9872484537247e-06
