0.893158748505	137	54	0.7614	0.716786727920869	0.716785680847842	0.480895916910541	0.480895916910541	0.480895187479835	-0.000105261017551944
0.892658748505	137	54	0.7614	0.718028081471577	0.718026851145197	0.48228605442594	0.48228605442594	0.482285216303496	-0.000102038188484436
0.892153748505	137	54	0.7614	0.719266729728153	0.719265299140094	0.483673934061662	0.483673934061662	0.483672977211892	-9.88600168688937e-05
0.891643698505	137	54	0.7614	0.7205024021713	0.720500753695029	0.485059257285175	0.485059257285175	0.485058171311285	-9.57267963410572e-05
0.891128548005	137	54	0.7614	0.721734815539681	0.721732930401668	0.486441710457163	0.486441710457163	0.486440484296142	-9.26388367723464e-05
0.890608246	137	54	0.7614	0.722963674414804	0.72296153173548	0.487820965237449	0.487820965237449	0.487819586602271	-8.95964608836221e-05
0.890082740975	137	54	0.7614	0.724188672142989	0.724186247558464	0.489196679390022	0.489196679390022	0.489195133964005	-8.65999983608944e-05
0.8895519809	137	54	0.7614	0.725409491836425	0.725406755826735	0.490568497755213	0.490568497755213	0.490566768210691	-8.3649777972535e-05
0.889015913225	137	54	0.7614	0.726625807047161	0.726622723231699	0.491936052996009	0.491936052996009	0.491934117988844	-8.07461188821796e-05
0.888474484874	137	54	0.7614	0.727837281611829	0.727833805395853	0.493298965605903	0.493298965605903	0.493296798970321	-7.78893229856419e-05
0.88792764224	137	54	0.7614	0.729043568161663	0.729039646185854	0.494656842628293	0.494656842628293	0.494654413037939	-7.50796704968664e-05
0.88737533118	137	54	0.7614	0.730244304955972	0.730239875761213	0.496009274663374	0.496009274663374	0.496006546002637	-7.2317420907948e-05
0.88681749701	137	54	0.7614	0.731439111034171	0.731434107158095	0.497355831038022	0.497355831038022	0.497352763615093	-6.96028207341005e-05
0.886254084499	137	54	0.7614	0.732627580189057	0.73262193153646	0.498696053500986	0.498696053500986	0.498692606015478	-6.69361180491616e-05
0.885685037863	137	54	0.7614	0.733809274863416	0.733802912656354	0.500029449409662	0.500029449409662	0.500025581273762	-6.43175818577437e-05
0.885110300761	137	54	0.7614	0.734983721612432	0.734976581622133	0.501355485968466	0.501355485968466	0.501351159224744	-6.17475221624015e-05
0.884529816288	137	54	0.7614	0.736150410054421	0.736142433317196	0.502673587469607	0.502673587469607	0.502668767251489	-5.92263047142113e-05
0.883943526971	137	54	0.7614	0.737308796929105	0.737299926005846	0.503983137349118	0.503983137349118	0.503977789740256	-5.67543537576358e-05
0.883351374761	137	54	0.7614	0.738458315859942	0.738448485196422	0.505283486057388	0.505283486057388	0.505277572490393	-5.43321371869437e-05
0.882753301029	137	54	0.7614	0.739598391512187	0.739587511808528	0.506573964025029	0.506573964025029	0.506567432145546	-5.19601321720331e-05
0.88214924656	137	54	0.7614	0.740728454432806	0.740716393130514	0.507853896691269	0.507853896691269	0.507846668900936	-4.96387750880959e-05
0.881539151547	137	54	0.7614	0.741847950525318	0.741834513196931	0.509122616109468	0.509122616109468	0.50911457857549	-4.73684066078937e-05
0.880922955584	137	54	0.7614	0.742956337958873	0.742941257711778	0.510379462074788	0.510379462074788	0.510370458373013	-4.51492288210501e-05
0.880300597662	137	54	0.7614	0.744053065434692	0.744036008204536	0.511623766094701	0.511623766094701	0.511613600125629	-4.29812936689354e-05
0.879672016161	137	54	0.7614	0.745137530025468	0.745118121474334	0.512854814803285	0.512854814803285	0.512843266383778	-4.08645384303005e-05
0.879037148845	137	54	0.7614	0.746209020316832	0.746186893887489	0.514071795844834	0.514071795844834	0.514058648790063	-3.87988734831045e-05
0.878395932856	137	54	0.7614	0.747266660396921	0.747241515737329	0.515273738291434	0.515273738291434	0.515258814748353	-3.6784310530549e-05
0.877748304708	137	54	0.7614	0.74830937958403	0.748281027703199	0.516459469150937	0.516459469150937	0.516442656380928	-3.48210988053288e-05
0.877094200279	137	54	0.7614	0.749335936695897	0.749304297416094	0.517627613378223	0.517627613378223	0.517608862781099	-3.29098180195691e-05
0.876433554806	137	54	0.7614	0.750345019062477	0.750310035555632	0.518776660709895	0.518776660709895	0.518755938304317	-3.10513695566181e-05
0.875766302879	137	54	0.7614	0.751335409376005	0.751296863222566	0.519905102394968	0.519905102394968	0.519882280771243	-2.92468235771271e-05
0.875092378433	137	54	0.7614	0.75230616968321	0.752263422886089	0.521011603923808	0.521011603923808	0.52098631081979	-2.74971270274296e-05
0.874411714743	137	54	0.7614	0.753256747786317	0.753208497775804	0.522095137910437	0.522095137910437	0.522066611585168	-2.58027473964822e-05
0.873724244417	137	54	0.7614	0.754186895224929	0.754131080974147	0.523154977736446	0.523154977736446	0.523122010142504	-2.41633894337715e-05
0.873029899388	137	54	0.7614	0.755096322157467	0.755030329785665	0.524190469997054	0.524190469997054	0.524151525233952	-2.25779402205389e-05
0.872328610909	137	54	0.7614	0.755984109648002	0.755905360645086	0.52520057070829	0.52520057070829	0.525154128494131	-2.10447554434054e-05
0.871620309546	137	54	0.7614	0.75684804888172	0.756754884701915	0.526183243691497	0.526183243691497	0.526128318591016	-1.95623071705667e-05
0.871262617358	137	54	0.7614	0.757270966894913	0.757170478842043	0.526664442959909	0.526664442959909	0.526605202789897	-1.88381016124841e-05
0.870901348249	137	54	0.7614	0.757688351723756	0.757580772054383	0.527139625129836	0.527139625129836	0.527076202797696	-1.81230804331252e-05
0.870536466449	137	54	0.7614	0.758099398174493	0.757985179321859	0.527607981480297	0.527607981480297	0.527540639901599	-1.74176740813667e-05
0.870167935831	137	54	0.7614	0.758503302844084	0.758383017883821	0.528068646284678	0.528068646284678	0.527997720528755	-1.67224683813319e-05
0.869795719907	137	54	0.7614	0.758899356661323	0.758773520533604	0.528520758731516	0.528520758731516	0.528446551595105	-1.60381920396362e-05
0.869419781824	137	54	0.7614	0.759287053408224	0.759155864193457	0.528963543306573	0.528963543306573	0.528886173764599	-1.53656761311517e-05
0.869040084361	137	54	0.7614	0.759666195023513	0.759529213471867	0.529396397266579	0.529396397266579	0.529315612326265	-1.47057836792816e-05
0.868656589924	137	54	0.7614	0.760036966715959	0.759892775054706	0.529818966988865	0.529818966988865	0.529733940886269	-1.40593142159645e-05
0.868269260543	137	54	0.7614	0.760399952667637	0.760245854864183	0.530231191315446	0.530231191315446	0.530140348470651	-1.34268957815691e-05
0.867878057869	137	54	0.7614	0.760756068658507	0.760587907494037	0.530633291781345	0.530633291781345	0.530534197764009	-1.28088822119275e-05
0.867482943169	137	54	0.7614	0.761106399892619	0.760918567572686	0.531025696654849	0.531025696654849	0.530915062340796	-1.22052741950058e-05
0.867083877322	137	54	0.7614	0.76145194585781	0.761237655151868	0.531408895069383	0.531408895069383	0.531282733580154	-1.16156781499219e-05
0.86688234907	137	54	0.7614	0.76162355650194	0.761393230575735	0.531597626040782	0.531597626040782	0.531462050523807	-1.13251870069157e-05
0.866678805536	137	54	0.7614	0.761794971951269	0.761546651114139	0.531785065494778	0.531785065494778	0.531638921958632	-1.10364739991315e-05
0.866473226567	137	54	0.7614	0.761966114912596	0.761697886198204	0.531971153533466	0.531971153533466	0.531813314205704	-1.07494318327043e-05
0.866265591809	137	54	0.7614	0.762136823004738	0.761846905537858	0.532155780697878	0.532155780697878	0.531985194097751	-1.04639329482044e-05
0.866055880704	137	54	0.7614	0.762306829553155	0.761993674287531	0.532338773826551	0.532338773826551	0.532154523334462	-1.01798337296674e-05
0.865844072488	137	54	0.7614	0.762475744086006	0.762138146606381	0.532519880776745	0.532519880776745	0.532321250951153	-9.89698045056801e-06
0.86563014619	137	54	0.7614	0.762643033856966	0.762280257157624	0.532698754514228	0.532698754514228	0.532485303363409	-9.61521747231348e-06
0.86541408063	137	54	0.7614	0.762808008589813	0.762419909985096	0.532874937524772	0.532874937524772	0.532646571323998	-9.33439836564167e-06
0.865195854415	137	54	0.7614	0.76296981188629	0.762556964128438	0.53304784818753	0.53304784818753	0.532804893036152	-9.0544007617068e-06
0.865085650177	137	54	0.7614	0.763049407722998	0.762624622922992	0.533133068465897	0.533133068465897	0.532883071915098	-8.91433570586049e-06
0.864974343897	137	54	0.7614	0.763128196173959	0.762691875824532	0.533217600821394	0.533217600821394	0.532960796059218	-8.77375826684489e-06
0.864918134226	137	54	0.7614	0.763167331199391	0.762725417413252	0.533259672935485	0.533259672935485	0.532999565467918	-8.7031028782984e-06
0.864861362459	137	54	0.7614	0.763206389864243	0.762759002524033	0.533301729296297	0.533301729296297	0.53303838883241	-8.63196909682038e-06
0.864804022975	137	54	0.7614	0.763245344266253	0.762792621293166	0.533343747927903	0.533343747927903	0.533077254787703	-8.56035660794199e-06
0.864746110097	137	54	0.7614	0.76328416518539	0.762826262940837	0.533385705543075	0.533385705543075	0.533116150899031	-8.48826567766662e-06
0.864716864094	137	54	0.7614	0.763303564194669	0.762843130561781	0.533406705911217	0.533406705911217	0.533135654460379	-8.45195079818116e-06
0.864687325631	137	54	0.7614	0.763323014005743	0.762860083118734	0.533427785589679	0.533427785589679	0.533155257173578	-8.41533500636297e-06
0.864657491784	137	54	0.7614	0.763342509823705	0.762877118929488	0.533448940816839	0.533448940816839	0.533174957107544	-8.37841676446538e-06
0.864627359599	137	54	0.7614	0.763362046654609	0.762894236179581	0.533470167637324	0.533470167637324	0.5331947521773	-8.34119459677758e-06
0.864596926093	137	54	0.7614	0.763381619304563	0.762911432913765	0.533491461896464	0.533491461896464	0.533214640133989	-8.30366709748724e-06
0.864566188252	137	54	0.7614	0.763401222381663	0.762928707028631	0.533512819237136	0.533512819237136	0.533234618556217	-8.26583293516694e-06
0.864535143033	137	54	0.7614	0.763420850296217	0.762946056262518	0.533534235093862	0.533534235093862	0.533254684838247	-8.22769086293909e-06
0.864503787362	137	54	0.7614	0.763440497264751	0.762963478187198	0.533555704690308	0.533555704690308	0.533274836180236	-8.18923972398328e-06
0.864472118135	137	54	0.7614	0.763460157313427	0.76298097019757	0.533577223035187	0.533577223035187	0.533295069576158	-8.15047846107307e-06


0.893158748505	137	54	0.7614	0.716786727920866	0.71678568084784	0.480895916910539	0.480895916910539	0.480895187479833	-0.000105261017551949
0.893658748505	137	54	0.7614	0.715530414409607	0.71552953562521	0.479489804608442	0.479489804608442	0.479489175046921	-0.000108561288860954
0.894158748505	137	54	0.7614	0.714259068084637	0.714258342709905	0.478067653970954	0.478067653970954	0.47806711551137	-0.000111940762636955
0.894658748505	137	54	0.7614	0.712972608176506	0.712972021673285	0.476629392791603	0.476629392791603	0.476628936873679	-0.000115401269914132
0.895158748505	137	54	0.7614	0.711670946096164	0.71167048458086	0.475174940379636	0.475174940379636	0.475174558834664	-0.000118944713570566
0.895658748505	137	54	0.7614	0.710353985672558	0.710353636205338	0.473704207849142	0.473704207849142	0.473703893068944	-0.00012257306948195
0.896158748505	137	54	0.7614	0.70902162340752	0.709021374198241	0.472217098394975	0.472217098394975	0.472216843451103	-0.000126288388404314
0.896658748505	137	54	0.7614	0.707673748639657	0.70767358914109	0.470713507447229	0.470713507447229	0.470713306143637	-0.000130092799044316
0.897158748505	137	54	0.7614	0.706310243539938	0.706310164426454	0.469193322631444	0.469193322631444	0.469193169489928	-0.000133988512573157
0.897658748505	137	54	0.7614	0.704930982899557	0.704930975951112	0.467656423502069	0.467656423502069	0.46765631369253	-0.000137977828633811
0.898158748505	137	54	0.7614	0.703535833707589	0.703535891632178	0.466102681054882	0.466102681054882	0.466102610290024	-0.000142063142713391
0.898658748505	137	54	0.7614	0.70212465454548	0.702124770777476	0.4645319570528	0.4645319570528	0.46453192146933	-0.000146246954638455
0.899158748505	137	54	0.7614	0.700697294843429	0.700697463352066	0.46294410321601	0.46294410321601	0.462944099262368	-0.00015053187790545
0.899658748505	137	54	0.7614	0.699253594049309	0.699253809182681	0.4613389603304	0.4613389603304	0.461338984675758	-0.000154920649589189
0.9	137	54	0.7614	0.698258794063069	0.698259037915488	0.460233431571319	0.460233431571319	0.460233473401647	-0.000157977092804785
0.9005	137	54	0.7614	0.696787206529987	0.696787488082598	0.458598807216556	0.458598807216556	0.458598872083561	-0.000162547142330386
0.901	137	54	0.7614	0.695298791146834	0.695299105379133	0.456946405541389	0.456946405541389	0.456946490484457	-0.000167229073580516
0.9015	137	54	0.7614	0.693793342998708	0.693793685111101	0.455276019025758	0.455276019025758	0.455276121215026	-0.000172026170760472
0.902	137	54	0.7614	0.692270643013478	0.692271008461722	0.453587424802343	0.453587424802343	0.453587541559239	-0.000176941894143459
0.9025	137	54	0.7614	0.69073045698591	0.690730841520678	0.451880383615814	0.451880383615814	0.451880512436292	-0.000181979893719361
0.903	137	54	0.7614	0.689172534501022	0.689172934199632	0.45015463866694	0.45015463866694	0.450154777239906	-0.000187144024468022
0.9035	137	54	0.7614	0.68759660771225	0.687597018994233	0.448409914294337	0.448409914294337	0.448410060510445	-0.000192438363652389
0.904	137	54	0.7614	0.686002389932166	0.686002809555241	0.446645914449528	0.446645914449528	0.446646066398412	-0.000197867230509109
0.9045	137	54	0.7614	0.684389573997838	0.684389999035821	0.444862320926283	0.444862320926283	0.444862476883204	-0.000203435208686306
0.905	137	54	0.7614	0.682757830378381	0.682758258185591	0.443058791310725	0.443058791310725	0.443058949715417	-0.00020914717176634
0.9055	137	54	0.7614	0.681106804994896	0.681107233163928	0.441234956621824	0.441234956621824	0.441235116053504	-0.000215008312220141
0.906	137	54	0.7614	0.679436116723675	0.679436543043086	0.439390418611216	0.439390418611216	0.439390577763753	-0.000221024174190636
0.9065	137	54	0.7614	0.677745354548076	0.67774577696582	0.437524746685767	0.437524746685767	0.437524904346265	-0.00022720069059372
0.907	137	54	0.7614	0.676034074315437	0.676034490911468	0.435637474404979	0.435637474404979	0.435637629437869	-0.000233544225167398
0.9075	137	54	0.7614	0.674301795040051	0.674302204009359	0.433728095489134	0.433728095489134	0.433728246826388	-0.000240061620285961
0.908	137	54	0.7614	0.672547994673918	0.672548394319021	0.431796059252368	0.431796059252368	0.431796205889271	-0.000246760251590403
0.9085	137	54	0.7614	0.670772105242718	0.670772493973045	0.429840765349009	0.429840765349009	0.429840906343899	-0.000253648090767388
0.909	137	54	0.7614	0.668973507215683	0.668973883550522	0.427861557690143	0.427861557690143	0.427861692166238	-0.000260733778143814
0.9095	137	54	0.7614	0.667151522944107	0.667151885515775	0.42585771735135	0.42585771735135	0.425857844498589	-0.000268026707165135
0.91	137	54	0.7614	0.665305408962094	0.665305756516781	0.423828454247937	0.423828454247937	0.423828573323417	-0.000275537123318047
0.9105	137	54	0.7614	0.663434346892735	0.663434678287396	0.421772897299871	0.421772897299871	0.421773007625968	-0.00028327624067924
0.911	137	54	0.7614	0.661537432637636	0.661537746832719	0.419690082738356	0.419690082738356	0.419690183698357	-0.000291256380075877
0.9115	137	54	0.7614	0.659613663442644	0.659613959491395	0.417578940113722	0.417578940113722	0.417579031145451	-0.000299491133909715
0.912	137	54	0.7614	0.65766192231773	0.657662199353485	0.415438275439973	0.415438275439973	0.41543835602831	-0.000307995564131519
0.9125	137	54	0.7614	0.655680959132255	0.655681216355487	0.413266750741819	0.413266750741819	0.413266820411087	-0.000316786441807515
0.913	137	54	0.7614	0.653669367490248	0.653669604156896	0.411062859035089	0.411062859035089	0.411062917342212	-0.000325882539417696
0.9135	137	54	0.7614	0.651625556187888	0.651625771599881	0.408824893443761	0.408824893443761	0.408824939972764	-0.000335304990780912
0.914	137	54	0.7614	0.649547713626948	0.649547907125325	0.406550908693153	0.406550908693153	0.406550943051202	-0.000345077738802641
0.9145	137	54	0.7614	0.647433762944339	0.647433933904408	0.404238672553932	0.404238672553932	0.404238694368537	-0.000355228098831984
0.915	137	54	0.7614	0.645281304721239	0.645281452549001	0.401885603840914	0.401885603840914	0.401885612757908	-0.000365787476472342
0.9155	137	54	0.7614	0.643087542802239	0.643087666930684	0.399488692127074	0.399488692127074	0.399488687808482	-0.000376792295136136
0.916	137	54	0.7614	0.640849186723966	0.640849286608175	0.397044392134134	0.397044392134134	0.39704437425533	-0.000388285213644164
0.9165	137	54	0.7614	0.638562321081584	0.638562396191557	0.39454848232706	0.39454848232706	0.394548450572586	-0.000400316753213996
0.917	137	54	0.7614	0.636222227060479	0.636222276871121	0.391995871715823	0.391995871715823	0.391995825773556	-0.000412947515923339
0.9175	137	54	0.7614	0.6338231328811	0.633823156858935	0.389380329684662	0.389380329684662	0.389380269238088	-0.000426251280960518
0.918	137	54	0.7614	0.631357855260395	0.631357852846786	0.386694097808591	0.386694097808591	0.386694022527052	-0.000440319444826162
0.9185	137	54	0.7614	0.628817267554509	0.628817238144477	0.383927313981048	0.383927313981048	0.383927223507529	-0.000455267596100234
0.919	137	54	0.7614	0.626189479937397	0.626189422852345	0.381067124684697	0.381067124684697	0.381067018620072	-0.000471245632254898
0.9195	137	54	0.7614	0.623458514978233	0.623458429428272	0.378096250761291	0.378096250761291	0.378096128642655	-0.000488454075551736
0.92	137	54	0.7614	0.620602038409212	0.620601923436729	0.374990529859504	0.374990529859504	0.374990391127699	-0.00050717198190524
0.9205	137	54	0.7614	0.617587163709176	0.617587018095874	0.37171437250962	0.37171437250962	0.371714216455789	-0.000527808455937489
0.921	137	54	0.7614	0.614361855801164	0.61436167789861	0.368211451025371	0.368211451025371	0.368211276693459	-0.000551008036407043
0.9215	137	54	0.7614	0.610834507156426	0.610834294533477	0.364382575585489	0.364382575585489	0.364382381569505	-0.000577900687968723
0.922	137	54	0.7614	0.606812421741681	0.606812170280217	0.360019052230228	0.360019052230228	0.360018836154301	-0.000610853578669124
0.9225	137	54	0.7614	0.601702175650457	0.601701875946449	0.354478044856684	0.354478044856684	0.354477801306568	-0.000657126704386953
0.92275	137	54	0.7614	0.597726658342393	0.597726321880386	0.350169158213883	0.350169158213883	0.350168893661223	-0.000697602841321894
0.9228125	137	54	0.7614	0.595837275352096	0.595836921623809	0.348121667876629	0.348121667876629	0.348121393432414	-0.000718627737428539
0.9228203125	137	54	0.7614	0.595427283673617	0.595426926213515	0.347677382621316	0.347677382621316	0.347677106036654	-0.000723370770208462
0.922828125	137	54	0.7614	0.594770257476475	0.594769894046048	0.346965406023457	0.346965406023457	0.346965126012362	-0.000731118703244854
0.922828613281	137	54	0.7614	0.594698476631141	0.594698112549167	0.3468876220943	0.3468876220943	0.34688734170912	-0.00073197655620897
0.922829101562	137	54	0.7614	0.59461233000743	0.594611965143693	0.346794271016089	0.346794271016089	0.346793990182013	-0.000733009134719734
0.922829589843	137	54	0.7614	0.594496070911508	0.594495704993042	0.346668289223046	0.346668289223046	0.346668007783264	-0.000734407956667369
0.922829833983	137	54	0.7614	0.594404977643569	0.594404610898932	0.346569577903687	0.346569577903687	0.346569295989395	-0.000735508286640657
0.922829895018	137	54	0.7614	0.594370070506393	0.594369703445223	0.346531751518648	0.346531751518648	0.346531469422546	-0.000735930945345364
0.922829925535	137	54	0.7614	0.594346894050145	0.594346526778832	0.346506636840513	0.346506636840513	0.346506354623698	-0.00073621187858147
0.922829933164	137	54	0.7614	0.594339907632995	0.594339540298334	0.346499066157023	0.346499066157023	0.346498783903823	-0.000736296613120632
0.922829940793	137	54	0.7614	0.594332137793889	0.594331770388781	0.346490646534941	0.346490646534941	0.346490364241274	-0.000736390875919294
0.922829948422	137	54	0.7614	0.594323239994712	0.594322872508931	0.346481004622826	0.346481004622826	0.346480722282816	-0.000736498857372156
0.922829956051	137	54	0.7614	0.594312504607462	0.594312137024351	0.34646937144731	0.34646937144731	0.34646908905139	-0.000736629188225919
0.922829956289	137	54	0.7614	0.594312125322189	0.59431175773564	0.34646896044284	0.34646896044284	0.346468678044947	-0.000736633793842612
0.922828152092	137	54	0.55	0.59372466774844	0.593727284513417	0.345833906301954	0.345833906301954	0.345835425261522	-0.000743800747646805
