0.995	137	54	1	0.293589406437128	0.293589409178013	0.294077012820738	0.294077012820738	0.294077041244331	-0.983680450135266
0.9945	137	54	1	0.307671205357135	0.307671207922048	0.308233101381485	0.308233101381485	0.30823312843424	-0.982053271348294
0.994	137	54	1	0.321093210667489	0.321093213077201	0.321732703288148	0.321732703288148	0.321732729127832	-0.980426960327967
0.9935	137	54	1	0.333935062813157	0.333935065084382	0.334655298525354	0.334655298525354	0.334655323278845	-0.978801517600859
0.993	137	54	1	0.346261386602759	0.34626138874927	0.347065369612314	0.347065369612314	0.347065393383554	-0.977176943697944
0.9925	137	54	1	0.358125485568811	0.358125487602125	0.359016092672355	0.359016092672355	0.359016115547778	-0.975553239153414
0.992	137	54	1	0.369571943244884	0.369571945174762	0.370551936201263	0.370551936201263	0.370551958253674	-0.973930404503866
0.9915	137	54	1	0.380638502531153	0.380638504365951	0.381710538481725	0.381710538481725	0.381710559773149	-0.972308440287735
0.991	137	54	1	0.391357453952061	0.391357455699015	0.392524094297424	0.392524094297424	0.392524114881218	-0.970687347044865
0.9905	137	54	1	0.401756681150714	0.401756682816133	0.403020399187795	0.403020399187795	0.403020419110269	-0.969067125316204
0.99	137	54	1	0.411860461740453	0.411860463329895	0.413223649290975	0.413223649290975	0.413223668592645	-0.96744777564356
0.9895	137	54	1	0.421690090066108	0.421690091584494	0.42315506327469	0.42315506327469	0.423155081991244	-0.965829298569422
0.989	137	54	1	0.431264368029683	0.431264369481403	0.432833372471209	0.432833372471209	0.432833390634285	-0.964211694636819
0.9885	137	54	1	0.440599996628715	0.440599998017708	0.442275211835713	0.442275211835713	0.442275229473525	-0.962594964389202
0.988	137	54	1	0.449711891714701	0.449711893044513	0.451495435213578	0.451495435213578	0.451495452351427	-0.960979108370353
0.9875	137	54	1	0.458613441169938	0.458613442443792	0.460507372098182	0.460507372098182	0.460507388758849	-0.959364127124317
0.987	137	54	1	0.467316716269365	0.467316717490188	0.469323038632548	0.469323038632548	0.469323054836651	-0.957750021195335
0.9865	137	54	1	0.475832646829535	0.47583264800001	0.477953312446926	0.477953312446926	0.477953328213199	-0.956136791127799
0.986	137	54	1	0.484171167455138	0.484171168577718	0.486408078634329	0.486408078634329	0.486408093979862	-0.954524437466205
0.9855	137	54	1	0.492341340510028	0.492341341586981	0.494696352484631	0.494696352484631	0.49469636742506	-0.952912960755122
0.985	137	54	1	0.500351460189083	0.500351461222503	0.502826383348026	0.502826383348026	0.502826397897725	-0.95130236153916
0.9845	137	54	1	0.508209141126172	0.508209142117993	0.510805743059047	0.510805743059047	0.510805757231253	-0.949692640362945
0.984	137	54	1	0.515921394259031	0.515921395211058	0.518641401638227	0.518641401638227	0.51864141544517	-0.948083797771097
0.9835	137	54	1	0.523494692123322	0.523494693037236	0.526339792440761	0.526339792440761	0.526339805893775	-0.94647583430821
0.983	137	54	1	0.530935025323432	0.530935026200805	0.533906868497376	0.533906868497376	0.533906881606993	-0.944868750518835
0.9825	137	54	1	0.538247951596	0.538247952438302	0.541348151461238	0.541348151461238	0.541348164237271	-0.943262546947468
0.982	137	54	1	0.54543863862105	0.545438639429667	0.548668774314157	0.548668774314157	0.548668786765763	-0.941657224138532
0.9815	137	54	1	0.552511901528606	0.552511902304834	0.555873518778372	0.555873518778372	0.555873530914121	-0.94005278263637
0.981	137	54	1	0.559472235883238	0.559472236628309	0.562966848215316	0.562966848215316	0.56296686004324	-0.938449222985232
0.9805	137	54	1	0.566323846796214	0.566323847511284	0.569952936659733	0.569952936659733	0.569952948187387	-0.936846545729268
0.98	137	54	1	0.573070674707203	0.573070675393373	0.57683569453045	0.57683569453045	0.576835705764942	-0.935244751412514
0.9795	137	54	1	0.57971641829017	0.579716418948477	0.583618791471417	0.583618791471417	0.583618802419451	-0.933643840578889
0.979	137	54	1	0.586264554866392	0.586264555497833	0.590305676705449	0.590305676705449	0.590305687373357	-0.932043813772189
0.9785	137	54	1	0.592718358648726	0.59271835925424	0.596899597224059	0.596899597224059	0.596899607617839	-0.930444671536075
0.978	137	54	1	0.599080917092502	0.599080917672987	0.603403614088401	0.603403614088401	0.603403624213735	-0.928846414414071
0.9775	137	54	1	0.605355145588052	0.605355146144367	0.609820617075731	0.609820617075731	0.609820626938024	-0.927249042949558
0.977	137	54	1	0.611543800696187	0.611543801229148	0.61615333787242	0.61615333787242	0.616153347476799	-0.925652557685764
0.9765	137	54	1	0.617649492099511	0.617649492609906	0.622404361985969	0.622404361985969	0.622404371337329	-0.924056959165768
0.976	137	54	1	0.623674693418947	0.623674693907521	0.628576139525169	0.628576139525169	0.628576148628174	-0.922462247932485
0.9755	137	54	1	0.629621752024447	0.629621752491927	0.634670994977096	0.634670994977096	0.634671003836196	-0.920868424528669
0.975	137	54	1	0.635492897952187	0.635492898399267	0.640691136092888	0.640691136092888	0.640691144712346	-0.919275489496905
0.9745	137	54	1	0.641290252025706	0.641290252453054	0.646638661979758	0.646638661979758	0.646638670363654	-0.917683443379607
0.974	137	54	1	0.647015833266359	0.647015833674614	0.652515570484223	0.652515570484223	0.652515578636469	-0.91609228671901
0.9735	137	54	1	0.652671565667693	0.652671566057476	0.658323764941108	0.658323764941108	0.65832377286546	-0.914502020057174
0.973	137	54	1	0.658259284399356	0.658259284771266	0.664065060353719	0.664065060353719	0.66406506805379	-0.91291264393597
0.9725	137	54	1	0.66378074149821	0.663780741852825	0.669741189062765	0.669741189062765	0.669741196542017	-0.911324158897086
0.972	137	54	1	0.669237611097615	0.669237611435494	0.675353805954799	0.675353805954799	0.675353813216584	-0.909736565482015
0.9715	137	54	1	0.674631494239925	0.674631494561607	0.680904493255231	0.680904493255231	0.680904500302775	-0.908149864232062
0.971	137	54	1	0.679963923312159	0.679963923618171	0.686394764945643	0.686394764945643	0.68639477178206	-0.906564055688329
0.9705	137	54	1	0.68523636614034	0.685236366431189	0.691826070840881	0.691826070840881	0.691826077469176	-0.90497914039172
0.97	137	54	1	0.690450229774109	0.690450230050286	0.697199800357423	0.697199800357423	0.697199806780509	-0.903395118882934
0.9695	137	54	1	0.695606863989804	0.695606864251798	0.702517286001184	0.702517286001184	0.702517292221882	-0.901811991702465
0.969	137	54	1	0.700707564537301	0.700707564785565	0.707779806599873	0.707779806599873	0.707779812620917	-0.900229759390595
0.9685	137	54	1	0.705753576153014	0.705753576388013	0.71298859030244	0.71298859030244	0.712988596126471	-0.898648422487394
0.968	137	54	1	0.710746095359621	0.710746095581789	0.718144817365804	0.718144817365804	0.7181448229954	-0.897067981532715
0.9675	137	54	1	0.715686273070398	0.71568627328017	0.723249622747108	0.723249622747108	0.723249628184759	-0.895488437066194
0.967	137	54	1	0.720575217014878	0.720575217212674	0.728304098517734	0.728304098517734	0.728304103765882	-0.893909789627241
0.9665	137	54	1	0.725413994000426	0.725413994186651	0.733309296114011	0.733309296114011	0.733309301175013	-0.892332039755046
0.966	137	54	1	0.730203632023195	0.730203632198257	0.738266228437748	0.738266228437748	0.73826623331391	-0.890755187988566
0.9655	137	54	1	0.734945122240592	0.734945122404877	0.743175871818838	0.743175871818838	0.74317587651241	-0.889179234866532
0.965	137	54	1	0.739639420816865	0.739639420970187	0.748039167851514	0.748039167851514	0.748039172364133	-0.887604180927447
0.9645	137	54	1	0.744287450647418	0.744287450790766	0.752857025109736	0.752857025109736	0.752857029444141	-0.886030026709551
0.964	137	54	1	0.748890102982098	0.748890103115835	0.757630320762	0.757630320762	0.757630324920283	-0.884456772750871
0.9635	137	54	1	0.753448238940512	0.753448239064988	0.762359902078611	0.762359902078611	0.762359906062803	-0.882884419589187
0.963	137	54	1	0.757962690938425	0.757962691053991	0.767046587850362	0.767046587850362	0.767046591662459	-0.881312967762027
0.9625	137	54	1	0.762434264027436	0.762434264134434	0.771691169720884	0.771691169720884	0.771691173362847	-0.879742417806678
0.962	137	54	1	0.766863737154956	0.766863737253714	0.776294413439639	0.776294413439639	0.776294416913381	-0.878172770260168
0.9615	137	54	1	0.771251864350196	0.771251864441042	0.780857060041223	0.780857060041223	0.780857063348622	-0.876604025659279
0.961	137	54	1	0.775599375841484	0.775599375924752	0.785379826956306	0.785379826956306	0.785379830099198	-0.875036184540531
0.9605	137	54	1	0.779906979109691	0.779906979185692	0.789863409058896	0.789863409058896	0.789863412039097	-0.873469247440187
0.96	137	54	1	0.784175359882104	0.784175359951154	0.794308479654466	0.794308479654466	0.794308482473755	-0.871903214894246
0.9595	137	54	1	0.788405183070974	0.788405183133378	0.798715691412851	0.798715691412851	0.798715694072963	-0.870338087438444
0.959	137	54	1	0.792597093660309	0.792597093716373	0.803085677249695	0.803085677249695	0.803085679752346	-0.868773865608244
0.9585	137	54	1	0.796751717544486	0.796751717594505	0.807419051159931	0.807419051159931	0.807419053506818	-0.867210549938843
0.958	137	54	1	0.800869662321761	0.800869662366032	0.811716409006416	0.811716409006416	0.811716411199189	-0.86564814096516
0.9575	137	54	1	0.804951518045687	0.804951518084487	0.815978329266535	0.815978329266535	0.815978331306843	-0.864086639221839
0.957	137	54	1	0.808997857937039	0.808997857970668	0.82020537373974	0.82020537373974	0.820205375629188	-0.862526045243244
0.9565	137	54	1	0.813009239058945	0.813009239087679	0.824398088218175	0.824398088218175	0.82439808995835	-0.860966359563455
0.956	137	54	1	0.816986202957277	0.816986202981396	0.828557003122995	0.828557003122995	0.828557004715466	-0.859407582716264
0.9555	137	54	1	0.820929276268691	0.820929276288464	0.832682634108335	0.832682634108335	0.832682635554655	-0.857849715235179
0.955	137	54	1	0.824838971298144	0.824838971313844	0.836775482635025	0.836775482635025	0.836775483936708	-0.856292757653411
0.9545	137	54	1	0.828715786567844	0.828715786579743	0.840836036515729	0.840836036515729	0.840836037674299	-0.854736710503878
0.954	137	54	1	0.832560207339294	0.83256020734765	0.84486477043352	0.84486477043352	0.844864771450446	-0.853181574319201
0.9535	137	54	1	0.836372706110005	0.83637270611508	0.848862146435044	0.848862146435044	0.848862147311803	-0.851627349631696
0.953	137	54	1	0.840153743086451	0.840153743088504	0.852828614400226	0.852828614400226	0.852828615138276	-0.850074036973378
0.9525	137	54	1	0.843903766634562	0.843903766633843	0.856764612489535	0.856764612489535	0.856764613090318	-0.848521636875954
0.952	137	54	1	0.847623213709071	0.847623213705842	0.860670567570279	0.860670567570279	0.860670568035213	-0.846970149870819
0.9515	137	54	1	0.851312510262986	0.851312510257487	0.864546895623026	0.864546895623026	0.864546895953524	-0.845419576489054
0.951	137	54	1	0.85497207163815	0.854972071630632	0.868394002129387	0.868394002129387	0.868394002326841	-0.843869917261425
0.9505	137	54	1	0.858602302938124	0.858602302928838	0.872212282442063	0.872212282442063	0.872212282507854	-0.842321172718378
0.95	137	54	1	0.862203599384272	0.862203599373447	0.876002122138247	0.876002122138247	0.876002122073744	-0.840773343390032
0.9495	137	54	1	0.865776346655886	0.865776346643775	0.879763897357229	0.879763897357229	0.879763897163794	-0.839226429806182
0.949	137	54	1	0.869320921215464	0.869320921202302	0.8834979751231	0.8834979751231	0.883497974802076	-0.837680432496294
0.9485	137	54	1	0.872837690619642	0.872837690605655	0.887204713653308	0.887204713653308	0.887204713206018	-0.836135351989498
0.948	137	54	1	0.876327013816702	0.876327013802136	0.890884462653812	0.890884462653812	0.890884462081596	-0.83459118881459
0.9475	137	54	1	0.87978924143142	0.879789241416504	0.894537563601691	0.894537563601691	0.894537562905849	-0.833047943500025
0.947	137	54	1	0.883224716037717	0.883224716022675	0.898164350015552	0.898164350015552	0.898164349197396	-0.831505616573913
0.9465	137	54	1	0.88663377241989	0.886633772404956	0.90176514771473	0.90176514771473	0.901765146775548	-0.829964208564021
0.946	137	54	1	0.890016737823016	0.890016737808413	0.905340275067543	0.905340275067543	0.905340274008622	-0.828423719997763
0.9455	137	54	1	0.893373932192947	0.893373932178895	0.908890043229361	0.908890043229361	0.908890042051981	-0.826884151402201
0.945	137	54	1	0.896705668406545	0.896705668393272	0.91241475637092	0.91241475637092	0.912414755076339	-0.825345503304038
0.9445	137	54	1	0.900012252492596	0.900012252480327	0.915914711897301	0.915914711897301	0.915914710486789	-0.823807776229619
0.944	137	54	1	0.903293983843851	0.903293983832801	0.919390200658241	0.919390200658241	0.919390199133038	-0.822270970704923
0.9435	137	54	1	0.906551155420608	0.906551155410997	0.92284150714989	0.92284150714989	0.922841505511253	-0.820735087255562
0.943	137	54	1	0.909784053946326	0.909784053938369	0.926268909708783	0.926268909708783	0.926268907957936	-0.819200126406778
0.9425	137	54	1	0.912992960095538	0.912992960089457	0.929672680698023	0.929672680698023	0.929672678836222	-0.817666088683436
0.942	137	54	1	0.91617814867456	0.91617814867056	0.933053086686478	0.933053086686478	0.933053084714928	-0.816132974610024
0.9415	137	54	1	0.91933988879516	0.919339888793461	0.936410388620806	0.936410388620806	0.93641038654073	-0.814600784710647
0.941	137	54	1	0.922478444041739	0.922478444042546	0.939744841991155	0.939744841991155	0.939744839803766	-0.813069519509025
0.9405	137	54	1	0.9255940726321	0.925594072635626	0.943056696990464	0.943056696990464	0.943056694696972	-0.811539179528487
0.94	137	54	1	0.928687027572269	0.928687027578721	0.946346198667851	0.946346198667851	0.946346196269456	-0.81000976529197
0.9395	137	54	1	0.931757556805537	0.931757556815125	0.949613587076255	0.949613587076255	0.949613584574153	-0.808481277322014
0.939	137	54	1	0.934805903356028	0.934805903368971	0.952859097414664	0.952859097414664	0.952859094810049	-0.806953716140755
0.9385	137	54	1	0.937832305467075	0.937832305483565	0.956082960165138	0.956082960165138	0.956082957459194	-0.80542708226993
0.938	137	54	1	0.940836996734463	0.940836996754714	0.959285401224836	0.959285401224836	0.959285398418753	-0.803901376230861
0.9375	137	54	1	0.943820206235051	0.943820206259261	0.962466642033336	0.962466642033336	0.96246663912829	-0.80237659854446
0.937	137	54	1	0.946782158650678	0.946782158679057	0.965626899695377	0.965626899695377	0.965626896692532	-0.800852749731223
0.9365	137	54	1	0.949723074387794	0.949723074420541	0.968766387099223	0.968766387099223	0.968766383999766	-0.799329830311225
0.936	137	54	1	0.952643169692815	0.952643169730134	0.971885313030998	0.971885313030998	0.971885309836084	-0.797807840804113
0.9355	137	54	1	0.955542656763535	0.955542656805628	0.974983882284846	0.974983882284846	0.97498387899565	-0.796286781729111
0.935	137	54	1	0.958421743856654	0.958421743903718	0.978062295769472	0.978062295769472	0.978062292387146	-0.794766653605006
0.9345	137	54	1	0.96128063539164	0.961280635443875	0.981120750610877	0.981120750610877	0.981120747136573	-0.793247456950149
0.934	137	54	1	0.964119532051066	0.964119532108665	0.984159440251657	0.984159440251657	0.98415943668654	-0.79172919228245
0.9335	137	54	1	0.966938630877549	0.966938630940712	0.987178554547002	0.987178554547002	0.987178550892212	-0.790211860119373
0.933	137	54	1	0.969738125367457	0.969738125436395	0.990178279857338	0.990178279857338	0.990178276114026	-0.788695460977933
0.9325	137	54	1	0.972518205561558	0.972518205636457	0.993158799138031	0.993158799138031	0.993158795307332	-0.787179995374691
0.932	137	54	1	0.975279058132544	0.975279058213604	0.996120292025995	0.996120292025995	0.996120288109058	-0.785665463825749
0.9315	137	54	1	0.978020866469851	0.978020866557263	0.999062934923586	0.999062934923586	0.999062930921553	-0.784151866846747
0.931	137	54	1	0.980743810761603	0.980743810855567	1.00198690107966	1.00198690107966	1.00198689699367	-0.782639204952858
0.9305	137	54	1	0.983448068074007	0.983448068174715	1.0048923606681	1.0048923606681	1.00489235649928	-0.781127478658783
0.93	137	54	1	0.986133812428121	0.986133812535776	1.00777948086369	1.00777948086369	1.00777947661318	-0.779616688478747
0.9295	137	54	1	0.988801214874289	0.988801214989071	1.01064842591575	1.01064842591575	1.01064842158468	-0.778106834926495
0.929	137	54	1	0.991450443564083	0.991450443686192	1.01349935721931	1.01349935721931	1.01349935280881	-0.776597918515288
0.9285	137	54	1	0.994081663820148	0.994081663949783	1.01633243338407	1.01633243338407	1.01633242889526	-0.775089939757895
0.928	137	54	1	0.996695038203793	0.996695038341129	1.01914781030125	1.01914781030125	1.01914780573525	-0.773582899166591
0.9275	137	54	1	0.999290726580437	0.999290726725681	1.02194564120835	1.02194564120835	1.02194563656629	-0.772076797253154
0.927	137	54	1	1.00186888618321	1.00186888633656	1.02472607675189	1.02472607675189	1.02472607203489	-0.770571634528857
0.9265	137	54	1	1.00442967167448	1.00442967183611	1.02748926504826	1.02748926504826	1.02748926025745	-0.769067411504463
0.926	137	54	1	1.00697323520554	1.00697323537565	1.03023535174277	1.03023535174277	1.03023534687926	-0.767564128690226
0.9255	137	54	1	1.00949972647456	1.00949972665334	1.03296448006681	1.03296448006681	1.0329644751317	-0.766061786595877
0.925	137	54	1	1.01200929278275	1.01200929297039	1.03567679089335	1.03567679089335	1.03567678588778	-0.764560385730627
0.9245	137	54	1	1.01450207908892	1.0145020792856	1.03837242279087	1.03837242279087	1.03837241771594	-0.763059926603157
0.924	137	54	1	1.01697822806231	1.01697822826825	1.04105151207556	1.04105151207556	1.0410515069324	-0.761560409721617
0.9235	137	54	1	1.01943788013411	1.01943788034947	1.04371419286211	1.04371419286211	1.04371418765181	-0.760061835593618
0.923	137	54	1	1.02188117354717	1.02188117377214	1.0463605971129	1.0463605971129	1.04636059183658	-0.758564204726227
0.9225	137	54	1	1.02430824440452	1.02430824463931	1.04899085468587	1.04899085468587	1.04899084934464	-0.757067517625965
0.922	137	54	1	1.02671922671647	1.02671922696125	1.05160509338097	1.05160509338097	1.05160508797594	-0.755571774798797
0.9215	137	54	1	1.02911425244619	1.02911425270116	1.05420343898527	1.05420343898527	1.05420343351755	-0.754076976750131
0.921	137	54	1	1.03149345155425	1.03149345181959	1.05678601531681	1.05678601531681	1.0567860097875	-0.752583123984811
0.9205	137	54	1	1.03385695204169	1.0338569523176	1.05935294426718	1.05935294426718	1.05935293867741	-0.75109021700711
0.92	137	54	1	1.03620487999204	1.03620488027871	1.061904345843	1.061904345843	1.06190434019384	-0.749598256320729
0.9195	137	54	1	1.0385373596121	1.0385373599097	1.06444033820603	1.06444033820603	1.06444033249862	-0.748107242428786
0.919	137	54	1	1.04085451327157	1.04085451358029	1.06696103771249	1.06696103771249	1.06696103194792	-0.746617175833817
0.9185	137	54	1	1.04315646154167	1.04315646186171	1.06946655895098	1.06946655895098	1.06946655313035	-0.745128057037764
0.918	137	54	1	1.04544332323265	1.04544332356421	1.07195701477955	1.07195701477955	1.07195700890396	-0.743639886541973
0.9175	137	54	1	1.04771521543034	1.04771521577358	1.07443251636171	1.07443251636171	1.07443251043227	-0.742152664847189
0.917	137	54	1	1.04997225353158	1.04997225388671	1.07689317320146	1.07689317320146	1.07689316721927	-0.740666392453547
0.9165	137	54	1	1.05221455127892	1.05221455164611	1.07933909317741	1.07933909317741	1.07933908714358	-0.73918106986057
0.916	137	54	1	1.05444222079416	1.0544422211736	1.08177038257592	1.08177038257592	1.08177037649155	-0.737696697567161
0.9155	137	54	1	1.0566553726112	1.0566553730031	1.08418714612346	1.08418714612346	1.08418713998964	-0.736213276071598
0.915	137	54	1	1.05885411570793	1.05885411611245	1.08658948701798	1.08658948701798	1.08658948083582	-0.734730805871525
0.9145	137	54	1	1.06103855753725	1.06103855795459	1.08897750695964	1.08897750695964	1.08897750073023	-0.733249287463954
0.914	137	54	1	1.06320880405739	1.06320880448774	1.09135130618052	1.09135130618052	1.09135129990497	-0.73176872134525
0.9135	137	54	1	1.06536495976137	1.06536496020491	1.09371098347377	1.09371098347377	1.09371097715319	-0.730289108011128
0.913	137	54	1	1.06750712770572	1.06750712816265	1.09605663622187	1.09605663622187	1.09605662985735	-0.728810447956651
0.9125	137	54	1	1.0696354095385	1.06963541000899	1.09838836042419	1.09838836042419	1.09838835401683	-0.727332741676218
0.912	137	54	1	1.0717499055265	1.07174990601076	1.10070625072389	1.10070625072389	1.10070624427479	-0.725855989663561
0.9115	137	54	1	1.07385071458197	1.07385071508017	1.10301040043409	1.10301040043409	1.10301039394434	-0.724380192411736
0.911	137	54	1	1.0759379342884	1.07593793480074	1.10530090156341	1.10530090156341	1.10530089503413	-0.722905350413122
0.9105	137	54	1	1.07801166092588	1.07801166145255	1.1075778448409	1.1075778448409	1.10757783827317	-0.721431464159407
0.91	137	54	1	1.08007198949575	1.08007199003692	1.10984131974018	1.10984131974018	1.10984131313513	-0.719958534141589
0.9095	137	54	1	1.08211901374459	1.08211901430046	1.1120914145033	1.1120914145033	1.11209140786201	-0.718486560849963
0.909	137	54	1	1.08415282618773	1.08415282675849	1.11432821616366	1.11432821616366	1.11432820948722	-0.71701554477412
0.9085	137	54	1	1.08617351813208	1.08617351871792	1.11655181056858	1.11655181056858	1.11655180385809	-0.715545486402936
0.908	137	54	1	1.08818117969851	1.0881811802996	1.11876228240127	1.11876228240127	1.11876227565785	-0.714076386224567
0.9075	137	54	1	1.09017589984355	1.0901759004601	1.12095971520232	1.12095971520232	1.12095970842704	-0.712608244726443
0.907	137	54	1	1.09215776638073	1.09215776701293	1.12314419139047	1.12314419139047	1.12314418458445	-0.711141062395259
0.9065	137	54	1	1.09412686600132	1.09412686664935	1.12531579228317	1.12531579228317	1.12531578544752	-0.70967483971697
0.906	137	54	1	1.09608328429456	1.0960832849586	1.12747459811644	1.12747459811644	1.12747459125225	-0.708209577176783
0.9055	137	54	1	1.09802710576741	1.09802710644767	1.12962068806433	1.12962068806433	1.1296206811727	-0.70674527525915
0.905	137	54	1	1.09995841386399	1.09995841456064	1.1317541402579	1.1317541402579	1.13175413333992	-0.705281934447761
0.9045	137	54	1	1.10187729098429	1.10187729169755	1.13387503180378	1.13387503180378	1.13387502486055	-0.703819555225537
0.904	137	54	1	1.10378381850275	1.10378381923278	1.13598343880226	1.13598343880226	1.13598343183489	-0.702358138074623
0.9035	137	54	1	1.1056780767861	1.1056780775331	1.13807943636501	1.13807943636501	1.13807942937461	-0.700897683476378
0.903	137	54	1	1.10756014521107	1.10756014597523	1.14016309863236	1.14016309863236	1.14016309162002	-0.699438191911373
0.9025	137	54	1	1.10943010218149	1.10943010296301	1.14223449879012	1.14223449879012	1.14223449175695	-0.697979663859375
0.902	137	54	1	1.11128802514518	1.11128802594423	1.14429370908615	1.14429370908615	1.14429370203325	-0.696522099799351
0.9015	137	54	1	1.11313399061021	1.113133991427	1.14634080084644	1.14634080084644	1.1463407937749	-0.695065500209447
0.901	137	54	1	1.11496807416107	1.11496807499578	1.14837584449083	1.14837584449083	1.14837583740176	-0.693609865566993
0.9005	137	54	1	1.11679035047429	1.11679035132713	1.15039890954847	1.15039890954847	1.15039890244298	-0.692155196348484
0.9	137	54	1	1.11860089333378	1.11860089420493	1.15241006467283	1.15241006467283	1.15241005755201	-0.690701493029583
0.8995	137	54	1	1.12039977564583	1.12039977653547	1.15440937765639	1.15440937765639	1.15440937052135	-0.689248756085102
0.899	137	54	1	1.12218706945371	1.12218707036204	1.15639691544508	1.15639691544508	1.15639690829692	-0.687796985989003
0.8985	137	54	1	1.12396284595208	1.1239628468793	1.1583727441523	1.1583727441523	1.15837273699212	-0.686346183214383
0.898	137	54	1	1.12572717550096	1.12572717644727	1.16033692907266	1.16033692907266	1.16033692190157	-0.684896348233472
0.8975	137	54	1	1.12748012763947	1.12748012860505	1.16228953469549	1.16228953469549	1.1622895275146	-0.683447481517619
0.897	137	54	1	1.12922177109922	1.12922177208427	1.16423062471797	1.16423062471797	1.16423061752837	-0.68199958353729
0.8965	137	54	1	1.13095217381747	1.13095217482217	1.16616026205796	1.16616026205796	1.16616025486076	-0.680552654762049
0.896	137	54	1	1.13267140294991	1.13267140397447	1.16807850886664	1.16807850886664	1.16807850166295	-0.679106695660563
0.8955	137	54	1	1.13437952488331	1.13437952592792	1.16998542654082	1.16998542654082	1.16998541933175	-0.677661706700582
0.895	137	54	1	1.13607660524778	1.13607660631263	1.171881075735	1.171881075735	1.17188106852164	-0.676217688348937
0.8945	137	54	1	1.1377627089288	1.1377627100141	1.17376551637314	1.17376551637314	1.17376550915662	-0.674774641071529
0.894	137	54	1	1.13943790007904	1.13943790118497	1.17563880766025	1.17563880766025	1.17563880044166	-0.673332565333317
0.8935	137	54	1	1.14110224212987	1.14110224325663	1.17750100809365	1.17750100809365	1.1775010008741	-0.671891461598316
0.893	137	54	1	1.14275579780266	1.14275579895045	1.17935217547407	1.17935217547407	1.17935216825467	-0.67045133032958
0.8925	137	54	1	1.14439862911988	1.14439863028889	1.18119236691644	1.18119236691644	1.18119235969829	-0.6690121719892
0.892	137	54	1	1.14603079741588	1.1460307986063	1.18302163886054	1.18302163886054	1.18302163164476	-0.667573987038288
0.8915	137	54	1	1.14765236334752	1.14765236455956	1.18484004708135	1.18484004708135	1.18484003986904	-0.666136775936974
0.891	137	54	1	1.14926338690459	1.14926338813846	1.18664764669924	1.18664764669924	1.18664763949152	-0.664700539144392
0.8905	137	54	1	1.15086392741999	1.15086392867585	1.18844449218992	1.18844449218992	1.18844448498789	-0.663265277118671
0.89	137	54	1	1.15245404357959	1.15245404485768	1.19023063739419	1.19023063739419	1.19023063019896	-0.661830990316927
0.8895	137	54	1	1.1540337934322	1.15403379473271	1.1920061355275	1.1920061355275	1.19200612834017	-0.660397679195251
0.889	137	54	1	1.15560323439899	1.1556032357221	1.1937710391893	1.1937710391893	1.19377103201099	-0.658965344208704
0.8885	137	54	1	1.15716242328289	1.15716242462882	1.19552540037223	1.19552540037223	1.19552539320405	-0.6575339858113
0.888	137	54	1	1.15871141627784	1.15871141764678	1.19726927047106	1.19726927047106	1.19726926331414	-0.656103604456
0.8875	137	54	1	1.16025026897778	1.16025027036993	1.19900270029159	1.19900270029159	1.19900269314702	-0.654674200594701
0.887	137	54	1	1.16177903638543	1.161779037801	1.20072574005914	1.20072574005914	1.20072573292804	-0.653245774678226
0.8865	137	54	1	1.16329777292104	1.16329777436022	1.2024384394271	1.2024384394271	1.20243843231058	-0.651818327156314
0.886	137	54	1	1.16480653243079	1.16480653389378	1.2041408474852	1.2041408474852	1.20414084038437	-0.650391858477607
0.8855	137	54	1	1.16630536819515	1.16630536968216	1.20583301276759	1.20583301276759	1.20583300568358	-0.648966369089644
0.885	137	54	1	1.16779433293704	1.16779433444828	1.20751498326088	1.20751498326088	1.20751497619478	-0.647541859438843
0.8845	137	54	1	1.16927347882985	1.1692734803655	1.20918680641182	1.20918680641182	1.20918679936477	-0.6461183299705
0.884	137	54	1	1.17074285750521	1.1707428590655	1.21084852913511	1.21084852913511	1.21084852210821	-0.644695781128767
0.8835	137	54	1	1.17220252006079	1.17220252164589	1.21250019782077	1.21250019782077	1.21250019081512	-0.64327421335665
0.883	137	54	1	1.17365251706772	1.17365251867786	1.21414185834151	1.21414185834151	1.21414185135826	-0.641853627095993
0.8825	137	54	1	1.1750928985781	1.1750929002135	1.21577355606005	1.21577355606005	1.2157735491003	-0.640434022787467
0.882	137	54	1	1.17652371413227	1.1765237157931	1.21739533583608	1.21739533583608	1.21739532890094	-0.63901540087056
0.8815	137	54	1	1.17794501276578	1.17794501445227	1.21900724203323	1.21900724203323	1.21900723512383	-0.637597761783565
0.881	137	54	1	1.17935684301658	1.17935684472892	1.22060931852589	1.22060931852589	1.22060931164334	-0.636181105963568
0.8805	137	54	1	1.18075925293169	1.18075925467011	1.22220160870588	1.22220160870588	1.22220160185129	-0.634765433846433
0.88	137	54	1	1.18215229007412	1.18215229183881	1.22378415548898	1.22378415548898	1.22378414866347	-0.633350745866799
0.8795	137	54	1	1.1835360015293	1.18353600332047	1.22535700132137	1.22535700132137	1.22535699452606	-0.631937042458056
0.879	137	54	1	1.18491043391163	1.18491043572949	1.22692018818592	1.22692018818592	1.22692018142194	-0.630524324052343
0.8785	137	54	1	1.18627563337086	1.18627563521563	1.2284737576084	1.2284737576084	1.22847375087686	-0.629112591080529
0.878	137	54	1	1.18763164559833	1.1876316474702	1.23001775066348	1.23001775066348	1.23001774396551	-0.627701843972204
0.8775	137	54	1	1.18897851583303	1.18897851773223	1.23155220798079	1.23155220798079	1.23155220131749	-0.626292083155664
0.877	137	54	1	1.19031628886772	1.19031629079443	1.23307716975064	1.23307716975064	1.23307716312314	-0.624883309057901
0.8765	137	54	1	1.1916450090547	1.19164501100917	1.23459267572983	1.23459267572983	1.23459266913925	-0.623475522104586
0.876	137	54	1	1.19296472031176	1.19296472229418	1.23609876524725	1.23609876524725	1.23609875869473	-0.622068722720063
0.8755	137	54	1	1.19427546612776	1.19427546813835	1.23759547720945	1.23759547720945	1.23759547069609	-0.620662911327325
0.875	137	54	1	1.19557728956828	1.19557729160724	1.23908285010596	1.23908285010596	1.2390828436329	-0.61925808834801
0.8745	137	54	1	1.19687023328103	1.19687023534858	1.24056092201471	1.24056092201471	1.24056091558305	-0.617854254202387
0.874	137	54	1	1.19815433950133	1.1981543415977	1.24202973060719	1.24202973060719	1.24202972421807	-0.616451409309335
0.8735	137	54	1	1.19942965005739	1.19942965218277	1.24348931315361	1.24348931315361	1.24348930680815	-0.615049554086336
0.873	137	54	1	1.20069620637542	1.20069620853004	1.24493970652792	1.24493970652792	1.24493970022724	-0.613648688949459
0.8725	137	54	1	1.20195404948487	1.20195405166893	1.24638094721276	1.24638094721276	1.24638094095799	-0.612248814313344
0.872	137	54	1	1.2032032200233	1.20320322223704	1.24781307130432	1.24781307130432	1.24781306509658	-0.610849930591192
0.8715	137	54	1	1.20444375824146	1.20444376048508	1.24923611451707	1.24923611451707	1.24923610835748	-0.609452038194746
0.871	137	54	1	1.20567570400799	1.20567570628171	1.25065011218847	1.25065011218847	1.25065010607817	-0.60805513753428
0.8705	137	54	1	1.20689909681427	1.20689909911832	1.25205509928357	1.25205509928357	1.25205509322369	-0.606659229018581
0.87	137	54	1	1.20811397577905	1.20811397811365	1.25345111039953	1.25345111039953	1.25345110439117	-0.605264313054938
0.8695	137	54	1	1.20932037965307	1.20932038201842	1.25483817976997	1.25483817976997	1.25483817381427	-0.603870390049122
0.869	137	54	1	1.21051834682352	1.21051834921985	1.25621634126945	1.25621634126945	1.25621633536754	-0.602477460405374
0.8685	137	54	1	1.2117079153185	1.21170791774604	1.25758562841765	1.25758562841765	1.25758562257065	-0.60108552452639
0.868	137	54	1	1.21288912281143	1.21288912527038	1.2589460743836	1.2589460743836	1.25894606859264	-0.599694582813304
0.8675	137	54	1	1.21406200662521	1.2140620091158	1.26029771198981	1.26029771198981	1.26029770625603	-0.598304635665671
0.867	137	54	1	1.21522660373655	1.215226606259	1.26164057371633	1.26164057371633	1.26164056804084	-0.596915683481455
0.8665	137	54	1	1.21638295078002	1.21638295333456	1.26297469170468	1.26297469170468	1.26297468608863	-0.595527726657009
0.866	137	54	1	1.21753108405215	1.217531086639	1.26430009776184	1.26430009776184	1.26430009220635	-0.594140765587059
0.8655	137	54	1	1.21867103951543	1.21867104213482	1.26561682336404	1.26561682336404	1.26561681787022	-0.592754800664688
0.865	137	54	1	1.21980285280222	1.21980285545438	1.26692489966049	1.26692489966049	1.2669248942295	-0.591369832281324
0.8645	137	54	1	1.22092655921863	1.22092656190377	1.26822435747722	1.26822435747722	1.26822435211017	-0.589985860826715
0.864	137	54	1	1.22204219374827	1.22204219646662	1.26951522732058	1.26951522732058	1.26951522201861	-0.588602886688916
0.8635	137	54	1	1.22314979105604	1.22314979380784	1.27079753938092	1.27079753938092	1.27079753414515	-0.587220910254271
0.863	137	54	1	1.22424938549177	1.22424938827723	1.27207132353604	1.27207132353604	1.27207131836762	-0.585839931907399
0.8625	137	54	1	1.22534101109381	1.22534101391316	1.27333660935472	1.27333660935472	1.27333660425476	-0.58445995203117
0.862	137	54	1	1.22642470159261	1.22642470444609	1.2745934261	1.2745934261	1.27459342106965	-0.583080971006691
0.8615	137	54	1	1.22750049041419	1.22750049330202	1.27584180273266	1.27584180273266	1.27584179777305	-0.581702989213288
0.861	137	54	1	1.22856841068354	1.22856841360597	1.2770817679144	1.2770817679144	1.27708176302665	-0.580326007028486
0.8605	137	54	1	1.22962849522808	1.22962849818533	1.27831335001107	1.27831335001107	1.27831334519632	-0.57895002482799
0.86	137	54	1	1.23068077658087	1.23068077957317	1.27953657709589	1.27953657709589	1.27953657235527	-0.577575042985671
0.8595	137	54	1	1.23172528698394	1.23172529001151	1.28075147695249	1.28075147695249	1.28075147228715	-0.576201061873539
0.859	137	54	1	1.23276205839145	1.23276206145455	1.28195807707807	1.28195807707807	1.28195807248912	-0.574828081861732
0.8585	137	54	1	1.23379112247291	1.23379112557176	1.28315640468627	1.28315640468627	1.28315640017486	-0.57345610331849
0.858	137	54	1	1.23481251061621	1.23481251375104	1.28434648671025	1.28434648671025	1.28434648227751	-0.57208512661014
0.8575	137	54	1	1.23582625393071	1.23582625710176	1.2855283498055	1.2855283498055	1.28552834545257	-0.570715152101073
0.857	137	54	1	1.23683238325024	1.23683238645775	1.28670202035279	1.28670202035279	1.28670201608079	-0.569346180153727
0.8565	137	54	1	1.23783092913606	1.23783093238026	1.28786752446085	1.28786752446085	1.28786752027093	-0.567978211128561
0.856	137	54	1	1.23882192187971	1.23882192516085	1.28902488796925	1.28902488796925	1.28902488386254	-0.566611245384041
0.8555	137	54	1	1.23980539150596	1.23980539482427	1.29017413645103	1.29017413645103	1.29017413242866	-0.565245283276615
0.855	137	54	1	1.24078136777553	1.24078137113125	1.29131529521538	1.29131529521538	1.2913152912785	-0.563880325160694
0.8545	137	54	1	1.24174988018791	1.24174988358128	1.29244838931028	1.29244838931028	1.29244838546002	-0.562516371388629
0.854	137	54	1	1.24271095798405	1.24271096141532	1.29357344352505	1.29357344352505	1.29357343976255	-0.561153422310689
0.8535	137	54	1	1.24366463014908	1.24366463361847	1.29469048239288	1.29469048239288	1.29469047871928	-0.559791478275042
0.853	137	54	1	1.24461092541486	1.24461092892263	1.29579953019333	1.29579953019333	1.29579952660975	-0.558430539627729
0.8525	137	54	1	1.24554987226266	1.24554987580905	1.29690061095473	1.29690061095473	1.29690060746232	-0.557070606712646
0.852	137	54	1	1.24648149892566	1.2464815025109	1.29799374845666	1.29799374845666	1.29799374505655	-0.555711679871516
0.8515	137	54	1	1.24740583339143	1.24740583701578	1.29907896623219	1.29907896623219	1.29907896292553	-0.55435375944387
0.851	137	54	1	1.24832290340448	1.2483229070682	1.30015628757034	1.30015628757034	1.30015628435827	-0.552996845767024
0.8505	137	54	1	1.24923273646864	1.24923274017194	1.30122573551826	1.30122573551826	1.3012257324019	-0.551640939176051
0.85	137	54	1	1.25013535984938	1.25013536359254	1.30228733288347	1.30228733288347	1.30228732986397	-0.550286040003763
0.8495	137	54	1	1.25103080057631	1.25103080435956	1.30334110223612	1.30334110223612	1.30334109931462	-0.548932148580683
0.849	137	54	1	1.25191908544535	1.25191908926895	1.3043870659111	1.3043870659111	1.30438706308874	-0.547579265235021
0.8485	137	54	1	1.25280024102107	1.25280024488526	1.30542524601021	1.30542524601021	1.30542524328813	-0.54622739029265
0.848	137	54	1	1.25367429363895	1.25367429754398	1.30645566440419	1.30645566440419	1.30645566178353	-0.544876524077082
0.8475	137	54	1	1.25454126940751	1.25454127335365	1.30747834273483	1.30747834273483	1.30747834021673	-0.543526666909441
0.847	137	54	1	1.25540119421056	1.25540119819804	1.30849330241698	1.30849330241698	1.30849330000258	-0.542177819108437
0.8465	137	54	1	1.25625409370927	1.25625409773834	1.30950056464048	1.30950056464048	1.30950056233092	-0.540829980990341
0.846	137	54	1	1.25709999334427	1.25709999741521	1.31050015037217	1.31050015037217	1.31050014816859	-0.539483152868961
0.8455	137	54	1	1.25793891833777	1.25793892245083	1.31149208035777	1.31149208035777	1.31149207826131	-0.53813733505561
0.845	137	54	1	1.25877089369556	1.25877089785099	1.31247637512378	1.31247637512378	1.31247637313557	-0.536792527859084
0.8445	137	54	1	1.25959594420898	1.25959594840702	1.31345305497929	1.31345305497929	1.31345305310049	-0.535448731585631
0.844	137	54	1	1.26041409445692	1.26041409869784	1.31442214001785	1.31442214001785	1.31442213824959	-0.534105946538926
0.8435	137	54	1	1.26122536880774	1.2612253730918	1.3153836501192	1.3153836501192	1.31538364846264	-0.532764173020043
0.843	137	54	1	1.2620297914212	1.26202979574867	1.31633760495108	1.31633760495108	1.31633760340734	-0.531423411327424
0.8425	137	54	1	1.26282738625031	1.26282739062144	1.31728402397088	1.31728402397088	1.31728402254112	-0.530083661756853
0.842	137	54	1	1.26361817704319	1.26361818145823	1.3182229264274	1.3182229264274	1.31822292511275	-0.528744924601425
0.8415	137	54	1	1.26440218734485	1.26440219180408	1.31915433136243	1.31915433136243	1.31915433016405	-0.527407200151521
0.841	137	54	1	1.26517944049902	1.26517944500269	1.3200782576125	1.3200782576125	1.3200782565315	-0.526070488694769
0.8405	137	54	1	1.26594995964988	1.26594996419826	1.32099472381031	1.32099472381031	1.32099472284787	-0.524734790516025
0.84	137	54	1	1.2667137677438	1.26671377233716	1.3219037483865	1.3219037483865	1.32190374754373	-0.523400105897334
0.8395	137	54	1	1.26747088753103	1.26747089216963	1.32280534957101	1.32280534957101	1.32280534884907	-0.522066435117901
0.839	137	54	1	1.26822134156739	1.2682213462515	1.32369954539472	1.32369954539472	1.32369954479475	-0.520733778454064
0.8385	137	54	1	1.26896515221588	1.26896515694576	1.3245863536909	1.3245863536909	1.32458635321403	-0.519402136179256
0.838	137	54	1	1.26970234164835	1.26970234642428	1.32546579209662	1.32546579209662	1.32546579174402	-0.518071508563978
0.8375	137	54	1	1.27043293184705	1.27043293666929	1.3263378780543	1.3263378780543	1.3263378778271	-0.516741895875761
0.837	137	54	1	1.27115694460621	1.27115694947504	1.32720262881297	1.32720262881297	1.32720262871232	-0.515413298379139
0.8365	137	54	1	1.27187440153362	1.27187440644929	1.32806006142979	1.32806006142979	1.32806006145683	-0.514085716335611
0.836	137	54	1	1.27258532405205	1.27258532901485	1.32891019277128	1.32891019277128	1.32891019292717	-0.512759150003608
0.8355	137	54	1	1.27328973340085	1.27328973841105	1.32975303951478	1.32975303951478	1.32975303980063	-0.511433599638462
0.835	137	54	1	1.27398765063735	1.27398765569523	1.3305886181496	1.3305886181496	1.33058861856657	-0.510109065492365
0.8345	137	54	1	1.27467909663834	1.27467910174418	1.33141694497841	1.33141694497841	1.33141694552766	-0.508785547814341
0.834	137	54	1	1.27536409210145	1.27536409725552	1.3322380361185	1.3322380361185	1.33223803680117	-0.507463046850204
0.8335	137	54	1	1.27604265754658	1.27604266274915	1.33305190750294	1.33305190750294	1.33305190832015	-0.506141562842525
0.833	137	54	1	1.27671481331725	1.27671481856861	1.33385857488179	1.33385857488179	1.33385857583471	-0.504821096030594
0.8325	137	54	1	1.27738057958197	1.27738058488239	1.33465805382335	1.33465805382335	1.33465805491312	-0.503501646650386
0.832	137	54	1	1.27803997633554	1.27803998168531	1.33545035971526	1.33545035971526	1.33545036094302	-0.502183214934518
0.8315	137	54	1	1.2786930234004	1.27869302879978	1.33623550776565	1.33623550776565	1.33623550913255	-0.500865801112218
0.831	137	54	1	1.27933974042783	1.27933974587712	1.33701351300423	1.33701351300423	1.33701351451142	-0.499549405409276
0.8305	137	54	1	1.27998014689931	1.27998015239879	1.33778439028344	1.33778439028344	1.33778439193205	-0.498234028048017
0.83	137	54	1	1.28061426212769	1.28061426767766	1.33854815427942	1.33854815427942	1.33854815607061	-0.496919669247251
0.8295	137	54	1	1.28124210525845	1.28124211085917	1.33930481949316	1.33930481949316	1.33930482142807	-0.49560632922224
0.829	137	54	1	1.28186369527084	1.28186370092263	1.34005440025142	1.34005440025142	1.3400544023312	-0.494294008184653
0.8285	137	54	1	1.28247905097915	1.28247905668227	1.34079691070781	1.34079691070781	1.3407969129336	-0.492982706342527
0.828	137	54	1	1.28308819103376	1.2830881967885	1.34153236484371	1.34153236484371	1.34153236721666	-0.491672423900221
0.8275	137	54	1	1.28369113392233	1.283691139729	1.34226077646929	1.34226077646929	1.34226077899053	-0.490363161058381
0.827	137	54	1	1.28428789797095	1.28428790382983	1.34298215922432	1.34298215922432	1.34298216189503	-0.48905491801389
0.8265	137	54	1	1.28487850134517	1.28487850725655	1.3436965265793	1.3436965265793	1.34369652940058	-0.487747694959827
0.826	137	54	1	1.28546296205109	1.28546296801527	1.34440389183607	1.34440389183607	1.34440389480911	-0.486441492085424
0.8255	137	54	1	1.28604129793647	1.28604130395373	1.34510426812895	1.34510426812895	1.34510427125489	-0.485136309576018
0.825	137	54	1	1.28661352669169	1.28661353276233	1.34579766842544	1.34579766842544	1.34579767170541	-0.48383214761301
0.8245	137	54	1	1.28717966585082	1.28717967197515	1.34648410552707	1.34648410552707	1.34648410896222	-0.482529006373815
0.824	137	54	1	1.28773973279262	1.28773973897094	1.34716359207023	1.34716359207023	1.34716359566171	-0.481226886031817
0.8235	137	54	1	1.28829374474152	1.28829375097411	1.34783614052698	1.34783614052698	1.34783614427593	-0.47992578675632
0.823	137	54	1	1.28884171876855	1.28884172505572	1.34850176320578	1.34850176320578	1.34850176711334	-0.478625708712504
0.8225	137	54	1	1.28938367179231	1.28938367813436	1.34916047225225	1.34916047225225	1.34916047631959	-0.477326652061373
0.822	137	54	1	1.28991962057991	1.28991962697714	1.34981227964997	1.34981227964997	1.34981228387821	-0.476028616959704
0.8215	137	54	1	1.29044958174787	1.29044958820059	1.35045719722105	1.35045719722105	1.35045720161136	-0.474731603560002
0.821	137	54	1	1.290973571763	1.29097357827151	1.351095236627	1.351095236627	1.35109524118051	-0.473435612010445
0.8205	137	54	1	1.29149160694327	1.29149161350789	1.35172640936923	1.35172640936923	1.3517264140871	-0.472140642454835
0.82	137	54	1	1.29200370345874	1.29200371007975	1.35235072678986	1.35235072678986	1.35235073167322	-0.470846695032543
0.8195	137	54	1	1.29250987733227	1.29250988400999	1.35296820007223	1.35296820007223	1.35296820512224	-0.469553769878461
0.819	137	54	1	1.29301014444045	1.2930101511752	1.3535788402416	1.3535788402416	1.35357884545941	-0.468261867122943
0.8185	137	54	1	1.29350452051436	1.29350452730645	1.35418265816572	1.35418265816572	1.35418266355247	-0.466970986891753
0.818	137	54	1	1.2939930211404	1.29399302799014	1.35477966455542	1.35477966455542	1.35477967011224	-0.465681129306009
0.8175	137	54	1	1.294475661761	1.2944756686687	1.35536986996512	1.35536986996512	1.35536987569318	-0.46439229448213
0.817	137	54	1	1.29495245767544	1.29495246464141	1.35595328479348	1.35595328479348	1.35595329069391	-0.463104482531774
0.8165	137	54	1	1.29542342404053	1.29542343106509	1.3565299192838	1.3565299192838	1.35652992535776	-0.461817693561783
0.816	137	54	1	1.29588857587138	1.29588858295486	1.35709978352464	1.35709978352464	1.35709978977326	-0.460531927674127
0.8155	137	54	1	1.29634792804214	1.29634793518483	1.35766288745021	1.35766288745021	1.35766289387466	-0.459247184965841
0.815	137	54	1	1.29680149528653	1.29680150248879	1.35821924084094	1.35821924084094	1.35821924744234	-0.457963465528965
0.8145	137	54	1	1.2972492921988	1.2972492994609	1.35876885332384	1.35876885332384	1.35876886010335	-0.456680769450485
0.814	137	54	1	1.29769133323407	1.29769134055636	1.35931173437297	1.35931173437297	1.35931174133174	-0.455399096812272
0.8135	137	54	1	1.29812763270921	1.29812764009201	1.35984789330991	1.35984789330991	1.35984790044908	-0.454118447691013
0.813	137	54	1	1.29855820480337	1.29855821224701	1.36037733930408	1.36037733930408	1.36037734662479	-0.452838822158154
0.8125	137	54	1	1.29898306355862	1.29898307106342	1.36090008137312	1.36090008137312	1.36090008887654	-0.451560220279834
0.812	137	54	1	1.29940222288053	1.29940223044683	1.36141612838337	1.36141612838337	1.36141613607061	-0.450282642116816
0.8115	137	54	1	1.29981569653878	1.29981570416689	1.36192548905003	1.36192548905003	1.36192549692227	-0.449006087724423
0.811	137	54	1	1.3002234981677	1.30022350585796	1.36242817193768	1.36242817193768	1.36242817999605	-0.44773055715247
0.8105	137	54	1	1.30062564126685	1.30062564901959	1.36292418546045	1.36292418546045	1.3629241937061	-0.446456050445195
0.81	137	54	1	1.30102213920153	1.30102214701708	1.36341353788239	1.36341353788239	1.36341354631645	-0.445182567641192
0.8095	137	54	1	1.30141300520331	1.30141301308202	1.36389623731769	1.36389623731769	1.36389624594132	-0.443910108773334
0.809	137	54	1	1.3017982523706	1.30179826031279	1.36437229173099	1.36437229173099	1.36437230054533	-0.442638673868708
0.8085	137	54	1	1.30217789366904	1.30217790167504	1.36484170893759	1.36484170893759	1.36484171794378	-0.441368262948537
0.808	137	54	1	1.30255194193203	1.30255195000219	1.36530449660368	1.36530449660368	1.36530450580287	-0.440098876028113
0.8075	137	54	1	1.30292040986122	1.30292041799588	1.36576066224654	1.36576066224654	1.36576067163989	-0.438830513116711
0.807	137	54	1	1.30328331002691	1.30328331822641	1.36621021323476	1.36621021323476	1.3662102228234	-0.437563174217526
0.8065	137	54	1	1.30364065486853	1.3036406631332	1.36665315678835	1.36665315678835	1.36665316657342	-0.436296859327584
0.806	137	54	1	1.30399245669501	1.3039924650252	1.36708949997894	1.36708949997894	1.36708950996159	-0.435031568437671
0.8055	137	54	1	1.30433872768521	1.30433873608128	1.3675192497299	1.3675192497299	1.36751925991128	-0.433767301532249
0.805	137	54	1	1.30467947988836	1.30467948835063	1.36794241281646	1.36794241281646	1.3679424231977	-0.432504058589379
0.8045	137	54	1	1.30501472522434	1.30501473375318	1.3683589958658	1.3683589958658	1.36835900644806	-0.431241839580635
0.804	137	54	1	1.3053444754841	1.30534448407986	1.36876900535715	1.36876900535715	1.36876901614156	-0.429980644471023
0.8035	137	54	1	1.30566874233004	1.30566875099306	1.36917244762182	1.36917244762182	1.36917245860955	-0.428720473218895
0.803	137	54	1	1.30598753729625	1.30598754602688	1.36956932884332	1.36956932884332	1.36956934003549	-0.427461325775866
0.8025	137	54	1	1.30630087178891	1.30630088058751	1.36995965505728	1.36995965505728	1.36995966645504	-0.42620320208672
0.802	137	54	1	1.30660875708656	1.30660876595348	1.37034343215158	1.37034343215158	1.37034344375606	-0.424946102089329
0.8015	137	54	1	1.30691120434038	1.306911213276	1.3707206658662	1.3707206658662	1.37072067767856	-0.423690025714556
0.801	137	54	1	1.30720822457454	1.30720823357917	1.37109136179337	1.37109136179337	1.37109137381474	-0.422434972886172
0.8005	137	54	1	1.30749982868629	1.30749983776034	1.37145552537735	1.37145552537735	1.37145553760889	-0.421180943520752
0.8	137	54	1	1.30778602744644	1.30778603659024	1.37181316191452	1.37181316191452	1.37181317435736	-0.41992793752759
0.7995	137	54	1	1.30806683149937	1.30806684071331	1.3721642765532	1.3721642765532	1.37216428920848	-0.418675954808599
0.799	137	54	1	1.30834225136344	1.30834226064786	1.37250887429358	1.37250887429358	1.37250888716245	-0.417424995258214
0.7985	137	54	1	1.30861229743103	1.3086123067863	1.37284695998762	1.37284695998762	1.37284697307121	-0.416175058763292
0.798	137	54	1	1.30887697996882	1.30887698939532	1.37317853833888	1.37317853833888	1.37317855163836	-0.414926145203014
0.7975	137	54	1	1.30913630911796	1.30913631861604	1.37350361390244	1.37350361390244	1.37350362741892	-0.41367825444878
0.797	137	54	1	1.3093902948942	1.30939030446424	1.37382219108463	1.37382219108463	1.37382220481926	-0.412431386364107
0.7965	137	54	1	1.30963894718806	1.30963895683042	1.37413427414289	1.37413427414289	1.37413428809681	-0.411185540804525
0.796	137	54	1	1.3098822757649	1.30988228547998	1.37443986718557	1.37443986718557	1.37443988135993	-0.409940717617464
0.7955	137	54	1	1.31012029026516	1.31012030005332	1.37473897417167	1.37473897417167	1.37473898856762	-0.408696916642152
0.795	137	54	1	1.31035300020434	1.31035301006597	1.37503159891065	1.37503159891065	1.37503161352931	-0.4074541377095
0.7945	137	54	1	1.31058041497316	1.31058042490862	1.37531774506207	1.37531774506207	1.37531775990457	-0.406212380641991
0.794	137	54	1	1.31080254383756	1.31080255384724	1.37559741613535	1.37559741613535	1.37559743120284	-0.404971645253566
0.7935	137	54	1	1.31101939593884	1.31101940602312	1.3758706154895	1.3758706154895	1.37587063078312	-0.403731931349505
0.793	137	54	1	1.31123098029365	1.3112309904529	1.37613734633273	1.37613734633273	1.37613736185363	-0.402493238726313
0.7925	137	54	1	1.311437305794	1.31143731602862	1.37639761172214	1.37639761172214	1.37639762747146	-0.401255567171597
0.792	137	54	1	1.31163838120735	1.31163839151771	1.37665141456337	1.37665141456337	1.37665143054222	-0.400018916463947
0.7915	137	54	1	1.3118342151765	1.31183422556301	1.37689875761012	1.37689875761012	1.37689877381965	-0.398783286372806
0.791	137	54	1	1.31202481621965	1.3120248266827	1.37713964346385	1.37713964346385	1.37713965990521	-0.39754867665835
0.7905	137	54	1	1.31221019273039	1.31221020327035	1.37737407457331	1.37737407457331	1.37737409124764	-0.396315087071358
0.79	137	54	1	1.3123903529775	1.31239036359477	1.37760205323409	1.37760205323409	1.37760207014251	-0.39508251735308
0.7895	137	54	1	1.31256530510504	1.31256531580004	1.37782358158812	1.37782358158812	1.37782359873177	-0.393850967235104
0.789	137	54	1	1.31273505713223	1.31273506790534	1.37803866162322	1.37803866162322	1.37803867900324	-0.392620436439225
0.7885	137	54	1	1.31289961695332	1.31289962780493	1.37824729517257	1.37824729517257	1.37824731279009	-0.391390924677304
0.788	137	54	1	1.31305899233747	1.31305900326799	1.37844948391416	1.37844948391416	1.37844950177033	-0.390162431651131
0.7875	137	54	1	1.31321319092866	1.31321320193849	1.37864522937028	1.37864522937028	1.37864524746622	-0.38893495705228
0.787	137	54	1	1.31336222024555	1.31336223133508	1.37883453290686	1.37883453290686	1.37883455124372	-0.387708500561969
0.7865	137	54	1	1.31350608768123	1.31350609885089	1.37901739573296	1.37901739573296	1.37901741431185	-0.38648306185091
0.786	137	54	1	1.31364480050319	1.31364481175337	1.37919381890004	1.37919381890004	1.37919383772211	-0.385258640579161
0.7855	137	54	1	1.31377836585298	1.3137783771841	1.37936380330141	1.37936380330141	1.37936382236779	-0.384035236395974
0.785	137	54	1	1.31390679074609	1.31390680215856	1.37952734967148	1.37952734967148	1.37952736898331	-0.382812848939643
0.7845	137	54	1	1.31403008207168	1.31403009356591	1.37968445858514	1.37968445858514	1.37968447814355	-0.38159147783734
0.784	137	54	1	1.31414824659236	1.31414825816876	1.37983513045696	1.37983513045696	1.37983515026307	-0.380371122704963
0.7835	137	54	1	1.3142612909439	1.31426130260288	1.3799793655405	1.3799793655405	1.37997938559545	-0.379151783146969
0.783	137	54	1	1.31436922163495	1.31436923337694	1.38011716392751	1.38011716392751	1.38011718423242	-0.377933458756209
0.7825	137	54	1	1.31447204504676	1.31447205687219	1.38024852554715	1.38024852554715	1.38024854610317	-0.376716149113762
0.782	137	54	1	1.31456976743289	1.31456977934217	1.38037345016518	1.38037345016518	1.38037347097343	-0.375499853788758
0.7815	137	54	1	1.31466239491881	1.31466240691237	1.38049193738311	1.38049193738311	1.38049195844471	-0.374284572338212
0.781	137	54	1	1.31474993350159	1.31474994557984	1.38060398663729	1.38060398663729	1.38060400795338	-0.373070304306836
0.7805	137	54	1	1.31483238904951	1.3148324012129	1.38070959719807	1.38070959719807	1.38070961876977	-0.37185704922687
0.78	137	54	1	1.31490976730171	1.31490977955065	1.38080876816882	1.38080876816882	1.38080878999728	-0.370644806617886
0.7795	137	54	1	1.31498207386771	1.31498208620264	1.38090149848508	1.38090149848508	1.3809015205714	-0.369433575986613
0.779	137	54	1	1.31504931422706	1.31504932664842	1.3809877869134	1.3809877869134	1.38098780925872	-0.368223356826734
0.7785	137	54	1	1.31511149372887	1.31511150623707	1.38106763205052	1.38106763205052	1.38106765465597	-0.367014148618702
0.778	137	54	1	1.31516861759127	1.31516863018677	1.38114103232224	1.38114103232224	1.38114105518893	-0.365805950829538
0.7775	137	54	1	1.31522069090103	1.31522070358427	1.38120798598232	1.38120798598232	1.38120800911139	-0.364598762912629
0.777	137	54	1	1.31526771861301	1.31526773138444	1.38126849111151	1.38126849111151	1.38126851450408	-0.363392584307527
0.7765	137	54	1	1.31530970554963	1.31530971840968	1.38132254561628	1.38132254561628	1.38132256927348	-0.362187414439733
0.776	137	54	1	1.31534665640031	1.31534666934942	1.3813701472278	1.3813701472278	1.38137017115073	-0.360983252720494
0.7755	137	54	1	1.31537857572092	1.31537858875955	1.38141129350064	1.38141129350064	1.38141131769043	-0.359780098546581
0.775	137	54	1	1.31540546793319	1.31540548106177	1.38144598181159	1.38144598181159	1.38144600626939	-0.358577951300068
0.7745	137	54	1	1.31542733732408	1.31542735054307	1.38147420935849	1.38147420935849	1.3814742340854	-0.35737681034811
0.774	137	54	1	1.31544418804515	1.31544420135502	1.38149597315885	1.38149597315885	1.38149599815599	-0.356176675042714
0.7735	137	54	1	1.31545602411196	1.31545603751316	1.38151127004856	1.38151127004856	1.38151129531703	-0.354977544720505
0.773	137	54	1	1.3154628494033	1.31546286289627	1.38152009668052	1.38152009668052	1.38152012222148	-0.353779418702488
0.7725	137	54	1	1.31546466766054	1.31546468124575	1.38152244952338	1.38152244952338	1.38152247533792	-0.352582296293808
0.772	137	54	1	1.31546148248689	1.31546149616481	1.38151832485996	1.38151832485996	1.38151835094919	-0.351386176783504
0.7715	137	54	1	1.31545329734669	1.31545331111777	1.38150771878586	1.38150771878586	1.38150774515093	-0.350191059444255
0.771	137	54	1	1.31544011556456	1.31544012942928	1.38149062720807	1.38149062720807	1.38149065385007	-0.348996943532126
0.7705	137	54	1	1.31542194032468	1.3154219542835	1.38146704584327	1.38146704584327	1.38146707276331	-0.347803828286308
0.77	137	54	1	1.31539877466991	1.3153987887233	1.38143697021638	1.38143697021638	1.3814369974156	-0.346611712928851
0.7695	137	54	1	1.315370621501	1.31537063564943	1.38140039565898	1.38140039565898	1.38140042313846	-0.345420596664392
0.769	137	54	1	1.31533748357562	1.31533749781958	1.38135731730756	1.38135731730756	1.38135734506843	-0.344230478679883
0.7685	137	54	1	1.3152993635076	1.31529937784754	1.38130773010196	1.38130773010196	1.38130775814533	-0.343041358144302
0.768	137	54	1	1.31525626376584	1.31525627820227	1.38125162878355	1.38125162878355	1.38125165711055	-0.341853234208375
0.7675	137	54	1	1.31520818667354	1.31520820120692	1.38118900789361	1.38118900789361	1.38118903650532	-0.340666106004275
0.767	137	54	1	1.315155134407	1.31515514903783	1.38111986177133	1.38111986177133	1.38111989066887	-0.339479972645332
0.7665	137	54	1	1.31509710899484	1.31509712372359	1.38104418455214	1.38104418455214	1.38104421373662	-0.338294833225719
0.766	137	54	1	1.31503411231676	1.31503412714393	1.38096197016574	1.38096197016574	1.38096199963826	-0.33711068682015
0.7655	137	54	1	1.31496614610263	1.3149661610287	1.3808732123342	1.3808732123342	1.38087324209586	-0.335927532483559
0.765	137	54	1	1.31489321193126	1.31489322695673	1.3807779045699	1.3807779045699	1.38077793462184	-0.334745369250779
0.7645	137	54	1	1.31481531122939	1.31481532635475	1.38067604017369	1.38067604017369	1.38067607051697	-0.333564196136211
0.764	137	54	1	1.31473244527043	1.31473246049618	1.38056761223258	1.38056761223258	1.38056764286833	-0.33238401213349
0.7635	137	54	1	1.31464461517333	1.31464463049997	1.38045261361783	1.38045261361783	1.38045264454712	-0.331204816215141
0.763	137	54	1	1.31455182190134	1.31455183732938	1.3803310369826	1.3803310369826	1.38033106820657	-0.33002660733223
0.7625	137	54	1	1.31445406626075	1.31445408179068	1.38020287475992	1.38020287475992	1.38020290627966	-0.328849384414006
0.762	137	54	1	1.31435134889961	1.31435136453194	1.38006811916027	1.38006811916027	1.38006815097687	-0.327673146367539
0.7615	137	54	1	1.31424367030637	1.31424368604162	1.37992676216931	1.37992676216931	1.37992679428388	-0.326497892077345
0.761	137	54	1	1.31413103080858	1.31413104664725	1.37977879554553	1.37977879554553	1.37977882795915	-0.325323620405011
0.7605	137	54	1	1.31401343057144	1.31401344651406	1.37962421081777	1.37962421081777	1.37962424353153	-0.324150330188805
0.76	137	54	1	1.31389086959641	1.31389088564348	1.37946299928274	1.37946299928274	1.37946303229775	-0.322978020243281
0.7595	137	54	1	1.31376334771971	1.31376336387176	1.37929515200252	1.37929515200252	1.37929518531986	-0.321806689358878
0.759	137	54	1	1.31363086461084	1.31363088086838	1.37912065980192	1.37912065980192	1.37912069342269	-0.320636336301504
0.7585	137	54	1	1.31349341977099	1.31349343613455	1.37893951326582	1.37893951326582	1.3789395471911	-0.319466959812121
0.758	137	54	1	1.31335101253151	1.31335102900161	1.37875170273645	1.37875170273645	1.37875173696734	-0.31829855860631
0.7575	137	54	1	1.31320364205225	1.31320365862943	1.37855721831061	1.37855721831061	1.37855725284819	-0.317131131373835
0.757	137	54	1	1.31305130731991	1.3130513240047	1.37835604983682	1.37835604983682	1.37835608468218	-0.315964676778196
0.7565	137	54	1	1.31289400714633	1.31289402393924	1.37814818691239	1.37814818691239	1.37814822206661	-0.314799193456172
0.756	137	54	1	1.31273174016666	1.31273175706826	1.37793361888046	1.37793361888046	1.37793365434462	-0.31363468001735
0.7555	137	54	1	1.31256450483774	1.31256452184855	1.37771233482692	1.37771233482692	1.3777123706021	-0.312471135043652
0.755	137	54	1	1.31239229943607	1.31239231655664	1.3774843235773	1.3774843235773	1.37748435966459	-0.311308557088844
0.7545	137	54	1	1.31221512205603	1.3122151392869	1.37724957369363	1.37724957369363	1.3772496100941	-0.31014694467804
0.754	137	54	1	1.3120329706079	1.31203298794961	1.37700807347106	1.37700807347106	1.37700811018579	-0.308986296307194
0.7535	137	54	1	1.31184584281588	1.311845860269	1.37675981093464	1.37675981093464	1.3767598479647	-0.307826610442573
0.753	137	54	1	1.3116537362161	1.31165375378117	1.37650477383579	1.37650477383579	1.37650481118228	-0.306667885520234
0.7525	137	54	1	1.31145664815447	1.31145666583204	1.37624294964895	1.37624294964895	1.3762429873129	-0.305510119945474
0.752	137	54	1	1.31125457578458	1.31125459357519	1.37597432556779	1.37597432556779	1.3759743635503	-0.304353312092277
0.7515	137	54	1	1.31104751606546	1.3110475339697	1.37569888850177	1.37569888850177	1.3756989268039	-0.303197460302746
0.751	137	54	1	1.31083546575942	1.31083548377785	1.37541662507224	1.37541662507224	1.37541666369505	-0.302042562886521
0.7505	137	54	1	1.3106184214297	1.31061843956288	1.37512752160869	1.37512752160869	1.37512756055324	-0.300888618120186
0.75	137	54	1	1.3103963794381	1.31039639768659	1.37483156414476	1.37483156414476	1.37483160341212	-0.29973562424666
0.7495	137	54	1	1.31016933594256	1.31016935430694	1.37452873841427	1.37452873841427	1.37452877800552	-0.298583579474578
0.749	137	54	1	1.30993728689472	1.30993730537556	1.37421902984717	1.37421902984717	1.37421906976335	-0.297432481977655
0.7485	137	54	1	1.30970022803734	1.30970024663522	1.37390242356519	1.37390242356519	1.37390246380735	-0.296282329894033
0.748	137	54	1	1.30945815490172	1.30945817361722	1.37357890437765	1.37357890437765	1.37357894494686	-0.295133121325622
0.7475	137	54	1	1.30921106280505	1.30921108163873	1.37324845677704	1.37324845677704	1.37324849767435	-0.293984854337414
0.747	137	54	1	1.30895894684759	1.30895896580007	1.37291106493448	1.37291106493448	1.37291110616094	-0.292837526956789
0.7465	137	54	1	1.30870180191	1.30870182098185	1.37256671269513	1.37256671269513	1.37256675425179	-0.291691137172805
0.746	137	54	1	1.30843962265036	1.30843964184217	1.37221538357346	1.37221538357346	1.37221542546137	-0.290545682935461
0.7455	137	54	1	1.30817240350125	1.30817242281362	1.37185706074843	1.37185706074843	1.37185710296863	-0.289401162154962
0.745	137	54	1	1.30790013866678	1.30790015810029	1.37149172705851	1.37149172705851	1.37149176961203	-0.288257572700945
0.7445	137	54	1	1.30762282211942	1.30762284167468	1.37111936499661	1.37111936499661	1.3711194078845	-0.287114912401701
0.744	137	54	1	1.30734044759687	1.30734046727449	1.37073995670493	1.37073995670493	1.37073999992824	-0.285973179043374
0.7435	137	54	1	1.30705300859883	1.30705302839941	1.37035348396961	1.37035348396961	1.37035352752937	-0.284832370369139
0.743	137	54	1	1.30676049838364	1.30676051830777	1.36995992821531	1.36995992821531	1.36995997211254	-0.283692484078363
0.7425	137	54	1	1.30646290996481	1.30646293001311	1.36955927049958	1.36955927049958	1.36955931473532	-0.282553517825746
0.742	137	54	1	1.3061602361076	1.30616025628071	1.36915149150723	1.36915149150723	1.3691515360825	-0.281415469220434
0.7415	137	54	1	1.30585246932545	1.30585248962395	1.36873657154441	1.36873657154441	1.36873661646024	-0.280278335825125
0.741	137	54	1	1.30553960187612	1.30553962230066	1.36831449053264	1.36831449053264	1.36831453579007	-0.279142115155133
0.7405	137	54	1	1.30522162575813	1.30522164630931	1.36788522800272	1.36788522800272	1.36788527360274	-0.278006804677448
0.74	137	54	1	1.30489853270672	1.30489855338517	1.36744876308833	1.36744876308833	1.36744880903198	-0.276872401809758
0.7395	137	54	1	1.30457031418995	1.30457033499631	1.36700507451968	1.36700507451968	1.36700512080797	-0.275738903919459
0.739	137	54	1	1.30423696140463	1.30423698233952	1.36655414061687	1.36655414061687	1.3665541872508	-0.274606308322627
0.7385	137	54	1	1.30389846527211	1.30389848633617	1.36609593928311	1.36609593928311	1.36609598626368	-0.273474612282977
0.738	137	54	1	1.30355481643397	1.30355483762783	1.36563044799774	1.36563044799774	1.36563049532598	-0.272343813010782
0.7375	137	54	1	1.30320600524767	1.30320602657198	1.36515764380924	1.36515764380924	1.36515769148613	-0.271213907661782
0.737	137	54	1	1.30285202178197	1.30285204323738	1.36467750332776	1.36467750332776	1.36467755135433	-0.270084893336043
0.7365	137	54	1	1.3024928558124	1.30249287739955	1.36419000271782	1.36419000271782	1.36419005109504	-0.268956767076809
0.736	137	54	1	1.30212849681638	1.30212851853591	1.36369511769049	1.36369511769049	1.36369516641935	-0.267829525869305
0.7355	137	54	1	1.30175893396838	1.30175895582096	1.36319282349559	1.36319282349559	1.36319287257709	-0.266703166639523
0.735	137	54	1	1.30138415613498	1.30138417812127	1.36268309491363	1.36268309491363	1.36268314434876	-0.265577686252968
0.7345	137	54	1	1.30100415186964	1.30100417399029	1.36216590624753	1.36216590624753	1.36216595603727	-0.264453081513374
0.734	137	54	1	1.30061890940746	1.30061893166313	1.3616412313141	1.3616412313141	1.36164128145941	-0.263329349161384
0.7335	137	54	1	1.30022841665973	1.3002284390511	1.36110904343533	1.36110904343533	1.36110909393721	-0.262206485873202
0.733	137	54	1	1.29983266120843	1.29983268373616	1.36056931542951	1.36056931542951	1.36056936628891	-0.261084488259193
0.7325	137	54	1	1.29943163030044	1.2994316529652	1.36002201960196	1.36002201960196	1.36002207081987	-0.259963352862467
0.732	137	54	1	1.29902531084171	1.29902533364418	1.35946712773573	1.35946712773573	1.35946717931308	-0.258843076157404
0.7315	137	54	1	1.29861368939123	1.29861371233209	1.35890461108178	1.35890461108178	1.35890466301957	-0.257723654548154
0.731	137	54	1	1.29819675215483	1.29819677523476	1.35833444034925	1.35833444034925	1.3583344926484	-0.256605084367086
0.7305	137	54	1	1.2977744849788	1.29777450819851	1.35775658569508	1.35775658569508	1.35775663835656	-0.2554873618732
0.73	137	54	1	1.29734687334343	1.29734689670357	1.35717101671367	1.35717101671367	1.35717106973843	-0.254370483250497
0.7295	137	54	1	1.29691390235615	1.29691392585744	1.35657770242611	1.35657770242611	1.35657775581508	-0.253254444606292
0.729	137	54	1	1.2964755567448	1.29647558038792	1.35597661126909	1.35597661126909	1.35597666502322	-0.252139241969494
0.7285	137	54	1	1.29603182085035	1.29603184463602	1.35536771108362	1.35536771108362	1.35536776520384	-0.251024871288829
0.728	137	54	1	1.2955826786198	1.29558270254871	1.35475096910334	1.35475096910334	1.35475102359057	-0.249911328431017
0.7275	137	54	1	1.29512811359852	1.29512813767138	1.35412635194256	1.35412635194256	1.35412640679774	-0.248798609178892
0.727	137	54	1	1.2946681089226	1.29466813314012	1.35349382558395	1.35349382558395	1.353493880808	-0.247686709229473
0.7265	137	54	1	1.29420264731094	1.29420267167383	1.35285335536593	1.35285335536593	1.35285341095974	-0.246575624191979
0.726	137	54	1	1.29373171105707	1.29373173556605	1.35220490596952	1.35220490596952	1.35220496193402	-0.245465349585781
0.7255	137	54	1	1.29325528202074	1.29325530667651	1.35154844140518	1.35154844140518	1.35154849774126	-0.244355880838305
0.725	137	54	1	1.29277334161929	1.29277336642261	1.35088392499886	1.35088392499886	1.35088398170743	-0.24324721328286
0.7245	137	54	1	1.29228587081885	1.29228589577041	1.35021131937798	1.35021131937798	1.35021137645993	-0.242139342156412
0.724	137	54	1	1.29179285012503	1.29179287522559	1.34953058645684	1.34953058645684	1.34953064391305	-0.241032262597289
0.7235	137	54	1	1.29129425957369	1.29129428482398	1.34884168742159	1.34884168742159	1.34884174525295	-0.239925969642818
0.723	137	54	1	1.29079007872112	1.29079010412187	1.34814458271493	1.34814458271493	1.3481446409223	-0.238820458226887
0.7225	137	54	1	1.29028028663413	1.29028031218608	1.3474392320201	1.3474392320201	1.34743929060439	-0.237715723177439
0.722	137	54	1	1.28976486187974	1.28976488758363	1.34672559424477	1.34672559424477	1.3467256532068	-0.236611759213885
0.7215	137	54	1	1.28924378251461	1.2892438083712	1.34600362750398	1.34600362750398	1.34600368684462	-0.235508560944444
0.721	137	54	1	1.28871702607418	1.28871705208422	1.34527328910298	1.34527328910298	1.34527334882309	-0.234406122863393
0.7205	137	54	1	1.28818456956135	1.2881845957256	1.34453453551941	1.34453453551941	1.34453459561982	-0.233304439348235
0.72	137	54	1	1.28764638943501	1.28764641575422	1.34378732238481	1.34378732238481	1.34378738286638	-0.232203504656785
0.7195	137	54	1	1.28710246159802	1.28710248807294	1.34303160446586	1.34303160446586	1.34303166532941	-0.231103312924153
0.719	137	54	1	1.28655276138494	1.28655278801636	1.34226733564472	1.34226733564472	1.34226739689107	-0.230003858159637
0.7185	137	54	1	1.2859972635494	1.28599729033807	1.34149446889901	1.34149446889901	1.34149453052898	-0.228905134243526
0.718	137	54	1	1.28543594225092	1.28543596919763	1.34071295628107	1.34071295628107	1.34071301829547	-0.227807134923779
0.7175	137	54	1	1.28486877104156	1.28486879814707	1.33992274889661	1.33992274889661	1.33992281129623	-0.226709853812623
0.717	137	54	1	1.28429572285183	1.28429575011693	1.33912379688258	1.33912379688258	1.33912385966823	-0.225613284383016
0.7165	137	54	1	1.28371676997649	1.28371679740196	1.33831604938455	1.33831604938455	1.33831611255701	-0.224517419965017
0.716	137	54	1	1.28313188405964	1.28313191164628	1.33749945453317	1.33749945453317	1.33749951809321	-0.223422253742015
0.7155	137	54	1	1.28254103607946	1.28254106382804	1.33667395941998	1.33667395941998	1.33667402336837	-0.222327778746851
0.715	137	54	1	1.28194419633235	1.28194422424368	1.33583951007241	1.33583951007241	1.33583957440993	-0.221233987857801
0.7145	137	54	1	1.28134133441672	1.28134136249158	1.33499605142801	1.33499605142801	1.3349961161554	-0.220140873794425
0.714	137	54	1	1.28073241921603	1.28073244745524	1.33414352730777	1.33414352730777	1.33414359242578	-0.219048429113278
0.7135	137	54	1	1.28011741888147	1.28011744728582	1.33328188038861	1.33328188038861	1.33328194589796	-0.217956646203473
0.713	137	54	1	1.27949630081389	1.27949632938419	1.33241105217493	1.33241105217493	1.33241111807636	-0.216865517282094
0.7125	137	54	1	1.27886903164525	1.27886906038233	1.33153098296927	1.33153098296927	1.33153104926349	-0.215775034389449
0.712	137	54	1	1.2782355772194	1.27823560612407	1.33064161184189	1.33064161184189	1.33064167852959	-0.214685189384155
0.7115	137	54	1	1.27759590257215	1.27759593164522	1.32974287659939	1.32974287659939	1.32974294368127	-0.213595973938057
0.711	137	54	1	1.27694997191074	1.27695000115304	1.32883471375222	1.32883471375222	1.32883478122897	-0.212507379530962
0.7105	137	54	1	1.27629774859254	1.2762977780049	1.32791705848115	1.32791705848115	1.32791712635345	-0.211419397445188
0.71	137	54	1	1.27563919510305	1.27563922468629	1.32698984460245	1.32698984460245	1.32698991287096	-0.21033201875992
0.7095	137	54	1	1.27497427303308	1.27497430278802	1.32605300453198	1.32605300453198	1.32605307319735	-0.209245234345356
0.709	137	54	1	1.27430294305513	1.27430297298263	1.32510646924793	1.32510646924793	1.3251065383108	-0.208159034856644
0.7085	137	54	1	1.27362516489904	1.27362519499993	1.32415016825226	1.32415016825226	1.32415023771326	-0.207073410727602
0.708	137	54	1	1.27294089732652	1.27294092760165	1.32318402953083	1.32318402953083	1.32318409939057	-0.20598835216419
0.7075	137	54	1	1.27225009810504	1.27225012855526	1.32220797951199	1.32220797951199	1.32220804977108	-0.204903849137762
0.707	137	54	1	1.27155272398057	1.27155275460672	1.32122194302376	1.32122194302376	1.32122201368278	-0.203819891378039
0.7065	137	54	1	1.27084873064937	1.27084876145232	1.32022584324933	1.32022584324933	1.32022591430888	-0.202736468365843
0.706	137	54	1	1.27013807272881	1.2701381037094	1.31921960168111	1.31921960168111	1.31921967314173	-0.201653569325528
0.7055	137	54	1	1.26942070372695	1.26942073488603	1.31820313807282	1.31820313807282	1.31820320993507	-0.200571183217142
0.705	137	54	1	1.26869657601106	1.26869660734953	1.31717637039002	1.31717637039002	1.31717644265444	-0.199489298728271
0.7045	137	54	1	1.26796564077508	1.26796567229378	1.31613921475862	1.31613921475862	1.31613928742573	-0.198407904265572
0.704	137	54	1	1.2672278480055	1.26722787970531	1.31509158541149	1.31509158541149	1.3150916584818	-0.197326987945968
0.7035	137	54	1	1.26648314644626	1.26648317832805	1.31403339463302	1.31403339463302	1.314033468107	-0.196246537587498
0.703	137	54	1	1.26573148356205	1.26573151562669	1.31296455270144	1.31296455270144	1.3129646265796	-0.195166540699798
0.7025	137	54	1	1.26497280550031	1.26497283774869	1.3118849678291	1.3118849678291	1.31188504211188	-0.194086984474196
0.702	137	54	1	1.26420705705164	1.26420708948464	1.31079454610013	1.31079454610013	1.31079462078797	-0.193007855773408
0.7015	137	54	1	1.26343418160871	1.26343421422722	1.30969319140579	1.30969319140579	1.30969326649913	-0.19192914112081
0.701	137	54	1	1.26265412112339	1.26265415392828	1.30858080537723	1.30858080537723	1.30858088087646	-0.190850826689259
0.7005	137	54	1	1.26186681606223	1.26186684905441	1.30745728731537	1.30745728731537	1.30745736322089	-0.189772898289457
0.7	137	54	1	1.26107220536014	1.2610722385405	1.30632253411814	1.30632253411814	1.30632261043031	-0.188695341357817
0.6995	137	54	1	1.26027022637203	1.26027025974146	1.30517644020452	1.30517644020452	1.3051765169237	-0.187618140943818
0.699	137	54	1	1.25946081482254	1.25946084838195	1.30401889743553	1.30401889743553	1.30401897456206	-0.18654128169681
0.6985	137	54	1	1.25864390475361	1.2586439385039	1.30284979503192	1.30284979503192	1.30284987256609	-0.185464747852257
0.698	137	54	1	1.25781942846982	1.25781946241189	1.3016690194882	1.3016690194882	1.30166909743032	-0.184388523217371
0.6975	137	54	1	1.25698731648132	1.25698735061607	1.30047645448326	1.30047645448326	1.30047653283358	-0.183312591156116
0.697	137	54	1	1.25614749744442	1.25614753177278	1.29927198078686	1.29927198078686	1.29927205954563	-0.182236934573543
0.6965	137	54	1	1.25529989809947	1.25529993262233	1.29805547616221	1.29805547616221	1.29805555532968	-0.181161535899422
0.696	137	54	1	1.254444443206	1.25444447792428	1.29682681526427	1.29682681526427	1.29682689484061	-0.180086377071125
0.6955	137	54	1	1.25358105547499	1.25358109038962	1.2955858695333	1.2955858695333	1.29558594951869	-0.179011439515741
0.695	137	54	1	1.25270965549812	1.25270969060999	1.29433250708393	1.29433250708393	1.29433258747853	-0.177936704131339
0.6945	137	54	1	1.25183016167366	1.25183019698371	1.29306659258899	1.29306659258899	1.29306667339293	-0.176862151267377
0.694	137	54	1	1.25094249012918	1.25094252563832	1.29178798715809	1.29178798715809	1.29178806837146	-0.175787760704177
0.6935	137	54	1	1.25004655464037	1.25004659034953	1.29049654821052	1.29049654821052	1.29049662983339	-0.174713511631419
0.693	137	54	1	1.24914226654633	1.24914230245643	1.28919212934228	1.28919212934228	1.28919221137468	-0.173639382625605
0.6925	137	54	1	1.24822953466066	1.24822957077261	1.28787458018671	1.28787458018671	1.28787466262867	-0.172565351626427
0.692	137	54	1	1.2473082651783	1.24730830149305	1.28654374626857	1.28654374626857	1.28654382912007	-0.171491395911966
0.6915	137	54	1	1.24637836157797	1.24637839809644	1.28519946885099	1.28519946885099	1.28519955211199	-0.170417492072662
0.691	137	54	1	1.2454397245197	1.24543976124279	1.28384158477497	1.28384158477497	1.28384166844538	-0.169343615983988
0.6905	137	54	1	1.24449225173726	1.24449228866592	1.2824699262909	1.2824699262909	1.2824700103706	-0.168269742777714
0.69	137	54	1	1.2435358379254	1.24353587506056	1.28108432088176	1.28108432088176	1.28108440537062	-0.167195846811722
0.6895	137	54	1	1.24257037462114	1.24257041196372	1.2796845910773	1.2796845910773	1.27968467597512	-0.166121901638234
0.689	137	54	1	1.2415957500791	1.24159578763002	1.27827055425876	1.27827055425876	1.27827063956533	-0.165047879970391
0.6885	137	54	1	1.24061184914034	1.24061188690055	1.2768420224535	1.2768420224535	1.27684210816856	-0.163973753647045
0.688	137	54	1	1.23961855309438	1.23961859106478	1.27539880211886	1.27539880211886	1.27539888824213	-0.16289949359567
0.6875	137	54	1	1.23861573953373	1.23861577771525	1.27394069391465	1.27394069391465	1.27394078044577	-0.161825069793263
0.687	137	54	1	1.23760328220082	1.23760332059438	1.27246749246336	1.27246749246336	1.27246757940196	-0.160750451225089
0.6865	137	54	1	1.23658105082648	1.23658108943301	1.27097898609744	1.27097898609744	1.27097907344311	-0.159675605841137
0.686	137	54	1	1.23554891095956	1.23554894977998	1.26947495659276	1.26947495659276	1.26947504434501	-0.158600500510139
0.6855	137	54	1	1.23450672378709	1.23450676282231	1.26795517888711	1.26795517888711	1.26795526704544	-0.157525100970954
0.685	137	54	1	1.23345434594426	1.23345438519519	1.26641942078306	1.26641942078306	1.2664195093469	-0.156449371781166
0.6845	137	54	1	1.23239162931358	1.23239166878113	1.26486744263374	1.26486744263374	1.26486753160247	-0.155373276262679
0.684	137	54	1	1.23131842081241	1.23131846049749	1.26329899701056	1.26329899701056	1.26329908638354	-0.1542967764441
0.6835	137	54	1	1.23023456216806	1.23023460207158	1.26171382835156	1.26171382835156	1.26171391812805	-0.153219832999669
0.683	137	54	1	1.22913988967953	1.22913992980236	1.26011167258882	1.26011167258882	1.26011176276806	-0.152142405184503
0.6825	137	54	1	1.22803423396485	1.2280342743079	1.25849225675359	1.25849225675359	1.25849234733475	-0.15106445076585
0.682	137	54	1	1.22691741969317	1.22691746025732	1.25685529855739	1.25685529855739	1.25685538953957	-0.149985925950076
0.6815	137	54	1	1.22578926530013	1.22578930608627	1.25520050594723	1.25520050594723	1.25520059732948	-0.148906785305049
0.681	137	54	1	1.22464958268549	1.22464962369449	1.25352757663309	1.25352757663309	1.25352766841439	-0.147826981677552
0.6805	137	54	1	1.2234981768915	1.22349821812422	1.25183619758537	1.25183619758537	1.25183628976463	-0.146746466105359
0.68	137	54	1	1.22233484576054	1.22233488721784	1.25012604450003	1.25012604450003	1.25012613707611	-0.145665187723524
0.6795	137	54	1	1.22115937957038	1.22115942125309	1.24839678122886	1.24839678122886	1.24839687420049	-0.144583093664428
0.679	137	54	1	1.21997156064519	1.21997160255416	1.24664805917187	1.24664805917187	1.24664815253777	-0.143500128951063
0.6785	137	54	1	1.21877116294043	1.21877120507648	1.24487951662904	1.24487951662904	1.24487961038783	-0.142416236382996
0.678	137	54	1	1.2175579515992	1.21755799396316	1.24309077810767	1.24309077810767	1.24309087225788	-0.141331356414394
0.6775	137	54	1	1.21633168247796	1.21633172507062	1.24128145358173	1.24128145358173	1.2412815481218	-0.140245427023415
0.677	137	54	1	1.21509210163858	1.21509214446074	1.23945113769904	1.23945113769904	1.23945123262733	-0.139158383572227
0.6765	137	54	1	1.21383894480427	1.21383898785669	1.23759940893195	1.23759940893195	1.23759950424671	-0.138070158656834
0.676	137	54	1	1.21257193677548	1.21257198005892	1.23572582866582	1.23572582866582	1.23572592436522	-0.136980681945732
0.6755	137	54	1	1.21129079080293	1.21129083431812	1.23382994022063	1.23382994022063	1.23383003630272	-0.13588988000646
0.675	137	54	1	1.20999520791323	1.2099952516609	1.23191126779871	1.23191126779871	1.23191136426146	-0.134797676118856
0.6745	137	54	1	1.20868487618296	1.20868492016381	1.22996931535229	1.22996931535229	1.22996941219351	-0.13370399007378
0.674	137	54	1	1.20735946995613	1.20735951417083	1.22800356536274	1.22800356536274	1.22800366258017	-0.132608737955904
0.6735	137	54	1	1.20601864899966	1.20601869344887	1.22601347752345	1.22601347752345	1.22601357511469	-0.131511831909013
0.673	137	54	1	1.2046620575907	1.20466210227503	1.22399848731647	1.22399848731647	1.22399858527898	-0.130413179882063
0.6725	137	54	1	1.20328932352892	1.20328936844898	1.22195800447233	1.22195800447233	1.22195810280344	-0.129312685354055
0.672	137	54	1	1.20190005706618	1.20190010222255	1.21989141130128	1.21989141130128	1.21989150999819	-0.128210247035524
0.6715	137	54	1	1.20049384974486	1.20049389513807	1.21779806088232	1.21779806088232	1.21779815994205	-0.12710575854419
0.671	137	54	1	1.19907027313519	1.19907031876573	1.215677275095	1.215677275095	1.21567737451445	-0.12599910805199
0.6705	137	54	1	1.19762887746061	1.19762892332895	1.21352834247703	1.21352834247703	1.21352844225291	-0.124890177900364
0.67	137	54	1	1.19616919009883	1.19616923620541	1.21135051588837	1.21135051588837	1.21135061601721	-0.123778844180246
0.6695	137	54	1	1.19469071394448	1.19469076028967	1.20914300995986	1.20914300995986	1.20914311043801	-0.122664976272743
0.669	137	54	1	1.19319292561742	1.19319297220156	1.20690499830192	1.20690499830192	1.20690509912555	-0.121548436345934
0.6685	137	54	1	1.19167527349856	1.19167532032193	1.20463561044477	1.20463561044477	1.20463571160981	-0.120429078802566
0.668	137	54	1	1.19013717557246	1.1901372226353	1.20233392847792	1.20233392847792	1.20233402998011	-0.119306749672708
0.6675	137	54	1	1.18857801705289	1.18857806435536	1.19999898335228	1.19999898335228	1.19999908518711	-0.11818128594451
0.667	137	54	1	1.186997147764	1.18699719530619	1.19762975080203	1.19762975080203	1.19762985296476	-0.117052514825243
0.6665	137	54	1	1.18539387924576	1.18539392702773	1.19522514683768	1.19522514683768	1.1952252493233	-0.115920252923545
0.666	137	54	1	1.18376748154727	1.18376752956898	1.19278402275363	1.19278402275363	1.19278412555685	-0.11478430534242
0.6655	137	54	1	1.18211717966558	1.18211722792691	1.1903051595847	1.1903051595847	1.19030526269993	-0.113644464670812
0.665	137	54	1	1.18044214958123	1.18044219808196	1.18778726193538	1.18778726193538	1.1877873653567	-0.112500509859636
0.6645	137	54	1	1.17874151383283	1.17874156257266	1.18522895109272	1.18522895109272	1.1852290548139	-0.111352204965675
0.664	137	54	1	1.17701433656384	1.17701438554237	1.18262875731842	1.18262875731842	1.18262886133287	-0.110199297743976
0.6635	137	54	1	1.17525961796207	1.17525966717876	1.17998511119711	1.17998511119711	1.17998521549783	-0.10904151806583
0.663	137	54	1	1.17347628799844	1.17347633745265	1.17729633389554	1.17729633389554	1.17729643847513	-0.107878576135318
0.6625	137	54	1	1.17166319935405	1.171663249045	1.1745606261602	1.1745606261602	1.17456073101079	-0.106710160472235
0.662	137	54	1	1.16981911940292	1.16981916932967	1.17177605584725	1.17177605584725	1.17177616096052	-0.105535935623037
0.6615	137	54	1	1.16794272109131	1.16794277125277	1.16894054373848	1.16894054373848	1.16894064910555	-0.104355539553715
0.661	137	54	1	1.16603257252256	1.16603262291746	1.16605184734524	1.16605184734524	1.16605195295671	-0.103168580669088
0.6605	137	54	1	1.1640871250149	1.16408717564177	1.16310754234065	1.16310754234065	1.16310764818648	-0.101974634391095
0.66	137	54	1	1.16210469934956	1.16210475020671	1.16010500118016	1.16010500118016	1.16010510724965	-0.100773239213922
0.6595	137	54	1	1.16008346986202	1.1600835209475	1.157041368372	1.157041368372	1.15704147465373	-0.0995638921350385
0.659	137	54	1	1.1580214459477	1.15802149725933	1.15391353173188	1.15391353173188	1.15391363821363	-0.0983460433374404
0.6585	137	54	1	1.15591645044918	1.15591650198445	1.1507180887944	1.1507180887944	1.15071819546308	-0.0971190899678613
0.658	137	54	1	1.15376609425642	1.15376614601252	1.147451307344	1.147451307344	1.14745141418556	-0.095882368816277
0.6575	137	54	1	1.15156774627622	1.15156779824995	1.14410907875518	1.14410907875518	1.14410918575451	-0.0946351476504975
0.657	137	54	1	1.14931849769415	1.1493185498819	1.1406868624714	1.1406868624714	1.14068696961223	-0.0933766148917941
0.6565	137	54	1	1.14701511914447	1.14701517154215	1.13717961947374	1.13717961947374	1.13717972673848	-0.0921058672270752
0.656	137	54	1	1.14465400898695	1.14465406158996	1.13358173194452	1.13358173194452	1.13358183931413	-0.0908218946313462
0.6555	137	54	1	1.14223113032341	1.14223118312652	1.12988690545273	1.12988690545273	1.12988701290651	-0.0895235621079984
0.655	137	54	1	1.1397419336031	1.1397419866004	1.12608804877263	1.12608804877263	1.12608815628805	-0.0882095872247458
0.6545	137	54	1	1.13718126056828	1.13718131375305	1.12217712474378	1.12217712474378	1.12217723229616	-0.0868785122006097
0.654	137	54	1	1.13454322372559	1.13454327709023	1.11814496315253	1.11814496315253	1.1181450707148	-0.0855286688395846
0.6535	137	54	1	1.13182105325844	1.13182110679421	1.11398102309339	1.11398102309339	1.11398113063568	-0.0841581339390913
0.653	137	54	1	1.12900689993405	1.12900695363098	1.10967308705636	1.10967308705636	1.10967319454557	-0.0827646718129229
0.6525	137	54	1	1.1260915774764	1.12609163132303	1.10520686110308	1.10520686110308	1.1052069685023	-0.0813456590722145
0.652	137	54	1	1.12306421999275	1.12306427397579	1.10056544327198	1.10056544327198	1.10056555053978	-0.0798979844867003
0.6515	137	54	1	1.11991181747549	1.11991187157949	1.09572860286686	1.09572860286686	1.0957287099564	-0.0784179130452748
0.651	137	54	1	1.11661857171927	1.11661862592607	1.09067178121795	1.09067178121795	1.09067188807577	-0.0769008972364692
0.6505	137	54	1	1.11316497969148	1.11316503397956	1.08536466977301	1.08536466977301	1.08536477633751	-0.0753413081530965
0.65	137	54	1	1.10952648852138	1.10952654286492	1.07976912390719	1.07976912390719	1.07976923010643	-0.0737320404617836
0.6495	137	54	1	1.10567144854194	1.1056715029095	1.07383598833529	1.07383598833529	1.07383609408402	-0.072063910494419
0.649	137	54	1	1.10155785670327	1.10155791105589	1.06750004711556	1.06750004711556	1.06750015231076	-0.0703246975041666
0.6485	137	54	1	1.09712788156384	1.09712793585203	1.06067153451894	1.06067153451894	1.06067163903309	-0.0684975298796314
0.648	137	54	1	1.09229798435974	1.0922980385186	1.05322081928818	1.05322081928818	1.05322092295825	-0.066557969760995
0.6475	137	54	1	1.08693933256732	1.08693938650795	1.04494804247266	1.04494804247266	1.04494814508075	-0.0644682257971827
0.647	137	54	1	1.0808334452272	1.0808334988194	1.03551436863342	1.03551436863342	1.03551446986826	-0.0621640312749645
0.6465	137	54	1	1.07354883304468	1.07354888607568	1.02425080411052	1.02425080411052	1.02425090347588	-0.0595181023941736
0.646	137	54	1	1.06393904109236	1.06393909312714	1.00938037274815	1.00938037274815	1.00938046925494	-0.05619124072169
0.64554	137	54	1	1.04458646318956	1.04458651225533	0.979409332961423	0.979409332961423	0.979409422313793	-0.0500168199602082
