0.64554	137	54	1	1.04458646318956	1.04458651225533	0.979409332961423	0.979409332961423	0.979409422313793	-0.0500168199602082
0.645565	137	54	0.55	1.03634751454919	1.03634754432243	0.966646452874868	0.966646452874868	0.966646506184883	-0.0475862563164101
0.6457	137	54	0.55	1.02893166125143	1.02893168831619	0.955160110070688	0.955160110070688	0.95516015829014	-0.0454929780443113
0.646	137	54	0.55	1.02009784534469	1.02009786899406	0.941482027291008	0.941482027291008	0.941482069271986	-0.0431110072437606
0.6465	137	54	0.55	1.01046277551769	1.01046279521158	0.926572478461123	0.926572478461123	0.926572513440076	-0.0406447478268057
0.647	137	54	0.55	1.00315167497769	1.00315169151335	0.915267955481243	0.915267955481243	0.915267985023092	-0.0388608065955928
0.6475	137	54	0.55	0.997017944512392	0.997017958296673	0.905791261917438	0.905791261917438	0.905791286823814	-0.037419943181123
0.648	137	54	0.55	0.991630055970654	0.9916300672634	0.897473347233161	0.897473347233161	0.897473368017537	-0.0361948631705158
0.6485	137	54	0.55	0.986769510236015	0.986769519222636	0.889975351211574	0.889975351211574	0.889975368241114	-0.0351212953854076
0.649	137	54	0.55	0.982307463259482	0.982307470081478	0.883097400418483	0.883097400418483	0.883097413973807	-0.0341614459803011
0.6495	137	54	0.55	0.978160367469141	0.978160372239522	0.876709853339294	0.876709853339294	0.876709863644739	-0.0332908754102448
0.65	137	54	0.55	0.974270383912136	0.974270386724194	0.870722936011145	0.870722936011145	0.870722943251983	-0.0324927107667365
0.6505	137	54	0.55	0.970595502713574	0.970595503646312	0.865071425335515	0.865071425335515	0.865071429668552	-0.0317547302129944
0.651	137	54	0.55	0.967104067772689	0.967104066894295	0.859706159489892	0.859706159489892	0.859706161050441	-0.0310677491107422
0.6515	137	54	0.55	0.9637715200204	0.963771517390704	0.854588987689746	0.854588987689746	0.854588986596367	-0.0304246612300991
0.652	137	54	0.55	0.960578350372952	0.960578346045145	0.849689595464109	0.849689595464109	0.849689591822037	-0.0298198368149715
0.6525	137	54	0.55	0.957508754668463	0.957508748690339	0.844983418383636	0.844983418383636	0.844983412287279	-0.0292487275370236
0.653	137	54	0.55	0.954549717004376	0.954549709419317	0.840450220100706	0.840450220100706	0.840450211635519	-0.0287075975906061
0.6535	137	54	0.55	0.951690365633244	0.951690356480915	0.836073093077164	0.836073093077164	0.836073082321116	-0.0281933349669264
0.654	137	54	0.55	0.948921508450166	0.948921497767115	0.831837737850749	0.831837737850749	0.831837724875442	-0.0277033155103931
0.6545	137	54	0.55	0.946235290409495	0.946235278229603	0.827731931424806	0.827731931424806	0.827731916296398	-0.0272353027769639
0.655	137	54	0.55	0.943624935890615	0.943624922245457	0.82374512743359	0.82374512743359	0.82374511021353	-0.0267873728130673
0.6555	137	54	0.55	0.941084551600101	0.941084536519251	0.819868150221781	0.819868150221781	0.819868130967401	-0.0263578566770718
0.656	137	54	0.55	0.938608973480209	0.9386089569915	0.816092957199971	0.816092957199971	0.816092935964998	-0.0259452958466568
0.6565	137	54	0.55	0.936193646177558	0.936193628307274	0.812412451721951	0.812412451721951	0.812412428556914	-0.0255484071516689
0.657	137	54	0.55	0.933834526986481	0.933834507759533	0.808820333941343	0.808820333941343	0.808820308893919	-0.025166054860496
0.6575	137	54	0.55	0.931528008452807	0.931527987892888	0.805310980627682	0.805310980627682	0.805310953743007	-0.0247972282155314
0.658	137	54	0.55	0.929270855389026	0.929270833518743	0.801879347349792	0.801879347349792	0.80187931867071	-0.0244410231730996
0.6585	137	54	0.55	0.927060153150156	0.927060129991129	0.798520888137921	0.798520888137921	0.798520857705199	-0.0240966274256267
0.659	137	54	0.55	0.924893264802698	0.924893240375668	0.795231488950952	0.795231488950952	0.795231456803494	-0.0237633080135891
0.6595	137	54	0.55	0.922767795386045	0.922767769710932	0.792007412154435	0.792007412154435	0.792007378329416	-0.023440401000956
0.66	137	54	0.55	0.920681561881182	0.920681534977184	0.788845249859805	0.788845249859805	0.788845214392843	-0.0231273028096344
0.6605	137	54	0.55	0.918632567810591	0.918632539696232	0.785741884454692	0.785741884454692	0.785741847379975	-0.0228234628988504
0.661	137	54	0.55	0.916618981624949	0.916618952318142	0.782694455013721	0.782694455013721	0.782694416364104	-0.0225283775432641
0.6615	137	54	0.55	0.914639118208531	0.914639087726624	0.779700328552673	0.779700328552673	0.779700288359807	-0.0222415845151279
0.662	137	54	0.55	0.912691422970115	0.912691391329951	0.776757075298491	0.776757075298491	0.776757033592886	-0.0219626585152532
0.6625	137	54	0.55	0.910774458090896	0.910774425308808	0.773862447309524	0.773862447309524	0.773862404120655	-0.0216912072280789
0.663	137	54	0.55	0.908886890581999	0.908886856673905	0.771014359907274	0.771014359907274	0.771014315263635	-0.0214268678999204
0.6635	137	54	0.55	0.907027481869093	0.907027446850496	0.768210875480196	0.768210875480196	0.768210829409365	-0.0211693043582114
0.664	137	54	0.55	0.905195078671601	0.905195042557614	0.76545018929919	0.76545018929919	0.765450141827923	-0.0209182044043515
0.6645	137	54	0.55	0.903388604985208	0.903388567790601	0.762730617047487	0.762730617047487	0.762730568201726	-0.0206732775246157
0.665	137	54	0.55	0.901607055008756	0.901607016747956	0.760050583817914	0.760050583817914	0.760050533622866	-0.0204342528730574
0.6655	137	54	0.55	0.899849486882882	0.899849447570014	0.75740861437195	0.75740861437195	0.75740856285212	-0.020200877488025
0.666	137	54	0.55	0.898115017129422	0.898114976778318	0.754803324487808	0.754803324487808	0.754803271667046	-0.0199729147101296
0.6665	137	54	0.55	0.896402815697947	0.896402774322174	0.752233413252341	0.752233413252341	0.752233359153882	-0.0197501427746143
0.667	137	54	0.55	0.894712101540343	0.894712059153202	0.74969765617378	0.74969765617378	0.749697600820264	-0.0195323535552463
0.6675	137	54	0.55	0.893042138646112	0.893042095260674	0.747194899010799	0.747194899010799	0.747194842424322	-0.0193193514403225
0.668	137	54	0.55	0.891392232481191	0.891392188110303	0.744724052228956	0.744724052228956	0.74472399443109	-0.0191109523242409
0.6685	137	54	0.55	0.889761726781083	0.889761681437385	0.74228408600809	0.74228408600809	0.742284027019915	-0.018906982700483
0.669	137	54	0.55	0.888150000656195	0.888149954352112	0.739874025735225	0.739874025735225	0.739873965577338	-0.0187072788438534
0.6695	137	54	0.55	0.886556465972905	0.886556418720686	0.737492947926366	0.737492947926366	0.737492886618925	-0.0185116860715063
0.67	137	54	0.55	0.884980564979062	0.884980516790767	0.735139976528391	0.735139976528391	0.735139914091134	-0.0183200580737018
0.6705	137	54	0.55	0.883421768146411	0.883421719033948	0.732814279558523	0.732814279558523	0.732814216010772	-0.0181322563064484
0.671	137	54	0.55	0.881879572206384	0.881879522181485	0.730515066044398	0.730515066044398	0.730515001405099	-0.0179481494391956
0.6715	137	54	0.55	0.880353498358268	0.880353447432516	0.728241583232603	0.728241583232603	0.728241517520321	-0.0177676128516238
0.672	137	54	0.55	0.878843090631785	0.878843038816629	0.725993114037231	0.725993114037231	0.725993047270193	-0.0175905281743187
0.6725	137	54	0.55	0.877347914388037	0.877347861694788	0.723768974703895	0.723768974703895	0.723768906899985	-0.0174167828687583
0.673	137	54	0.55	0.87586755494479	0.875867501384623	0.721568512667158	0.721568512667158	0.721568443843944	-0.0172462698425932
0.6735	137	54	0.55	0.874401616313693	0.874401561897667	0.719391104582286	0.719391104582286	0.719391034757015	-0.0170788870966742
0.674	137	54	0.55	0.872949720038553	0.872949664777594	0.717236154514141	0.717236154514141	0.71723608370377	-0.0169145374006977
0.6745	137	54	0.55	0.871511504124827	0.871511448029777	0.715103092268283	0.715103092268283	0.71510302048949	-0.0167531279946925
0.675	137	54	0.55	0.870086622051925	0.870086565133507	0.712991371850748	0.712991371850748	0.712991299119933	-0.0165945703138895
0.6755	137	54	0.55	0.868674741860386	0.868674684129212	0.710900470044581	0.710900470044581	0.710900396377889	-0.0164387797347772
0.676	137	54	0.55	0.867275545307239	0.867275486773828	0.708829885092531	0.708829885092531	0.708829810505847	-0.0162856753403972
0.6765	137	54	0.55	0.865888727083414	0.865888667758211	0.706779135476296	0.706779135476296	0.706779059985265	-0.0161351797031324
0.677	137	54	0.55	0.864513994087744	0.864513933981077	0.704747758783867	0.704747758783867	0.704747682403906	-0.0159872186834285
0.6775	137	54	0.55	0.863151064752453	0.863151003874592	0.702735310657294	0.702735310657294	0.702735233403588	-0.0158417212430482
0.678	137	54	0.55	0.861799668416033	0.861799606777159	0.700741363813958	0.700741363813958	0.700741285701481	-0.0156986192716039
0.6785	137	54	0.55	0.86045954473924	0.860459482349446	0.698765507135229	0.698765507135229	0.698765428178744	-0.0155578474252374
0.679	137	54	0.55	0.859130443160718	0.859130380030048	0.696807344816864	0.696807344816864	0.696807265030927	-0.0154193429764266
0.6795	137	54	0.55	0.857812122389155	0.857812058527558	0.694866495576115	0.694866495576115	0.694866414975093	-0.0152830456740036
0.68	137	54	0.55	0.856504349928709	0.856504285346085	0.692942591911001	0.692942591911001	0.692942510509068	-0.0151488976125469
0.6805	137	54	0.55	0.855206901635438	0.855206836341613	0.691035279407586	0.691035279407586	0.691035197218744	-0.0150168431104025
0.681	137	54	0.55	0.853919561301996	0.853919495306727	0.689144216091543	0.689144216091543	0.689144133129604	-0.0148868285956441
0.6815	137	54	0.55	0.852642120268555	0.852642053581562	0.687269071820491	0.687269071820491	0.687268988099109	-0.0147588024993577
0.682	137	54	0.55	0.85137437705802	0.851374309688949	0.685409527714168	0.685409527714168	0.685409443246824	-0.0146327151556848
0.6825	137	54	0.55	0.850116137033534	0.850116068991982	0.68356527561945	0.68356527561945	0.683565190419469	-0.0145085187081123
0.683	137	54	0.55	0.848867212076773	0.848867143372278	0.681736017607727	0.681736017607727	0.681735931688267	-0.0143861670215399
0.6835	137	54	0.55	0.847627420285431	0.847627350927502	0.679921465502209	0.679921465502209	0.679921378876301	-0.014265615599698
0.684	137	54	0.55	0.846396585688614	0.846396515686691	0.678121340433143	0.678121340433143	0.67812125311365	-0.0141468215075286
0.6845	137	54	0.55	0.845174537978682	0.845174467342165	0.676335372418727	0.676335372418727	0.676335284418379	-0.0140297432981655
0.685	137	54	0.55	0.843961112258611	0.843961040996828	0.674563299970173	0.674563299970173	0.674563211301549	-0.0139143409441942
0.6855	137	54	0.55	0.842756148803493	0.842756076925797	0.672804869718977	0.672804869718977	0.672804780394549	-0.0138005757728872
0.686	137	54	0.55	0.841559492835751	0.841559420351409	0.671059836065228	0.671059836065228	0.671059746097335	-0.0136884104051351
0.6865	137	54	0.55	0.840370994312371	0.840370921230639	0.669327960845156	0.669327960845156	0.669327870245999	-0.0135778086978294
0.687	137	54	0.55	0.839190507724139	0.839190434054172	0.667609013016924	0.667609013016924	0.667608921798551	-0.013468735689454
0.6875	137	54	0.55	0.83801789190529	0.838017817656266	0.665902768363104	0.665902768363104	0.665902676537504	-0.0133611575486797
0.688	137	54	0.55	0.836853009853771	0.836852935034831	0.664209009209424	0.664209009209424	0.664208916788439	-0.0132550415257526
0.6885	137	54	0.55	0.835695728560713	0.835695653180936	0.66252752415791	0.66252752415791	0.662527431153265	-0.0131503559065047
0.689	137	54	0.55	0.834545918848738	0.834545842917222	0.66085810783405	0.66085810783405	0.660858014257383	-0.0130470699688099
0.6895	137	54	0.55	0.83340345521892	0.83340337874465	0.659200560647068	0.659200560647068	0.659200466509861	-0.012945153941331
0.69	137	54	0.55	0.832268215705004	0.832268138697005	0.657554688562041	0.657554688562041	0.65755459387572	-0.0128445789644179
0.6905	137	54	0.55	0.831140081735539	0.831140004202787	0.655920302883891	0.655920302883891	0.655920207659759	-0.0127453170530119
0.691	137	54	0.55	0.830018938002505	0.830018859953945	0.654297220051776	0.654297220051776	0.654297124301044	-0.0126473410614448
0.6915	137	54	0.55	0.828904672336487	0.828904593781065	0.652685261443721	0.652685261443721	0.652685165177508	-0.0125506246500072
0.692	137	54	0.55	0.827797175588107	0.82779709653468	0.651084253190784	0.651084253190784	0.65108415642008	-0.0124551422531842
0.6925	137	54	0.55	0.826696341514775	0.826696261972228	0.649494025999925	0.649494025999925	0.649493928735667	-0.0123608690494584
0.693	137	54	0.55	0.825602066673287	0.825601986650483	0.647914414985626	0.647914414985626	0.647914317238653	-0.012267780932585
0.6935	137	54	0.55	0.824514250317233	0.824514169822998	0.646345259509197	0.646345259509197	0.646345161290251	-0.0121758544842539
0.694	137	54	0.55	0.823432794299224	0.823432713342359	0.644786403025636	0.644786403025636	0.644786304345371	-0.0120850669480604
0.6945	137	54	0.55	0.822357602977655	0.822357521566954	0.643237692937521	0.643237692937521	0.643237593806521	-0.0119953962047078
0.695	137	54	0.55	0.821288583127767	0.821288501271997	0.641698980455636	0.641698980455636	0.641698880884392	-0.0119068207483693
0.6955	137	54	0.55	0.820225643856683	0.820225561564595	0.640170120465805	0.640170120465805	0.640170020464723	-0.0118193196641507
0.696	137	54	0.55	0.819168696522272	0.8191686138026	0.638650971401694	0.638650971401694	0.638650870981117	-0.0117328726065843
0.6965	137	54	0.55	0.818117654655622	0.818117571517078	0.637141395123301	0.637141395123301	0.637141294293488	-0.0116474597791049
0.697	137	54	0.55	0.817072433886886	0.81707235033818	0.635641256800691	0.635641256800691	0.635641155571827	-0.011563061914449
0.6975	137	54	0.55	0.816032951874446	0.816032867924237	0.634150424802846	0.634150424802846	0.63415032318503	-0.0114796602559275
0.698	137	54	0.55	0.814999128236924	0.814999043893903	0.632668770591177	0.632668770591177	0.632668668594456	-0.011397236539532
0.6985	137	54	0.55	0.813970884488387	0.813970799761208	0.631196168617739	0.631196168617739	0.631196066252079	-0.0113157729768177
0.699	137	54	0.55	0.812948143976049	0.812948058873348	0.629732496227581	0.629732496227581	0.629732393502879	-0.0112352522385353
0.6995	137	54	0.55	0.811930831820674	0.811930746351081	0.628277633565241	0.628277633565241	0.628277530491336	-0.0111556574389635
0.7	137	54	0.55	0.810918874859467	0.810918789031601	0.62683146348513	0.62683146348513	0.626831360071788	-0.0110769721209125
0.7005	137	54	0.55	0.809912201591283	0.809912115413751	0.625393871465528	0.625393871465528	0.625393767722449	-0.0109991802413573
0.701	137	54	0.55	0.808910742124091	0.808910655605477	0.623964745526123	0.623964745526123	0.623964641462946	-0.010922266157676
0.7015	137	54	0.55	0.807914428124506	0.807914341273404	0.62254397614884	0.62254397614884	0.622543871775147	-0.0108462146144573
0.702	137	54	0.55	0.806923192769442	0.80692310559442	0.621131456201861	0.621131456201861	0.621131351527164	-0.0107710107308522
0.7025	137	54	0.55	0.805936970699551	0.805936883209188	0.619727080866599	0.619727080866599	0.619726975900356	-0.0106966399884407
0.703	137	54	0.55	0.804955697974642	0.804955610177483	0.618330747567575	0.618330747567575	0.618330642319186	-0.0106230882195892
0.7035	137	54	0.55	0.803979312030682	0.803979223935273	0.616942355905009	0.616942355905009	0.616942250383816	-0.0105503415962766
0.704	137	54	0.55	0.803007751638566	0.803007663253453	0.615561807589991	0.615561807589991	0.615561701805281	-0.0104783866193621
0.7045	137	54	0.55	0.802040956864443	0.802040868198158	0.61418900638215	0.61418900638215	0.614188900343152	-0.0104072101082793
0.705	137	54	0.55	0.801078869031532	0.801078780092594	0.612823858029658	0.612823858029658	0.612823751745549	-0.0103367991911302
0.7055	137	54	0.55	0.800121430683352	0.800121341480292	0.611466270211503	0.611466270211503	0.611466163691409	-0.0102671412951667
0.706	137	54	0.55	0.799168585548429	0.799168496089749	0.610116152481906	0.610116152481906	0.610116045734905	-0.0101982241376366
0.7065	137	54	0.55	0.798220278506146	0.798220188800362	0.608773416216795	0.608773416216795	0.608773309251906	-0.0101300357169788
0.707	137	54	0.55	0.797276455554021	0.797276365609634	0.607437974562222	0.607437974562222	0.607437867388415	-0.0100625643043539
0.7075	137	54	0.55	0.796337063776046	0.796336973601552	0.60610974238466	0.60610974238466	0.606109635010863	-0.00999579843549094
0.708	137	54	0.55	0.795402051312236	0.795401960916128	0.604788636223105	0.604788636223105	0.604788528658195	-0.00992972690283923
0.7085	137	54	0.55	0.794471367329243	0.794471276720022	0.603474574242879	0.603474574242879	0.603474466495677	-0.00986433874801063
0.709	137	54	0.55	0.793544961992062	0.793544871178201	0.602167476191036	0.602167476191036	0.60216736827033	-0.00979962325449865
0.7095	137	54	0.55	0.792622786436638	0.792622695426628	0.60086726335341	0.60086726335341	0.600867155267937	-0.00973556994066343
0.71	137	54	0.55	0.791704792743553	0.791704701545869	0.599573858513098	0.599573858513098	0.599573750271547	-0.00967216855296957
0.7105	137	54	0.55	0.790790933912522	0.790790842535647	0.598287185910397	0.598287185910397	0.598287077521414	-0.00960940905946801
0.711	137	54	0.55	0.78988116383785	0.789881072290259	0.597007171204119	0.597007171204119	0.597007062676316	-0.00954728164350805
0.7115	137	54	0.55	0.788975437284658	0.788975345574832	0.595733741434248	0.595733741434248	0.595733632776187	-0.0094857766976738
0.712	137	54	0.55	0.788073709866002	0.788073618002401	0.594466824985817	0.594466824985817	0.594466716206018	-0.00942488481793201
0.7125	137	54	0.55	0.787175938020627	0.78717584601174	0.59320635155402	0.59320635155402	0.593206242660968	-0.00936459679798428
0.713	137	54	0.55	0.786282078991658	0.786281986845944	0.591952252110495	0.591952252110495	0.591952143112629	-0.00930490362381465
0.7135	137	54	0.55	0.78539209080579	0.785391998531726	0.590704458870709	0.590704458870709	0.590704349776427	-0.00924579646842462
0.714	137	54	0.55	0.784505932253331	0.784505839859388	0.589462905262395	0.589462905262395	0.589462796080068	-0.00918726668674699
0.7145	137	54	0.55	0.783623562868811	0.783623470363452	0.588227525895086	0.588227525895086	0.588227416633031	-0.00912930581073287
0.715	137	54	0.55	0.782744942912217	0.782744850303919	0.586998256530525	0.586998256530525	0.586998147197039	-0.0090719055446033
0.7155	137	54	0.55	0.781870033350894	0.781869940648135	0.585775034054152	0.585775034054152	0.585774924657481	-0.00901505776025966
0.716	137	54	0.55	0.780998795841976	0.780998703053228	0.584557796447385	0.584557796447385	0.58455768699574	-0.00895875449284569
0.7165	137	54	0.55	0.780131192715387	0.780131099849121	0.583346482760837	0.583346482760837	0.583346373262408	-0.00890298793645671
0.717	137	54	0.55	0.779267186957355	0.779267094022061	0.582141033088399	0.582141033088399	0.582140923551332	-0.00884775043998836
0.7175	137	54	0.55	0.778406742194537	0.778406649198679	0.580941388542078	0.580941388542078	0.580941278974473	-0.00879303450312019
0.718	137	54	0.55	0.777549822678479	0.777549729630542	0.579747491227609	0.579747491227609	0.579747381637551	-0.00873883277242979
0.7185	137	54	0.55	0.776696393270705	0.776696300179181	0.578559284220896	0.578559284220896	0.578559174616427	-0.00868513803763036
0.719	137	54	0.55	0.775846419428209	0.775846326301575	0.577376711545086	0.577376711545086	0.577376601934216	-0.00863194322792829
0.7195	137	54	0.55	0.774999867189331	0.774999774036091	0.576199718148386	0.576199718148386	0.576199608539097	-0.00857924140849698
0.72	137	54	0.55	0.774156703160205	0.774156609988836	0.575028249882543	0.575028249882543	0.575028140282784	-0.00852702577706049
0.7205	137	54	0.55	0.773316894501419	0.773316801320424	0.573862253481956	0.573862253481956	0.573862143899644	-0.0084752896605837
0.721	137	54	0.55	0.772480408915261	0.772480315733144	0.572701676543424	0.572701676543424	0.572701566986445	-0.00842402651206663
0.7215	137	54	0.55	0.771647214633235	0.771647121458501	0.571546467506467	0.571546467506467	0.571546357982682	-0.00837322990743536
0.722	137	54	0.55	0.770817280403981	0.770817187245129	0.570396575634279	0.570396575634279	0.570396466151513	-0.00832289354253039
0.7225	137	54	0.55	0.769990575481502	0.769990482347059	0.569251950995157	0.569251950995157	0.569251841561214	-0.00827301123018531
0.723	137	54	0.55	0.769167069613849	0.769166976512327	0.568112544444552	0.568112544444552	0.568112435067202	-0.00822357689739443
0.7235	137	54	0.55	0.768346733031983	0.768346639971908	0.566978307607572	0.566978307607572	0.566978198294552	-0.00817458458256539
0.724	137	54	0.55	0.767529536439082	0.767529443428977	0.565849192862006	0.565849192862006	0.565849083621036	-0.00812602843285346
0.7245	137	54	0.55	0.766715451000058	0.766715358048465	0.564725153321855	0.564725153321855	0.564725044160624	-0.00807790270157598
0.725	137	54	0.55	0.765904448331469	0.765904355446926	0.563606142821294	0.563606142821294	0.563606033747468	-0.00803020174570229
0.7255	137	54	0.55	0.765096500491627	0.765096407682679	0.562492115899112	0.562492115899112	0.562492006920322	-0.00798292002341787
0.726	137	54	0.55	0.764291579971021	0.764291487246222	0.561383027783545	0.561383027783545	0.561382918907398	-0.00793605209175855
0.7265	137	54	0.55	0.763489659683021	0.763489567050934	0.560278834377573	0.560278834377573	0.56027872561166	-0.00788959260431451
0.727	137	54	0.55	0.762690712954829	0.76269062042401	0.559179492244614	0.559179492244614	0.559179383596493	-0.00784353630900002
0.7275	137	54	0.55	0.761894713518627	0.761894621097659	0.558084958594585	0.558084958594585	0.558084850071789	-0.00779787804588622
0.728	137	54	0.55	0.761101635503086	0.761101543200544	0.556995191270353	0.556995191270353	0.5569950828804	-0.00775261274509719
0.7285	137	54	0.55	0.760311453424976	0.760311361249446	0.555910148734588	0.555910148734588	0.555910040484962	-0.0077077354247642
0.729	137	54	0.55	0.759524142181074	0.75952405014116	0.554829790056892	0.554829790056892	0.554829681955067	-0.00766324118903833
0.7295	137	54	0.55	0.75873967704032	0.75873958514461	0.553754074901376	0.553754074901376	0.553753966954787	-0.00761912522615863
0.73	137	54	0.55	0.757958033636054	0.757957941893168	0.552682963514451	0.552682963514451	0.55268285573052	-0.00757538280657347
0.7305	137	54	0.55	0.75717918795863	0.75717909637718	0.551616416713038	0.551616416713038	0.551616309099165	-0.00753200928111456
0.731	137	54	0.55	0.756403116348076	0.756403024936696	0.55055439587304	0.55055439587304	0.550554288436599	-0.00748900007922106
0.7315	137	54	0.55	0.755629795487052	0.755629704254377	0.54949686291812	0.54949686291812	0.549496755666466	-0.0074463507072122
0.732	137	54	0.55	0.754859202393932	0.754859111348603	0.548443780308771	0.548443780308771	0.548443673249242	-0.00740405674660637
0.7325	137	54	0.55	0.754091314416069	0.754091223566743	0.547395111031691	0.547395111031691	0.5473950041716	-0.00736211385248676
0.733	137	54	0.55	0.753326109223283	0.753326018578617	0.546350818589389	0.546350818589389	0.546350711936029	-0.00732051775191028
0.7335	137	54	0.55	0.752563564801444	0.752563474370112	0.545310866990082	0.545310866990082	0.54531076055073	-0.00727926424235931
0.734	137	54	0.55	0.751803659446273	0.751803569236962	0.544275220737862	0.544275220737862	0.54427511451977	-0.00723834919023403
0.7345	137	54	0.55	0.751046371757298	0.751046281778695	0.543243844823069	0.543243844823069	0.543243738833473	-0.00719776852938581
0.735	137	54	0.55	0.750291680631911	0.750291590892723	0.542216704712939	0.542216704712939	0.542216598959058	-0.00715751825968812
0.7355	137	54	0.55	0.749539565259656	0.749539475768588	0.541193766342486	0.541193766342486	0.541193660831518	-0.00711759444564571
0.736	137	54	0.55	0.748790005116564	0.748789915882344	0.540174996105584	0.540174996105584	0.54017489084471	-0.00707799321503939
0.7365	137	54	0.55	0.748042979959725	0.748042890991085	0.539160360846298	0.539160360846298	0.539160255842678	-0.00703871075760646
0.737	137	54	0.55	0.747298469821917	0.747298381127603	0.538149827850401	0.538149827850401	0.538149723111181	-0.00699974332375415
0.7375	137	54	0.55	0.746556455006419	0.746556366595183	0.537143364837119	0.537143364837119	0.537143260369431	-0.00696108722330778
0.738	137	54	0.55	0.745816916081912	0.74581682796252	0.536140939951077	0.536140939951077	0.53614083576203	-0.00692273882428925
0.7385	137	54	0.55	0.745079833877527	0.745079746058763	0.535142521754416	0.535142521754416	0.535142417851106	-0.00688469455172715
0.739	137	54	0.55	0.744345189478029	0.744345101968674	0.534148079219125	0.534148079219125	0.534147975608628	-0.00684695088649679
0.7395	137	54	0.55	0.743612964219045	0.743612877027912	0.533157581719538	0.533157581719538	0.533157478408916	-0.00680950436418978
0.74	137	54	0.55	0.742883139682526	0.742883052818421	0.532170999025018	0.532170999025018	0.532170896021323	-0.00677235157401157
0.7405	137	54	0.55	0.742155697692182	0.742155611163931	0.531188301292827	0.531188301292827	0.531188198603088	-0.00673548915770578
0.741	137	54	0.55	0.741430620309128	0.74143053412557	0.530209459061128	0.530209459061128	0.530209356692361	-0.00669891380850626
0.7415	137	54	0.55	0.740707889827584	0.740707803997571	0.52923444324218	0.52923444324218	0.529234341201392	-0.00666262227011418
0.742	137	54	0.55	0.739987488770691	0.739987403303088	0.528263225115695	0.528263225115695	0.528263123409873	-0.00662661133570047
0.7425	137	54	0.55	0.739269399886423	0.739269314790103	0.527295776322322	0.527295776322322	0.527295674958439	-0.00659087784693229
0.743	137	54	0.55	0.738553606143576	0.738553521427433	0.526332068857307	0.526332068857307	0.52633196784232	-0.00655541869302371
0.7435	137	54	0.55	0.737840090727879	0.737840006400824	0.525372075064265	0.525372075064265	0.525371974405128	-0.00652023080980832
0.744	137	54	0.55	0.737128837038194	0.737128753109144	0.52441576762916	0.52441576762916	0.524415667332805	-0.00648531117883509
0.7445	137	54	0.55	0.736419828682769	0.736419745160649	0.523463119574341	0.523463119574341	0.523463019647684	-0.00645065682648542
0.745	137	54	0.55	0.735713049475599	0.735712966369351	0.522514104252754	0.522514104252754	0.522514004702707	-0.0064162648231111
0.7455	137	54	0.55	0.735008483432857	0.73500840075145	0.521568695342298	0.521568695342298	0.521568596175759	-0.00638213228219252
0.746	137	54	0.55	0.734306114769458	0.734306032521868	0.52062686684028	0.52062686684028	0.520626768064134	-0.00634825635951718
0.7465	137	54	0.55	0.733605927895619	0.733605846090833	0.519688593058003	0.519688593058003	0.519688494679117	-0.00631463425237737
0.747	137	54	0.55	0.732907907413547	0.732907826060572	0.518753848615465	0.518753848615465	0.518753750640702	-0.00628126319878593
0.7475	137	54	0.55	0.732212038114192	0.732211957222048	0.517822608436207	0.517822608436207	0.517822510872408	-0.00624814047671127
0.748	137	54	0.55	0.731518304974075	0.731518224551791	0.516894847742202	0.516894847742202	0.51689475059622	-0.00621526340332879
0.7485	137	54	0.55	0.730826693152147	0.73082661320878	0.515970542048979	0.515970542048979	0.515970445327638	-0.00618262933429118
0.749	137	54	0.55	0.730137187986803	0.730137108531416	0.51504966716072	0.51504966716072	0.515049570870835	-0.00615023566301331
0.7495	137	54	0.55	0.729449774992852	0.729449696034536	0.514132199165532	0.514132199165532	0.514132103313911	-0.00611807981997554
0.75	137	54	0.55	0.72876443985867	0.728764361406514	0.513218114430829	0.513218114430829	0.513218019024264	-0.00608615927204148
0.7505	137	54	0.55	0.728081168443282	0.72808109050641	0.512307389598763	0.512307389598763	0.512307294644049	-0.00605447152179116
0.751	137	54	0.55	0.727399946773648	0.727399869361187	0.511400001581829	0.511400001581829	0.511399907085737	-0.00602301410687033
0.7515	137	54	0.55	0.726720761041891	0.726720684162989	0.51049592755847	0.51049592755847	0.510495833527772	-0.00599178459935299
0.752	137	54	0.55	0.726043597602642	0.726043521266472	0.50959514496885	0.50959514496885	0.509595051410311	-0.00596078060511875
0.7525	137	54	0.55	0.725368442970452	0.725368367186193	0.5086976315107	0.5086976315107	0.508697538431066	-0.00592999976324401
0.753	137	54	0.55	0.724695283817205	0.724695208594063	0.507803365135205	0.507803365135205	0.507803272541223	-0.00589943974540652
0.7535	137	54	0.55	0.724024106969648	0.724024032316837	0.506912324043044	0.506912324043044	0.50691223194145	-0.00586909825530279
0.754	137	54	0.55	0.723354899406913	0.723354825333676	0.506024486680473	0.506024486680473	0.506024395077987	-0.00583897302807859
0.7545	137	54	0.55	0.722687648258157	0.722687574773745	0.505139831735475	0.505139831735475	0.505139740638824	-0.00580906182977184
0.755	137	54	0.55	0.72202234080018	0.722022267913869	0.504258338134041	0.504258338134041	0.504258247549941	-0.00577936245676658
0.7555	137	54	0.55	0.721358964455146	0.721358892176234	0.503379985036498	0.503379985036498	0.503379894971649	-0.00574987273526115
0.756	137	54	0.55	0.720697506788348	0.720697435126139	0.502504751833883	0.502504751833883	0.502504662294981	-0.00572059052074442
0.7565	137	54	0.55	0.720037955505965	0.720037884469794	0.501632618144428	0.501632618144428	0.501632529138176	-0.00569151369748654
0.757	137	54	0.55	0.71938029845294	0.719380228052154	0.500763563810145	0.500763563810145	0.50076347534322	-0.00566264017803804
0.7575	137	54	0.55	0.718724523610837	0.718724453854817	0.49989756889339	0.49989756889339	0.499897480972474	-0.0056339679027409
0.758	137	54	0.55	0.718070619095817	0.718070549993942	0.499034613673576	0.499034613673576	0.499034526305347	-0.0056054948392496
0.7585	137	54	0.55	0.717418573156546	0.717418504718231	0.498174678643932	0.498174678643932	0.498174591835057	-0.0055772189820622
0.759	137	54	0.55	0.716768374172245	0.716768306406928	0.4973177445083	0.4973177445083	0.497317658265443	-0.0055491383520612
0.7595	137	54	0.55	0.716120010650771	0.716119943567885	0.496463792178032	0.496463792178032	0.496463706507849	-0.00552125099606388
0.76	137	54	0.55	0.715473471226613	0.715473404835646	0.495612802768911	0.495612802768911	0.495612717678061	-0.00549355498638242
0.7605	137	54	0.55	0.71482874465914	0.71482867896958	0.494764757598188	0.494764757598188	0.494764673093315	-0.00546604842039266
0.761	137	54	0.55	0.714185819830673	0.714185754852043	0.493919638181597	0.493919638181597	0.493919554269352	-0.00543872942011171
0.7615	137	54	0.55	0.713544685744762	0.71354462148659	0.493077426230524	0.493077426230524	0.493077342917545	-0.00541159613178468
0.762	137	54	0.55	0.712905331524366	0.712905267996209	0.492238103649143	0.492238103649143	0.492238020942067	-0.00538464672547936
0.7625	137	54	0.55	0.712267746410154	0.712267683621597	0.491401652531662	0.491401652531662	0.491401570437123	-0.00535787939468939
0.763	137	54	0.55	0.711631919758825	0.711631857719466	0.490568055159607	0.490568055159607	0.490567973684237	-0.00533129235594526
0.7635	137	54	0.55	0.710997841041407	0.71099777976089	0.489737293999156	0.489737293999156	0.489737213149585	-0.00530488384843342
0.764	137	54	0.55	0.710365499841721	0.710365439329672	0.488909351698538	0.488909351698538	0.488909271481383	-0.00527865213362301
0.7645	137	54	0.55	0.709734885854647	0.709734826120757	0.488084211085433	0.488084211085433	0.488084131507327	-0.00525259549489932
0.765	137	54	0.55	0.709105988884712	0.709105929938664	0.487261855164521	0.487261855164521	0.487261776232078	-0.00522671223720604
0.7655	137	54	0.55	0.708478798844436	0.708478740695956	0.486442267114958	0.486442267114958	0.486442188834798	-0.00520100068669278
0.766	137	54	0.55	0.7078533057529	0.707853248411735	0.485625430287989	0.485625430287989	0.485625352666729	-0.00517545919037144
0.7665	137	54	0.55	0.707229499734257	0.707229443210171	0.484811328204569	0.484811328204569	0.484811251248825	-0.00515008611577745
0.767	137	54	0.55	0.706607371016269	0.706607315319056	0.48399994455303	0.48399994455303	0.48399986826942	-0.00512487985063886
0.7675	137	54	0.55	0.705986909928909	0.705986855068385	0.483191263186817	0.483191263186817	0.483191187581948	-0.00509983880255209
0.768	137	54	0.55	0.705368106902955	0.705368052888967	0.482385268122212	0.482385268122212	0.482385193202699	-0.00507496139866247
0.7685	137	54	0.55	0.704750952468641	0.704750899311059	0.481581943536169	0.481581943536169	0.481581869308623	-0.00505024608535289
0.769	137	54	0.55	0.704135437254321	0.704135384963034	0.48078127376413	0.48078127376413	0.480781200235167	-0.00502569132793677
0.7695	137	54	0.55	0.703521551985124	0.703521500570065	0.479983243297939	0.479983243297939	0.479983170474167	-0.00500129561035793
0.77	137	54	0.55	0.702909287481733	0.702909236952835	0.479187836783721	0.479187836783721	0.479187764671756	-0.00497705743489608
0.7705	137	54	0.55	0.702298634659033	0.702298585026286	0.478395039019888	0.478395039019888	0.478394967626341	-0.00495297532187714
0.771	137	54	0.55	0.701689584524971	0.701689535798363	0.477604834955095	0.477604834955095	0.477604764286584	-0.00492904780939022
0.7715	137	54	0.55	0.701082128179255	0.701082080368818	0.476817209686319	0.476817209686319	0.476817139749451	-0.00490527345300918
0.772	137	54	0.55	0.70047625681221	0.700476209928003	0.47603214845687	0.47603214845687	0.476032079258274	-0.00488165082551913
0.7725	137	54	0.55	0.699871961703596	0.699871915755708	0.475249636654581	0.475249636654581	0.475249568200863	-0.00485817851664906
0.773	137	54	0.55	0.69926923422147	0.699269189220012	0.474469659809855	0.474469659809855	0.474469592107643	-0.00483485513280866
0.7735	137	54	0.55	0.698668065821042	0.698668021776157	0.473692203593914	0.473692203593914	0.473692136649833	-0.00481167929683019
0.774	137	54	0.55	0.698068448043588	0.698068404965445	0.472917253816984	0.472917253816984	0.472917187637651	-0.00478864964771512
0.7745	137	54	0.55	0.697470372515353	0.697470330414151	0.472144796426512	0.472144796426512	0.472144731018561	-0.00476576484038586
0.775	137	54	0.55	0.696873830946492	0.696873789832463	0.471374817505475	0.471374817505475	0.471374752875537	-0.00474302354544074
0.7755	137	54	0.55	0.696278815130033	0.696278775013437	0.470607303270667	0.470607303270667	0.470607239425378	-0.00472042444891562
0.776	137	54	0.55	0.695685316940846	0.695685277831973	0.469842240071039	0.469842240071039	0.469842177017036	-0.00469796625204764
0.7765	137	54	0.55	0.695093328334633	0.695093290243811	0.46907961438606	0.46907961438606	0.469079552129984	-0.00467564767104449
0.777	137	54	0.55	0.694502841346968	0.694502804284547	0.468319412824109	0.468319412824109	0.468319351372611	-0.00465346743685769
0.7775	137	54	0.55	0.693913848092297	0.693913812068664	0.467561622120918	0.467561622120918	0.467561561480646	-0.00463142429495931
0.778	137	54	0.55	0.693326340763016	0.693326305788582	0.466806229137999	0.466806229137999	0.46680616931561	-0.00460951700512394
0.7785	137	54	0.55	0.69274031162851	0.692740277713731	0.466053220861149	0.466053220861149	0.466053161863299	-0.00458774434121299
0.779	137	54	0.55	0.69215575303428	0.692155720189633	0.465302584398926	0.465302584398926	0.465302526232287	-0.00456610509096384
0.7795	137	54	0.55	0.691572657401001	0.691572625637009	0.464554306981222	0.464554306981222	0.464554249652464	-0.00454459805578262
0.78	137	54	0.55	0.690991017223695	0.690990986550898	0.463808375957796	0.463808375957796	0.463808319473599	-0.00452322205054017
0.7805	137	54	0.55	0.690410825070806	0.690410795499793	0.463064778796871	0.463064778796871	0.463064723163919	-0.00450197590337227
0.781	137	54	0.55	0.689832073583421	0.689832045124799	0.462323503083752	0.462323503083752	0.462323448308732	-0.00448085845548258
0.7815	137	54	0.55	0.689254755474366	0.689254728138797	0.461584536519442	0.461584536519442	0.461584482609057	-0.00445986856094905
0.782	137	54	0.55	0.68867886352747	0.688678837325634	0.460847866919335	0.460847866919335	0.460847813880286	-0.00443900508653503
0.7825	137	54	0.55	0.688104390596703	0.688104365539321	0.460113482211878	0.460113482211878	0.460113430050876	-0.0044182669115015
0.783	137	54	0.55	0.687531329605414	0.687531305703249	0.459381370437282	0.459381370437282	0.45938131916105	-0.00439765292742419
0.7835	137	54	0.55	0.686959673545577	0.686959650809422	0.45865151974627	0.45865151974627	0.458651469361537	-0.004377162038013
0.784	137	54	0.55	0.686389415477011	0.686389393917702	0.45792391839882	0.45792391839882	0.457923868912323	-0.00435679315893491
0.7845	137	54	0.55	0.685820548526662	0.685820528155067	0.457198554762953	0.457198554762953	0.457198506181433	-0.00433654521763952
0.785	137	54	0.55	0.68525306588787	0.68525304671489	0.456475417313514	0.456475417313514	0.456475369643729	-0.00431641715318755
0.7855	137	54	0.55	0.684686960819635	0.684686942856224	0.455754494631015	0.455754494631015	0.455754447879732	-0.00429640791608267
0.786	137	54	0.55	0.684122226645972	0.684122209903106	0.455035775400476	0.455035775400476	0.455035729574464	-0.00427651646810585
0.7865	137	54	0.55	0.683558856755169	0.683558841243873	0.454319248410274	0.454319248410274	0.454319203516319	-0.00425674178215204
0.787	137	54	0.55	0.682996844599153	0.68299683033049	0.45360490255104	0.45360490255104	0.453604858595937	-0.00423708284207021
0.7875	137	54	0.55	0.682436183692823	0.682436170677896	0.452892726814571	0.452892726814571	0.452892683805119	-0.00421753864250575
0.788	137	54	0.55	0.681876867613405	0.681876855863357	0.452182710292726	0.452182710292726	0.452182668235751	-0.00419810818874544
0.7885	137	54	0.55	0.68131888999982	0.681318879525838	0.451474842176426	0.451474842176426	0.451474801078744	-0.00417879049656495
0.789	137	54	0.55	0.68076224455208	0.68076223536538	0.450769111754542	0.450769111754542	0.450769071623004	-0.0041595845920787
0.7895	137	54	0.55	0.68020692503063	0.680206917142496	0.450065508412963	0.450065508412963	0.450065469254411	-0.0041404895115924
0.79	137	54	0.55	0.679652925255843	0.679652918677578	0.44936402163353	0.44936402163353	0.449363983454829	-0.00412150430145804
0.7905	137	54	0.55	0.679100239107358	0.679100233850317	0.448664640993087	0.448664640993087	0.448664603801118	-0.00410262801793048
0.791	137	54	0.55	0.678548860523549	0.678548856599129	0.447967356162533	0.447967356162533	0.447967319964182	-0.00408385972702731
0.7915	137	54	0.55	0.677998783500956	0.6779987809206	0.447272156905849	0.447272156905849	0.447272121708021	-0.00406519850439003
0.792	137	54	0.55	0.677450002093743	0.677450000868942	0.446579033079193	0.446579033079193	0.446578998888808	-0.00404664343514827
0.7925	137	54	0.55	0.676902510413176	0.676902510555457	0.445887974629994	0.445887974629994	0.445887941453985	-0.00402819361378547
0.793	137	54	0.55	0.676356302627068	0.676356304148012	0.445198971596059	0.445198971596059	0.445198939441367	-0.00400984814400677
0.7935	137	54	0.55	0.675811372959299	0.675811375870532	0.444512014104691	0.444512014104691	0.444511982978277	-0.00399160613860946
0.794	137	54	0.55	0.675267715689305	0.675267720002499	0.443827092371841	0.443827092371841	0.443827062280686	-0.00397346671935444
0.7945	137	54	0.55	0.674725325151579	0.674725330878458	0.443144196701277	0.443144196701277	0.443144167652373	-0.00395542901684093
0.795	137	54	0.55	0.674184195735218	0.674184202887547	0.442463317483753	0.442463317483753	0.442463289484108	-0.00393749217038186
0.7955	137	54	0.55	0.673644321883436	0.673644330473026	0.441784445196198	0.441784445196198	0.441784418252839	-0.00391965532788209
0.796	137	54	0.55	0.673105698093091	0.673105708131817	0.441107570400936	0.441107570400936	0.44110754452091	-0.00390191764571773
0.7965	137	54	0.55	0.672568318914287	0.672568330414066	0.44043268374492	0.44043268374492	0.440432658935281	-0.00388427828861796
0.797	137	54	0.55	0.672032178949905	0.672032191922705	0.439759775958937	0.439759775958937	0.439759752226769	-0.00386673642954818
0.7975	137	54	0.55	0.671497272855189	0.671497287313025	0.439088837856911	0.439088837856911	0.439088815209313	-0.00384929124959468
0.798	137	54	0.55	0.670963595337313	0.670963611292265	0.438419860335156	0.438419860335156	0.438419838779238	-0.00383194193785174
0.7985	137	54	0.55	0.670431141155019	0.670431158619209	0.437752834371647	0.437752834371647	0.437752813914551	-0.00381468769130974
0.799	137	54	0.55	0.669899905118187	0.669899924103792	0.437087751025364	0.437087751025364	0.437087731674237	-0.00379752771474522
0.7995	137	54	0.55	0.669369882087463	0.669369902606716	0.436424601435561	0.436424601435561	0.436424583197584	-0.00378046122061236
0.8	137	54	0.55	0.668841066973885	0.668841089039081	0.435763376821147	0.435763376821147	0.435763359703512	-0.00376348742893611
0.8005	137	54	0.55	0.668313454738537	0.668313478362017	0.435104068479993	0.435104068479993	0.435104052489922	-0.00374660556720681
0.801	137	54	0.55	0.667787040392175	0.667787065586337	0.434446667788331	0.434446667788331	0.43444665293306	-0.00372981487027615
0.8015	137	54	0.55	0.667261818994897	0.667261845772194	0.433791166200104	0.433791166200104	0.433791152486894	-0.00371311458025529
0.802	137	54	0.55	0.666737785655791	0.666737814028742	0.433137555246375	0.433137555246375	0.433137542682503	-0.00369650394641331
0.8025	137	54	0.55	0.666214935532641	0.666214965513826	0.432485826534707	0.432485826534707	0.432485815127488	-0.0036799822250778
0.803	137	54	0.55	0.665693263831604	0.665693295433657	0.431835971748632	0.431835971748632	0.431835961505386	-0.00366354867953682
0.8035	137	54	0.55	0.665172765806906	0.665172799042519	0.431187982647027	0.431187982647027	0.431187973575112	-0.00364720257994193
0.804	137	54	0.55	0.66465343676055	0.664653471642472	0.430541851063603	0.430541851063603	0.430541843170402	-0.00363094320321241
0.8045	137	54	0.55	0.664135272042014	0.66413530858307	0.429897568906369	0.429897568906369	0.429897562199279	-0.00361476983294143
0.805	137	54	0.55	0.663618267048029	0.663618305261091	0.429255128157073	0.429255128157073	0.429255122643525	-0.00359868175930276
0.8055	137	54	0.55	0.663102417222247	0.663102457120272	0.42861452087073	0.42861452087073	0.428614516558177	-0.00358267827895891
0.806	137	54	0.55	0.662587718055064	0.662587759651055	0.427975739175106	0.427975739175106	0.427975736071031	-0.00356675869497081
0.8065	137	54	0.55	0.66207416508332	0.662074208390347	0.427338775270244	0.427338775270244	0.427338773382156	-0.00355092231670821
0.807	137	54	0.55	0.661561753890073	0.661561798921287	0.426703621427994	0.426703621427994	0.426703620763429	-0.00353516845976135
0.8075	137	54	0.55	0.661050480104421	0.66105052687302	0.426070269991565	0.426070269991565	0.426070270558083	-0.00351949644585429
0.808	137	54	0.55	0.660540339401222	0.660540387920488	0.42543871337506	0.42543871337506	0.425438715180265	-0.00350390560275816
0.8085	137	54	0.55	0.660031327500949	0.660031377784228	0.424808944063097	0.424808944063097	0.424808947114605	-0.00348839526420693
0.809	137	54	0.55	0.659523440169467	0.659523492230171	0.424180954610346	0.424180954610346	0.424180958915813	-0.00347296476981295
0.8095	137	54	0.55	0.659016673217855	0.659016727069469	0.423554737641164	0.423554737641164	0.423554743208272	-0.00345761346498429
0.81	137	54	0.55	0.658511022502234	0.658511078158317	0.42293028584919	0.42293028584919	0.422930292685655	-0.00344234070084304
0.8105	137	54	0.55	0.658006483923599	0.658006541397794	0.422307591996981	0.422307591996981	0.422307600110555	-0.00342714583414395
0.811	137	54	0.55	0.657503053427699	0.657503112733706	0.421686648915672	0.421686648915672	0.421686658314127	-0.00341202822719492
0.8115	137	54	0.55	0.657000727004858	0.657000788156452	0.421067449504588	0.421067449504588	0.421067460195745	-0.00339698724777784
0.812	137	54	0.55	0.656499500689834	0.656499563700886	0.420449986730972	0.420449986730972	0.42044999872267	-0.00338202226907034
0.8125	137	54	0.55	0.65599937056177	0.655999435446197	0.41983425362961	0.41983425362961	0.419834266929736	-0.0033671326695687
0.813	137	54	0.55	0.655500332743967	0.655500399515805	0.419220243302577	0.419220243302577	0.419220257919049	-0.00335231783301152
0.8135	137	54	0.55	0.65500238340393	0.655002452077253	0.418607948918935	0.418607948918935	0.418607964859698	-0.00333757714830422
0.814	137	54	0.55	0.654505518753133	0.654505589342127	0.417997363714432	0.417997363714432	0.417997380987482	-0.00332291000944423
0.8145	137	54	0.55	0.654009735047057	0.654009807565973	0.417388480991289	0.417388480991289	0.417388499604653	-0.00330831581544694
0.815	137	54	0.55	0.65351502858505	0.653515103048232	0.416781294117928	0.416781294117928	0.416781314079666	-0.00329379397027334
0.8155	137	54	0.55	0.653021395710306	0.653021472132184	0.416175796528736	0.416175796528736	0.416175817846956	-0.00327934388275656
0.816	137	54	0.55	0.652528832809832	0.652528911204906	0.415571981723878	0.415571981723878	0.415572004406717	-0.00326496496653114
0.8165	137	54	0.55	0.652037336314368	0.652037416697237	0.414969843269054	0.414969843269054	0.414969867324703	-0.00325065663996162
0.817	137	54	0.55	0.651546902698405	0.651546985083763	0.414369374795362	0.414369374795362	0.414369400232042	-0.00323641832607279
0.8175	137	54	0.55	0.651057528480186	0.651057612882797	0.413770569999086	0.413770569999086	0.413770596825065	-0.00322224945247942
0.818	137	54	0.55	0.650569210221658	0.650569296656395	0.413173422641562	0.413173422641562	0.413173450865151	-0.0032081494513182
0.8185	137	54	0.55	0.650081944528543	0.650082033010361	0.412577926549034	0.412577926549034	0.412577956178584	-0.003194117759179
0.819	137	54	0.55	0.649595728050333	0.64959581859428	0.411984075612524	0.411984075612524	0.411984106656432	-0.0031801538170372
0.8195	137	54	0.55	0.64911055748032	0.649110650101558	0.411391863787722	0.411391863787722	0.411391896254434	-0.00316625707018693
0.82	137	54	0.55	0.648626429555712	0.648626524269471	0.410801285094906	0.410801285094906	0.41080131899291	-0.00315242696817451
0.8205	137	54	0.55	0.64814334105761	0.648143437879235	0.410212333618854	0.410212333618854	0.410212368956683	-0.00313866296473229
0.821	137	54	0.55	0.647661288811151	0.647661387756087	0.409625003508781	0.409625003508781	0.409625040295017	-0.00312496451771371
0.8215	137	54	0.55	0.647180269685577	0.64718037076937	0.409039288978295	0.409039288978295	0.409039327221576	-0.00311133108902788
0.822	137	54	0.55	0.646700280594359	0.646700383832646	0.408455184305389	0.408455184305389	0.408455224014392	-0.00309776214457587
0.8225	137	54	0.55	0.646221318495281	0.646221423903818	0.4078726838324	0.4078726838324	0.407872725015861	-0.00308425715418606
0.823	137	54	0.55	0.645743380390614	0.645743487985256	0.407291781966046	0.407291781966046	0.407291824632747	-0.00307081559155136
0.8235	137	54	0.55	0.645266463327244	0.64526657312396	0.406712473177427	0.406712473177427	0.406712517336209	-0.00305743693416574
0.824	137	54	0.55	0.644790564396861	0.64479067641171	0.406134752002088	0.406134752002088	0.406134797661842	-0.00304412066326203
0.8245	137	54	0.55	0.644315680736079	0.644315794985259	0.405558613040071	0.405558613040071	0.405558660209742	-0.00303086626374931
0.825	137	54	0.55	0.643841809526721	0.64384192602652	0.404984050956001	0.404984050956001	0.404984099644586	-0.0030176732241512
0.8255	137	54	0.55	0.643368947995951	0.643369066762781	0.404411060479171	0.404411060479171	0.404411110695731	-0.00300454103654482
0.826	137	54	0.55	0.642897093416532	0.642897214466933	0.403839636403682	0.403839636403682	0.403839688157334	-0.00299146919649885
0.8265	137	54	0.55	0.642426243107099	0.642426366457712	0.403269773588568	0.403269773588568	0.403269826888489	-0.00297845720301342
0.827	137	54	0.55	0.64195639443238	0.641956520099968	0.402701466957968	0.402701466957968	0.402701521813395	-0.00296550455845918
0.8275	137	54	0.55	0.641487544803474	0.641487672804934	0.402134711501294	0.402134711501294	0.402134767921523	-0.0029526107685172
0.828	137	54	0.55	0.641019691678194	0.641019822030535	0.401569502273442	0.401569502273442	0.401569560267833	-0.00293977534211906
0.8285	137	54	0.55	0.640552832561332	0.640552965281696	0.401005834395013	0.401005834395013	0.401005893972988	-0.00292699779138671
0.829	137	54	0.55	0.640086965005029	0.640087100110684	0.400443703052555	0.400443703052555	0.400443764223603	-0.00291427763157321
0.8295	137	54	0.55	0.639622086609103	0.639622224117455	0.399883103498838	0.399883103498838	0.399883166272514	-0.00290161438100338
0.83	137	54	0.55	0.639158195021462	0.639158334950039	0.399324031053145	0.399324031053145	0.399324095439072	-0.00288900756101442
0.8305	137	54	0.55	0.638695287938465	0.638695430304927	0.39876648110159	0.39876648110159	0.398766547109457	-0.00287645669589698
0.831	137	54	0.55	0.638233363105326	0.638233507927496	0.39821044909745	0.39821044909745	0.398210516737023	-0.00286396131283589
0.8315	137	54	0.55	0.637772418316631	0.63777256561244	0.397655930561553	0.397655930561553	0.39765599984266	-0.00285152094185208
0.832	137	54	0.55	0.637312451416695	0.637312601204239	0.397102921082643	0.397102921082643	0.397102992015191	-0.00283913511574274
0.8325	137	54	0.55	0.636853460300134	0.636853612597641	0.396551416317818	0.396551416317818	0.396551488911789	-0.00282680337002358
0.833	137	54	0.55	0.636395442912319	0.636395597738167	0.396001411992972	0.396001411992972	0.396001486258423	-0.00281452524286967
0.8335	137	54	0.55	0.635938397249939	0.635938554622653	0.395452903903275	0.395452903903275	0.395452979850337	-0.00280230027505679
0.834	137	54	0.55	0.63548232136153	0.635482481299801	0.394905887913658	0.394905887913658	0.39490596555255	-0.00279012800990262
0.8345	137	54	0.55	0.635027213348111	0.635027375870767	0.394360359959378	0.394360359959378	0.39436043930039	-0.00277800799320855
0.835	137	54	0.55	0.634573071363736	0.634573236489774	0.393816316046558	0.393816316046558	0.393816397100064	-0.00276593977320034
0.8355	137	54	0.55	0.634119893616179	0.634120061364753	0.39327375225279	0.39327375225279	0.39327383502925	-0.00275392290046924
0.836	137	54	0.55	0.63366767836758	0.633667848758008	0.392732664727768	0.392732664727768	0.392732749237726	-0.00274195692791315
0.8365	137	54	0.55	0.633216423935152	0.633216596986916	0.392193049693948	0.392193049693948	0.392193135948036	-0.00273004141067765
0.837	137	54	0.55	0.632766128691905	0.632766304424659	0.391654903447244	0.391654903447244	0.391654991456185	-0.00271817590609608
0.8375	137	54	0.55	0.632316791067412	0.632316969500983	0.391118222357773	0.391118222357773	0.391118312132373	-0.00270635997363044
0.838	137	54	0.55	0.631868409548602	0.631868590702992	0.390583002870604	0.390583002870604	0.390583094421772	-0.00269459317481152
0.8385	137	54	0.55	0.631420982680597	0.631421166575977	0.390049241506591	0.390049241506591	0.390049334845319	-0.00268287507317876
0.839	137	54	0.55	0.630974509067532	0.630974695724277	0.389516934863196	0.389516934863196	0.389517030000587	-0.00267120523421985
0.8395	137	54	0.55	0.630528987373529	0.630529176812182	0.388986079615414	0.388986079615414	0.388986176562653	-0.00265958322531037
0.84	137	54	0.55	0.630084416323579	0.630084608564869	0.388456672516662	0.388456672516662	0.388456771285044	-0.00264800861565234
0.8405	137	54	0.55	0.629640794704515	0.629640989769375	0.387928710399779	0.387928710399779	0.387928811000705	-0.00263648097621304
0.841	137	54	0.55	0.62919812136606	0.629198319275618	0.38740219017806	0.38740219017806	0.387402292623021	-0.00262499987966313
0.8415	137	54	0.55	0.628756395221879	0.628756595997456	0.386877108846275	0.386877108846275	0.386877213146885	-0.00261356490031434
0.842	137	54	0.55	0.628315615250662	0.628315818913785	0.386353463481847	0.386353463481847	0.386353569649813	-0.00260217561405664
0.8425	137	54	0.55	0.627875780497282	0.627875987069689	0.385831251245956	0.385831251245956	0.385831359293113	-0.00259083159829479
0.843	137	54	0.55	0.627436890073996	0.627437099577635	0.385310469384813	0.385310469384813	0.385310579323096	-0.0025795324318846
0.8435	137	54	0.55	0.626998943161679	0.626999155618711	0.384791115230889	0.384791115230889	0.384791227072352	-0.00256827769506819
0.844	137	54	0.55	0.626561939011121	0.626562154443924	0.384273186204261	0.384273186204261	0.384273299961081	-0.0025570669694091
0.8445	137	54	0.55	0.626125876944358	0.626126095375542	0.383756679813999	0.383756679813999	0.383756795498472	-0.00254589983772597
0.845	137	54	0.55	0.625690756356091	0.625690977808493	0.383241593659614	0.383241593659614	0.383241711284151	-0.00253477588402625
0.8455	137	54	0.55	0.625256576715138	0.625256801211822	0.382727925432545	0.382727925432545	0.382728045009693	-0.00252369469343869
0.846	137	54	0.55	0.62482333756593	0.624823565130206	0.382215672917752	0.382215672917752	0.382215794460187	-0.00251265585214479
0.8465	137	54	0.55	0.624391038530112	0.624391269185525	0.381704833995362	0.381704833995362	0.381704957515886	-0.00250165894731023
0.847	137	54	0.55	0.623959679308166	0.623959913078508	0.381195406642364	0.381195406642364	0.381195532153912	-0.00249070356701418
0.8475	137	54	0.55	0.623529259681111	0.62352949659043	0.38068738893439	0.38068738893439	0.380687516450037	-0.00247978930017853
0.848	137	54	0.55	0.623099779512278	0.62310001958489	0.380180779047584	0.380180779047584	0.38018090858055	-0.00246891573649569
0.8485	137	54	0.55	0.62267123874919	0.622671482009653	0.379675575260541	0.379675575260541	0.379675706824184	-0.00245808246635531
0.849	137	54	0.55	0.622243637425419	0.62224388389857	0.379171775956321	0.379171775956321	0.379171909564143	-0.00244728908077022
0.8495	137	54	0.55	0.621816975662618	0.621817225373574	0.37866937962455	0.37866937962455	0.378669515290205	-0.00243653517130011
0.85	137	54	0.55	0.621391253672608	0.621391506646759	0.378168384863618	0.378168384863618	0.378168522600915	-0.00242582032997535
0.8505	137	54	0.55	0.620966471759514	0.620966728022535	0.377668790382962	0.377668790382962	0.377668930205868	-0.00241514414921831
0.851	137	54	0.55	0.620542630322025	0.620542889899884	0.377170595005461	0.377170595005461	0.377170736928096	-0.0024045062217638
0.8515	137	54	0.55	0.620119729855735	0.620119992774695	0.376673797669891	0.376673797669891	0.376673941706546	-0.00239390614057797
0.852	137	54	0.55	0.619697770955562	0.6196980372422	0.376178397433542	0.376178397433542	0.376178543598671	-0.00238334349877513
0.8525	137	54	0.55	0.619276754318314	0.619277023999513	0.375684393474892	0.375684393474892	0.37568454178312	-0.00237281788953412
0.853	137	54	0.55	0.618856680745305	0.618856953848261	0.375191785096424	0.375191785096424	0.375191935562556	-0.00236232890601126
0.8535	137	54	0.55	0.618437551145098	0.618437827697336	0.374700571727561	0.374700571727561	0.374700724366577	-0.00235187614125317
0.854	137	54	0.55	0.618019366536383	0.618019646565756	0.374210752927712	0.374210752927712	0.374210907754774	-0.00234145918810624
0.8545	137	54	0.55	0.61760212805093	0.617602411585639	0.373722328389454	0.373722328389454	0.37372248541991	-0.00233107763912531
0.855	137	54	0.55	0.617185836936726	0.617186124005308	0.373235297941844	0.373235297941844	0.37323545719124	-0.00232073108647919
0.8555	137	54	0.55	0.616770494561161	0.616770785192522	0.372749661553891	0.372749661553891	0.372749823037966	-0.0023104191218549
0.856	137	54	0.55	0.616356102414446	0.616356396637839	0.37226541933815	0.37226541933815	0.372265583072847	-0.00230014133635881
0.8565	137	54	0.55	0.615942662113072	0.615942959958129	0.371782571554492	0.371782571554492	0.371782737555957	-0.00228989732041586
0.857	137	54	0.55	0.615530175403479	0.615530476900223	0.371301118614023	0.371301118614023	0.371301286898612	-0.00227968666366626
0.8575	137	54	0.55	0.615118644165903	0.615118949344727	0.370821061083166	0.370821061083166	0.370821231667455	-0.00226950895485889
0.858	137	54	0.55	0.614708070418288	0.614708379309994	0.370342399687952	0.370342399687952	0.370342572588732	-0.0022593637817429
0.8585	137	54	0.55	0.614298456320469	0.614298768956263	0.369865135318445	0.369865135318445	0.369865310552739	-0.00224925073095536
0.859	137	54	0.55	0.61388980417848	0.613890120589983	0.36938926903341	0.36938926903341	0.369389446618477	-0.0022391693879066
0.8595	137	54	0.55	0.61348211644905	0.613482436668315	0.368914802065169	0.368914802065169	0.368914982018498	-0.00222911933666194
0.86	137	54	0.55	0.613075395744324	0.613075719803837	0.368441735824643	0.368441735824643	0.368441918163971	-0.00221910015982027
0.8605	137	54	0.55	0.612669644836747	0.612669972769447	0.367970071906662	0.367970071906662	0.367970256649975	-0.0022091114383887
0.861	137	54	0.55	0.612264866664216	0.61226519850349	0.367499812095477	0.367499812095477	0.367499999261017	-0.00219915275165389
0.8615	137	54	0.55	0.611861064335386	0.6118614001151	0.367030958370524	0.367030958370524	0.367031147976801	-0.00218922367704921
0.862	137	54	0.55	0.611458241135281	0.611458580889788	0.366563512912472	0.366563512912472	0.366563704978261	-0.00217932379001815
0.8625	137	54	0.55	0.61105640053114	0.611056744295275	0.3660974781095	0.3660974781095	0.366097672653854	-0.00216945266387285
0.863	137	54	0.55	0.610655546178479	0.610655893987588	0.365632856563895	0.365632856563895	0.365633053606149	-0.00215960986964887
0.8635	137	54	0.55	0.610255681927481	0.610256033817432	0.365169651098926	0.365169651098926	0.365169850658706	-0.00214979497595435
0.864	137	54	0.55	0.609856811829652	0.609857167836846	0.364707864766043	0.364707864766043	0.364708066863281	-0.00214000754881505
0.8645	137	54	0.55	0.609458940144789	0.609459300306169	0.364247500852419	0.364247500852419	0.36424770550735	-0.00213024715151351
0.865	137	54	0.55	0.609062071348259	0.609062435701327	0.363788562888819	0.363788562888819	0.363788770121991	-0.00212051334442324
0.8655	137	54	0.55	0.608666210138618	0.608666578721453	0.36333105465784	0.36333105465784	0.363331264490128	-0.00211080568483658
0.866	137	54	0.55	0.608271361445581	0.608271734296863	0.362874980202555	0.362874980202555	0.362875192655167	-0.00210112372678704
0.8665	137	54	0.55	0.607877530438403	0.60787790759741	0.362420343835549	0.362420343835549	0.362420558930031	-0.00209146702086497
0.867	137	54	0.55	0.607484722534593	0.607485104041225	0.361967150148378	0.361967150148378	0.361967367906629	-0.00208183511402648
0.8675	137	54	0.55	0.60709294340909	0.607093329303885	0.361515404021491	0.361515404021491	0.36151562446578	-0.00207222754939568
0.868	137	54	0.55	0.606702199003847	0.606702589328008	0.361065110634654	0.361065110634654	0.361065333787607	-0.00206264386605892
0.8685	137	54	0.55	0.606312495537923	0.606312890333322	0.360616275477813	0.360616275477813	0.360616501362442	-0.00205308359885176
0.869	137	54	0.55	0.605923839518008	0.605924238827214	0.360168904362546	0.360168904362546	0.360169133002256	-0.00204354627813751
0.8695	137	54	0.55	0.605536237749512	0.6055366416158	0.359723003434051	0.359723003434051	0.359723234852657	-0.00203403142957678
0.87	137	54	0.55	0.605149697348146	0.605150105815543	0.359278579183746	0.359278579183746	0.359278813405475	-0.00202453857388863
0.8705	137	54	0.55	0.604764225752178	0.604764638865447	0.358835638462481	0.358835638462481	0.358835875511979	-0.00201506722660148
0.871	137	54	0.55	0.604379830735168	0.604380248539858	0.358394188494391	0.358394188494391	0.35839442839676	-0.00200561689779408
0.8715	137	54	0.55	0.603996520419456	0.603996942961915	0.357954236891525	0.357954236891525	0.357954479672304	-0.00199618709182566
0.872	137	54	0.55	0.603614303290284	0.603614730617689	0.357515791669115	0.357515791669115	0.357516037354326	-0.00198677730705509
0.8725	137	54	0.55	0.603233188210677	0.603233620371042	0.357078861261743	0.357078861261743	0.357079109877875	-0.00197738703554796
0.873	137	54	0.55	0.602853184437034	0.60285362147925	0.356643454540244	0.356643454540244	0.356643706114288	-0.00196801576277057
0.8735	137	54	0.55	0.602474301635596	0.602474743609459	0.356209580829556	0.356209580829556	0.356209835389014	-0.00195866296727152
0.874	137	54	0.55	0.602096549899761	0.602096996855986	0.35577724992749	0.35577724992749	0.355777507500393	-0.00194932812034855
0.8745	137	54	0.55	0.601719939768286	0.601720391758545	0.355346472124504	0.355346472124504	0.355346732739419	-0.00194001068570054
0.875	137	54	0.55	0.601344482244511	0.601344939321461	0.354917258224505	0.354917258224505	0.354917521910567	-0.00193071011906402
0.8755	137	54	0.55	0.600970188816574	0.600970651033896	0.354489619566822	0.354489619566822	0.354489886353745	-0.00192142586783281
0.876	137	54	0.55	0.600597071478786	0.6005975388912	0.35406356804935	0.35406356804935	0.354063837967439	-0.00191215737065999
0.8765	137	54	0.55	0.600225142754115	0.600225615417422	0.353639116152953	0.353639116152953	0.353639389233132	-0.00190290405704119
0.877	137	54	0.55	0.599854415717942	0.599854893689073	0.353216276967248	0.353216276967248	0.353216553241082	-0.00189366534687764
0.8775	137	54	0.55	0.599484904023197	0.599485387360219	0.352795064217828	0.352795064217828	0.352795343717531	-0.00188444065001896
0.878	137	54	0.55	0.599116621926801	0.599117110688992	0.352375492294991	0.352375492294991	0.352375775053466	-0.00187522936578234
0.8785	137	54	0.55	0.598749584317753	0.598750078565609	0.351957576284152	0.351957576284152	0.351957862335002	-0.00186603088244915
0.879	137	54	0.55	0.598383806746715	0.598384306542013	0.351541331997986	0.351541331997986	0.351541621375536	-0.00185684457673542
0.8795	137	54	0.55	0.598019305457399	0.598019810863226	0.351126776010412	0.351126776010412	0.351127068749749	-0.00184766981323546
0.88	137	54	0.55	0.597656097419741	0.597656608500553	0.350713925692638	0.350713925692638	0.350714221829618	-0.00183850594383752
0.8805	137	54	0.55	0.597294200365095	0.597294717186748	0.350302799251265	0.350302799251265	0.350303098822554	-0.00182935230710798
0.881	137	54	0.55	0.596933632823465	0.596934155453291	0.34989341576873	0.34989341576873	0.349893718811832	-0.00182020822764352
0.8815	137	54	0.55	0.596574414163085	0.596574942669917	0.349485795246181	0.349485795246181	0.349486101799456	-0.00181107301538882
0.882	137	54	0.55	0.596216564632333	0.596217099086571	0.349079958648944	0.349079958648944	0.349080268751657	-0.00180194596491668
0.8825	137	54	0.55	0.595860105404283	0.595860645877949	0.348675927954848	0.348675927954848	0.34867624164719	-0.00179282635466881
0.883	137	54	0.55	0.595505058624007	0.595505605190815	0.348273726205528	0.348273726205528	0.348274043528653	-0.00178371344615459
0.8835	137	54	0.55	0.595151447458926	0.595152000194329	0.347873377560978	0.347873377560978	0.34787369855704	-0.00177460648310415
0.884	137	54	0.55	0.594799296152304	0.594799855133564	0.34747490735759	0.34747490735759	0.347475232069786	-0.00176550469057349
0.8845	137	54	0.55	0.594448630080219	0.594449195386492	0.34707834216994	0.34707834216994	0.347078670642539	-0.00175640727399712
0.885	137	54	0.55	0.594099475812308	0.594100047524691	0.34668370987658	0.34668370987658	0.346684042154977	-0.00174731341818586
0.8855	137	54	0.55	0.593751861176422	0.593752439378056	0.346291039730216	0.346291039730216	0.346291375860971	-0.00173822228626364
0.886	137	54	0.55	0.593405815327726	0.593406400103847	0.345900362432542	0.345900362432542	0.34590070246342	-0.00172913301854212
0.8865	137	54	0.55	0.593061368822332	0.593061960260391	0.345511710214126	0.345511710214126	0.34551205419416	-0.00172004473132388
0.887	137	54	0.55	0.592718553696115	0.592719151885844	0.345125116919789	0.345125116919789	0.345125464899321	-0.00171095651563347
0.8875	137	54	0.55	0.592377403548903	0.592378008582405	0.344740618099879	0.344740618099879	0.344740970130617	-0.00170186743586716
0.888	137	54	0.55	0.59203795363457	0.592038565606438	0.344358251107928	0.344358251107928	0.344358607243006	-0.001692776528357
0.8885	137	54	0.55	0.59170024095758	0.591700859964994	0.343978055205277	0.343978055205277	0.343978415499316	-0.00168368279984161
0.889	137	54	0.55	0.591364304376462	0.591364930519293	0.343600071673196	0.343600071673196	0.343600436182363	-0.00167458522583629
0.8895	137	54	0.55	0.591030184714802	0.59103081809573	0.343224343933174	0.343224343933174	0.343224712715259	-0.00166548274889439
0.89	137	54	0.55	0.590697924880449	0.590698565605106	0.342850917676116	0.342850917676116	0.342851290790589	-0.00165637427675069
0.8905	137	54	0.55	0.59036756999369	0.590368218170764	0.34247984100116	0.34247984100116	0.342480218509263	-0.00164725868033706
0.891	137	54	0.55	0.590039167525078	0.590039823266474	0.342111164565065	0.342111164565065	0.342111546529888	-0.00163813479165926
0.8915	137	54	0.55	0.589712767443938	0.589713430864915	0.341744941743078	0.341744941743078	0.341745328229638	-0.00162900140152316
0.892	137	54	0.55	0.589388422378429	0.589389093597762	0.341381228802341	0.341381228802341	0.341381619877675	-0.00161985725709675
0.8925	137	54	0.55	0.589066187788311	0.589066866928449	0.341020085089021	0.341020085089021	0.34102048082229	-0.00161070105929327
0.893	137	54	0.55	0.588746122151559	0.588746809338819	0.340661573230493	0.340661573230493	0.34066197369308	-0.00160153145995949
0.8935	137	54	0.55	0.588428287166263	0.588428982531005	0.340305759354	0.340305759354	0.340306164619609	-0.00159234705885077
0.894	137	54	0.55	0.588112747969214	0.588113451646042	0.339952713323376	0.339952713323376	0.339953123468171	-0.00158314640037304
0.8945	137	54	0.55	0.587799573372876	0.587800285500863	0.339602508995754	0.339602508995754	0.339602924098463	-0.00157392797006902
0.895	137	54	0.55	0.587488836122645	0.587489556845566	0.339255224500125	0.339255224500125	0.339255644642181	-0.00156469019082423
0.8955	137	54	0.55	0.587180613176482	0.587181342643031	0.338910942540127	0.338910942540127	0.338911367805813	-0.00155543141876518
0.896	137	54	0.55	0.58687498600915	0.586875724373228	0.338569750723548	0.338569750723548	0.338570181200145	-0.00154614993881725
0.8965	137	54	0.55	0.58657204094386	0.586572788364866	0.338231741921422	0.338231741921422	0.338232177699364	-0.00153684395988932
0.897	137	54	0.55	0.586271869514249	0.586272626157344	0.337897014659866	0.337897014659866	0.337897455832934	-0.00152751160964441
0.8975	137	54	0.55	0.585974568859906	0.585975334896365	0.337565673548426	0.337565673548426	0.337566120213918	-0.00151815092881278
0.898	137	54	0.55	0.585680242159425	0.585681017766992	0.337237829748862	0.337237829748862	0.337238282007796	-0.00150875986499766
0.8985	137	54	0.55	0.585388999105243	0.585389784468482	0.336913601489157	0.336913601489157	0.3369140594465	-0.00149933626591692
0.899	137	54	0.55	0.585100956425038	0.585101751735753	0.336593114628005	0.336593114628005	0.336593578392898	-0.00148987787201698
0.8995	137	54	0.55	0.584816238455419	0.584817043913087	0.33627650327579	0.33627650327579	0.336276972961804	-0.0014803823083863
0.9	137	54	0.55	0.584534977774164	0.584535793586414	0.335963910478956	0.335963910478956	0.335964386204366	-0.00147084707588497
0.9005	137	54	0.55	0.584257315898385	0.584258142281499	0.335655488975672	0.335655488975672	0.335655970863754	-0.00146126954139685
0.901	137	54	0.55	0.583983404056904	0.583984241236378	0.335351402031851	0.335351402031851	0.335351890211196	-0.00145164692709432
0.9015	137	54	0.55	0.583713404046554	0.583714252257724	0.335051824367923	0.335051824367923	0.335052318972803	-0.00144197629859179
0.902	137	54	0.55	0.583447489183617	0.583448348672273	0.334756943188518	0.334756943188518	0.334757444359247	-0.00143225455184435
0.9025	137	54	0.55	0.583185845363107	0.583186716386252	0.334466959328924	0.334466959328924	0.334467467212298	-0.0014224783986236
0.903	137	54	0.55	0.582928672241219	0.582929555067827	0.33418208853472	0.33418208853472	0.334182603284445	-0.00141264435037967
0.9035	137	54	0.55	0.582676184558231	0.582677079470128	0.333902562893403	0.333902562893403	0.333903084670617	-0.00140274870026266
0.904	137	54	0.55	0.582428613622596	0.582429520915391	0.333628632440412	0.333628632440412	0.333629161414212	-0.0013927875030417
0.9045	137	54	0.55	0.582186208980239	0.582187128964369	0.333360566965523	0.333360566965523	0.333361103313586	-0.00138275655261226
0.905	137	54	0.55	0.581949240297679	0.581950173299547	0.333098658050616	0.333098658050616	0.333099201959841	-0.00137265135672892
0.9055	137	54	0.55	0.581717999492712	0.581718945855959	0.332843221375259	0.332843221375259	0.332843773042521	-0.00136246710853267
0.906	137	54	0.55	0.581492803152943	0.581493763239855	0.332594599333788	0.332594599333788	0.332595158966737	-0.00135219865436143
0.9065	137	54	0.55	0.581273995290351	0.581274969483424	0.332353164015919	0.332353164015919	0.332353731833886	-0.00134184045723331
0.907	137	54	0.55	0.581061950489766	0.581062939193435	0.332119320613578	0.332119320613578	0.332119896848595	-0.00133138655526904
0.9075	137	54	0.55	0.580857077521274	0.580858081163862	0.331893511329755	0.331893511329755	0.33189409622767	-0.00132083051416896
0.908	137	54	0.55	0.580659823501625	0.580660842537543	0.33167621988138	0.33167621988138	0.331676813703125	-0.00131016537267033
0.9085	137	54	0.55	0.580470678708777	0.580471713620979	0.331467976708886	0.331467976708886	0.331468579731917	-0.00129938357967448
0.909	137	54	0.55	0.580290182177532	0.58029123348028	0.331269365031048	0.331269365031048	0.331269977550939	-0.00128847692143247
0.9095	137	54	0.55	0.58011892823491	0.580119996476956	0.331081027916736	0.331081027916736	0.331081650249003	-0.00127743643679723
0.91	137	54	0.55	0.579957574173309	0.579958659941498	0.330903676587811	0.330903676587811	0.330904309070039	-0.00126625231805781
0.9105	137	54	0.55	0.579806849310369	0.579807953233746	0.330738100222814	0.330738100222814	0.330738743217004	-0.00125491379423958
0.911	137	54	0.55	0.579667565751187	0.579668688505751	0.330585177602875	0.330585177602875	0.330585831498211	-0.00124340899291976
0.9115	137	54	0.55	0.579540631256899	0.579541773571115	0.330445891037261	0.330445891037261	0.330446556253295	-0.00123172477551401
0.912	137	54	0.55	0.579427064741478	0.579428227402657	0.330321343133374	0.330321343133374	0.330322020123738	-0.0012198465395252
0.9125	137	54	0.55	0.579328015077896	0.579329198939748	0.330212777148621	0.330212777148621	0.330213466405396	-0.00120775797926611
0.913	137	54	0.55	0.579244784113556	0.579245990104887	0.330121601898117	0.330121601898117	0.330122303956871	-0.00119544079386591
0.9135	137	54	0.55	0.579178855096907	0.579180084232269	0.330049422519742	0.330049422519742	0.330050137965704	-0.00118287432761424
0.914	137	54	0.55	0.579131928145965	0.579133181538222	0.329998078861542	0.329998078861542	0.329998808336887	-0.00117003512241655
0.9145	137	54	0.55	0.579105965000074	0.579107243875636	0.329969693918383	0.329969693918383	0.329970438131061	-0.00115689635456729
0.915	137	54	0.55	0.579103246190624	0.579104551908099	0.329966735712774	0.329966735712774	0.329967495447327	-0.00114342711701626
0.9155	137	54	0.55	0.579126445097144	0.579127779170355	0.329992097455895	0.329992097455895	0.329992873586784	-0.00112959149188809
0.916	137	54	0.55	0.579178725382821	0.579180089509699	0.330049203020516	0.330049203020516	0.330049996528888	-0.00111534733302136
0.9165	137	54	0.55	0.579263871473263	0.579265267572507	0.330142148190227	0.330142148190227	0.330142960185156	-0.00110064463927033
0.917	137	54	0.55	0.579386466840433	0.579387897098909	0.330275893670517	0.330275893670517	0.330276725416507	-0.00108542333658191
0.9175	137	54	0.55	0.579552143330541	0.579553610265775	0.33045653502803	0.33045653502803	0.330457387981226	-0.00106961018266415
0.918	137	54	0.55	0.579767939412895	0.579769445957268	0.330691690578273	0.330691690578273	0.330692566435298	-0.00105311432827236
0.9185	137	54	0.55	0.580042831652264	0.580044381269599	0.330991076864356	0.330991076864356	0.330991977629915	-0.00103582074483774
0.919	137	54	0.55	0.580388553986661	0.580390150838943	0.331367395829622	0.331367395829622	0.331368323913191	-0.00101758011164187
0.9195	137	54	0.55	0.580820921314514	0.580822570509973	0.331837768189714	0.331837768189714	0.331838726549434	-0.000998192506978931
0.92	137	54	0.55	0.581362097292365	0.581363805273652	0.332426189504982	0.332426189504982	0.332427181872788	-0.00097737951288377
0.9205	137	54	0.55	0.582044786936945	0.582046562129507	0.333168071185525	0.333168071185525	0.333169102443279	-0.000954732729090333
0.921	137	54	0.55	0.582920826444457	0.582922680440818	0.334119544818818	0.334119544818818	0.334120621685288	-0.000929608458319543
0.9215	137	54	0.55	0.58408158868351	0.584083538707248	0.33537956673767	0.33537956673767	0.335380699198022	-0.000900877922586987
0.922	137	54	0.55	0.58571942728545	0.585721502530619	0.337156483811286	0.337156483811286	0.337157688795189	-0.000866176318892304
0.9225	137	54	0.55	0.588426763922097	0.588429030879947	0.34009208180479	0.34009208180479	0.340093397882178	-0.000818253715069551
0.92275	137	54	0.55	0.591190382900892	0.591192834865661	0.343087514440019	0.343087514440019	0.343088937791305	-0.000777030738782709
0.9228125	137	54	0.55	0.592767059970074	0.592769614823039	0.344796177122488	0.344796177122488	0.344797660158611	-0.000755931856041059
0.922828125	137	54	0.55	0.593721455477527	0.593724072035384	0.345830425290792	0.345830425290792	0.345831944130171	-0.000743840657532311
0.922828140258	137	54	0.55	0.593723262198067	0.593725878872417	0.345832383162518	0.345832383162518	0.345833902069499	-0.00074381820985415
0.922828147887	137	54	0.55	0.59372416788178	0.593726784614529	0.345833364616195	0.345833364616195	0.345834883557063	-0.000743806957753758
0.922828149794	137	54	0.55	0.593724394516432	0.593727011263794	0.345833610211218	0.345833610211218	0.345835129160565	-0.000743804142136767
0.922828150747	137	54	0.55	0.593724507810862	0.593727124565525	0.345833732983917	0.345833732983917	0.345835251937499	-0.000743802734622256
0.9228281517	137	54	0.55	0.593724621129636	0.593727237891608	0.345833855782997	0.345833855782997	0.345835374740822	-0.000743801326811547
0.922828151938	137	54	0.55	0.593724649433367	0.593727266197166	0.345833886454633	0.345833886454633	0.345835405413517	-0.00074380097518237
0.922828151997	137	54	0.55	0.593724656450165	0.593727273214412	0.345833894058454	0.345833894058454	0.345835413017602	-0.000743800888009912
0.922828152026	137	54	0.55	0.593724659899064	0.593727276663537	0.345833897795896	0.345833897795896	0.345835416755171	-0.000743800845162783
0.922828152055	137	54	0.55	0.593724663347983	0.593727280112679	0.345833901533353	0.345833901533353	0.345835420492759	-0.000743800802315413
0.922828152069	137	54	0.55	0.593724665013101	0.593727281777904	0.345833903337777	0.345833903337777	0.345835422297243	-0.000743800781629039
0.922828152076	137	54	0.55	0.593724665845538	0.593727282610397	0.345833904239858	0.345833904239858	0.345835423199356	-0.000743800771287272
0.922828152083	137	54	0.55	0.593724666678006	0.593727283442918	0.345833905141967	0.345833905141967	0.345835424101499	-0.000743800760945172
0.922828152086	137	54	0.55	0.593724667034855	0.593727283799787	0.345833905528669	0.345833905528669	0.345835424488213	-0.000743800756511941
0.922828152089	137	54	0.55	0.593724667391593	0.593727284156549	0.34583390591525	0.34583390591525	0.345835424874809	-0.00074380075208002
0.922828152092	137	54	0.55	0.59372466774844	0.593727284513417	0.345833906301954	0.345833906301954	0.345835425261522	-0.000743800747646805
