0.80	20	50	1.835000	-7.175476820053817e-06	-9.120819279839765e-06	4.137608100140966e-06	4.137608100140966e-06	-5.418935099976707e-06	-3.890407782003447e-05
0.80	21	50	1.835000	-1.937361427994944e-05	-2.083012331999257e-05	-1.741793848020201e-05	-1.741793848020201e-05	-2.477209794982116e-05	-2.786651637098903e-05
0.80	22	50	1.835000	-8.716080710069463e-06	-9.896164280043251e-06	-3.737456909957970e-06	-3.737456909957970e-06	-9.580469500169997e-06	-2.366635933598316e-05
0.80	23	50	1.835000	-1.025760822992439e-05	-1.119132222004993e-05	-7.942920769998807e-06	-7.942920769998807e-06	-1.260533384983553e-05	-1.827710811902472e-05
0.80	24	50	1.835000	-6.799075100039076e-06	-7.557484680065230e-06	-4.152049109862332e-06	-4.152049109862332e-06	-7.906946550173544e-06	-1.521047505398387e-05
0.80	25	50	1.835000	-6.260867899898770e-06	-6.877316259812360e-06	-4.457653680178808e-06	-4.457653680178808e-06	-7.512153729960502e-06	-1.226241488400115e-05
0.80	26	50	1.835000	-4.838311710164689e-06	-5.345343970120098e-06	-3.190798949948004e-06	-3.190798949948004e-06	-5.691116669925833e-06	-1.019577608701860e-05
0.80	27	50	1.835000	-4.170010859949613e-06	-4.589432089918688e-06	-2.884649209944357e-06	-2.884649209944357e-06	-4.948785690128688e-06	-8.422505914984502e-06
0.80	28	50	1.835000	-3.417969129948517e-06	-3.767604290105808e-06	-2.311455179926369e-06	-2.311455179926369e-06	-4.025655879980050e-06	-7.058554720995591e-06
0.80	29	50	1.835000	-2.907236549942738e-06	-3.200474290032673e-06	-1.995045390001948e-06	-1.995045390001948e-06	-3.428364999891187e-06	-5.925938011019927e-06
0.80	30	50	1.835000	-2.447137530170451e-06	-2.694593869811968e-06	-1.670475500148427e-06	-1.670475500148427e-06	-2.875644520061726e-06	-5.015876684000276e-06
0.80	31	50	1.835000	-2.089545529937453e-06	-2.299529290095137e-06	-1.434048439996616e-06	-1.434048439996616e-06	-2.453159479998135e-06	-4.263005869975522e-06
0.80	32	50	1.835000	-1.785206380056081e-06	-1.964336060034100e-06	-1.224816059908207e-06	-1.224816059908207e-06	-2.090972329948926e-06	-3.644231048982594e-06
0.80	33	50	1.835000	-1.536420159986562e-06	-1.689984090003094e-06	-1.056894880058223e-06	-1.056894880058223e-06	-1.796676980081457e-06	-3.129034398030583e-06
0.80	34	50	1.835000	-1.326806649881718e-06	-1.459067100029188e-06	-9.137534400238678e-07	-9.137534400238678e-07	-1.548476779911212e-06	-2.699385959981093e-06
0.80	35	50	1.835000	-1.151558320033885e-06	-1.265970309916042e-06	-7.946011799653263e-07	-7.946011799653263e-07	-1.341547799960097e-06	-2.338451969008393e-06
0.80	36	50	1.835000	-1.003275019950678e-06	-1.102657199991697e-06	-6.933624099314528e-07	-6.933624099314528e-07	-1.166591609980117e-06	-2.034093584013519e-06
0.80	37	50	1.835000	-8.776686801770239e-07	-9.643335900921812e-07	-6.076333500804054e-07	-6.076333500804054e-07	-1.018663960072885e-06	-1.776085813975925e-06
0.80	38	50	1.835000	-7.705888398490401e-07	-8.464442098343739e-07	-5.344052700362312e-07	-5.344052700362312e-07	-8.927181600615341e-07	-1.556471424024597e-06
0.80	39	50	1.835000	-6.789997100131728e-07	-7.456273900530164e-07	-4.717213699656497e-07	-4.717213699656497e-07	-7.851624199695095e-07	-1.368719035999000e-06
0.80	40	50	1.835000	-6.003008401478382e-07	-6.590189600697016e-07	-4.177837400476392e-07	-4.177837400476392e-07	-6.928769300529325e-07	-1.207578166961820e-06
0.80	41	50	1.835000	-5.324327398970041e-07	-5.843447399289659e-07	-3.712177898407276e-07	-3.712177898407276e-07	-6.134114498568266e-07	-1.068743939014460e-06
0.80	42	50	1.835000	-4.736806700211815e-07	-5.197143899682288e-07	-3.308554501479932e-07	-3.308554501479932e-07	-5.447218700549428e-07	-9.486971930261490e-07
0.80	43	50	1.835000	-4.226439600518717e-07	-4.635828101395845e-07	-2.957514699808428e-07	-2.957514699808428e-07	-4.851422901186453e-07	-8.445349379826439e-07
0.80	44	50	1.835000	-3.781584698714369e-07	-4.146665999460453e-07	-2.651152799515444e-07	-2.651152799515444e-07	-4.332879199875350e-07	-7.538570940268663e-07
0.80	45	50	1.835000	-3.392589100759125e-07	-3.719015599923381e-07	-2.382927100086363e-07	-2.382927100086363e-07	-3.880118000232358e-07	-6.746682759684042e-07
0.80	46	50	1.835000	-3.051387500452307e-07	-3.343986600956583e-07	-2.147359299264906e-07	-2.147359299264906e-07	-3.483579198437781e-07	-6.053037610032064e-07
0.80	47	50	1.835000	-2.751224998931434e-07	-3.014134399847990e-07	-1.939861000721521e-07	-1.939861000721521e-07	-3.135249799779416e-07	-5.443686780237655e-07
0.80	48	50	1.835000	-2.486417300939792e-07	-2.723195198228723e-07	-1.756566698762896e-07	-1.756566698762896e-07	-2.828413900868298e-07	-4.906900200052355e-07
0.80	49	50	1.835000	-2.252166000360489e-07	-2.465882300572986e-07	-1.594211500588472e-07	-1.594211500588472e-07	-2.557383500523258e-07	-4.432776639640146e-07
0.80	50	50	1.835000	-2.044404299184066e-07	-2.237715499564530e-07	-1.450025799432098e-07	-1.450025799432098e-07	-2.317350500380400e-07	-4.012929590291314e-07
0.80	51	50	1.835000	-1.859675100579494e-07	-2.034886801283164e-07	-1.321653400054856e-07	-1.321653400054856e-07	-2.104262299962301e-07	-3.640231449608677e-07
0.80	52	50	1.835000	-1.695028799542087e-07	-1.854147999580391e-07	-1.207082900300804e-07	-1.207082900300804e-07	-1.914608598330148e-07	-3.308605029950229e-07
0.80	53	50	1.835000	-1.547941699264754e-07	-1.692719799883946e-07	-1.104591300649105e-07	-1.104591300649105e-07	-1.745427600230443e-07	-3.012852590189574e-07
0.80	54	50	1.835000	-1.416247501495604e-07	-1.548216899127652e-07	-1.012699000213502e-07	-1.012699000213502e-07	-1.594193199672134e-07	-2.748515209871627e-07
0.80	55	50	1.835000	-1.298080898326504e-07	-1.418586301760172e-07	-9.301309988885009e-08	-9.301309988885009e-08	-1.458667500120470e-07	-2.511756770351425e-07
0.80	56	50	1.835000	-1.191832501579171e-07	-1.302055998575469e-07	-8.557861019831137e-08	-8.557861019831137e-08	-1.337021000580307e-07	-2.299267790051296e-07
0.80	57	50	1.835000	-1.096108399600837e-07	-1.197092200921901e-07	-7.887097996928105e-08	-7.887097996928105e-08	-1.227557899774467e-07	-2.108185399585238e-07
0.80	58	50	1.835000	-1.009698999965281e-07	-1.102363700322684e-07	-7.280735991876952e-08	-7.280735991876952e-08	-1.128893900581573e-07	-1.936026720050776e-07
0.80	59	50	1.835000	-9.315520999031435e-08	-1.016712698476141e-07	-6.731557000705379e-08	-6.731557000705379e-08	-1.039789498946675e-07	-1.780633029913048e-07
0.80	60	50	1.835000	-8.607496004842119e-08	-9.391294009120088e-08	-6.233259997046048e-08	-6.233259997046048e-08	-9.592079996956215e-08	-1.640122870294469e-07
0.80	61	50	1.835000	-7.964889991995960e-08	-8.687309005495081e-08	-5.780336009841847e-08	-5.780336009841847e-08	-8.861331002307793e-08	-1.512852639828921e-07
0.80	62	50	1.835000	-7.380671007695128e-08	-8.047434985058999e-08	-5.367947997214628e-08	-5.367947997214628e-08	-8.198273016013502e-08	-1.397383290191456e-07
0.80	63	50	1.835000	-6.848660993874489e-08	-7.464883999830363e-08	-4.991845004020945e-08	-4.991845004020945e-08	-7.595128992399225e-08	-1.292452049828086e-07
0.80	64	50	1.835000	-6.363423987743033e-08	-6.933674012721269e-08	-4.648289997355448e-08	-4.648289997355448e-08	-7.045953998030541e-08	-1.196948570258982e-07
0.80	65	50	1.835000	-5.920167001072230e-08	-6.448537992476133e-08	-4.333974001902163e-08	-4.333974001902163e-08	-6.544884012527064e-08	-1.109894429696112e-07
0.80	66	50	1.835000	-5.514652001714637e-08	-6.004815000792973e-08	-4.045975998678841e-08	-4.045975998678841e-08	-6.087107995433882e-08	-1.030425830217396e-07
0.80	67	50	1.835000	-5.143125014761551e-08	-5.598384000826684e-08	-3.781706992000977e-08	-3.781706992000977e-08	-5.668369995603939e-08	-9.577786497239060e-08
0.80	68	50	1.835000	-4.802260988867602e-08	-5.225586008350547e-08	-3.538867998642559e-08	-3.538867998642559e-08	-5.284678006312049e-08	-8.912756899182028e-08
0.80	69	50	1.835000	-4.489100002835755e-08	-4.883170001690473e-08	-3.315414009996687e-08	-3.315414009996687e-08	-4.932802988300011e-08	-8.303156900923980e-08
0.80	70	50	1.835000	-4.201009007331891e-08	-4.568243983094078e-08	-3.109519997046561e-08	-3.109519997046561e-08	-4.609201997851642e-08	-7.743638502644146e-08
0.80	71	50	1.835000	-3.935636994079061e-08	-4.278226017895292e-08	-2.919559993763698e-08	-2.919559993763698e-08	-4.312018009322571e-08	-7.229437498645908e-08
0.80	72	50	1.835000	-3.690886996032816e-08	-4.010812992838453e-08	-2.744079008465405e-08	-2.744079008465405e-08	-4.037767986631025e-08	-6.756301501598116e-08
0.80	73	50	1.835000	-3.464882003534342e-08	-3.763938005718614e-08	-2.581775992993585e-08	-2.581775992993585e-08	-3.785333002603863e-08	-6.320430001593991e-08
0.80	74	50	1.835000	-3.255934011292538e-08	-3.535757997497058e-08	-2.431477996722720e-08	-2.431477996722720e-08	-3.551909011356713e-08	-5.918419698769384e-08
0.80	75	50	1.835000	-3.062535980369319e-08	-3.324608988108935e-08	-2.292137013526485e-08	-2.292137013526485e-08	-3.336291998223828e-08	-5.547219900092770e-08
0.80	76	50	1.835000	-2.883327998581819e-08	-3.129004011448444e-08	-2.162807000161138e-08	-2.162807000161138e-08	-3.136988002694352e-08	-5.204090497423763e-08
0.80	77	50	1.835000	-2.717085001435748e-08	-2.947595989510887e-08	-2.042636992882763e-08	-2.042636992882763e-08	-2.951765987191379e-08	-4.886567300799172e-08
0.80	78	50	1.835000	-2.562707002162767e-08	-2.779177998846194e-08	-1.930857007614861e-08	-1.930857007614861e-08	-2.780472008190316e-08	-4.592431701588851e-08
0.80	79	50	1.835000	-2.419194000680136e-08	-2.622656003481438e-08	-1.826771001134375e-08	-1.826771001134375e-08	-2.621337991115524e-08	-4.319682000986091e-08
0.80	80	50	1.835000	-2.285650002598061e-08	-2.477039995341102e-08	-1.729752985291100e-08	-1.729752985291100e-08	-2.473485016807331e-08	-4.066511399836159e-08
0.80	81	50	1.835000	-2.161253997989832e-08	-2.341439020447922e-08	-1.639229996186486e-08	-1.639229996186486e-08	-2.335919990770208e-08	-3.831285999567058e-08
0.80	82	50	1.835000	-2.045272995410130e-08	-2.215040995068307e-08	-1.554688000560134e-08	-1.554688000560134e-08	-2.207508997820185e-08	-3.612526300322827e-08
0.80	83	50	1.835000	-1.937033000665167e-08	-2.097107998366710e-08	-1.475653998994630e-08	-1.475653998994630e-08	-2.088358996843453e-08	-3.408891297018712e-08
0.80	84	50	1.835000	-1.835923013615570e-08	-1.986976005952101e-08	-1.401701998915428e-08	-1.401701998915428e-08	-1.977000008146490e-08	-3.219163902112854e-08
0.80	85	50	1.835000	-1.741389987763853e-08	-1.884033995480650e-08	-1.332443000379158e-08	-1.332443000379158e-08	-1.872689003867833e-08	-3.042238100325889e-08
0.80	86	50	1.835000	-1.652927017481431e-08	-1.787726988666805e-08	-1.267521998471466e-08	-1.267521998471466e-08	-1.775450986229998e-08	-2.877107996290817e-08
0.80	87	50	1.835000	-1.570076979540147e-08	-1.697552010071490e-08	-1.206615007909306e-08	-1.206615007909306e-08	-1.684718009542507e-08	-2.722857000980738e-08
0.80	88	50	1.835000	-1.492413015391492e-08	-1.613048006277040e-08	-1.149421002821782e-08	-1.149421002821782e-08	-1.599340992974874e-08	-2.578649799245269e-08
0.80	89	50	1.835000	-1.419556006077016e-08	-1.533790983110350e-08	-1.095677992779542e-08	-1.095677992779542e-08	-1.519779013747780e-08	-2.443723701173184e-08
0.80	90	50	1.835000	-1.351148992689843e-08	-1.459399001646489e-08	-1.045130004762029e-08	-1.045130004762029e-08	-1.444788000348751e-08	-2.317381903038651e-08
0.80	91	50	1.835000	-1.286875006556443e-08	-1.389516013361458e-08	-9.975529957628737e-09	-9.975529957628737e-09	-1.374526981123836e-08	-2.198987297807875e-08
0.80	92	50	1.835000	-1.226432000400735e-08	-1.323818987764014e-08	-9.527379996043805e-09	-9.527379996043805e-09	-1.308550001688502e-08	-2.087956002538860e-08
0.80	93	50	1.835000	-1.169553986990479e-08	-1.262012006009172e-08	-9.104920151159490e-09	-9.104920151159490e-09	-1.246775016561230e-08	-1.983753594725357e-08
0.80	94	50	1.835000	-1.115990011513190e-08	-1.203819999240352e-08	-8.706369847288897e-09	-8.706369847288897e-09	-1.188049991718287e-08	-1.885889200359259e-08
0.80	95	50	1.835000	-1.065508992148523e-08	-1.148993988842051e-08	-8.330130141231962e-09	-8.330130141231962e-09	-1.133472005143688e-08	-1.793912302039402e-08
0.80	96	50	1.835000	-1.017902007127702e-08	-1.097303004016226e-08	-7.974690019452169e-09	-7.974690019452169e-09	-1.081606004760260e-08	-1.707408997519977e-08
0.80	97	50	1.835000	-9.729729910645801e-09	-1.048533015968189e-08	-7.638689902833562e-09	-7.638689902833562e-09	-1.033005991857294e-08	-1.625998302667853e-08
0.80	98	50	1.835000	-9.305449966134915e-09	-1.002487981516254e-08	-7.320819950251689e-09	-7.320819950251689e-09	-9.870219974672523e-09	-1.549329398109478e-08
0.80	99	50	1.835000	-8.904480042204455e-09	-9.589880001215079e-09	-7.019909986638595e-09	-7.019909986638595e-09	-9.430920044906088e-09	-1.477079203393572e-08
0.80	100	50	1.835000	-8.525359973532431e-09	-9.178640070217625e-09	-6.734899971050368e-09	-6.734899971050368e-09	-9.027969927188906e-09	-1.408949396042303e-08
0.80	101	50	1.835000	-8.166610054871626e-09	-8.789639904804858e-09	-6.464730084587700e-09	-6.464730084587700e-09	-8.633149972681053e-09	-1.344665001568046e-08
0.80	102	50	1.835000	-7.826949977030040e-09	-8.421429997795826e-09	-6.208519920392064e-09	-6.208519920392064e-09	-8.275790053247079e-09	-1.283971701182551e-08
0.80	103	50	1.835000	-7.505170041000042e-09	-8.072690071969646e-09	-5.965349991754465e-09	-5.965349991754465e-09	-7.916699962251528e-09	-1.226634299689167e-08
0.80	104	50	1.835000	-7.200140039742564e-09	-7.742190000215032e-09	-5.734480001962083e-09	-5.734480001962083e-09	-7.596629991724058e-09	-1.172435398766325e-08
0.80	105	50	1.835000	-6.910819916328137e-09	-7.428810011589349e-09	-5.515090162333536e-09	-5.515090162333536e-09	-7.283720071527000e-09	-1.121173404117215e-08
0.80	106	50	1.835000	-6.636259985981496e-09	-7.131460089127017e-09	-5.306559858198057e-09	-5.306559858198057e-09	-6.993730039539514e-09	-1.072661798273700e-08
0.80	107	50	1.835000	-6.375530103852611e-09	-6.849199873926182e-09	-5.108160117117677e-09	-5.108160117117677e-09	-6.701929899932679e-09	-1.026727197706023e-08
0.80	108	50	1.835000	-6.127799823119062e-09	-6.581080125300787e-09	-4.919390006463686e-09	-4.919390006463686e-09	-6.444120126403163e-09	-9.832090031025587e-09
0.80	109	50	1.835000	-5.892330179335659e-09	-6.326279944346425e-09	-4.739590053759457e-09	-4.739590053759457e-09	-6.189679879753385e-09	-9.419580004887962e-09
0.80	110	50	1.835000	-5.668369995603939e-09	-6.083989978478144e-09	-4.568319944553423e-09	-4.568319944553423e-09	-5.949859938070290e-09	-9.028353953333124e-09
0.80	111	50	1.835000	-5.455209839411168e-09	-5.853479922990346e-09	-4.405039888411011e-09	-4.405039888411011e-09	-5.724010154750658e-09	-8.657120020849618e-09
0.80	112	50	1.835000	-5.252300150360156e-09	-5.634080091354576e-09	-4.249339990991530e-09	-4.249339990991530e-09	-5.510949918630104e-09	-8.304679999238118e-09
0.80	113	50	1.835000	-5.058979901662042e-09	-5.425119908863962e-09	-4.100739969814526e-09	-4.100739969814526e-09	-5.293389948590743e-09	-7.969913007332963e-09
0.80	114	50	1.835000	-4.874759929052175e-09	-5.226040045158697e-09	-3.958910088641687e-09	-3.958910088641687e-09	-5.102310129956322e-09	-7.651776989803238e-09
0.80	115	50	1.835000	-4.699080013992329e-09	-5.036250083634286e-09	-3.823420025028668e-09	-3.823420025028668e-09	-4.922339869040115e-09	-7.349299002701315e-09
0.80	116	50	1.835000	-4.531510056082766e-09	-4.855249979840437e-09	-3.693960026751597e-09	-3.693960026751597e-09	-4.728030189582455e-09	-7.061574991418240e-09
0.80	117	50	1.835000	-4.371560002880415e-09	-4.682539911371464e-09	-3.570199913482952e-09	-3.570199913482952e-09	-4.568629918821898e-09	-6.787753026316068e-09
0.80	118	50	1.835000	-4.218829952051806e-09	-4.517660023850567e-09	-3.451809948984419e-09	-3.451809948984419e-09	-4.403339914915705e-09	-6.527045959270339e-09
0.80	119	50	1.835000	-4.072929993270691e-09	-4.360199978847845e-09	-3.338540111030852e-09	-3.338540111030852e-09	-4.249990137594750e-09	-6.278711051077579e-09
0.80	120	50	1.835000	-3.933489978180660e-09	-4.209750104067211e-09	-3.230089973271788e-09	-3.230089973271788e-09	-4.107719941970345e-09	-6.042057965061076e-09
0.80	121	50	1.835000	-3.800160186528956e-09	-4.065940029107651e-09	-3.126249925600177e-09	-3.126249925600177e-09	-3.955360039498146e-09	-5.816437997907542e-09
0.80	122	50	1.835000	-3.672639969920510e-09	-3.928399827657358e-09	-3.026730199806593e-09	-3.026730199806593e-09	-3.829099926022650e-09	-5.601244024155960e-09
0.80	123	50	1.835000	-3.550600036206220e-09	-3.796830183588895e-09	-2.931369813552465e-09	-2.931369813552465e-09	-3.699230033404888e-09	-5.395907998195781e-09
0.80	124	50	1.835000	-3.433759943050063e-09	-3.670889814344491e-09	-2.839890100858611e-09	-2.839890100858611e-09	-3.568040085610846e-09	-5.199898012175908e-09
0.80	125	50	1.835000	-3.321859898264279e-09	-3.550310045952187e-09	-2.752170047415348e-09	-2.752170047415348e-09	-3.457099939652153e-09	-5.012712966934174e-09
0.80	126	50	1.835000	-3.214650101668326e-09	-3.434799999979532e-09	-2.667949861034913e-09	-2.667949861034913e-09	-3.337859988405967e-09	-4.833882016885838e-09
0.80	127	50	1.835000	-3.111889856910466e-09	-3.324120090297811e-09	-2.587120073727078e-09	-2.587120073727078e-09	-3.236140022622180e-09	-4.662969010915674e-09
0.80	128	50	1.835000	-3.013330029943972e-09	-3.218009858585447e-09	-2.509489949176213e-09	-2.509489949176213e-09	-3.127109904355052e-09	-4.499555006365341e-09
0.80	129	50	1.835000	-2.918810082519485e-09	-3.116260138824600e-09	-2.434890067348761e-09	-2.434890067348761e-09	-3.028290063156192e-09	-4.343254977889899e-09
0.80	130	50	1.835000	-2.828099976426302e-09	-3.018630012618928e-09	-2.363200080068850e-09	-2.363200080068850e-09	-2.931640041836658e-09	-4.193699998378264e-09
0.80	131	50	1.835000	-2.741040061593480e-09	-2.924939845883046e-09	-2.294259893176331e-09	-2.294259893176331e-09	-2.844799951162713e-09	-4.050547008915828e-09
0.80	132	50	1.835000	-2.657419839735553e-09	-2.834990020517125e-09	-2.227950046673755e-09	-2.227950046673755e-09	-2.751529892819349e-09	-3.913469992511409e-09
0.80	133	50	1.835000	-2.577080104870788e-09	-2.748600014257363e-09	-2.164149970340645e-09	-2.164149970340645e-09	-2.673720134183100e-09	-3.782168023214183e-09
0.80	134	50	1.835000	-2.499890072726885e-09	-2.665589970973770e-09	-2.102749974142171e-09	-2.102749974142171e-09	-2.589469971781000e-09	-3.656348002145648e-09
0.80	135	50	1.835000	-2.425679879181075e-09	-2.585820002565242e-09	-2.043649915961510e-09	-2.043649915961510e-09	-2.505389895546273e-09	-3.535740977778090e-09
0.80	136	50	1.835000	-2.354300088214245e-09	-2.509120022864408e-09	-1.986680153720499e-09	-1.986680153720499e-09	-2.440680102466786e-09	-3.420092986594625e-09
0.80	137	50	1.835000	-2.285649891575758e-09	-2.435370127784608e-09	-1.931820037270882e-09	-1.931820037270882e-09	-2.360849959970324e-09	-3.309158003172996e-09
0.80	138	50	1.835000	-2.219600059305549e-09	-2.364390017106643e-09	-1.878949884570602e-09	-1.878949884570602e-09	-2.294810119707336e-09	-3.202712983707556e-09
0.80	139	50	1.835000	-2.155980061147034e-09	-2.296099976817345e-09	-1.827969997592049e-09	-1.827969997592049e-09	-2.225079898110494e-09	-3.100539047729001e-09
0.80	140	50	1.835000	-2.094759921078548e-09	-2.230349904763784e-09	-1.778799996188241e-09	-1.778799996188241e-09	-2.172680035883445e-09	-3.002433968113394e-09
0.80	141	50	1.835000	-2.035769997021930e-09	-2.167030110911128e-09	-1.731369936308624e-09	-1.731369936308624e-09	-2.092599871161838e-09	-2.908208007745827e-09
0.80	142	50	1.835000	-1.978920138867579e-09	-2.106040009053345e-09	-1.685610095947254e-09	-1.685610095947254e-09	-2.056750103562877e-09	-2.817673983024349e-09
0.80	143	50	1.835000	-1.924149950482956e-09	-2.047269909155602e-09	-1.641430102949926e-09	-1.641430102949926e-09	-1.986020015110057e-09	-2.730665027428358e-09
0.80	144	50	1.835000	-1.871339971870611e-09	-1.990610121183067e-09	-1.598769783228704e-09	-1.598769783228704e-09	-1.926310000399667e-09	-2.647014996082220e-09
0.80	145	50	1.835000	-1.820380068906502e-09	-1.935989812906769e-09	-1.557570072918679e-09	-1.557570072918679e-09	-1.883190048346250e-09	-2.566571011275443e-09
0.80	146	50	1.835000	-1.771259805494196e-09	-1.883300182470293e-09	-1.517770131798102e-09	-1.517770131798102e-09	-1.826979900698689e-09	-2.489187966858708e-09
0.80	147	50	1.835000	-1.723830189703790e-09	-1.832479945562682e-09	-1.479289801764594e-09	-1.479289801764594e-09	-1.772800128918561e-09	-2.414725031041343e-09
0.80	148	50	1.835000	-1.678079897260432e-09	-1.783430070290137e-09	-1.442120201033958e-09	-1.442120201033958e-09	-1.724079989884331e-09	-2.343053973064002e-09
0.80	149	50	1.835000	-1.633879920248660e-09	-1.736079946468294e-09	-1.406149863214523e-09	-1.406149863214523e-09	-1.691439877049561e-09	-2.274047006256552e-09
0.80	150	50	1.835000	-1.591200060602205e-09	-1.690359852091206e-09	-1.371370128566696e-09	-1.371370128566696e-09	-1.642310065719244e-09	-2.207589999692061e-09
0.80	151	50	1.835000	-1.549959938174084e-09	-1.646210057160147e-09	-1.337729926831344e-09	-1.337729926831344e-09	-1.592199927458182e-09	-2.143568988977052e-09
0.80	152	50	1.835000	-1.510130021031841e-09	-1.603549959483530e-09	-1.305179964106173e-09	-1.305179964106173e-09	-1.559860018929271e-09	-2.081877004123101e-09
0.80	153	50	1.835000	-1.471610167058657e-09	-1.562320051107235e-09	-1.273670058310472e-09	-1.273670058310472e-09	-1.516510028665152e-09	-2.022414014035689e-09
0.80	154	50	1.835000	-1.434379948150877e-09	-1.522479919913167e-09	-1.243150027363527e-09	-1.243150027363527e-09	-1.474949939961334e-09	-1.965083984423188e-09
0.80	155	50	1.835000	-1.398369864347160e-09	-1.483950073932760e-09	-1.213599887250894e-09	-1.213599887250894e-09	-1.443360098107860e-09	-1.909795988019880e-09
0.80	156	50	1.835000	-1.363540169663224e-09	-1.446690101047921e-09	-1.184970122025675e-09	-1.184970122025675e-09	-1.402829852281684e-09	-1.856462039651063e-09
0.80	157	50	1.835000	-1.329840015884542e-09	-1.410639827170712e-09	-1.157249851502229e-09	-1.157249851502229e-09	-1.361300183688741e-09	-1.805001981214360e-09
0.80	158	50	1.835000	-1.297219887064216e-09	-1.375770164457890e-09	-1.130370019808424e-09	-1.130370019808424e-09	-1.334519827977942e-09	-1.755335987674300e-09
0.80	159	50	1.835000	-1.265650029225185e-09	-1.342009836591274e-09	-1.104299984788781e-09	-1.104299984788781e-09	-1.299800045373445e-09	-1.707389007954419e-09
0.80	160	50	1.835000	-1.235070046234910e-09	-1.309340191824049e-09	-1.079049960495126e-09	-1.079049960495126e-09	-1.270749949711103e-09	-1.661090986981861e-09
0.80	161	50	1.835000	-1.205459954078947e-09	-1.277689953838035e-09	-1.054530018862465e-09	-1.054530018862465e-09	-1.237960178812614e-09	-1.616375033819395e-09
0.80	162	50	1.835000	-1.176780006773015e-09	-1.247050018804430e-09	-1.030790119926905e-09	-1.030790119926905e-09	-1.208629862858857e-09	-1.573173979974030e-09
0.80	163	50	1.835000	-1.148980022236401e-09	-1.217349998583472e-09	-1.007719907519800e-09	-1.007719907519800e-09	-1.188390053030730e-09	-1.531427984424738e-09
0.80	164	50	1.835000	-1.122060000469105e-09	-1.188589893175163e-09	-9.853400317894057e-10	-9.853400317894057e-10	-1.151440054414365e-09	-1.491079038018484e-09
0.80	165	50	1.835000	-1.095920021398911e-09	-1.160709972580776e-09	-9.636000886104057e-10	-9.636000886104057e-10	-1.131849947100250e-09	-1.452071962670942e-09
0.80	166	50	1.835000	-1.070610045061926e-09	-1.133680038734042e-09	-9.425298319598596e-10	-9.425298319598596e-10	-1.100370017326213e-09	-1.414350025985556e-09
0.80	167	50	1.835000	-1.046059905362995e-09	-1.107470115613296e-09	-9.220300078993660e-10	-9.220300078993660e-10	-1.082530065588116e-09	-1.377865987972626e-09
0.80	168	50	1.835000	-1.022230078362441e-09	-1.082050005152269e-09	-9.021401403686014e-10	-9.021401403686014e-10	-1.040039832034267e-09	-1.342569999618348e-09
0.80	169	50	1.835000	-9.991298899336698e-10	-1.057399945381121e-09	-8.828200392940744e-10	-8.828200392940744e-10	-1.029960117193696e-09	-1.308417985068644e-09
0.80	170	50	1.835000	-9.766900621599461e-10	-1.033469976263746e-09	-8.640099746770602e-10	-8.640099746770602e-10	-1.006770000699930e-09	-1.275360039798556e-09
0.80	171	50	1.835000	-9.549099289074547e-10	-1.010249883748315e-09	-8.457998745825535e-10	-8.457998745825535e-10	-9.740799278290524e-10	-1.243358971336761e-09
0.80	172	50	1.835000	-9.337799422581838e-10	-9.877101359023754e-10	-8.280300889396131e-10	-8.280300889396131e-10	-9.578000614851589e-10	-1.212374034498254e-09
0.80	173	50	1.835000	-9.132501421760253e-10	-9.658400745848894e-10	-8.107798876721972e-10	-8.107798876721972e-10	-9.372700393583955e-10	-1.182363984497670e-09
0.80	174	50	1.835000	-8.933198625271643e-10	-9.445899618043541e-10	-7.940101909298392e-10	-7.940101909298392e-10	-9.290299640696276e-10	-1.153295015043909e-09
0.80	175	50	1.835000	-8.739500234611342e-10	-9.239500275981527e-10	-7.776699284534061e-10	-7.776699284534061e-10	-9.000500345024420e-10	-1.125130988377521e-09
0.80	176	50	1.835000	-8.551399588441200e-10	-9.038998438626322e-10	-7.618199404646475e-10	-7.618199404646475e-10	-8.711300569785863e-10	-1.097835988783658e-09
0.80	177	50	1.835000	-8.368501447364451e-10	-8.844200927171642e-10	-7.463600848467422e-10	-7.463600848467422e-10	-8.556297892425846e-10	-1.071380983930226e-09
0.80	178	50	1.835000	-8.190699229970733e-10	-8.654998939761072e-10	-7.313298855393668e-10	-7.313298855393668e-10	-8.528100448046416e-10	-1.045732000992672e-09
0.80	179	50	1.835000	-8.017899677525975e-10	-8.470901757817728e-10	-7.167000326546713e-10	-7.167000326546713e-10	-8.269800400029226e-10	-1.020862006040346e-09
0.80	180	50	1.835000	-7.849800809367480e-10	-8.292098119255797e-10	-7.024401060817809e-10	-7.024401060817809e-10	-8.036900034369410e-10	-9.967420222523060e-10
0.80	181	50	1.835000	-7.686400405049199e-10	-8.118101746390494e-10	-6.885798597977555e-10	-6.885798597977555e-10	-7.789400235935773e-10	-9.733439609860284e-10
0.80	182	50	1.835000	-7.527598544498915e-10	-7.948899316545521e-10	-6.750600078930802e-10	-6.750600078930802e-10	-7.782599009686919e-10	-9.506430087569129e-10
0.80	183	50	1.835000	-7.372700228103213e-10	-7.784399791432861e-10	-6.619200743074316e-10	-6.619200743074316e-10	-7.619700426175768e-10	-9.286130198127296e-10
0.80	184	50	1.835000	-7.222400455475508e-10	-7.624298969943766e-10	-6.490799009384318e-10	-6.490799009384318e-10	-7.512499511364013e-10	-9.072320117375909e-10
0.80	185	50	1.835000	-7.075799945965855e-10	-7.468501372898118e-10	-6.365901139560037e-10	-6.365901139560037e-10	-7.185601003101283e-10	-8.864750045134429e-10
0.80	186	50	1.835000	-6.933200680236951e-10	-7.316900418885552e-10	-6.244100791974461e-10	-6.244100791974461e-10	-7.087799236416004e-10	-8.663219586146909e-10
0.80	187	50	1.835000	-6.794500517770530e-10	-7.169298488207687e-10	-6.125600027218070e-10	-6.125600027218070e-10	-6.984099965023916e-10	-8.467490042463055e-10
0.80	188	50	1.835000	-6.659199858205511e-10	-7.025600101684404e-10	-6.009899244929784e-10	-6.009899244929784e-10	-6.946601072144176e-10	-8.277400431744297e-10
0.80	189	50	1.835000	-6.527598461758544e-10	-6.885600978279172e-10	-5.897000665555652e-10	-5.897000665555652e-10	-6.556599707607802e-10	-8.092729819608735e-10
0.80	190	50	1.835000	-6.399301089032861e-10	-6.749398817618157e-10	-5.787099688348007e-10	-5.787099688348007e-10	-6.465898927388025e-10	-7.913280031246472e-10
0.80	191	50	1.835000	-6.274498698388697e-10	-6.616700520822860e-10	-5.679798853464035e-10	-5.679798853464035e-10	-6.593900980789158e-10	-7.738910068333382e-10
0.80	192	50	1.835000	-6.152600651176954e-10	-6.487399506482916e-10	-5.575000461277568e-10	-5.575000461277568e-10	-6.414799802456628e-10	-7.569410098717810e-10
0.80	193	50	1.835000	-6.034099886420563e-10	-6.361300375345991e-10	-5.473199671257589e-10	-5.473199671257589e-10	-6.173199729175849e-10	-7.404649671194363e-10
0.80	194	50	1.835000	-5.918401324578326e-10	-6.238600747110468e-10	-5.373299583055768e-10	-5.373299583055768e-10	-6.109099892626091e-10	-7.244450039856076e-10
0.80	195	50	1.835000	-5.805598224384312e-10	-6.118898721041433e-10	-5.276301617840318e-10	-5.276301617840318e-10	-5.814999592956838e-10	-7.088650222364379e-10
0.80	196	50	1.835000	-5.695901528213199e-10	-6.002200958477033e-10	-5.181199913550927e-10	-5.181199913550927e-10	-5.845901540624254e-10	-6.937119767513877e-10
0.80	197	50	1.835000	-5.588598472883177e-10	-5.888400878006905e-10	-5.088598431512992e-10	-5.088598431512992e-10	-5.837199612557242e-10	-6.789739881440937e-10
0.80	198	50	1.835000	-5.483999920841143e-10	-5.777498479631049e-10	-4.998201852401962e-10	-4.998201852401962e-10	-5.748899134516705e-10	-6.646310168889613e-10
0.80	199	50	1.835000	-5.382001511122780e-10	-5.669400504615396e-10	-4.909899153915376e-10	-4.909899153915376e-10	-5.357601029487569e-10	-6.506760130697842e-10
0.80	200	50	1.835000	-5.282698722908208e-10	-5.563800531405150e-10	-4.823499377692997e-10	-4.823499377692997e-10	-5.578999484612268e-10	-6.370939886757299e-10
0.80	201	50	1.835000	-5.185600837620541e-10	-5.460800700518575e-10	-4.739399983577641e-10	-4.739399983577641e-10	-5.160800675696464e-10	-6.238740080100058e-10
0.80	202	50	1.835000	-5.090798893547799e-10	-5.360398791509624e-10	-4.657001451136011e-10	-4.657001451136011e-10	-5.285099025087447e-10	-6.110039696416436e-10
0.80	203	50	1.835000	-4.998301772474179e-10	-5.262399405125961e-10	-4.576599099692658e-10	-4.576599099692658e-10	-5.288200988218250e-10	-5.984709949835576e-10
0.80	204	50	1.835000	-4.908198292241650e-10	-5.166700400849322e-10	-4.498099670513511e-10	-4.498099670513511e-10	-4.894300520419392e-10	-5.862670349188193e-10
0.80	205	50	1.835000	-4.819900034647162e-10	-5.073299558233657e-10	-4.421101262863658e-10	-4.421101262863658e-10	-4.980598156123506e-10	-5.743809872171823e-10
0.80	206	50	1.835000	-4.734099778858081e-10	-4.982101398098848e-10	-4.346099036212081e-10	-4.346099036212081e-10	-5.081901566228453e-10	-5.628030264048789e-10
0.80	207	50	1.835000	-4.650000384742725e-10	-4.893099259106748e-10	-4.272899811752495e-10	-4.272899811752495e-10	-4.528899477662662e-10	-5.515199963390671e-10
0.80	208	50	1.835000	-4.567801692445528e-10	-4.806199882523288e-10	-4.200899628159505e-10	-4.200899628159505e-10	-4.890898797071941e-10	-5.405289549287318e-10
0.80	209	50	1.835000	-4.487799021291039e-10	-4.721201207757986e-10	-4.130900066456888e-10	-4.130900066456888e-10	-4.619300497665790e-10	-5.298170235867872e-10
0.80	210	50	1.835000	-4.409499432256325e-10	-4.638298634063176e-10	-4.062299385765300e-10	-4.062299385765300e-10	-4.572100475996876e-10	-5.193749874621290e-10
0.80	211	50	1.835000	-4.332800784823121e-10	-4.557301203078623e-10	-3.995301867121270e-10	-3.995301867121270e-10	-4.395599439988018e-10	-5.091960186831557e-10
0.80	212	50	1.835000	-4.258300378978674e-10	-4.478100112947914e-10	-3.929598868523954e-10	-3.929598868523954e-10	-4.381000007214197e-10	-4.992730118225097e-10
0.80	213	50	1.835000	-4.185098934073039e-10	-4.400799724635363e-10	-3.865299191829763e-10	-3.865299191829763e-10	-4.282301180325021e-10	-4.895969740736916e-10
0.80	214	50	1.835000	-4.113600571287179e-10	-4.325100277924321e-10	-3.802600456737082e-10	-3.802600456737082e-10	-4.216198501438839e-10	-4.801590236525044e-10
0.80	215	50	1.835000	-4.043900769801212e-10	-4.251299312585388e-10	-3.741100762510996e-10	-3.741100762510996e-10	-4.173701384502237e-10	-4.709559964233279e-10
0.80	216	50	1.835000	-3.975599849326272e-10	-4.178999368775749e-10	-3.680999949295938e-10	-3.680999949295938e-10	-4.154598887140537e-10	-4.619770122005207e-10
0.80	217	50	1.835000	-3.908899870452842e-10	-4.108400286639835e-10	-3.621900557249091e-10	-3.621900557249091e-10	-3.994800046314140e-10	-4.532179631588917e-10
0.80	218	50	1.835000	-3.843398932446007e-10	-4.039300005587165e-10	-3.564499806429922e-10	-3.564499806429922e-10	-3.826501338011212e-10	-4.446710222261174e-10
0.80	219	50	1.835000	-3.779800916703380e-10	-3.971800666136005e-10	-3.508000556706747e-10	-3.508000556706747e-10	-4.061200264970921e-10	-4.363289729525377e-10
0.80	220	50	1.835000	-3.717099961164649e-10	-3.905700207695872e-10	-3.452798047476335e-10	-3.452798047476335e-10	-3.881699406349526e-10	-4.281890397805910e-10
0.80	221	50	1.835000	-3.656299707444077e-10	-3.841098550338984e-10	-3.398801240450666e-10	-3.398801240450666e-10	-3.805700199421835e-10	-4.202429515487438e-10
0.80	222	50	1.835000	-3.596298814301235e-10	-3.778000134957438e-10	-3.345699273182845e-10	-3.345699273182845e-10	-3.749198729252612e-10	-4.124850461195706e-10
0.80	223	50	1.835000	-3.537901083205952e-10	-3.716100760442487e-10	-3.294000627818150e-10	-3.294000627818150e-10	-3.689599736844684e-10	-4.049109936232753e-10
0.80	224	50	1.835000	-3.480600252458999e-10	-3.655500346866347e-10	-3.242899282440703e-10	-3.242899282440703e-10	-3.622300237537956e-10	-3.975149653889787e-10
0.80	225	50	1.835000	-3.424600603096906e-10	-3.596398734373452e-10	-3.193301179038599e-10	-3.193301179038599e-10	-3.476101628763217e-10	-3.902930201249433e-10
0.80	226	50	1.835000	-3.369799994601408e-10	-3.538400683567033e-10	-3.144500215768176e-10	-3.144500215768176e-10	-3.401698922544938e-10	-3.832369976919381e-10
0.80	227	50	1.835000	-3.315998586828073e-10	-3.481699373253377e-10	-3.096798373292131e-10	-3.096798373292131e-10	-3.598299436191610e-10	-3.763450107108213e-10
0.80	228	50	1.835000	-3.263500580885648e-10	-3.426201544698415e-10	-3.049800412213699e-10	-3.049800412213699e-10	-3.309099660953052e-10	-3.696130068675529e-10
0.80	229	50	1.835000	-3.212099475291552e-10	-3.371798396045733e-10	-3.004101412074078e-10	-3.004101412074078e-10	-3.308000540158673e-10	-3.630349909578001e-10
0.80	230	50	1.835000	-3.161699790865669e-10	-3.318501029525578e-10	-2.958999711921706e-10	-2.958999711921706e-10	-3.342699450570308e-10	-3.566050232883811e-10
0.80	231	50	1.835000	-3.112201607535781e-10	-3.266500403498185e-10	-2.914999353009762e-10	-2.914999353009762e-10	-3.226201528150341e-10	-3.503239920377155e-10
0.80	232	50	1.835000	-3.064000164698655e-10	-3.215399058120738e-10	-2.871800575121597e-10	-2.871800575121597e-10	-2.764100059948760e-10	-3.441829599104551e-10
0.80	233	50	1.835000	-3.016498162367043e-10	-3.165301354357553e-10	-2.829299017292897e-10	-2.829299017292897e-10	-3.511599899752582e-10	-3.381810387281803e-10
0.80	234	50	1.835000	-2.970301782312390e-10	-3.116398250568864e-10	-2.787801101078458e-10	-2.787801101078458e-10	-2.986200176025022e-10	-3.323119557308019e-10
0.80	235	50	1.835000	-2.924698261352887e-10	-3.068501008840485e-10	-2.747300165140132e-10	-2.747300165140132e-10	-3.021798367086603e-10	-3.265750447845051e-10
0.80	236	50	1.835000	-2.880200522525911e-10	-3.021298766725522e-10	-2.706999069346239e-10	-2.706999069346239e-10	-2.955000688587006e-10	-3.209639776180495e-10
0.80	237	50	1.835000	-2.836400003758399e-10	-2.975399926441469e-10	-2.668099075009422e-10	-2.668099075009422e-10	-2.949900324011878e-10	-3.154769778745958e-10
0.80	238	50	1.835000	-2.793700826231316e-10	-2.930200526662929e-10	-2.629401141263088e-10	-2.629401141263088e-10	-2.846098912101525e-10	-3.101110479519775e-10
0.80	239	50	1.835000	-2.751698868763697e-10	-2.885900407534336e-10	-2.591900027937299e-10	-2.591900027937299e-10	-2.982001312545890e-10	-3.048609698019789e-10
0.80	240	50	1.835000	-2.710700552910339e-10	-2.842599489127906e-10	-2.554698674828160e-10	-2.554698674828160e-10	-2.904498863642857e-10	-2.997260217796338e-10
0.80	241	50	1.835000	-2.670399457116446e-10	-2.800100151745255e-10	-2.518600883405497e-10	-2.518600883405497e-10	-2.831201939557104e-10	-2.947009858367267e-10
0.80	242	50	1.835000	-2.630999862418548e-10	-2.758400174940334e-10	-2.483100391970083e-10	-2.483100391970083e-10	-2.322499970119907e-10	-2.897849737948377e-10
0.80	243	50	1.835000	-2.591999948009516e-10	-2.717499558713143e-10	-2.447899660751318e-10	-2.447899660751318e-10	-2.999998027775064e-10	-2.849730451615073e-10
0.80	244	50	1.835000	-2.554201294913128e-10	-2.677500443581948e-10	-2.413600430628549e-10	-2.413600430628549e-10	-2.551900912806104e-10	-2.802659770928528e-10
0.80	245	50	1.835000	-2.516700181587339e-10	-2.638200768956267e-10	-2.380200481155725e-10	-2.380200481155725e-10	-2.741200599842841e-10	-2.756569972284240e-10
0.80	246	50	1.835000	-2.480400329574195e-10	-2.599598314390050e-10	-2.346998151381285e-10	-2.346998151381285e-10	-2.351299155378683e-10	-2.711449953451961e-10
0.80	247	50	1.835000	-2.444497937403867e-10	-2.561901801811928e-10	-2.314501923450507e-10	-2.314501923450507e-10	-2.727900128007832e-10	-2.667290277535983e-10
0.80	248	50	1.835000	-2.409201727004984e-10	-2.524800368775004e-10	-2.282798394759311e-10	-2.282798394759311e-10	-2.626099337987853e-10	-2.624049866284395e-10
0.80	249	50	1.835000	-2.374798135917899e-10	-2.488498296315811e-10	-2.251301367550695e-10	-2.251301367550695e-10	-2.445701419162560e-10	-2.581709845905777e-10
0.80	250	50	1.835000	-2.340800886457828e-10	-2.452700265109797e-10	-2.220799100172144e-10	-2.220799100172144e-10	-2.488900197050725e-10	-2.540250232385688e-10
0.80	251	50	1.835000	-2.307700697201653e-10	-2.417799294107681e-10	-2.190601033902340e-10	-2.190601033902340e-10	-2.341500326963342e-10	-2.499639939479437e-10
0.80	252	50	1.835000	-2.275000188234344e-10	-2.383400143912695e-10	-2.161000267619784e-10	-2.161000267619784e-10	-2.290898581946976e-10	-2.459860093395605e-10
0.80	253	50	1.835000	-2.242999119772549e-10	-2.349700434223223e-10	-2.131899101698309e-10	-2.131899101698309e-10	-2.099800333610347e-10	-2.420910139022681e-10
0.80	254	50	1.835000	-2.211599792190100e-10	-2.316700165039265e-10	-2.103399676656181e-10	-2.103399676656181e-10	-2.417599453963248e-10	-2.382739561213043e-10
0.80	255	50	1.835000	-2.181099745257598e-10	-2.284099576144172e-10	-2.075299931902919e-10	-2.075299931902919e-10	-2.114000086095302e-10	-2.345340033294008e-10
0.80	256	50	1.835000	-2.150399858180663e-10	-2.252300568272858e-10	-2.047699787510737e-10	-2.047699787510737e-10	-2.555100575563074e-10	-2.308709889931038e-10
0.80	257	50	1.835000	-2.120801312344156e-10	-2.221001160762626e-10	-2.020499323407421e-10	-2.020499323407421e-10	-2.000899446130688e-10	-2.272800281311049e-10
0.80	258	50	1.835000	-2.091700146422681e-10	-2.190299053239642e-10	-1.993900600183451e-10	-1.993900600183451e-10	-2.370801333029249e-10	-2.237610097211018e-10
0.80	259	50	1.835000	-2.063098580862288e-10	-2.160200907042054e-10	-1.968001317464996e-10	-1.968001317464996e-10	-2.017499500794884e-10	-2.203129900735235e-10
0.80	260	50	1.835000	-2.034901136482858e-10	-2.130498000241232e-10	-1.941999894228275e-10	-1.941999894228275e-10	-2.140199129030407e-10	-2.169329715862034e-10
0.80	261	50	1.835000	-2.007098931500195e-10	-2.101501195284072e-10	-1.916800052015333e-10	-1.916800052015333e-10	-2.009601374197700e-10	-2.136190113688485e-10
0.80	262	50	1.835000	-1.980200448059577e-10	-2.072899629723679e-10	-1.892199730235689e-10	-1.892199730235689e-10	-2.269298082779869e-10	-2.103699991984342e-10
0.80	263	50	1.835000	-1.953399664245126e-10	-2.044799884970416e-10	-1.867699328528261e-10	-1.867699328528261e-10	-1.883702083205208e-10	-2.071849913853896e-10
0.80	264	50	1.835000	-1.927300541382237e-10	-2.017299660650451e-10	-1.843600827555747e-10	-1.843600827555747e-10	-2.070399407472223e-10	-2.040620450394215e-10
0.80	265	50	1.835000	-1.901399038217733e-10	-1.990301257137617e-10	-1.820099626570482e-10	-1.820099626570482e-10	-2.022000344936714e-10	-2.009999944263541e-10
0.80	266	50	1.835000	-1.876401256595273e-10	-1.963600393395382e-10	-1.797000326320131e-10	-1.797000326320131e-10	-1.713398312119807e-10	-1.979970076781967e-10
0.80	267	50	1.835000	-1.851399034080714e-10	-1.937598970158660e-10	-1.774198565840379e-10	-1.774198565840379e-10	-2.076501193215563e-10	-1.950499761704805e-10
0.80	268	50	1.835000	-1.827000772891552e-10	-1.911899527584637e-10	-1.751701006469375e-10	-1.751701006469375e-10	-2.140099208958191e-10	-1.921610093269521e-10
0.80	269	50	1.835000	-1.803099891617421e-10	-1.886599765299479e-10	-1.729700827013403e-10	-1.729700827013403e-10	-1.562401319432638e-10	-1.893279977238649e-10
0.80	270	50	1.835000	-1.779500991005989e-10	-1.861901743893668e-10	-1.707998187328030e-10	-1.707998187328030e-10	-2.177198421549065e-10	-1.865450016680370e-10
0.80	271	50	1.835000	-1.756199630165156e-10	-1.837499041812407e-10	-1.686701889269671e-10	-1.686701889269671e-10	-1.826900852819335e-10	-1.838180163638015e-10
0.80	272	50	1.835000	-1.733699850348103e-10	-1.813700301056542e-10	-1.665798610162028e-10	-1.665798610162028e-10	-1.443600794459599e-10	-1.811419902963962e-10
0.80	273	50	1.835000	-1.711100150458833e-10	-1.789999259926844e-10	-1.645099612090917e-10	-1.645099612090917e-10	-1.920898995422249e-10	-1.785149805755282e-10
0.80	274	50	1.835000	-1.689099971002861e-10	-1.766999879748710e-10	-1.624700374236454e-10	-1.624700374236454e-10	-1.942799254806005e-10	-1.759379864019195e-10
0.80	275	50	1.835000	-1.667599391907970e-10	-1.744200339715007e-10	-1.605000576887505e-10	-1.605000576887505e-10	-1.474900201969831e-10	-1.734080101734037e-10
0.80	276	50	1.835000	-1.646200953331345e-10	-1.721900400042387e-10	-1.585198639020291e-10	-1.585198639020291e-10	-1.883999622975807e-10	-1.709239971781074e-10
0.80	277	50	1.835000	-1.625499734814184e-10	-1.699900220586414e-10	-1.566000662478473e-10	-1.566000662478473e-10	-1.626700996126829e-10	-1.684880013286261e-10
0.80	278	50	1.835000	-1.604698596224807e-10	-1.678299721419307e-10	-1.546800465490605e-10	-1.546800465490605e-10	-1.872999533247821e-10	-1.660950266213490e-10
0.80	279	50	1.835000	-1.584701259105259e-10	-1.657098902541065e-10	-1.528299709008252e-10	-1.528299709008252e-10	-1.837900942547321e-10	-1.637459612346959e-10
0.80	280	50	1.835000	-1.564599561021396e-10	-1.636100144253305e-10	-1.509701252899731e-10	-1.509701252899731e-10	-1.547200145779470e-10	-1.614400280125494e-10
0.80	281	50	1.835000	-1.545199523889096e-10	-1.615700906398843e-10	-1.491700096778459e-10	-1.491700096778459e-10	-1.138298344471877e-10	-1.591750065088604e-10
0.80	282	50	1.835000	-1.526001547347278e-10	-1.595399368170547e-10	-1.473898780801619e-10	-1.473898780801619e-10	-1.742601618559547e-10	-1.569530061473756e-10
0.80	283	50	1.835000	-1.506899049985577e-10	-1.575499730677166e-10	-1.456199605343045e-10	-1.456199605343045e-10	-1.819699946281617e-10	-1.547689754133330e-10
0.80	284	50	1.835000	-1.488200673804840e-10	-1.555999773472649e-10	-1.439099950317768e-10	-1.439099950317768e-10	-1.548698946862714e-10	-1.526240245297572e-10
0.80	285	50	1.835000	-1.470099597611352e-10	-1.536801796930831e-10	-1.422000295292492e-10	-1.422000295292492e-10	-1.564000040588098e-10	-1.505189861639167e-10
0.80	286	50	1.835000	-1.451998521417863e-10	-1.517799219641347e-10	-1.405400240628296e-10	-1.405400240628296e-10	-1.386499803857077e-10	-1.484489753345031e-10
0.80	287	50	1.835000	-1.434301566405338e-10	-1.499300683605043e-10	-1.388800185964101e-10	-1.388800185964101e-10	-1.569999685813173e-10	-1.464170451548341e-10
0.80	288	50	1.835000	-1.416899930717364e-10	-1.480899847194905e-10	-1.372599811588771e-10	-1.372599811588771e-10	-1.366000645930399e-10	-1.444209751788605e-10
0.80	289	50	1.835000	-1.399600435547654e-10	-1.462898691073633e-10	-1.356599277357873e-10	-1.356599277357873e-10	-1.705999785883705e-10	-1.424589890497430e-10
0.80	290	50	1.835000	-1.382898240365193e-10	-1.445101815988892e-10	-1.340900723789673e-10	-1.340900723789673e-10	-1.316100561865596e-10	-1.405320304570523e-10
0.80	291	50	1.835000	-1.366100566002615e-10	-1.427697959854868e-10	-1.325399789919857e-10	-1.325399789919857e-10	-1.434798946320370e-10	-1.386379899770418e-10
0.80	292	50	1.835000	-1.349800271555068e-10	-1.410600525275640e-10	-1.310100916640522e-10	-1.310100916640522e-10	-1.220801237877822e-10	-1.367779778327360e-10
0.80	293	50	1.835000	-1.333699817251954e-10	-1.393600790322580e-10	-1.294999663059571e-10	-1.294999663059571e-10	-1.498299262436831e-10	-1.349489964219686e-10
0.80	294	50	1.835000	-1.317599362948840e-10	-1.377000735658385e-10	-1.280400230285750e-10	-1.280400230285750e-10	-1.639099966865842e-10	-1.331519894343103e-10
0.80	295	50	1.835000	-1.302300489669506e-10	-1.360598300692573e-10	-1.265698656993663e-10	-1.265698656993663e-10	-1.205799904369087e-10	-1.313850139794681e-10
0.80	296	50	1.835000	-1.286699635727473e-10	-1.344400146763292e-10	-1.251401204882541e-10	-1.251401204882541e-10	-1.448601238962510e-10	-1.296500129477351e-10
0.80	297	50	1.835000	-1.271900362809220e-10	-1.328701593195092e-10	-1.237199231951536e-10	-1.237199231951536e-10	-1.525799486756796e-10	-1.279409911347784e-10
0.80	298	50	1.835000	-1.256499349011619e-10	-1.312898678662577e-10	-1.223099399538796e-10	-1.223099399538796e-10	-1.083899636711294e-10	-1.262649984568043e-10
0.80	299	50	1.835000	-1.242201896900497e-10	-1.297599805383243e-10	-1.209701228077620e-10	-1.209701228077620e-10	-1.404800720194999e-10	-1.246149849976064e-10
0.80	300	50	1.835000	-1.227900003897275e-10	-1.282500772248341e-10	-1.196098775579912e-10	-1.196098775579912e-10	-1.401698757064196e-10	-1.229930046697802e-10
