0.90	20	25	1.619437	-5.552682122480501e-04	-5.541591054739614e-04	-6.575106304229639e-04	0.000000000000000e+00	0.000000000000000e+00	-8.697846973793055e-05
0.90	21	25	1.619437	2.325089954829940e-04	2.333609428719630e-04	3.256007626369906e-04	0.000000000000000e+00	0.000000000000000e+00	-2.699053698270726e-04
0.90	22	25	1.619437	-1.041566527579807e-04	-1.034833006489100e-04	-1.124751293259951e-04	0.000000000000000e+00	0.000000000000000e+00	-2.694840628092443e-05
0.90	23	25	1.619437	-1.118939087599857e-04	-1.113598913120573e-04	-1.195863399040542e-04	0.000000000000000e+00	0.000000000000000e+00	-9.393698800708172e-05
0.90	24	25	1.619437	4.080731650202285e-05	4.123491975804860e-05	6.717247232201906e-05	0.000000000000000e+00	0.000000000000000e+00	-9.481558768098530e-05
0.90	25	25	1.619437	-5.581291794898302e-05	-5.546607997808373e-05	-5.836652223401018e-05	0.000000000000000e+00	0.000000000000000e+00	-3.833670925301735e-05
0.90	26	25	1.619437	-2.867184143307000e-05	-2.838883033595696e-05	-2.498252671701007e-05	0.000000000000000e+00	0.000000000000000e+00	-5.547958241991502e-05
0.90	27	25	1.619437	-4.704217656970044e-06	-4.471325869004339e-06	2.803861040012734e-06	0.000000000000000e+00	0.000000000000000e+00	-4.355890313201272e-05
0.90	28	25	1.619437	-2.375482993099975e-05	-2.356167322004055e-05	-2.258683994194044e-05	0.000000000000000e+00	0.000000000000000e+00	-3.061718919405987e-05
0.90	29	25	1.619437	-1.218086782894812e-05	-1.201968028197165e-05	-8.966911963059765e-06	0.000000000000000e+00	0.000000000000000e+00	-3.144638362395646e-05
0.90	30	25	1.619437	-9.362155303005437e-06	-9.226758649005795e-06	-6.527961062041676e-06	0.000000000000000e+00	0.000000000000000e+00	-2.483954963206081e-05
0.90	31	25	1.619437	-1.140397907506419e-05	-1.128957426599353e-05	-9.829100127922707e-06	0.000000000000000e+00	0.000000000000000e+00	-2.081101435891242e-05
0.90	32	25	1.619437	-7.576390838037739e-06	-7.479202506988081e-06	-5.633336921051502e-06	0.000000000000000e+00	0.000000000000000e+00	-1.890546680904936e-05
0.90	33	25	1.619437	-6.963313742947008e-06	-6.880318379032246e-06	-5.430087657964933e-06	0.000000000000000e+00	0.000000000000000e+00	-1.574537553394872e-05
0.90	34	25	1.619437	-6.460815163977784e-06	-6.389598238953909e-06	-5.233529614012689e-06	0.000000000000000e+00	0.000000000000000e+00	-1.374181898705640e-05
0.90	35	25	1.619437	-5.161959535038285e-06	-5.100572123994951e-06	-3.978490276002056e-06	0.000000000000000e+00	0.000000000000000e+00	-1.210221551095625e-05
0.90	36	25	1.619437	-4.693123386023679e-06	-4.639980766052432e-06	-3.713330650967350e-06	0.000000000000000e+00	0.000000000000000e+00	-1.045276438305098e-05
0.90	37	25	1.619437	-4.129369473915290e-06	-4.083178358982309e-06	-3.272920942043456e-06	0.000000000000000e+00	0.000000000000000e+00	-9.216992872929097e-06
0.90	38	25	1.619437	-3.560572343075386e-06	-3.520269657997233e-06	-2.790681024933406e-06	0.000000000000000e+00	0.000000000000000e+00	-8.121499728064308e-06
0.90	39	25	1.619437	-3.192315652933431e-06	-3.157023157007721e-06	-2.526974683059180e-06	0.000000000000000e+00	0.000000000000000e+00	-7.151605231014990e-06
0.90	40	25	1.619437	-2.818171833007810e-06	-2.787160491957152e-06	-2.227050484027160e-06	0.000000000000000e+00	0.000000000000000e+00	-6.348811325995740e-06
0.90	41	25	1.619437	-2.497110363042232e-06	-2.469771868018888e-06	-1.971432330938327e-06	0.000000000000000e+00	0.000000000000000e+00	-5.639349097918966e-06
0.90	42	25	1.619437	-2.235957616947282e-06	-2.211782171968046e-06	-1.771146438067639e-06	0.000000000000000e+00	0.000000000000000e+00	-5.023030337003576e-06
0.90	43	25	1.619437	-1.995722075043282e-06	-1.974280546046536e-06	-1.580410390000786e-06	0.000000000000000e+00	0.000000000000000e+00	-4.491174433018941e-06
0.90	44	25	1.619437	-1.789857386969018e-06	-1.770787049992784e-06	-1.418842781930607e-06	0.000000000000000e+00	0.000000000000000e+00	-4.022868561048831e-06
0.90	45	25	1.619437	-1.611024910030956e-06	-1.594017956962901e-06	-1.279058186032245e-06	0.000000000000000e+00	0.000000000000000e+00	-3.613330697982420e-06
0.90	46	25	1.619437	-1.451613252045902e-06	-1.436407505051029e-06	-1.153318171964735e-06	0.000000000000000e+00	0.000000000000000e+00	-3.253827461024983e-06
0.90	47	25	1.619437	-1.312336500913780e-06	-1.298707816954625e-06	-1.043982476023331e-06	0.000000000000000e+00	0.000000000000000e+00	-2.936297169964242e-06
0.90	48	25	1.619437	-1.189161078052337e-06	-1.176918010048489e-06	-9.471733459776033e-07	0.000000000000000e+00	0.000000000000000e+00	-2.655974284060392e-06
0.90	49	25	1.619437	-1.079722097951930e-06	-1.068697392025975e-06	-8.609771809942046e-07	0.000000000000000e+00	0.000000000000000e+00	-2.407576259910726e-06
0.90	50	25	1.619437	-9.827490780045522e-07	-9.728009159326589e-07	-7.846728050653340e-07	0.000000000000000e+00	0.000000000000000e+00	-2.186847921081814e-06
0.90	51	25	1.619437	-8.962984050508993e-07	-8.873030680200955e-07	-7.165627740057801e-07	0.000000000000000e+00	0.000000000000000e+00	-1.990388326933434e-06
0.90	52	25	1.619437	-8.190955759213026e-07	-8.109456189897557e-07	-6.556893689113608e-07	0.000000000000000e+00	0.000000000000000e+00	-1.815046431041800e-06
0.90	53	25	1.619437	-7.500493880430170e-07	-7.426512369512750e-07	-6.012275990396887e-07	0.000000000000000e+00	0.000000000000000e+00	-1.658217925970540e-06
0.90	54	25	1.619437	-6.880985849999632e-07	-6.813705391017777e-07	-5.523147950103890e-07	0.000000000000000e+00	0.000000000000000e+00	-1.517666721961852e-06
0.90	55	25	1.619437	-6.324172210359080e-07	-6.262877439988657e-07	-5.083194559718507e-07	0.000000000000000e+00	0.000000000000000e+00	-1.391427382091415e-06
0.90	56	25	1.619437	-5.822675069877548e-07	-5.766738409018757e-07	-4.686647920859599e-07	0.000000000000000e+00	0.000000000000000e+00	-1.277823117984411e-06
0.90	57	25	1.619437	-5.369994350301610e-07	-5.318863220971082e-07	-4.328378498952290e-07	0.000000000000000e+00	0.000000000000000e+00	-1.175393451013917e-06
0.90	58	25	1.619437	-4.960636769135718e-07	-4.913824239727305e-07	-4.004123940193338e-07	0.000000000000000e+00	0.000000000000000e+00	-1.082864803936268e-06
0.90	59	25	1.619437	-4.589742310656675e-07	-4.546817969908190e-07	-3.710074389928764e-07	0.000000000000000e+00	0.000000000000000e+00	-9.991312079904446e-07
0.90	60	25	1.619437	-4.253073250248818e-07	-4.213655929730109e-07	-3.442911100659529e-07	0.000000000000000e+00	0.000000000000000e+00	-9.232242670353941e-07
0.90	61	25	1.619437	-3.946940899668405e-07	-3.910692379927028e-07	-3.199754019522771e-07	0.000000000000000e+00	0.000000000000000e+00	-8.542959529789229e-07
0.90	62	25	1.619437	-3.668093699893404e-07	-3.634713130473699e-07	-2.978056370395166e-07	0.000000000000000e+00	0.000000000000000e+00	-7.916025470677823e-07
0.90	63	25	1.619437	-3.413678290042910e-07	-3.382897579840005e-07	-2.775584849734614e-07	0.000000000000000e+00	0.000000000000000e+00	-7.344894709104821e-07
0.90	64	25	1.619437	-3.181181980060899e-07	-3.152761960389938e-07	-2.590373340272123e-07	0.000000000000000e+00	0.000000000000000e+00	-6.823799429955812e-07
0.90	65	25	1.619437	-2.968383939760955e-07	-2.942110699510891e-07	-2.420681879389264e-07	0.000000000000000e+00	0.000000000000000e+00	-6.347646490656444e-07
0.90	66	25	1.619437	-2.773321160498554e-07	-2.749002839808057e-07	-2.264973010257521e-07	0.000000000000000e+00	0.000000000000000e+00	-5.911928619983797e-07
0.90	67	25	1.619437	-2.594252889176474e-07	-2.571717639954230e-07	-2.121882910488537e-07	0.000000000000000e+00	0.000000000000000e+00	-5.512650599337476e-07
0.90	68	25	1.619437	-2.429633350065075e-07	-2.408726570424236e-07	-1.990199599566367e-07	0.000000000000000e+00	0.000000000000000e+00	-5.146264260291744e-07
0.90	69	25	1.619437	-2.278087450902078e-07	-2.258669850041528e-07	-1.868844500263478e-07	0.000000000000000e+00	0.000000000000000e+00	-4.809612770273475e-07
0.90	70	25	1.619437	-2.138389209038749e-07	-2.120335319544253e-07	-1.756856299328646e-07	0.000000000000000e+00	0.000000000000000e+00	-4.499882849673398e-07
0.90	71	25	1.619437	-2.009443990091953e-07	-1.992640590309236e-07	-1.653375540922042e-07	0.000000000000000e+00	0.000000000000000e+00	-4.214563040783048e-07
0.90	72	25	1.619437	-1.890273080284999e-07	-1.874617570063464e-07	-1.557633489968069e-07	0.000000000000000e+00	0.000000000000000e+00	-3.951407699931409e-07
0.90	73	25	1.619437	-1.779999310169700e-07	-1.765398900399617e-07	-1.468941279725300e-07	0.000000000000000e+00	0.000000000000000e+00	-3.708405699187622e-07
0.90	74	25	1.619437	-1.677835800295568e-07	-1.664206229490262e-07	-1.386680359427572e-07	0.000000000000000e+00	0.000000000000000e+00	-3.483753110433696e-07
0.90	75	25	1.619437	-1.583075129873990e-07	-1.570340030232487e-07	-1.310294410750146e-07	0.000000000000000e+00	0.000000000000000e+00	-3.275829469906455e-07
0.90	76	25	1.619437	-1.495080739211119e-07	-1.483170619653862e-07	-1.239282689802224e-07	0.000000000000000e+00	0.000000000000000e+00	-3.083176960405609e-07
0.90	77	25	1.619437	-1.413278920558980e-07	-1.402130369587695e-07	-1.173193150405538e-07	0.000000000000000e+00	0.000000000000000e+00	-2.904482189203250e-07
0.90	78	25	1.619437	-1.337151449565255e-07	-1.326706799975597e-07	-1.111618089799649e-07	0.000000000000000e+00	0.000000000000000e+00	-2.738560270776347e-07
0.90	79	25	1.619437	-1.266230060803508e-07	-1.256436680252548e-07	-1.054188160098946e-07	0.000000000000000e+00	0.000000000000000e+00	-2.584340819122843e-07
0.90	80	25	1.619437	-1.200090880004723e-07	-1.190900600356315e-07	-1.000569079812053e-07	0.000000000000000e+00	0.000000000000000e+00	-2.440855489949101e-07
0.90	81	25	1.619437	-1.138349469131938e-07	-1.129718339987207e-07	-9.504576592433978e-08	0.000000000000000e+00	0.000000000000000e+00	-2.307227300324399e-07
0.90	82	25	1.619437	-1.080657310303934e-07	-1.072544879576753e-07	-9.035785109023919e-08	0.000000000000000e+00	0.000000000000000e+00	-2.182660809868509e-07
0.90	83	25	1.619437	-1.026697029615775e-07	-1.019066560026261e-07	-8.596810796568377e-08	0.000000000000000e+00	0.000000000000000e+00	-2.066433800740342e-07
0.90	84	25	1.619437	-9.761806907260251e-08	-9.689980007276944e-08	-8.185376298985858e-08	0.000000000000000e+00	0.000000000000000e+00	-1.957889679271574e-07
0.90	85	25	1.619437	-9.288452895717114e-08	-9.220791996611410e-08	-7.799402101937858e-08	0.000000000000000e+00	0.000000000000000e+00	-1.856430830171618e-07
0.90	86	25	1.619437	-8.844510002159467e-08	-8.780730098578715e-08	-7.436987903286507e-08	0.000000000000000e+00	0.000000000000000e+00	-1.761512690157119e-07
0.90	87	25	1.619437	-8.427791897691606e-08	-8.367628101524360e-08	-7.096404797124478e-08	0.000000000000000e+00	0.000000000000000e+00	-1.672638459959686e-07
0.90	88	25	1.619437	-8.036297705071860e-08	-7.979506300159755e-08	-6.776064398472670e-08	0.000000000000000e+00	0.000000000000000e+00	-1.589354460262982e-07
0.90	89	25	1.619437	-7.668193502397003e-08	-7.614552099965977e-08	-6.474511804466232e-08	0.000000000000000e+00	0.000000000000000e+00	-1.511245909524561e-07
0.90	90	25	1.619437	-7.321806994031732e-08	-7.271105495476604e-08	-6.190421697471749e-08	0.000000000000000e+00	0.000000000000000e+00	-1.437933230263866e-07
0.90	91	25	1.619437	-6.995593404557354e-08	-6.947643005350557e-08	-5.922566692628806e-08	0.000000000000000e+00	0.000000000000000e+00	-1.369068639567317e-07
0.90	92	25	1.619437	-6.688144194022527e-08	-6.642766503528463e-08	-5.669825609011525e-08	0.000000000000000e+00	0.000000000000000e+00	-1.304333230311983e-07
0.90	93	25	1.619437	-6.398160901088801e-08	-6.355190595996874e-08	-5.431164895597362e-08	0.000000000000000e+00	0.000000000000000e+00	-1.243434240016938e-07
0.90	94	25	1.619437	-6.124443896471377e-08	-6.083733294914850e-08	-5.205635900118466e-08	0.000000000000000e+00	0.000000000000000e+00	-1.186102690509117e-07
0.90	95	25	1.619437	-5.865900309931504e-08	-5.827305205041711e-08	-4.992360003175378e-08	0.000000000000000e+00	0.000000000000000e+00	-1.132091209665731e-07
0.90	96	25	1.619437	-5.621513998743666e-08	-5.584902895705568e-08	-4.790529795073439e-08	0.000000000000000e+00	0.000000000000000e+00	-1.081172029682165e-07
0.90	97	25	1.619437	-5.390345692024567e-08	-5.355600307677122e-08	-4.599399705540463e-08	0.000000000000000e+00	0.000000000000000e+00	-1.033135330619217e-07
0.90	98	25	1.619437	-5.171536299197754e-08	-5.138542491511799e-08	-4.418280996620894e-08	0.000000000000000e+00	0.000000000000000e+00	-9.877876194774871e-08
0.90	99	25	1.619437	-4.964286204334201e-08	-4.932938602042469e-08	-4.246532003815418e-08	0.000000000000000e+00	0.000000000000000e+00	-9.449502802461041e-08
0.90	100	25	1.619437	-4.767856198739651e-08	-4.738057701736409e-08	-4.083567795021281e-08	0.000000000000000e+00	0.000000000000000e+00	-9.044583093587022e-08
0.90	101	25	1.619437	-4.581561796612732e-08	-4.553222898717735e-08	-3.928835901056971e-08	0.000000000000000e+00	0.000000000000000e+00	-8.661591610614749e-08
0.90	102	25	1.619437	-4.404772901978049e-08	-4.377806606115087e-08	-3.781833701754778e-08	0.000000000000000e+00	0.000000000000000e+00	-8.299116893706326e-08
0.90	103	25	1.619437	-4.236901207654853e-08	-4.211227200290324e-08	-3.642087298416641e-08	0.000000000000000e+00	0.000000000000000e+00	-7.955851799579250e-08
0.90	104	25	1.619437	-4.077396298374225e-08	-4.052944291288441e-08	-3.509160595438487e-08	0.000000000000000e+00	0.000000000000000e+00	-7.630584697437826e-08
0.90	105	25	1.619437	-3.925756897338317e-08	-3.902456702231660e-08	-3.382646907024167e-08	0.000000000000000e+00	0.000000000000000e+00	-7.322192108194514e-08
0.90	106	25	1.619437	-3.781512303291379e-08	-3.759297506622516e-08	-3.262168901674301e-08	0.000000000000000e+00	0.000000000000000e+00	-7.029630999522141e-08
0.90	107	25	1.619437	-3.644220591958458e-08	-3.623033395516728e-08	-3.147370997158561e-08	0.000000000000000e+00	0.000000000000000e+00	-6.751932390969273e-08
0.90	108	25	1.619437	-3.513476509731106e-08	-3.493260303244483e-08	-3.037928897331454e-08	0.000000000000000e+00	0.000000000000000e+00	-6.488195802845098e-08
0.90	109	25	1.619437	-3.388901592682458e-08	-3.369601397906763e-08	-2.933536602522935e-08	0.000000000000000e+00	0.000000000000000e+00	-6.237583805024371e-08
0.90	110	25	1.619437	-3.270137305388943e-08	-3.251706193196924e-08	-2.833904599874870e-08	0.000000000000000e+00	0.000000000000000e+00	-5.999315899618551e-08
0.90	111	25	1.619437	-3.156856898112181e-08	-3.139247206629392e-08	-2.738771098798054e-08	0.000000000000000e+00	0.000000000000000e+00	-5.772666100689605e-08
0.90	112	25	1.619437	-3.048750996104133e-08	-3.031918693885416e-08	-2.647884300710501e-08	0.000000000000000e+00	0.000000000000000e+00	-5.556956894636755e-08
0.90	113	25	1.619437	-2.945529797848678e-08	-2.929434805842845e-08	-2.561011702706395e-08	0.000000000000000e+00	0.000000000000000e+00	-5.351556597865681e-08
0.90	114	25	1.619437	-2.846924407329254e-08	-2.831528800317784e-08	-2.477937499634209e-08	0.000000000000000e+00	0.000000000000000e+00	-5.155875903994911e-08
0.90	115	25	1.619437	-2.752685601681293e-08	-2.737950599573935e-08	-2.398455700713953e-08	0.000000000000000e+00	0.000000000000000e+00	-4.969363598394949e-08
0.90	116	25	1.619437	-2.662570197653480e-08	-2.648466301824470e-08	-2.322373793273158e-08	0.000000000000000e+00	0.000000000000000e+00	-4.791505403556329e-08
0.90	117	25	1.619437	-2.576365498718758e-08	-2.562856693533178e-08	-2.249515007601843e-08	0.000000000000000e+00	0.000000000000000e+00	-4.621819593708665e-08
0.90	118	25	1.619437	-2.493857598206972e-08	-2.480916705405178e-08	-2.179710301142279e-08	0.000000000000000e+00	0.000000000000000e+00	-4.459856006722163e-08
0.90	119	25	1.619437	-2.414856703492063e-08	-2.402453302963181e-08	-2.112803698661736e-08	0.000000000000000e+00	0.000000000000000e+00	-4.305192702336313e-08
0.90	120	25	1.619437	-2.339177496146760e-08	-2.327285897330000e-08	-2.048644098806562e-08	0.000000000000000e+00	0.000000000000000e+00	-4.157434796425719e-08
0.90	121	25	1.619437	-2.266648502224911e-08	-2.255244502258336e-08	-1.987090592070473e-08	0.000000000000000e+00	0.000000000000000e+00	-4.016211496704614e-08
0.90	122	25	1.619437	-2.197112103363708e-08	-2.186169700824081e-08	-1.928021109431910e-08	0.000000000000000e+00	0.000000000000000e+00	-3.881175802966652e-08
0.90	123	25	1.619437	-2.130413701006972e-08	-2.119911490794379e-08	-1.871301991140939e-08	0.000000000000000e+00	0.000000000000000e+00	-3.752001398460436e-08
0.90	124	25	1.619437	-2.066411097789711e-08	-2.056328707311650e-08	-1.816823202993589e-08	0.000000000000000e+00	0.000000000000000e+00	-3.628382205800307e-08
0.90	125	25	1.619437	-2.004969901214793e-08	-1.995288800848982e-08	-1.764473400722721e-08	0.000000000000000e+00	0.000000000000000e+00	-3.510030599507274e-08
0.90	126	25	1.619437	-1.945968297611955e-08	-1.936666294000133e-08	-1.714151098841654e-08	0.000000000000000e+00	0.000000000000000e+00	-3.396676095945850e-08
0.90	127	25	1.619437	-1.889281997513592e-08	-1.880343702964637e-08	-1.665757398683354e-08	0.000000000000000e+00	0.000000000000000e+00	-3.288064398532242e-08
0.90	128	25	1.619437	-1.834801899303073e-08	-1.826209794497657e-08	-1.619199807567639e-08	0.000000000000000e+00	0.000000000000000e+00	-3.183956298613566e-08
0.90	129	25	1.619437	-1.782423497687091e-08	-1.774159807954589e-08	-1.574398400538968e-08	0.000000000000000e+00	0.000000000000000e+00	-3.084126298791290e-08
0.90	130	25	1.619437	-1.732042809177159e-08	-1.724094900179551e-08	-1.531261195619749e-08	0.000000000000000e+00	0.000000000000000e+00	-2.988362202138717e-08
0.90	131	25	1.619437	-1.683568395804969e-08	-1.675921401655955e-08	-1.489721801473110e-08	0.000000000000000e+00	0.000000000000000e+00	-2.896464201818105e-08
0.90	132	25	1.619437	-1.636911495239701e-08	-1.629551693582698e-08	-1.449697795141702e-08	0.000000000000000e+00	0.000000000000000e+00	-2.808243404484045e-08
0.90	133	25	1.619437	-1.591987808247097e-08	-1.584902098450414e-08	-1.411126604455859e-08	0.000000000000000e+00	0.000000000000000e+00	-2.723521896896841e-08
0.90	134	25	1.619437	-1.548718198129961e-08	-1.541893601686439e-08	-1.373939195747909e-08	0.000000000000000e+00	0.000000000000000e+00	-2.642132101993155e-08
0.90	135	25	1.619437	-1.507024993685491e-08	-1.500452095903881e-08	-1.338076804913158e-08	0.000000000000000e+00	0.000000000000000e+00	-2.563914991426941e-08
0.90	136	25	1.619437	-1.466839805175368e-08	-1.460506604544776e-08	-1.303477792369279e-08	0.000000000000000e+00	0.000000000000000e+00	-2.488721007054551e-08
0.90	137	25	1.619437	-1.428095397493223e-08	-1.421990503125414e-08	-1.270090610461239e-08	0.000000000000000e+00	0.000000000000000e+00	-2.416408695360417e-08
0.90	138	25	1.619437	-1.390725401506643e-08	-1.384840797591380e-08	-1.237857893965355e-08	0.000000000000000e+00	0.000000000000000e+00	-2.346843808176402e-08
0.90	139	25	1.619437	-1.354671896880433e-08	-1.348996903072219e-08	-1.206732702652147e-08	0.000000000000000e+00	0.000000000000000e+00	-2.279900190860218e-08
0.90	140	25	1.619437	-1.319876596905800e-08	-1.314402198193676e-08	-1.176667296931555e-08	0.000000000000000e+00	0.000000000000000e+00	-2.215457706178370e-08
0.90	141	25	1.619437	-1.286284101453816e-08	-1.281002692810063e-08	-1.147617201269213e-08	0.000000000000000e+00	0.000000000000000e+00	-2.153402900439971e-08
0.90	142	25	1.619437	-1.253844705839668e-08	-1.248747605320233e-08	-1.119538795002484e-08	0.000000000000000e+00	0.000000000000000e+00	-2.093628492794153e-08
0.90	143	25	1.619437	-1.222507195475231e-08	-1.217587497492900e-08	-1.092392509782769e-08	0.000000000000000e+00	0.000000000000000e+00	-2.036032409336030e-08
0.90	144	25	1.619437	-1.192229304169956e-08	-1.187477105535351e-08	-1.066136490202041e-08	0.000000000000000e+00	0.000000000000000e+00	-1.980518293809297e-08
0.90	145	25	1.619437	-1.162959994971402e-08	-1.158371698561922e-08	-1.040740604807411e-08	0.000000000000000e+00	0.000000000000000e+00	-1.926994397383197e-08
0.90	146	25	1.619437	-1.134662808155440e-08	-1.130230198320703e-08	-1.016163697631356e-08	0.000000000000000e+00	0.000000000000000e+00	-1.875374300297494e-08
0.90	147	25	1.619437	-1.107295599656055e-08	-1.103012803316261e-08	-9.923756039142972e-09	0.000000000000000e+00	0.000000000000000e+00	-1.825575102198940e-08
0.90	148	25	1.619437	-1.080821199206383e-08	-1.076681799272450e-08	-9.693426950008188e-09	0.000000000000000e+00	0.000000000000000e+00	-1.777518798817823e-08
0.90	149	25	1.619437	-1.055203191491216e-08	-1.051200992918666e-08	-9.470399020550246e-09	0.000000000000000e+00	0.000000000000000e+00	-1.731130905291423e-08
0.90	150	25	1.619437	-1.030406604485279e-08	-1.026536800008415e-08	-9.254311983397656e-09	0.000000000000000e+00	0.000000000000000e+00	-1.686340800333141e-08
0.90	151	25	1.619437	-1.006398198111214e-08	-1.002656002668800e-08	-9.044978988015373e-09	0.000000000000000e+00	0.000000000000000e+00	-1.643081393165602e-08
0.90	152	25	1.619437	-9.831468972265611e-09	-9.795281030733349e-09	-8.842029997069289e-09	0.000000000000000e+00	0.000000000000000e+00	-1.601288901476039e-08
0.90	153	25	1.619437	-9.606273998485904e-09	-9.571234027561104e-09	-8.645323013034556e-09	0.000000000000000e+00	0.000000000000000e+00	-1.560902507247164e-08
0.90	154	25	1.619437	-9.388023025636016e-09	-9.354134911099266e-09	-8.454558053649919e-09	0.000000000000000e+00	0.000000000000000e+00	-1.521864290143782e-08
0.90	155	25	1.619437	-9.176538973143522e-09	-9.143719004178763e-09	-8.269545936911982e-09	0.000000000000000e+00	0.000000000000000e+00	-1.484119405148476e-08
0.90	156	25	1.619437	-8.971483000941305e-09	-8.939727069723347e-09	-8.090037084684809e-09	0.000000000000000e+00	0.000000000000000e+00	-1.447615505245636e-08
0.90	157	25	1.619437	-8.772687021263437e-09	-8.741914969689901e-09	-7.915838984295931e-09	0.000000000000000e+00	0.000000000000000e+00	-1.412302497172391e-08
0.90	158	25	1.619437	-8.579846055845053e-09	-8.550048002931021e-09	-7.746770003258518e-09	0.000000000000000e+00	0.000000000000000e+00	-1.378132896689976e-08
0.90	159	25	1.619437	-8.392776029708671e-09	-8.363906012220923e-09	-7.582614980350399e-09	0.000000000000000e+00	0.000000000000000e+00	-1.345061495516831e-08
0.90	160	25	1.619437	-8.211246904643588e-09	-8.183274946560459e-09	-7.423217041058194e-09	0.000000000000000e+00	0.000000000000000e+00	-1.313044706297006e-08
0.90	161	25	1.619437	-8.035041076936977e-09	-8.007947083221723e-09	-7.268384005776340e-09	0.000000000000000e+00	0.000000000000000e+00	-1.282041695027658e-08
0.90	162	25	1.619437	-7.864030981963310e-09	-7.837734017357434e-09	-7.117977984805179e-09	0.000000000000000e+00	0.000000000000000e+00	-1.252013004382491e-08
0.90	163	25	1.619437	-7.697912973725352e-09	-7.672441904027494e-09	-6.971806909561451e-09	0.000000000000000e+00	0.000000000000000e+00	-1.222920897880897e-08
0.90	164	25	1.619437	-7.536630985960358e-09	-7.511899990930715e-09	-6.829742105196601e-09	0.000000000000000e+00	0.000000000000000e+00	-1.194729704057096e-08
0.90	165	25	1.619437	-7.379880040403464e-09	-7.355933084873811e-09	-6.691622922438967e-09	0.000000000000000e+00	0.000000000000000e+00	-1.167404994895094e-08
0.90	166	25	1.619437	-7.227627940586956e-09	-7.204379981473608e-09	-6.557356990732899e-09	0.000000000000000e+00	0.000000000000000e+00	-1.140914307473651e-08
0.90	167	25	1.619437	-7.079638097984287e-09	-7.057084028261329e-09	-6.426738030640422e-09	0.000000000000000e+00	0.000000000000000e+00	-1.115226200276709e-08
0.90	168	25	1.619437	-6.935776952765593e-09	-6.913892902637997e-09	-6.299699983891571e-09	0.000000000000000e+00	0.000000000000000e+00	-1.090310697282604e-08
0.90	169	25	1.619437	-6.795915941104624e-09	-6.774667049569416e-09	-6.176091971177300e-09	0.000000000000000e+00	0.000000000000000e+00	-1.066139398986365e-08
0.90	170	25	1.619437	-6.659903073469309e-09	-6.639267025043694e-09	-6.055817070027558e-09	0.000000000000000e+00	0.000000000000000e+00	-1.042684893981516e-08
0.90	171	25	1.619437	-6.527573925829699e-09	-6.507561933766226e-09	-5.938719960241201e-09	0.000000000000000e+00	0.000000000000000e+00	-1.019920903289062e-08
0.90	172	25	1.619437	-6.398880092461923e-09	-6.379424100089182e-09	-5.824746018845417e-09	0.000000000000000e+00	0.000000000000000e+00	-9.978227022422459e-09
0.90	173	25	1.619437	-6.273618957663984e-09	-6.254732953792086e-09	-5.713770012683028e-09	0.000000000000000e+00	0.000000000000000e+00	-9.763657993211439e-09
0.90	174	25	1.619437	-6.151733011883209e-09	-6.133371033278934e-09	-5.605681030473875e-09	0.000000000000000e+00	0.000000000000000e+00	-9.555278013273494e-09
0.90	175	25	1.619437	-6.033058941312675e-09	-6.015230979983244e-09	-5.500396915714134e-09	0.000000000000000e+00	0.000000000000000e+00	-9.352863039602255e-09
0.90	176	25	1.619437	-5.917535017552211e-09	-5.900201993647158e-09	-5.397820079799942e-09	0.000000000000000e+00	0.000000000000000e+00	-9.156203906179883e-09
0.90	177	25	1.619437	-5.805006031422977e-09	-5.788177936949523e-09	-5.297869920539711e-09	0.000000000000000e+00	0.000000000000000e+00	-8.965098996505105e-09
0.90	178	25	1.619437	-5.695453997311972e-09	-5.679067993646925e-09	-5.200458064180680e-09	0.000000000000000e+00	0.000000000000000e+00	-8.779355020749335e-09
0.90	179	25	1.619437	-5.588670970446685e-09	-5.572771022421819e-09	-5.105515010761508e-09	0.000000000000000e+00	0.000000000000000e+00	-8.598784018154504e-09
0.90	180	25	1.619437	-5.484673049060973e-09	-5.469197983387630e-09	-5.012926962422171e-09	0.000000000000000e+00	0.000000000000000e+00	-8.423210018371208e-09
0.90	181	25	1.619437	-5.383319012786103e-09	-5.368261057903112e-09	-4.922684038177749e-09	0.000000000000000e+00	0.000000000000000e+00	-8.252461936031352e-09
0.90	182	25	1.619437	-5.284517934356359e-09	-5.269875980040695e-09	-4.834612932214100e-09	0.000000000000000e+00	0.000000000000000e+00	-8.086375014038083e-09
0.90	183	25	1.619437	-5.188203089367960e-09	-5.173961037385766e-09	-4.748752058247874e-09	0.000000000000000e+00	0.000000000000000e+00	-7.924792044811113e-09
0.90	184	25	1.619437	-5.094306976261009e-09	-5.080438958415812e-09	-4.664965969070067e-09	0.000000000000000e+00	0.000000000000000e+00	-7.767564036420538e-09
0.90	185	25	1.619437	-5.002716019220088e-09	-4.989234025920553e-09	-4.583208035313646e-09	0.000000000000000e+00	0.000000000000000e+00	-7.614540997735730e-09
0.90	186	25	1.619437	-4.913389917149402e-09	-4.900272965180363e-09	-4.503426964674873e-09	0.000000000000000e+00	0.000000000000000e+00	-7.465588924837618e-09
0.90	187	25	1.619437	-4.826275046276862e-09	-4.813490050992186e-09	-4.425554034348522e-09	0.000000000000000e+00	0.000000000000000e+00	-7.320570039048846e-09
0.90	188	25	1.619437	-4.741266934615851e-09	-4.728813007837118e-09	-4.349532956027247e-09	0.000000000000000e+00	0.000000000000000e+00	-7.179355998587766e-09
0.90	189	25	1.619437	-4.658294083803582e-09	-4.646182993894854e-09	-4.275310994117376e-09	0.000000000000000e+00	0.000000000000000e+00	-7.041826011189301e-09
0.90	190	25	1.619437	-4.577308976294603e-09	-4.565531952493984e-09	-4.202809988917977e-09	0.000000000000000e+00	0.000000000000000e+00	-6.907856953120017e-09
0.90	191	25	1.619437	-4.498308947553653e-09	-4.486804039416370e-09	-4.132022057845575e-09	0.000000000000000e+00	0.000000000000000e+00	-6.777338024122059e-09
0.90	192	25	1.619437	-4.421121024833496e-09	-4.409940967953219e-09	-4.062862934972600e-09	0.000000000000000e+00	0.000000000000000e+00	-6.650155981446915e-09
0.90	193	25	1.619437	-4.345795057147939e-09	-4.334886005707972e-09	-3.995299091563709e-09	0.000000000000000e+00	0.000000000000000e+00	-6.526205020840337e-09
0.90	194	25	1.619437	-4.272214915168604e-09	-4.261583974596306e-09	-3.929288894255478e-09	0.000000000000000e+00	0.000000000000000e+00	-6.405386998586948e-09
0.90	195	25	1.619437	-4.200342074156538e-09	-4.189988023206581e-09	-3.864762065930449e-09	0.000000000000000e+00	0.000000000000000e+00	-6.287598997012367e-09
0.90	196	25	1.619437	-4.130147002179285e-09	-4.120045971056641e-09	-3.801719938856252e-09	0.000000000000000e+00	0.000000000000000e+00	-6.172748978627851e-09
0.90	197	25	1.619437	-4.061531000409957e-09	-4.051705082552814e-09	-3.740061038648435e-09	0.000000000000000e+00	0.000000000000000e+00	-6.060746016167684e-09
0.90	198	25	1.619437	-3.994517938643583e-09	-3.984926943978451e-09	-3.679797022648756e-09	0.000000000000000e+00	0.000000000000000e+00	-5.951499959522266e-09
0.90	199	25	1.619437	-3.929014003034581e-09	-3.919661040185929e-09	-3.620875932419665e-09	0.000000000000000e+00	0.000000000000000e+00	-5.844930095477707e-09
0.90	200	25	1.619437	-3.864977005108017e-09	-3.855863961454986e-09	-3.563243033966046e-09	0.000000000000000e+00	0.000000000000000e+00	-5.740950936861111e-09
0.90	201	25	1.619437	-3.802384074269582e-09	-3.793496961002063e-09	-3.506866019797883e-09	0.000000000000000e+00	0.000000000000000e+00	-5.639487987707525e-09
0.90	202	25	1.619437	-3.741197907025651e-09	-3.732520070798273e-09	-3.451755992145422e-09	0.000000000000000e+00	0.000000000000000e+00	-5.540462089115294e-09
0.90	203	25	1.619437	-3.681360993823546e-09	-3.672888992944934e-09	-3.397814030137170e-09	0.000000000000000e+00	0.000000000000000e+00	-5.443800965565515e-09
0.90	204	25	1.619437	-3.622814048753753e-09	-3.614570975862819e-09	-3.345010934907577e-09	0.000000000000000e+00	0.000000000000000e+00	-5.349437004475988e-09
0.90	205	25	1.619437	-3.565578055031438e-09	-3.557527050723763e-09	-3.293358030731497e-09	0.000000000000000e+00	0.000000000000000e+00	-5.257298929528531e-09
0.90	206	25	1.619437	-3.509592949590967e-09	-3.501725909238473e-09	-3.242839996531188e-09	0.000000000000000e+00	0.000000000000000e+00	-5.167322014720810e-09
0.90	207	25	1.619437	-3.454795005630729e-09	-3.447126029065828e-09	-3.193347031249516e-09	0.000000000000000e+00	0.000000000000000e+00	-5.079443976541143e-09
0.90	208	25	1.619437	-3.401202985919838e-09	-3.393702985299285e-09	-3.144895011075732e-09	0.000000000000000e+00	0.000000000000000e+00	-4.993604085790082e-09
0.90	209	25	1.619437	-3.348721966389689e-09	-3.341419030356008e-09	-3.097473944002616e-09	0.000000000000000e+00	0.000000000000000e+00	-4.909740947134367e-09
0.90	210	25	1.619437	-3.297380035682806e-09	-3.290244965370448e-09	-3.051044084045884e-09	0.000000000000000e+00	0.000000000000000e+00	-4.827800048623487e-09
0.90	211	25	1.619437	-3.247116020510532e-09	-3.240151036365546e-09	-3.005551918455751e-09	0.000000000000000e+00	0.000000000000000e+00	-4.747725990128515e-09
0.90	212	25	1.619437	-3.197919928865645e-09	-3.191111042077921e-09	-2.961029976766838e-09	0.000000000000000e+00	0.000000000000000e+00	-4.669464037654336e-09
0.90	213	25	1.619437	-3.149741023555919e-09	-3.143090010482297e-09	-2.917355024223411e-09	0.000000000000000e+00	0.000000000000000e+00	-4.592965896499379e-09
0.90	214	25	1.619437	-3.102567980306503e-09	-3.096069955965675e-09	-2.874645077532989e-09	0.000000000000000e+00	0.000000000000000e+00	-4.518178053913857e-09
0.90	215	25	1.619437	-3.056351061125895e-09	-3.050018015926526e-09	-2.832760914728283e-09	0.000000000000000e+00	0.000000000000000e+00	-4.445056989155205e-09
0.90	216	25	1.619437	-3.011105031980321e-09	-3.004911985904357e-09	-2.791718078931638e-09	0.000000000000000e+00	0.000000000000000e+00	-4.373552964231919e-09
0.90	217	25	1.619437	-2.966786927238729e-09	-2.960724998501973e-09	-2.751509908804906e-09	0.000000000000000e+00	0.000000000000000e+00	-4.303622014312225e-09
0.90	218	25	1.619437	-2.923352004913227e-09	-2.917435959481907e-09	-2.712082003419880e-09	0.000000000000000e+00	0.000000000000000e+00	-4.235222061943489e-09
0.90	219	25	1.619437	-2.880788052550542e-09	-2.875019999848405e-09	-2.673441024114709e-09	0.000000000000000e+00	0.000000000000000e+00	-4.168308920249331e-09
0.90	220	25	1.619437	-2.839108947938485e-09	-2.833456025364001e-09	-2.635578977283615e-09	0.000000000000000e+00	0.000000000000000e+00	-4.102845063691518e-09
0.90	221	25	1.619437	-2.798247078494853e-09	-2.792721054412084e-09	-2.598431025901959e-09	0.000000000000000e+00	0.000000000000000e+00	-4.038787970728208e-09
0.90	222	25	1.619437	-2.758202000130439e-09	-2.752794991955909e-09	-2.562018042162606e-09	0.000000000000000e+00	0.000000000000000e+00	-3.976103002401032e-09
0.90	223	25	1.619437	-2.718934966061681e-09	-2.713656965802613e-09	-2.526305942218698e-09	0.000000000000000e+00	0.000000000000000e+00	-3.914749968636499e-09
0.90	224	25	1.619437	-2.680451971492914e-09	-2.675286991937753e-09	-2.491304051943644e-09	0.000000000000000e+00	0.000000000000000e+00	-3.854697006033803e-09
0.90	225	25	1.619437	-2.642697061183696e-09	-2.637667972926749e-09	-2.456927994387570e-09	0.000000000000000e+00	0.000000000000000e+00	-3.795906033943197e-09
0.90	226	25	1.619437	-2.605726967530586e-09	-2.600778037376017e-09	-2.423263034678769e-09	0.000000000000000e+00	0.000000000000000e+00	-3.738346965320716e-09
0.90	227	25	1.619437	-2.569432999699472e-09	-2.564602974430841e-09	-2.390178943656451e-09	0.000000000000000e+00	0.000000000000000e+00	-3.681984050984966e-09
0.90	228	25	1.619437	-2.533849019492607e-09	-2.529122022920660e-09	-2.357772976857575e-09	0.000000000000000e+00	0.000000000000000e+00	-3.626788980248818e-09
0.90	229	25	1.619437	-2.498943940665299e-09	-2.494318973589316e-09	-2.325927006552320e-09	0.000000000000000e+00	0.000000000000000e+00	-3.572730999934493e-09
0.90	230	25	1.619437	-2.464682014036157e-09	-2.460179060470580e-09	-2.294710976791237e-09	0.000000000000000e+00	0.000000000000000e+00	-3.519779023797298e-09
0.90	231	25	1.619437	-2.431118972801016e-09	-2.426684964085268e-09	-2.264050058542466e-09	0.000000000000000e+00	0.000000000000000e+00	-3.467905962395434e-09
0.90	232	25	1.619437	-2.398141019099853e-09	-2.393821030288734e-09	-2.233967011378013e-09	0.000000000000000e+00	0.000000000000000e+00	-3.417084060153286e-09
0.90	233	25	1.619437	-2.365823981165249e-09	-2.361573936404682e-09	-2.204436966302126e-09	0.000000000000000e+00	0.000000000000000e+00	-3.367286005584447e-09
0.90	234	25	1.619437	-2.334063053943680e-09	-2.329927029087742e-09	-2.175450042329885e-09	0.000000000000000e+00	0.000000000000000e+00	-3.318487928893887e-09
0.90	235	25	1.619437	-2.302929957842537e-09	-2.298864987260174e-09	-2.146982924777774e-09	0.000000000000000e+00	0.000000000000000e+00	-3.270660076104548e-09
0.90	236	25	1.619437	-2.272341981246484e-09	-2.268377041758640e-09	-2.119035058534280e-09	0.000000000000000e+00	0.000000000000000e+00	-3.223782907291195e-09
0.90	237	25	1.619437	-2.242353080994519e-09	-2.238448981728425e-09	-2.091588013897194e-09	0.000000000000000e+00	0.000000000000000e+00	-3.177830998346565e-09
0.90	238	25	1.619437	-2.212867000750407e-09	-2.209068039604745e-09	-2.064643012111844e-09	0.000000000000000e+00	0.000000000000000e+00	-3.132780035386418e-09
0.90	239	25	1.619437	-2.183934921795583e-09	-2.180219005332162e-09	-2.038175961338595e-09	0.000000000000000e+00	0.000000000000000e+00	-3.088610034396311e-09
0.90	240	25	1.619437	-2.155551070970319e-09	-2.151890998725037e-09	-2.012154998176641e-09	0.000000000000000e+00	0.000000000000000e+00	-3.045298013759634e-09
0.90	241	25	1.619437	-2.127663933926272e-09	-2.124074915954566e-09	-1.986628972439064e-09	0.000000000000000e+00	0.000000000000000e+00	-3.002821991060500e-09
0.90	242	25	1.619437	-2.100258078563400e-09	-2.096754991853800e-09	-1.961529050298338e-09	0.000000000000000e+00	0.000000000000000e+00	-2.961164979886632e-09
0.90	243	25	1.619437	-2.073332949770190e-09	-2.069922011571634e-09	-1.936863003315636e-09	0.000000000000000e+00	0.000000000000000e+00	-2.920302999420699e-09
0.90	244	25	1.619437	-2.046943947675572e-09	-2.043563984699404e-09	-1.912645930524093e-09	0.000000000000000e+00	0.000000000000000e+00	-2.880219951428842e-09
0.90	245	25	1.619437	-2.020960065962640e-09	-2.017672029452910e-09	-1.888833089935815e-09	0.000000000000000e+00	0.000000000000000e+00	-2.840896073941224e-09
0.90	246	25	1.619437	-1.995457021841673e-09	-1.992232045999742e-09	-1.865430920844346e-09	0.000000000000000e+00	0.000000000000000e+00	-2.802312937255635e-09
0.90	247	25	1.619437	-1.970399954309698e-09	-1.967239926514708e-09	-1.842456076595056e-09	0.000000000000000e+00	0.000000000000000e+00	-2.764452999848288e-09
0.90	248	25	1.619437	-1.945788974389018e-09	-1.942679017652438e-09	-1.819847939010799e-09	0.000000000000000e+00	0.000000000000000e+00	-2.727300052463022e-09
0.90	249	25	1.619437	-1.921566017415444e-09	-1.918542991141692e-09	-1.797621052013199e-09	0.000000000000000e+00	0.000000000000000e+00	-2.690836997665258e-09
0.90	250	25	1.619437	-1.897801027439527e-09	-1.894826073822742e-09	-1.775787961122433e-09	0.000000000000000e+00	0.000000000000000e+00	-2.655046960065022e-09
0.90	251	25	1.619437	-1.874422950187693e-09	-1.871508947814959e-09	-1.754294043365690e-09	0.000000000000000e+00	0.000000000000000e+00	-2.619915062673783e-09
0.90	252	25	1.619437	-1.851453990120433e-09	-1.848596054010443e-09	-1.733180932106393e-09	0.000000000000000e+00	0.000000000000000e+00	-2.585425984413803e-09
0.90	253	25	1.619437	-1.828871054598835e-09	-1.826068962706984e-09	-1.712450070634475e-09	0.000000000000000e+00	0.000000000000000e+00	-2.551563960118131e-09
0.90	254	25	1.619437	-1.806677030202763e-09	-1.803922011767156e-09	-1.692008977371984e-09	0.000000000000000e+00	0.000000000000000e+00	-2.518316000177379e-09
0.90	255	25	1.619437	-1.784831948903332e-09	-1.782148983942022e-09	-1.671924931834212e-09	0.000000000000000e+00	0.000000000000000e+00	-2.485667005558412e-09
0.90	256	25	1.619437	-1.763385992781252e-09	-1.760737999845219e-09	-1.652179060229741e-09	0.000000000000000e+00	0.000000000000000e+00	-2.453603986651842e-09
0.90	257	25	1.619437	-1.742278987748591e-09	-1.739685950852277e-09	-1.632749935254196e-09	0.000000000000000e+00	0.000000000000000e+00	-2.422114064870584e-09
0.90	258	25	1.619437	-1.721528031239927e-09	-1.718981068599135e-09	-1.613640998598953e-09	0.000000000000000e+00	0.000000000000000e+00	-2.391182918337620e-09
0.90	259	25	1.619437	-1.701102037010571e-09	-1.698618024015275e-09	-1.594832044204963e-09	0.000000000000000e+00	0.000000000000000e+00	-2.360798001532771e-09
0.90	260	25	1.619437	-1.681037975487243e-09	-1.678592931320111e-09	-1.576351049692448e-09	0.000000000000000e+00	0.000000000000000e+00	-2.330948989381909e-09
0.90	261	25	1.619437	-1.661292992061192e-09	-1.658891024547415e-09	-1.558154938408052e-09	0.000000000000000e+00	0.000000000000000e+00	-2.301622004097226e-09
0.90	262	25	1.619437	-1.641854985301450e-09	-1.639511970630281e-09	-1.540236049812904e-09	0.000000000000000e+00	0.000000000000000e+00	-2.272807053671499e-09
0.90	263	25	1.619437	-1.622772027864983e-09	-1.620445000405368e-09	-1.522622916638738e-09	0.000000000000000e+00	0.000000000000000e+00	-2.244492036673762e-09
0.90	264	25	1.619437	-1.603935984029192e-09	-1.601690002850376e-09	-1.505264024537212e-09	0.000000000000000e+00	0.000000000000000e+00	-2.216664962695347e-09
0.90	265	25	1.619437	-1.585456987918121e-09	-1.583232989155192e-09	-1.488207002076081e-09	0.000000000000000e+00	0.000000000000000e+00	-2.189316949952058e-09
0.90	266	25	1.619437	-1.567237006838695e-09	-1.565069074338510e-09	-1.471410993048039e-09	0.000000000000000e+00	0.000000000000000e+00	-2.162437007235951e-09
0.90	267	25	1.619437	-1.549359973651576e-09	-1.547198924534143e-09	-1.454862008642976e-09	0.000000000000000e+00	0.000000000000000e+00	-2.136015031517502e-09
0.90	268	25	1.619437	-1.531690996259272e-09	-1.529609994221914e-09	-1.438567043265948e-09	0.000000000000000e+00	0.000000000000000e+00	-2.110041030789489e-09
0.90	269	25	1.619437	-1.514373071387354e-09	-1.512297065353607e-09	-1.422590933941592e-09	0.000000000000000e+00	0.000000000000000e+00	-2.084504013843969e-09
0.90	270	25	1.619437	-1.497259982663479e-09	-1.495258028505475e-09	-1.406779026602578e-09	0.000000000000000e+00	0.000000000000000e+00	-2.059397985476608e-09
0.90	271	25	1.619437	-1.480481959248436e-09	-1.478485001094043e-09	-1.391252002491683e-09	0.000000000000000e+00	0.000000000000000e+00	-2.034708956877296e-09
0.90	272	25	1.619437	-1.463922982836152e-09	-1.461972987115701e-09	-1.375942026982102e-09	0.000000000000000e+00	0.000000000000000e+00	-2.010434041466169e-09
0.90	273	25	1.619437	-1.447624020656235e-09	-1.445716990566837e-09	-1.360889956281142e-09	0.000000000000000e+00	0.000000000000000e+00	-1.986558917366210e-09
0.90	274	25	1.619437	-1.431598062318074e-09	-1.429713014644562e-09	-1.346036060390077e-09	0.000000000000000e+00	0.000000000000000e+00	-1.963080031863740e-09
0.90	275	25	1.619437	-1.415800920945287e-09	-1.413954953122243e-09	-1.331445953489663e-09	0.000000000000000e+00	0.000000000000000e+00	-1.939984062282463e-09
0.90	276	25	1.619437	-1.400237037429974e-09	-1.398436033639427e-09	-1.317064013406366e-09	0.000000000000000e+00	0.000000000000000e+00	-1.917267899997910e-09
0.90	277	25	1.619437	-1.384941050730504e-09	-1.383154923928487e-09	-1.302864038876805e-09	0.000000000000000e+00	0.000000000000000e+00	-1.894918999489903e-09
0.90	278	25	1.619437	-1.369841906573299e-09	-1.368105073673576e-09	-1.288912976349366e-09	0.000000000000000e+00	0.000000000000000e+00	-1.872935029290090e-09
0.90	279	25	1.619437	-1.355022094529090e-09	-1.353284928562459e-09	-1.275149985602297e-09	0.000000000000000e+00	0.000000000000000e+00	-1.851303998989806e-09
0.90	280	25	1.619437	-1.340361932555822e-09	-1.338686050900151e-09	-1.261600046653655e-09	0.000000000000000e+00	0.000000000000000e+00	-1.830021023607742e-09
0.90	281	25	1.619437	-1.325968002063860e-09	-1.324305998195996e-09	-1.248252945451611e-09	0.000000000000000e+00	0.000000000000000e+00	-1.809077998515818e-09
0.90	282	25	1.619437	-1.311758035527077e-09	-1.310139996490989e-09	-1.235104019059463e-09	0.000000000000000e+00	0.000000000000000e+00	-1.788468040331281e-09
0.90	283	25	1.619437	-1.297779994580139e-09	-1.296188045785129e-09	-1.222119960786472e-09	0.000000000000000e+00	0.000000000000000e+00	-1.768185931005917e-09
0.90	284	25	1.619437	-1.284021999836682e-09	-1.282436934424425e-09	-1.209359057341430e-09	0.000000000000000e+00	0.000000000000000e+00	-1.748222011599410e-09
0.90	285	25	1.619437	-1.270433980238295e-09	-1.268894989081559e-09	-1.196790999635766e-09	0.000000000000000e+00	0.000000000000000e+00	-1.728574061665711e-09
0.90	286	25	1.619437	-1.257060011639055e-09	-1.255545001299652e-09	-1.184360942652063e-09	0.000000000000000e+00	0.000000000000000e+00	-1.709232977376018e-09
0.90	287	25	1.619437	-1.243887992607995e-09	-1.242395075706781e-09	-1.172133057281144e-09	0.000000000000000e+00	0.000000000000000e+00	-1.690191986369882e-09
0.90	288	25	1.619437	-1.230870960711172e-09	-1.229434998251122e-09	-1.160083029638770e-09	0.000000000000000e+00	0.000000000000000e+00	-1.671446980822111e-09
0.90	289	25	1.619437	-1.218109058065409e-09	-1.216661993375112e-09	-1.148208972345799e-09	0.000000000000000e+00	0.000000000000000e+00	-1.652991965528372e-09
0.90	290	25	1.619437	-1.205498034728691e-09	-1.204075950056449e-09	-1.136485017205757e-09	0.000000000000000e+00	0.000000000000000e+00	-1.634821056306635e-09
0.90	291	25	1.619437	-1.193044996128378e-09	-1.191668985711658e-09	-1.124966009236061e-09	0.000000000000000e+00	0.000000000000000e+00	-1.616928035907961e-09
0.90	292	25	1.619437	-1.180817998935879e-09	-1.179440989318437e-09	-1.113575898159525e-09	0.000000000000000e+00	0.000000000000000e+00	-1.599306909128018e-09
0.90	293	25	1.619437	-1.168727004063896e-09	-1.167384078293310e-09	-1.102346103287744e-09	0.000000000000000e+00	0.000000000000000e+00	-1.581955011431546e-09
0.90	294	25	1.619437	-1.156830964355038e-09	-1.155502915572981e-09	-1.091275958486904e-09	0.000000000000000e+00	0.000000000000000e+00	-1.564865015346584e-09
0.90	295	25	1.619437	-1.145080030795498e-09	-1.143789063462464e-09	-1.080370015671406e-09	0.000000000000000e+00	0.000000000000000e+00	-1.548032035891822e-09
0.90	296	25	1.619437	-1.133513949369558e-09	-1.132237970047356e-09	-1.069609956161344e-09	0.000000000000000e+00	0.000000000000000e+00	-1.531451965242070e-09
0.90	297	25	1.619437	-1.122097970096547e-09	-1.120850967595288e-09	-1.059013987614321e-09	0.000000000000000e+00	0.000000000000000e+00	-1.515119030237599e-09
0.90	298	25	1.619437	-1.110867065001742e-09	-1.109624059303371e-09	-1.048532038971928e-09	0.000000000000000e+00	0.000000000000000e+00	-1.499030011231639e-09
0.90	299	25	1.619437	-1.099758950573460e-09	-1.098552027123390e-09	-1.038222952054468e-09	0.000000000000000e+00	0.000000000000000e+00	-1.483179024042158e-09
0.90	300	25	1.619437	-1.088827028539185e-09	-1.087632983676201e-09	-1.028044094297798e-09	0.000000000000000e+00	0.000000000000000e+00	-1.467560961643244e-09
