0.80	20	25	1.835000	-7.426898640083834e-06	-9.372703620114109e-06	4.174431450065796e-06	4.174431450065796e-06	-4.701135999818362e-06	-3.963568913400994e-05
0.80	21	25	1.835000	-2.027550403993494e-05	-2.173888440992755e-05	-1.844525631011784e-05	-1.844525631011784e-05	-2.528282303004836e-05	-2.795941088595821e-05
0.80	22	25	1.835000	-9.228659640037051e-06	-1.041269603008210e-05	-4.200589439840030e-06	-4.200589439840030e-06	-9.594579620131327e-06	-2.402574174104055e-05
0.80	23	25	1.835000	-1.083042507987741e-05	-1.176940369984614e-05	-8.537551830167800e-06	-8.537551830167800e-06	-1.283294698994908e-05	-1.848727238495940e-05
0.80	24	25	1.835000	-7.267484820161485e-06	-8.030451130069949e-06	-4.615310500000191e-06	-4.615310500000191e-06	-8.057370499914285e-06	-1.546140695402043e-05
0.80	25	25	1.835000	-6.698889769785055e-06	-7.320042360037249e-06	-4.901531259982050e-06	-4.901531259982050e-06	-7.692543970039267e-06	-1.247076290700200e-05
0.80	26	25	1.835000	-5.227408260033428e-06	-5.738871869942486e-06	-3.581944310049323e-06	-3.581944310049323e-06	-5.857067030046181e-06	-1.040035856897381e-05
0.80	27	25	1.835000	-4.524283520046524e-06	-4.948024280082564e-06	-3.242473869846663e-06	-3.242473869846663e-06	-5.113984330007426e-06	-8.607787118031229e-06
0.80	28	25	1.835000	-3.739222359966377e-06	-4.092979889902537e-06	-2.635961739994030e-06	-2.635961739994030e-06	-4.184229539960782e-06	-7.232925848976723e-06
0.80	29	25	1.835000	-3.199904790029962e-06	-3.497097730065235e-06	-2.291082940031330e-06	-2.291082940031330e-06	-3.580955699966637e-06	-6.087260791987070e-06
0.80	30	25	1.835000	-2.714464039987874e-06	-2.965693719936269e-06	-1.941157190099574e-06	-1.941157190099574e-06	-3.021724650054125e-06	-5.166467916040141e-06
0.80	31	25	1.835000	-2.334258039971004e-06	-2.547841770006443e-06	-1.682058329954828e-06	-1.682058329954828e-06	-2.592525719880001e-06	-4.403162105981462e-06
0.80	32	25	1.835000	-2.009837560157379e-06	-2.192395730071794e-06	-1.452700630011350e-06	-1.452700630011350e-06	-2.223759200115083e-06	-3.775015507023749e-06
0.80	33	25	1.835000	-1.743021999844885e-06	-1.899848929953762e-06	-1.266661350030063e-06	-1.266661350030063e-06	-1.922909750096125e-06	-3.251090364975173e-06
0.80	34	25	1.835000	-1.517265460160289e-06	-1.652629230131097e-06	-1.107294369973033e-06	-1.107294369973033e-06	-1.668393979858962e-06	-2.813443169991103e-06
0.80	35	25	1.835000	-1.327469779877077e-06	-1.444832310015798e-06	-9.734949399931025e-07	-9.734949399931025e-07	-1.455347180101541e-06	-2.445120092009478e-06
0.80	36	25	1.835000	-1.166071720071216e-06	-1.268258459807825e-06	-8.590426399113227e-07	-8.590426399113227e-07	-1.274546149954148e-06	-2.133954570993080e-06
0.80	37	25	1.835000	-1.028596970042983e-06	-1.117927480143166e-06	-7.613411800999614e-07	-7.613411800999614e-07	-1.121035730022868e-06	-1.869661786002563e-06
0.80	38	25	1.835000	-9.107591998347431e-07	-9.891481298485161e-07	-6.772519598463589e-07	-6.772519598463589e-07	-9.897887398579996e-07	-1.644243654008726e-06
0.80	39	25	1.835000	-8.093927301722204e-07	-8.784288001439933e-07	-6.046875100640392e-07	-6.046875100640392e-07	-8.772063901929528e-07	-1.451125837992340e-06
0.80	40	25	1.835000	-7.217906599077395e-07	-7.827986199249182e-07	-5.417454200795646e-07	-5.417454200795646e-07	-7.801674399843250e-07	-1.285020966024231e-06
0.80	41	25	1.835000	-6.457977899110290e-07	-6.998874699792879e-07	-4.869555698672201e-07	-4.869555698672201e-07	-6.962121399389787e-07	-1.141589677955412e-06
0.80	42	25	1.835000	-5.796173101479951e-07	-6.277226600737151e-07	-4.390685501842739e-07	-4.390685501842739e-07	-6.232872600264727e-07	-1.017281807014214e-06
0.80	43	25	1.835000	-5.217758900499803e-07	-5.646862100139316e-07	-3.970667399322281e-07	-3.970667399322281e-07	-5.597154200120968e-07	-9.091660400084578e-07
0.80	44	25	1.835000	-4.710460199675026e-07	-5.094310200348673e-07	-3.600963900396437e-07	-3.600963900396437e-07	-5.041000898931003e-07	-8.148166160126813e-07
0.80	45	25	1.835000	-4.264063899750425e-07	-4.608365498093292e-07	-3.274474498216051e-07	-3.274474498216051e-07	-4.552821000203267e-07	-7.322147930199918e-07
0.80	46	25	1.835000	-3.870010498729926e-07	-4.179641202028961e-07	-2.985227101071075e-07	-2.985227101071075e-07	-4.122933299210985e-07	-6.596746269793563e-07
0.80	47	25	1.835000	-3.521107401205370e-07	-3.800251899832574e-07	-2.728196000223448e-07	-2.728196000223448e-07	-3.743205301276475e-07	-5.957819519952778e-07
0.80	48	25	1.835000	-3.211282399995241e-07	-3.463543398751767e-07	-2.499127000898937e-07	-2.499127000898937e-07	-3.406804500727389e-07	-5.393462120251158e-07
0.80	49	25	1.835000	-2.935391698599688e-07	-3.163880699652566e-07	-2.294409098269057e-07	-2.294409098269057e-07	-3.107931898505001e-07	-4.893613129719476e-07
0.80	50	25	1.835000	-2.689060600857829e-07	-2.896473600966232e-07	-2.110964101298407e-07	-2.110964101298407e-07	-2.841673001352518e-07	-4.449740579892669e-07
0.80	51	25	1.835000	-2.468557100954172e-07	-2.657236799485929e-07	-1.946159799981473e-07	-1.946159799981473e-07	-2.603873499040787e-07	-4.054584339940881e-07
0.80	52	25	1.835000	-2.270685799388161e-07	-2.442673501246162e-07	-1.797737398945287e-07	-1.797737398945287e-07	-2.390928399709225e-07	-3.701946360012975e-07
0.80	53	25	1.835000	-2.092701900657801e-07	-2.249781998475697e-07	-1.663752200453672e-07	-1.663752200453672e-07	-2.199784701062413e-07	-3.386518560022367e-07
0.80	54	25	1.835000	-1.932240798474538e-07	-2.075976399673607e-07	-1.542524599162931e-07	-1.542524599162931e-07	-2.027832699535992e-07	-3.103741270105154e-07
0.80	55	25	1.835000	-1.787259200636271e-07	-1.919023600027714e-07	-1.432600200690359e-07	-1.432600200690359e-07	-1.872754800125165e-07	-2.849686250305794e-07
0.80	56	25	1.835000	-1.655986199278203e-07	-1.776988600710183e-07	-1.332715300339515e-07	-1.332715300339515e-07	-1.732647099128570e-07	-2.620959679844326e-07
0.80	57	25	1.835000	-1.536882501262937e-07	-1.648190599556898e-07	-1.241768998738735e-07	-1.241768998738735e-07	-1.605744499588724e-07	-2.414621529944760e-07
0.80	58	25	1.835000	-1.428607399045490e-07	-1.531165501056364e-07	-1.158799700640145e-07	-1.158799700640145e-07	-1.490598100506446e-07	-2.228118169966820e-07
0.80	59	25	1.835000	-1.329989001153109e-07	-1.424634799018776e-07	-1.082965399579194e-07	-1.082965399579194e-07	-1.385907799633657e-07	-2.059225929773589e-07
0.80	60	25	1.835000	-1.240001299418481e-07	-1.327478900137180e-07	-1.013526700344158e-07	-1.013526700344158e-07	-1.290580000645747e-07	-1.906003760376862e-07
0.80	61	25	1.835000	-1.157743299007308e-07	-1.238715501283849e-07	-9.498331010604488e-08	-9.498331010604488e-08	-1.203546500239128e-07	-1.766753259802023e-07
0.80	62	25	1.835000	-1.082422200759936e-07	-1.157480398195077e-07	-8.913104987406939e-08	-8.913104987406939e-08	-1.124020800880032e-07	-1.639984990031707e-07
0.80	63	25	1.835000	-1.013338899458205e-07	-1.083011500480069e-07	-8.374510995778905e-08	-8.374510995778905e-08	-1.051178799560404e-07	-1.524389779961055e-07
0.80	64	25	1.835000	-9.498751007974704e-08	-1.014635699903010e-07	-7.878057006749373e-08	-7.878057006749373e-08	-9.843839987588865e-08	-1.418814519760225e-07
0.80	65	25	1.835000	-8.914833005135847e-08	-9.517567001182670e-08	-7.419744996184363e-08	-7.419744996184363e-08	-9.230104014434914e-08	-1.322241360290910e-07
0.80	66	25	1.835000	-8.376775983975904e-08	-8.938458995189080e-08	-6.996023005356733e-08	-6.996023005356733e-08	-8.665393003148836e-08	-1.233770109965171e-07
0.80	67	25	1.835000	-7.880255004089065e-08	-8.404325013700031e-08	-6.603722013664992e-08	-6.603722013664992e-08	-8.145109986479326e-08	-1.152602990273088e-07
0.80	68	25	1.835000	-7.421421011066798e-08	-7.910979005210095e-08	-6.240013994407434e-08	-6.240013994407434e-08	-7.664946011232132e-08	-1.078031720003203e-07
0.80	69	25	1.835000	-6.996833001871039e-08	-7.454680983620676e-08	-5.902360000753504e-08	-5.902360000753504e-08	-7.221360998066473e-08	-1.009426259801494e-07
0.80	70	25	1.835000	-6.603413993389040e-08	-7.032088999991970e-08	-5.588492002495116e-08	-5.588492002495116e-08	-6.810540997825854e-08	-9.462251898684215e-08
0.80	71	25	1.835000	-6.238409988590377e-08	-6.640208005670445e-08	-5.296368987828259e-08	-5.296368987828259e-08	-6.430363996834387e-08	-8.879273100115270e-08
0.80	72	25	1.835000	-5.899343014093006e-08	-6.276351993683704e-08	-5.024152005539406e-08	-5.024152005539406e-08	-6.077103997803590e-08	-8.340845403242980e-08
0.80	73	25	1.835000	-5.583994999724951e-08	-5.938105007707861e-08	-4.770189998559715e-08	-4.770189998559715e-08	-5.749410991739978e-08	-7.842955096482029e-08
0.80	74	25	1.835000	-5.290355997722429e-08	-5.623297005818984e-08	-4.532987007976885e-08	-4.532987007976885e-08	-5.444276007793292e-08	-7.382001399047766e-08
0.80	75	25	1.835000	-5.016625004294895e-08	-5.329964003486509e-08	-4.311189982786345e-08	-4.311189982786345e-08	-5.160281002503098e-08	-6.954749703913521e-08
0.80	76	25	1.835000	-4.761163996391815e-08	-5.056340990350350e-08	-4.103578010727915e-08	-4.103578010727915e-08	-4.895757999001660e-08	-6.558288895286424e-08
0.80	77	25	1.835000	-4.522500995918222e-08	-4.800823005801647e-08	-3.909041002003733e-08	-3.909041002003733e-08	-4.648294993359059e-08	-6.189995604977128e-08
0.80	78	25	1.835000	-4.299298006493757e-08	-4.561965005756008e-08	-3.726568986728296e-08	-3.726568986728296e-08	-4.417584009708264e-08	-5.847502598799181e-08
0.80	79	25	1.835000	-4.090338001638827e-08	-4.338449000051980e-08	-3.555247007902551e-08	-3.555247007902551e-08	-4.201687997529291e-08	-5.528669999588232e-08
0.80	80	25	1.835000	-3.894520994585093e-08	-4.129082986636945e-08	-3.394240000176296e-08	-3.394240000176296e-08	-3.999597009141098e-08	-5.231561900354009e-08
0.80	81	25	1.835000	-3.710841989246205e-08	-3.932781011961595e-08	-3.242785995283270e-08	-3.242785995283270e-08	-3.810174997731508e-08	-4.954423499237137e-08
0.80	82	25	1.835000	-3.538387005619370e-08	-3.748554000537752e-08	-3.100189016613797e-08	-3.100189016613797e-08	-3.632174983003722e-08	-4.695662897402642e-08
0.80	83	25	1.835000	-3.376323998161013e-08	-3.575498985775027e-08	-2.965813994393329e-08	-2.965813994393329e-08	-3.465569009541980e-08	-4.453833402084939e-08
0.80	84	25	1.835000	-3.223888001002706e-08	-3.412796001356355e-08	-2.839077994920558e-08	-2.839077994920558e-08	-3.308781004740524e-08	-4.227619598839993e-08
0.80	85	25	1.835000	-3.080386012932479e-08	-3.259690006807148e-08	-2.719447000920638e-08	-2.719447000920638e-08	-3.160965000859051e-08	-4.015823301672938e-08
0.80	86	25	1.835000	-2.945179988778079e-08	-3.115492996919045e-08	-2.606432003560144e-08	-2.606432003560144e-08	-3.022055006240976e-08	-3.817351301727001e-08
0.80	87	25	1.835000	-2.817682998035309e-08	-2.979574009742691e-08	-2.499581985837551e-08	-2.499581985837551e-08	-2.891372985480700e-08	-3.631206896281824e-08
0.80	88	25	1.835000	-2.697361001224863e-08	-2.851354996558086e-08	-2.398486009802525e-08	-2.398486009802525e-08	-2.767701001715750e-08	-3.456478003815988e-08
0.80	89	25	1.835000	-2.583722014115608e-08	-2.730303982900750e-08	-2.302758006500483e-08	-2.302758006500483e-08	-2.651403008258058e-08	-3.292330896798035e-08
0.80	90	25	1.835000	-2.476311999899394e-08	-2.615932004346178e-08	-2.212048988425863e-08	-2.212048988425863e-08	-2.541158994340265e-08	-3.138001702929216e-08
0.80	91	25	1.835000	-2.374713981012633e-08	-2.507790997086090e-08	-2.126036013905264e-08	-2.126036013905264e-08	-2.437065993454723e-08	-2.992789899236570e-08
0.80	92	25	1.835000	-2.278541999523043e-08	-2.405466004162804e-08	-2.044417990454406e-08	-2.044417990454406e-08	-2.338595006534661e-08	-2.856052999655745e-08
0.80	93	25	1.835000	-2.187447001311682e-08	-2.308572999432101e-08	-1.966917007045765e-08	-1.966917007045765e-08	-2.245608010653655e-08	-2.727200099084115e-08
0.80	94	25	1.835000	-2.101093010686839e-08	-2.216763994589144e-08	-1.893279999443109e-08	-1.893279999443109e-08	-2.156892997540183e-08	-2.605688498302783e-08
0.80	95	25	1.835000	-2.019186995383393e-08	-2.129709009146552e-08	-1.823267004041895e-08	-1.823267004041895e-08	-2.073477989306127e-08	-2.491017903061277e-08
0.80	96	25	1.835000	-1.941442007158400e-08	-2.047107994229691e-08	-1.756656997642381e-08	-1.756656997642381e-08	-1.993891007856519e-08	-2.382727898320169e-08
0.80	97	25	1.835000	-1.867603005578644e-08	-1.968685015008020e-08	-1.693248985468188e-08	-1.693248985468188e-08	-1.918615000207069e-08	-2.280393601727937e-08
0.80	98	25	1.835000	-1.797423987426328e-08	-1.894175993832903e-08	-1.632850010757636e-08	-1.632850010757636e-08	-1.846966002361228e-08	-2.183622799245555e-08
0.80	99	25	1.835000	-1.730691012724606e-08	-1.823347006713050e-08	-1.575283992139020e-08	-1.575283992139020e-08	-1.778332991975162e-08	-2.092053097424440e-08
0.80	100	25	1.835000	-1.667189986065409e-08	-1.755972989236909e-08	-1.520387993281247e-08	-1.520387993281247e-08	-1.714245989603569e-08	-2.005349802880474e-08
0.80	101	25	1.835000	-1.606729993497424e-08	-1.691846995832691e-08	-1.468008004046339e-08	-1.468008004046339e-08	-1.651844017125370e-08	-1.923202497255971e-08
0.80	102	25	1.835000	-1.549135020262327e-08	-1.630778001526778e-08	-1.418001005504266e-08	-1.418001005504266e-08	-1.594029996887514e-08	-1.845324099081225e-08
0.80	103	25	1.835000	-1.494234980192743e-08	-1.572585994757958e-08	-1.370235991338120e-08	-1.370235991338120e-08	-1.536846006011672e-08	-1.771448304710432e-08
0.80	104	25	1.835000	-1.441878016983367e-08	-1.517107017789954e-08	-1.324588017048711e-08	-1.324588017048711e-08	-1.484316980437939e-08	-1.701328000702773e-08
0.80	105	25	1.835000	-1.391917003878973e-08	-1.464183996269242e-08	-1.280938999315140e-08	-1.280938999315140e-08	-1.433238017156668e-08	-1.634733998168159e-08
0.80	106	25	1.835000	-1.344218980570133e-08	-1.413672001682187e-08	-1.239183000656396e-08	-1.239183000656396e-08	-1.385146997101572e-08	-1.571453200899242e-08
0.80	107	25	1.835000	-1.298656004955490e-08	-1.365437984901519e-08	-1.199215993175073e-08	-1.199215993175073e-08	-1.337548005686529e-08	-1.511286995548033e-08
0.80	108	25	1.835000	-1.255113013520770e-08	-1.319354003825879e-08	-1.160946005995811e-08	-1.160946005995811e-08	-1.293981988226278e-08	-1.454051401506007e-08
0.80	109	25	1.835000	-1.213476985562068e-08	-1.275302996539551e-08	-1.124283000031312e-08	-1.124283000031312e-08	-1.251367010013382e-08	-1.399574300897655e-08
0.80	110	25	1.835000	-1.173649000207888e-08	-1.233175006554177e-08	-1.089140999610549e-08	-1.089140999610549e-08	-1.210806988005686e-08	-1.347695799402970e-08
0.80	111	25	1.835000	-1.135529004159253e-08	-1.192865006771626e-08	-1.055444998065980e-08	-1.055444998065980e-08	-1.172197006127362e-08	-1.298266399940573e-08
0.80	112	25	1.835000	-1.099026003537062e-08	-1.154280004911357e-08	-1.023118989529337e-08	-1.023118989529337e-08	-1.135414007258362e-08	-1.251146902747635e-08
0.80	113	25	1.835000	-1.064059995670164e-08	-1.117324988086921e-08	-9.920960053477756e-09	-9.920960053477756e-09	-1.098690982637152e-08	-1.206207200787901e-08
0.80	114	25	1.835000	-1.030549001690417e-08	-1.081917999634641e-08	-9.623100094557913e-09	-9.623100094557913e-09	-1.065111998599377e-08	-1.163325497044454e-08
0.80	115	25	1.835000	-9.984159943243753e-09	-1.047978992474441e-08	-9.336979855945060e-09	-9.336979855945060e-09	-1.033125007765534e-08	-1.122388298968602e-08
0.80	116	25	1.835000	-9.675950041199144e-09	-1.015432005146977e-08	-9.062069983301058e-09	-9.062069983301058e-09	-1.000160998465560e-08	-1.083288803105376e-08
0.80	117	25	1.835000	-9.380179966100854e-09	-9.842070047838547e-09	-8.797780060021410e-09	-8.797780060021410e-09	-9.711170090298538e-09	-1.045927799925295e-08
0.80	118	25	1.835000	-9.096229991456539e-09	-9.542379997284911e-09	-8.543640017677490e-09	-8.543640017677490e-09	-9.419089952444892e-09	-1.010211697627383e-08
0.80	119	25	1.835000	-8.823540120772577e-09	-9.254629951271909e-09	-8.299140041856390e-09	-8.299140041856390e-09	-9.143110046849756e-09	-9.760527996949264e-09
0.80	120	25	1.835000	-8.561519937444473e-09	-8.978240151336081e-09	-8.063830048143927e-09	-8.063830048143927e-09	-8.881959834283748e-09	-9.433695991045710e-09
0.80	121	25	1.835000	-8.309680055162971e-09	-8.712629950835549e-09	-7.837299920154805e-09	-7.837299920154805e-09	-8.614500002224190e-09	-9.120843025289815e-09
0.80	122	25	1.835000	-8.067539969403015e-09	-8.457309963461057e-09	-7.619120001578494e-09	-7.619120001578494e-09	-8.376709992319320e-09	-8.821251007429254e-09
0.80	123	25	1.835000	-7.834610071810744e-09	-8.211769930710489e-09	-7.408929914021201e-09	-7.408929914021201e-09	-8.138810070335012e-09	-8.534235984569705e-09
0.80	124	25	1.835000	-7.610489793918873e-09	-7.975569982221486e-09	-7.206339969201281e-09	-7.206339969201281e-09	-7.902860144071155e-09	-8.259162020962663e-09
0.80	125	25	1.835000	-7.394740153543466e-09	-7.748250041572646e-09	-7.011060176864703e-09	-7.011060176864703e-09	-7.690359904444222e-09	-7.995425987950000e-09
0.80	126	25	1.835000	-7.187009876119532e-09	-7.529399992378671e-09	-6.822689968544182e-09	-6.822689968544182e-09	-7.472819918419304e-09	-7.742460006454621e-09
0.80	127	25	1.835000	-6.986890177529403e-09	-7.318640138365140e-09	-6.640979988148388e-09	-6.640979988148388e-09	-7.275519964267119e-09	-7.499733001292697e-09
0.80	128	25	1.835000	-6.794059981274359e-09	-7.115599887086432e-09	-6.465620039364239e-09	-6.465620039364239e-09	-7.073880148311673e-09	-7.266743984324364e-09
0.80	129	25	1.835000	-6.608189995205294e-09	-6.919929962379001e-09	-6.296359877921986e-09	-6.296359877921986e-09	-6.885179981708234e-09	-7.043016003738245e-09
0.80	130	25	1.835000	-6.428959808957302e-09	-6.731289969863496e-09	-6.132889973642364e-09	-6.132889973642364e-09	-6.701349919424615e-09	-6.828104970324489e-09
0.80	131	25	1.835000	-6.256100082424609e-09	-6.549380149323270e-09	-5.975010042291728e-09	-5.975010042291728e-09	-6.529740081973046e-09	-6.621588000133016e-09
0.80	132	25	1.835000	-6.089299953160321e-09	-6.373889860356030e-09	-5.822450077630492e-09	-5.822450077630492e-09	-6.354369919137071e-09	-6.423068021899070e-09
0.80	133	25	1.835000	-5.928320057080327e-09	-6.204569968915052e-09	-5.674990033455174e-09	-5.674990033455174e-09	-6.196690049975473e-09	-6.232168003883487e-09
0.80	134	25	1.835000	-5.772889943855830e-09	-6.041110056642651e-09	-5.532459823598401e-09	-5.532459823598401e-09	-6.034869937110443e-09	-6.048535006186739e-09
0.80	135	25	1.835000	-5.622800003379780e-09	-5.883290077335346e-09	-5.394590107954400e-09	-5.394590107954400e-09	-5.875480102446318e-09	-5.871829023007535e-09
0.80	136	25	1.835000	-5.477799991382426e-09	-5.730860008767991e-09	-5.261239888199043e-09	-5.261239888199043e-09	-5.737639918734772e-09	-5.701737970653653e-09
0.80	137	25	1.835000	-5.337680075712115e-09	-5.583590034774488e-09	-5.132220204373539e-09	-5.132220204373539e-09	-5.586620055453295e-09	-5.537954983481086e-09
0.80	138	25	1.835000	-5.202249964142425e-09	-5.441269879113975e-09	-5.007339876073047e-09	-5.007339876073047e-09	-5.451439966108751e-09	-5.380201006932595e-09
0.80	139	25	1.835000	-5.071320030580750e-09	-5.303680161716784e-09	-4.886439919360441e-09	-4.886439919360441e-09	-5.314499951225571e-09	-5.228203037166423e-09
0.80	140	25	1.835000	-4.944660014771785e-09	-5.170659900244345e-09	-4.769360018030966e-09	-4.769360018030966e-09	-5.196689967235102e-09	-5.081706000442665e-09
0.80	141	25	1.835000	-4.822150012628867e-09	-5.041979944664376e-09	-4.655970053946135e-09	-4.655970053946135e-09	-5.053120144538070e-09	-4.940467979164254e-09
0.80	142	25	1.835000	-4.703589961962962e-09	-4.917479978772121e-09	-4.546109932945797e-09	-4.546109932945797e-09	-4.955349908186690e-09	-4.804259989832360e-09
0.80	143	25	1.835000	-4.588859958687408e-09	-4.797020114466477e-09	-4.439629996966232e-09	-4.439629996966232e-09	-4.824350030574465e-09	-4.672863984644948e-09
0.80	144	25	1.835000	-4.477760162657773e-09	-4.680389853461975e-09	-4.336420111883399e-09	-4.336420111883399e-09	-4.706329992387737e-09	-4.546072018829506e-09
0.80	145	25	1.835000	-4.370179995660806e-09	-4.567470179850375e-09	-4.236349937514206e-09	-4.236349937514206e-09	-4.606099945902997e-09	-4.423688026999884e-09
0.80	146	25	1.835000	-4.265959807625563e-09	-4.458119873262945e-09	-4.139329989882867e-09	-4.139329989882867e-09	-4.494450145386963e-09	-4.305524992087584e-09
0.80	147	25	1.835000	-4.164990130561819e-09	-4.352169957755336e-09	-4.045169976762963e-09	-4.045169976762963e-09	-4.386169871750667e-09	-4.191406999254355e-09
0.80	148	25	1.835000	-4.067149950159887e-09	-4.249510077158902e-09	-3.953860128191877e-09	-3.953860128191877e-09	-4.285050092533993e-09	-4.081163962332823e-09
0.80	149	25	1.835000	-3.972280060438038e-09	-4.150030097349600e-09	-3.865209929898583e-09	-3.865209929898583e-09	-4.200930048270379e-09	-3.974636009207444e-09
0.80	150	25	1.835000	-3.880309851211905e-09	-4.053569924167277e-09	-3.779180079988009e-09	-3.779180079988009e-09	-4.102189921084687e-09	-3.871670983812692e-09
0.80	151	25	1.835000	-3.791110092521421e-09	-3.960030081628929e-09	-3.695630024225238e-09	-3.695630024225238e-09	-4.003340103864161e-09	-3.772123002843131e-09
0.80	152	25	1.835000	-3.704599960130395e-09	-3.869329967542967e-09	-3.614540000640432e-09	-3.614540000640432e-09	-3.923609881439916e-09	-3.675854010065649e-09
0.80	153	25	1.835000	-3.620650002034154e-09	-3.781319923845672e-09	-3.535729931058995e-09	-3.535729931058995e-09	-3.834039974393022e-09	-3.582731999962618e-09
0.80	154	25	1.835000	-3.539160076115877e-09	-3.695930006486492e-09	-3.459190045518312e-09	-3.459190045518312e-09	-3.747639976126038e-09	-3.492632016932617e-09
0.80	155	25	1.835000	-3.460099984309295e-09	-3.613050081341385e-09	-3.384799995842513e-09	-3.384799995842513e-09	-3.672130155507602e-09	-3.405433990355533e-09
0.80	156	25	1.835000	-3.383290092529023e-09	-3.532599990307972e-09	-3.312520036047317e-09	-3.312520036047317e-09	-3.588839891932594e-09	-3.321025010549761e-09
0.80	157	25	1.835000	-3.308749940700295e-09	-3.454470043351421e-09	-3.242239809964076e-09	-3.242239809964076e-09	-3.505550072446795e-09	-3.239293999701687e-09
0.80	158	25	1.835000	-3.236309886744948e-09	-3.378609836346413e-09	-3.173910023690496e-09	-3.173910023690496e-09	-3.438209938977366e-09	-3.160139983027221e-09
0.80	159	25	1.835000	-3.165950168693143e-09	-3.304910123347327e-09	-3.107460067042211e-09	-3.107460067042211e-09	-3.363789913279902e-09	-3.083462041253426e-09
0.80	160	25	1.835000	-3.097579970301467e-09	-3.233299850080584e-09	-3.042839979983114e-09	-3.042839979983114e-09	-3.296080075543273e-09	-3.009164972755940e-09
0.80	161	25	1.835000	-3.031130013653183e-09	-3.163730166733103e-09	-2.979950064485593e-09	-2.979950064485593e-09	-3.225439915155448e-09	-2.937161014404666e-09
0.80	162	25	1.835000	-2.966539902615750e-09	-3.096089828957815e-09	-2.918769892445994e-09	-2.918769892445994e-09	-3.159290162813022e-09	-2.867360959779575e-09
0.80	163	25	1.835000	-2.903719931168780e-09	-3.030339978948859e-09	-2.859219971895754e-09	-2.859219971895754e-09	-3.103109991187125e-09	-2.799685039356348e-09
0.80	164	25	1.835000	-2.842650115297829e-09	-2.966419998529091e-09	-2.801260112761383e-09	-2.801260112761383e-09	-3.031039863543583e-09	-2.734051984809582e-09
0.80	165	25	1.835000	-2.783249852811309e-09	-2.904230189670898e-09	-2.744839910917563e-09	-2.744839910917563e-09	-2.977170066031931e-09	-2.670388021819292e-09
0.80	166	25	1.835000	-2.725450087837089e-09	-2.843749902226023e-09	-2.689900080454777e-09	-2.689900080454777e-09	-2.912259988718802e-09	-2.608619986688154e-09
0.80	167	25	1.835000	-2.669209964167862e-09	-2.784920072329555e-09	-2.636380003195882e-09	-2.636380003195882e-09	-2.861739956117049e-09	-2.548679989278213e-09
0.80	168	25	1.835000	-2.614489957863952e-09	-2.727649883738081e-09	-2.584249925163817e-09	-2.584249925163817e-09	-2.787360120493076e-09	-2.490501027629932e-09
0.80	169	25	1.835000	-2.561220124874808e-09	-2.671930010578194e-09	-2.533460108367080e-09	-2.533460108367080e-09	-2.745989879926469e-09	-2.434019985564362e-09
0.80	170	25	1.835000	-2.509360053082332e-09	-2.617680072702910e-09	-2.483999894664635e-09	-2.483999894664635e-09	-2.692519984748287e-09	-2.379176966549323e-09
0.80	171	25	1.835000	-2.458860004495023e-09	-2.564859880038739e-09	-2.435760038110857e-09	-2.435760038110857e-09	-2.630020201621619e-09	-2.325912018541487e-09
0.80	172	25	1.835000	-2.409690003091214e-09	-2.513440122697830e-09	-2.388750086623759e-09	-2.388750086623759e-09	-2.584539915417849e-09	-2.274173016569847e-09
0.80	173	25	1.835000	-2.361779882775750e-09	-2.463339976443990e-09	-2.342929850129849e-09	-2.342929850129849e-09	-2.535819998428224e-09	-2.223903006193240e-09
0.80	174	25	1.835000	-2.315120095630618e-09	-2.414549893359208e-09	-2.298260026734056e-09	-2.298260026734056e-09	-2.499690010537847e-09	-2.175053970265850e-09
0.80	175	25	1.835000	-2.269640031471454e-09	-2.367020135451980e-09	-2.254670006252013e-09	-2.254670006252013e-09	-2.443439894861399e-09	-2.127574005861277e-09
0.80	176	25	1.835000	-2.225319928328418e-09	-2.320689862500558e-09	-2.212189986749991e-09	-2.212189986749991e-09	-2.388280018195132e-09	-2.081418981614291e-09
0.80	177	25	1.835000	-2.182140024231671e-09	-2.275540200713522e-09	-2.170730040162994e-09	-2.170730040162994e-09	-2.346700167521476e-09	-2.036540047711810e-09
0.80	178	25	1.835000	-2.140029931041454e-09	-2.231539841801577e-09	-2.130279952439196e-09	-2.130279952439196e-09	-2.318549796598290e-09	-1.992897957769912e-09
0.80	179	25	1.835000	-2.098990092846975e-09	-2.188640157996247e-09	-2.090820183653364e-09	-2.090820183653364e-09	-2.267800169875045e-09	-1.950449024512579e-09
0.80	180	25	1.835000	-2.058939907456647e-09	-2.146809841008235e-09	-2.052289893583747e-09	-2.052289893583747e-09	-2.220289951893051e-09	-1.909154001555891e-09
0.80	181	25	1.835000	-2.019900025018728e-09	-2.106010033031680e-09	-2.014709954423211e-09	-2.014709954423211e-09	-2.171709923004528e-09	-1.868973975582833e-09
0.80	182	25	1.835000	-1.981820041407900e-09	-2.066220083918324e-09	-1.978019970039213e-09	-1.978019970039213e-09	-2.147970024068968e-09	-1.829871032477115e-09
0.80	183	25	1.835000	-1.944669980602498e-09	-2.027410017646503e-09	-1.942169980395647e-09	-1.942169980395647e-09	-2.108810015499785e-09	-1.791812975771023e-09
0.80	184	25	1.835000	-1.908409874573636e-09	-1.989539866187329e-09	-1.907190183558782e-09	-1.907190183558782e-09	-2.075920102484474e-09	-1.754763001571291e-09
0.80	185	25	1.835000	-1.873040167410522e-09	-1.952590089615569e-09	-1.873019961351474e-09	-1.873019961351474e-09	-2.021590006506813e-09	-1.718690023633229e-09
0.80	186	25	1.835000	-1.838500018891409e-09	-1.916520053768522e-09	-1.839639995893094e-09	-1.839639995893094e-09	-1.990319908884430e-09	-1.683559958109981e-09
0.80	187	25	1.835000	-1.804789873105506e-09	-1.881319988683572e-09	-1.807050065139038e-09	-1.807050065139038e-09	-1.959270079510134e-09	-1.649347047827376e-09
0.80	188	25	1.835000	-1.771889968082974e-09	-1.846959918339053e-09	-1.775189995001369e-09	-1.775189995001369e-09	-1.935009930065235e-09	-1.616016986893953e-09
0.80	189	25	1.835000	-1.739740129735878e-09	-1.813410088757905e-09	-1.744060007524695e-09	-1.744060007524695e-09	-1.875920085936400e-09	-1.583546016536985e-09
0.80	190	25	1.835000	-1.708379882003896e-09	-1.780649849791871e-09	-1.713649888657187e-09	-1.713649888657187e-09	-1.847569874868782e-09	-1.551903994201353e-09
0.80	191	25	1.835000	-1.677719962955848e-09	-1.748640121590483e-09	-1.683909900407343e-09	-1.683909900407343e-09	-1.841049979134368e-09	-1.521067993781600e-09
0.80	192	25	1.835000	-1.647790126568793e-09	-1.717399999989766e-09	-1.654870018796828e-09	-1.654870018796828e-09	-1.804180138620382e-09	-1.491009982146352e-09
0.80	193	25	1.835000	-1.618529976710192e-09	-1.686869977035599e-09	-1.626440093716042e-09	-1.626440093716042e-09	-1.762039847363894e-09	-1.461708032390874e-09
0.80	194	25	1.835000	-1.589959941483698e-09	-1.657040060720760e-09	-1.598670085201093e-09	-1.598670085201093e-09	-1.737310073579579e-09	-1.433137997164380e-09
0.80	195	25	1.835000	-1.562030060853203e-09	-1.627889822941597e-09	-1.571489827156825e-09	-1.571489827156825e-09	-1.690450002200805e-09	-1.405277949562134e-09
0.80	196	25	1.835000	-1.534739890729497e-09	-1.599410159869308e-09	-1.544940175790543e-09	-1.544940175790543e-09	-1.676200067635136e-09	-1.378104019789106e-09
0.80	197	25	1.835000	-1.508060121224730e-09	-1.571569985259202e-09	-1.518949854784069e-09	-1.518949854784069e-09	-1.658399861881321e-09	-1.351599998589137e-09
0.80	198	25	1.835000	-1.481959888138817e-09	-1.544359973237874e-09	-1.493529966367646e-09	-1.493529966367646e-09	-1.632890045399904e-09	-1.325742016167197e-09
0.80	199	25	1.835000	-1.456480047679065e-09	-1.517749925739054e-09	-1.468660082437623e-09	-1.468660082437623e-09	-1.577620034609595e-09	-1.300511975887986e-09
0.80	200	25	1.835000	-1.431539997653886e-09	-1.491730072800124e-09	-1.444329988942172e-09	-1.444329988942172e-09	-1.583789988046647e-09	-1.275891003960083e-09
0.80	201	25	1.835000	-1.407159944122327e-09	-1.466299970331875e-09	-1.420509931904235e-09	-1.420509931904235e-09	-1.526319959310740e-09	-1.251862002948911e-09
0.80	202	25	1.835000	-1.383300141100108e-09	-1.441420094394630e-09	-1.397210125375636e-09	-1.397210125375636e-09	-1.523430048777641e-09	-1.228405988040748e-09
0.80	203	25	1.835000	-1.359989898475078e-09	-1.417090000899179e-09	-1.374419911215341e-09	-1.374419911215341e-09	-1.508740021805011e-09	-1.205508026735913e-09
0.80	204	25	1.835000	-1.337150168367884e-09	-1.393289927875685e-09	-1.352070011506612e-09	-1.352070011506612e-09	-1.454590004001943e-09	-1.183149966887953e-09
0.80	205	25	1.835000	-1.314819808584389e-09	-1.369989899302482e-09	-1.330209942196348e-09	-1.330209942196348e-09	-1.448849928920026e-09	-1.161318041731363e-09
0.80	206	25	1.835000	-1.292980167377777e-09	-1.347210121238618e-09	-1.308810171352093e-09	-1.308810171352093e-09	-1.444770081349134e-09	-1.139995986498832e-09
0.80	207	25	1.835000	-1.271599936458756e-09	-1.324919951528614e-09	-1.287859818788206e-09	-1.287859818788206e-09	-1.375629832267578e-09	-1.119168979712981e-09
0.80	208	25	1.835000	-1.250660019991301e-09	-1.303090080284619e-09	-1.267340010713269e-09	-1.267340010713269e-09	-1.397990168072738e-09	-1.098824031764423e-09
0.80	209	25	1.835000	-1.230179957900646e-09	-1.281729833380041e-09	-1.247220104971802e-09	-1.247220104971802e-09	-1.357870038631859e-09	-1.078947986510315e-09
0.80	210	25	1.835000	-1.210139988216952e-09	-1.260820114978856e-09	-1.227530077585470e-09	-1.227530077585470e-09	-1.339879984740833e-09	-1.059525023272556e-09
0.80	211	25	1.835000	-1.190499920866728e-09	-1.240350044895422e-09	-1.208259936547051e-09	-1.208259936547051e-09	-1.309179875619293e-09	-1.040543984309750e-09
0.80	212	25	1.835000	-1.171270191946405e-09	-1.220319845174345e-09	-1.189359943865043e-09	-1.189359943865043e-09	-1.295320073424477e-09	-1.021993989436254e-09
0.80	213	25	1.835000	-1.152439921270343e-09	-1.200679999868726e-09	-1.170820107532222e-09	-1.170820107532222e-09	-1.272949967656700e-09	-1.003861993531530e-09
0.80	214	25	1.835000	-1.134009997016960e-09	-1.181470032918241e-09	-1.152699935502710e-09	-1.152699935502710e-09	-1.254220061142064e-09	-9.861340077854663e-10
0.80	215	25	1.835000	-1.115949999075383e-09	-1.162649976294006e-09	-1.134909943800722e-09	-1.134909943800722e-09	-1.238140034942603e-09	-9.688039814825800e-10
0.80	216	25	1.835000	-1.098259927445611e-09	-1.144200068026180e-09	-1.117470116440700e-09	-1.117470116440700e-09	-1.224399914789842e-09	-9.518560384336183e-10
0.80	217	25	1.835000	-1.080940004172248e-09	-1.126150062091824e-09	-1.100399993347878e-09	-1.100399993347878e-09	-1.197000054631303e-09	-9.352829621889214e-10
0.80	218	25	1.835000	-1.063950039181805e-09	-1.108449998454830e-09	-1.083639844523532e-09	-1.083639844523532e-09	-1.168939833817717e-09	-9.190740390963015e-10
0.80	219	25	1.835000	-1.047310016488723e-09	-1.091109869122420e-09	-1.067230082085757e-09	-1.067230082085757e-09	-1.181270192773809e-09	-9.032180003920587e-10
0.80	220	25	1.835000	-1.031009944085781e-09	-1.074130118183803e-09	-1.051130071871853e-09	-1.051130071871853e-09	-1.152509865320894e-09	-8.877089618941625e-10
0.80	221	25	1.835000	-1.015040052010363e-09	-1.057469889431673e-09	-1.035350027933646e-09	-1.035350027933646e-09	-1.134029981031404e-09	-8.725330458148051e-10
0.80	222	25	1.835000	-9.993799121588154e-10	-1.041150055058893e-09	-1.019859974249471e-09	-1.019859974249471e-09	-1.117830050745283e-09	-8.576839793938973e-10
0.80	223	25	1.835000	-9.840201986577313e-10	-1.025159956924426e-09	-1.004689886840993e-09	-1.004689886840993e-09	-1.101970070749303e-09	-8.431549902709889e-10
0.80	224	25	1.835000	-9.689697932913077e-10	-1.009480055103040e-09	-9.897800357094866e-10	-9.897800357094866e-10	-1.084839995613152e-09	-8.289339770151116e-10
0.80	225	25	1.835000	-9.542100443127310e-10	-9.941099055055247e-10	-9.751799368018510e-10	-9.751799368018510e-10	-1.060249887885334e-09	-8.150149999330836e-10
0.80	226	25	1.835000	-9.397600475580248e-10	-9.790301902512510e-10	-9.608500661784092e-10	-9.608500661784092e-10	-1.043509945120036e-09	-8.013890107072541e-10
0.80	227	25	1.835000	-9.255600730284641e-10	-9.642500131690213e-10	-9.467999717571729e-10	-9.467999717571729e-10	-1.053300113795785e-09	-7.880510133340124e-10
0.80	228	25	1.835000	-9.116498667083306e-10	-9.497698183480452e-10	-9.329901295984655e-10	-9.329901295984655e-10	-1.014919925879099e-09	-7.749900166054147e-10
0.80	229	25	1.835000	-8.980001187097741e-10	-9.355400898414246e-10	-9.194598415973587e-10	-9.194598415973587e-10	-1.005470151582699e-09	-7.622009690066989e-10
0.80	230	25	1.835000	-8.846199328615967e-10	-9.216098995068478e-10	-9.061700279033857e-10	-9.061700279033857e-10	-1.000059812739096e-09	-7.496780418669857e-10
0.80	231	25	1.835000	-8.714899912831697e-10	-9.079201834794048e-10	-8.931300143899534e-10	-8.931300143899534e-10	-9.793401645197264e-10	-7.374119648240196e-10
0.80	232	25	1.835000	-8.586200639371100e-10	-8.945200136167841e-10	-8.803400231016667e-10	-8.803400231016667e-10	-9.244698340182822e-10	-7.253990186306680e-10
0.80	233	25	1.835000	-8.459599687427044e-10	-8.813398899576441e-10	-8.677800700240823e-10	-8.677800700240823e-10	-9.905700704138098e-10	-7.136309876365488e-10
0.80	234	25	1.835000	-8.335698797878877e-10	-8.684399865899195e-10	-8.554499331125953e-10	-8.554499331125953e-10	-9.293901204188160e-10	-7.020999892581870e-10
0.80	235	25	1.835000	-8.214100510883782e-10	-8.557701214328972e-10	-8.433400644491940e-10	-8.433400644491940e-10	-9.248299903674706e-10	-6.908050242948605e-10
0.80	236	25	1.835000	-8.094600545405228e-10	-8.433198583901458e-10	-8.314500199446684e-10	-8.314500199446684e-10	-9.095699748939978e-10	-6.797359897170452e-10
0.80	237	25	1.835000	-7.977500882105915e-10	-8.311200616617498e-10	-8.197797995990186e-10	-8.197797995990186e-10	-9.014200497148295e-10	-6.688889997441549e-10
0.80	238	25	1.835000	-7.862299700178710e-10	-8.191500810994512e-10	-8.083200775388377e-10	-8.083200775388377e-10	-8.830498554601718e-10	-6.582600020621499e-10
0.80	239	25	1.835000	-7.749498820430745e-10	-8.073799406815851e-10	-7.970599735784845e-10	-7.970599735784845e-10	-8.888101366011369e-10	-6.478400038645304e-10
0.80	240	25	1.835000	-7.638600862946987e-10	-7.958400605190263e-10	-7.860001538517736e-10	-7.860001538517736e-10	-8.734799550325079e-10	-6.376280059505746e-10
0.80	241	25	1.835000	-7.529799006533722e-10	-7.845097904635168e-10	-7.751499442321119e-10	-7.751499442321119e-10	-8.582798916023648e-10	-6.276150155137827e-10
0.80	242	25	1.835000	-7.422700232240231e-10	-7.733900186934761e-10	-7.644800348316494e-10	-7.644800348316494e-10	-8.005300866642528e-10	-6.177999778422816e-10
0.80	243	25	1.835000	-7.318099459752148e-10	-7.624501030534248e-10	-7.540099655756194e-10	-7.540099655756194e-10	-8.607099477586644e-10	-6.081760095533184e-10
0.80	244	25	1.835000	-7.214902009167190e-10	-7.517300115722492e-10	-7.437099824869620e-10	-7.437099824869620e-10	-8.088800740324587e-10	-5.987390028217021e-10
0.80	245	25	1.835000	-7.113798439206676e-10	-7.411999902728894e-10	-7.335900775728987e-10	-7.335900775728987e-10	-8.205098822600121e-10	-5.894849608445440e-10
0.80	246	25	1.835000	-7.014400171811985e-10	-7.308500471481238e-10	-7.236498067442199e-10	-7.236498067442199e-10	-7.746101537975392e-10	-5.804079994398137e-10
0.80	247	25	1.835000	-6.916600625572755e-10	-7.206799601533476e-10	-7.138900581793450e-10	-7.138900581793450e-10	-8.058598233162684e-10	-5.715060091837643e-10
0.80	248	25	1.835000	-6.820899400850067e-10	-7.106999433403871e-10	-7.042999516926329e-10	-7.042999516926329e-10	-7.887701602982133e-10	-5.627749932735071e-10
0.80	249	25	1.835000	-6.726701418102721e-10	-7.009000047020209e-10	-6.948501773962334e-10	-6.948501773962334e-10	-7.639098242862019e-10	-5.542070136144162e-10
0.80	250	25	1.835000	-6.634000015992569e-10	-6.912599381792006e-10	-6.855997991550566e-10	-6.855997991550566e-10	-7.621001607560629e-10	-5.458050122975067e-10
0.80	251	25	1.835000	-6.543199315700576e-10	-6.817901798683579e-10	-6.764702131789591e-10	-6.764702131789591e-10	-7.407499058587064e-10	-5.375589973155570e-10
0.80	252	25	1.835000	-6.453799716865660e-10	-6.724998335982946e-10	-6.675098251918143e-10	-6.675098251918143e-10	-7.295100079574013e-10	-5.294680249789963e-10
0.80	253	25	1.835000	-6.366001059632254e-10	-6.633500415631488e-10	-6.586999834468088e-10	-6.586999834468088e-10	-7.041300875698653e-10	-5.215289866633555e-10
0.80	254	25	1.835000	-6.279698983036042e-10	-6.543801056579923e-10	-6.500500138173493e-10	-6.500500138173493e-10	-7.299598703269794e-10	-5.137369973873263e-10
0.80	255	25	1.835000	-6.194800228342956e-10	-6.455398438021120e-10	-6.415401543335975e-10	-6.415401543335975e-10	-6.935101382055109e-10	-5.060900032383131e-10
0.80	256	25	1.835000	-6.111700034949763e-10	-6.368701122028142e-10	-6.331699609063435e-10	-6.331699609063435e-10	-7.316098837861773e-10	-4.985850066141495e-10
0.80	257	25	1.835000	-6.029599042278733e-10	-6.283500386672358e-10	-6.249398776247972e-10	-6.249398776247972e-10	-6.705100918935614e-10	-4.912159567993513e-10
0.80	258	25	1.835000	-5.949001291583045e-10	-6.199598612255386e-10	-6.168401345263419e-10	-6.168401345263419e-10	-7.017799674713388e-10	-4.839830203273721e-10
0.80	259	25	1.835000	-5.869900121524552e-10	-6.117200079813756e-10	-6.088900494916061e-10	-6.088900494916061e-10	-6.608200653346330e-10	-4.768829775514405e-10
0.80	260	25	1.835000	-5.792200052923135e-10	-6.036300348455370e-10	-6.010498765363081e-10	-6.010498765363081e-10	-6.676899033664085e-10	-4.699099998006773e-10
0.80	261	25	1.835000	-5.715399264971666e-10	-5.956499737891363e-10	-5.933400437641012e-10	-5.933400437641012e-10	-6.492100190769179e-10	-4.630640315639312e-10
0.80	262	25	1.835000	-5.640299338693922e-10	-5.878300068928866e-10	-5.857798690556137e-10	-5.857798690556137e-10	-6.694800269713141e-10	-4.563409650160111e-10
0.80	263	25	1.835000	-5.566400673728822e-10	-5.801199520760747e-10	-5.783300505157740e-10	-5.783300505157740e-10	-6.258999984964930e-10	-4.497390238000776e-10
0.80	264	25	1.835000	-5.493399068967619e-10	-5.725599994121922e-10	-5.709901440553722e-10	-5.709901440553722e-10	-6.390699081038065e-10	-4.432559874700814e-10
0.80	265	25	1.835000	-5.422100546326192e-10	-5.651001888651308e-10	-5.637799116442466e-10	-5.637799116442466e-10	-6.297600219085098e-10	-4.368870265558655e-10
0.80	266	25	1.835000	-5.351499243744229e-10	-5.577798223299624e-10	-5.566900274089903e-10	-5.566900274089903e-10	-5.934099878146526e-10	-4.306309753232540e-10
0.80	267	25	1.835000	-5.282401183137608e-10	-5.505800260152682e-10	-5.496800792315071e-10	-5.496800792315071e-10	-6.246800854370349e-10	-4.244860019042562e-10
0.80	268	25	1.835000	-5.214100262662669e-10	-5.434901417800120e-10	-5.428297811249649e-10	-5.428297811249649e-10	-6.263198848444063e-10	-4.184489976744032e-10
0.80	269	25	1.835000	-5.147300363717022e-10	-5.365199395868103e-10	-5.360700772172322e-10	-5.360700772172322e-10	-5.634501754059329e-10	-4.125170205426798e-10
0.80	270	25	1.835000	-5.081399745421322e-10	-5.296598715176515e-10	-5.294100713371108e-10	-5.294100713371108e-10	-6.205900238143158e-10	-4.066900149979347e-10
0.80	271	25	1.835000	-5.016500548293834e-10	-5.229101596171404e-10	-5.228699695436489e-10	-5.228699695436489e-10	-5.808900027659547e-10	-4.009639842372792e-10
0.80	272	25	1.835000	-4.952598331442459e-10	-5.162799077140789e-10	-5.164100258525650e-10	-5.164100258525650e-10	-5.377498446534901e-10	-3.953349869689760e-10
0.80	273	25	1.835000	-4.889899596349778e-10	-5.097500199724436e-10	-5.100599942409190e-10	-5.100599942409190e-10	-5.809499548092845e-10	-3.898070199959136e-10
0.80	274	25	1.835000	-4.828299982051476e-10	-5.033200523030246e-10	-5.038400807677590e-10	-5.038400807677590e-10	-5.785700807336980e-10	-3.843719786900124e-10
0.80	275	25	1.835000	-4.767402028704737e-10	-4.969900047058218e-10	-4.976599132788806e-10	-4.976599132788806e-10	-5.272799974420650e-10	-3.790290303840038e-10
0.80	276	25	1.835000	-4.707498835188062e-10	-4.907698691880569e-10	-4.916200779803148e-10	-4.916200779803148e-10	-5.642100120439864e-10	-3.737789522340051e-10
0.80	277	25	1.835000	-4.648699203357864e-10	-4.846500978317181e-10	-4.856499646876955e-10	-4.856499646876955e-10	-5.342200015689968e-10	-3.686170257921617e-10
0.80	278	25	1.835000	-4.590701152551446e-10	-4.786100404885474e-10	-4.797899855191190e-10	-4.797899855191190e-10	-5.545699455211661e-10	-3.635429735027174e-10
0.80	279	25	1.835000	-4.533800002093358e-10	-4.726798952248146e-10	-4.740099424083155e-10	-4.740099424083155e-10	-5.467799546465812e-10	-3.585540198081105e-10
0.80	280	25	1.835000	-4.477500592514616e-10	-4.668501141225079e-10	-4.683300414143332e-10	-4.683300414143332e-10	-5.135001313050225e-10	-3.536499981748875e-10
0.80	281	25	1.835000	-4.422400223802470e-10	-4.610798409743211e-10	-4.626998784118541e-10	-4.626998784118541e-10	-4.688900379079541e-10	-3.488280220231843e-10
0.80	282	25	1.835000	-4.367799455451404e-10	-4.554301380466086e-10	-4.572100475996876e-10	-4.572100475996876e-10	-5.251499235470192e-10	-3.440849827285319e-10
0.80	283	25	1.835000	-4.314300028340767e-10	-4.498599270874593e-10	-4.517599627718027e-10	-4.517599627718027e-10	-5.290099469590359e-10	-3.394229897146772e-10
0.80	284	25	1.835000	-4.261500041735644e-10	-4.443700962752928e-10	-4.464100200607390e-10	-4.464100200607390e-10	-4.977001033523720e-10	-3.348359922661359e-10
0.80	285	25	1.835000	-4.209699255852684e-10	-4.389699714835160e-10	-4.411300214002267e-10	-4.411300214002267e-10	-4.959699317907962e-10	-3.303270434962258e-10
0.80	286	25	1.835000	-4.158500210849070e-10	-4.336400127868956e-10	-4.359599348191523e-10	-4.359599348191523e-10	-4.742100045973530e-10	-3.258889824664379e-10
0.80	287	25	1.835000	-4.108000606350970e-10	-4.284099741624914e-10	-4.308200463043477e-10	-4.308200463043477e-10	-4.888900395627616e-10	-3.215279709145591e-10
0.80	288	25	1.835000	-4.058700042719465e-10	-4.232498795886386e-10	-4.257800778617593e-10	-4.257800778617593e-10	-4.649198803718946e-10	-3.172340168333676e-10
0.80	289	25	1.835000	-4.009699239304609e-10	-4.181601731545470e-10	-4.208200454769440e-10	-4.208200454769440e-10	-4.951401511021913e-10	-3.130120052041718e-10
0.80	290	25	1.835000	-3.961500016913533e-10	-4.131699427034619e-10	-4.159399491499016e-10	-4.159399491499016e-10	-4.528499797373797e-10	-3.088589939359565e-10
0.80	291	25	1.835000	-3.914299995244619e-10	-4.082298943330898e-10	-4.111000428963507e-10	-4.111000428963507e-10	-4.608400328010021e-10	-3.047719854265551e-10
0.80	292	25	1.835000	-3.867399733792354e-10	-4.033799960723172e-10	-4.063498426631895e-10	-4.063498426631895e-10	-4.364899552911083e-10	-3.007510351871190e-10
0.80	293	25	1.835000	-3.821600813580517e-10	-3.986000418620961e-10	-4.016800225770112e-10	-4.016800225770112e-10	-4.604598924373704e-10	-2.967949774834722e-10
0.80	294	25	1.835000	-3.776299273283712e-10	-3.938800396952047e-10	-3.970701545341626e-10	-3.970701545341626e-10	-4.713200940642537e-10	-2.929020359587753e-10
0.80	295	25	1.835000	-3.731699393938470e-10	-3.892499655933079e-10	-3.925100244828172e-10	-3.925100244828172e-10	-4.247300289250688e-10	-2.890699901669791e-10
0.80	296	25	1.835000	-3.687701255472575e-10	-3.846700735721242e-10	-3.880498145036881e-10	-3.880498145036881e-10	-4.454898672179297e-10	-2.853010050429816e-10
0.80	297	25	1.835000	-3.644400337066145e-10	-3.801698955641086e-10	-3.836300166426554e-10	-3.836300166426554e-10	-4.502400674510909e-10	-2.815889743601474e-10
0.80	298	25	1.835000	-3.601698939093012e-10	-3.757201216814110e-10	-3.792801628321740e-10	-3.792801628321740e-10	-4.026501354559286e-10	-2.779380059436676e-10
0.80	299	25	1.835000	-3.559801342589708e-10	-3.713600538191031e-10	-3.749698329613693e-10	-3.749698329613693e-10	-4.319098412253197e-10	-2.743429927676289e-10
0.80	300	25	1.835000	-3.518199065410954e-10	-3.670399539856817e-10	-3.707700813038173e-10	-3.707700813038173e-10	-4.286300203659721e-10	-2.708019919417382e-10
