0.90	20	50	1.619437	-5.792723295240387e-04	-5.783157264109828e-04	-6.890709072530088e-04	0.000000000000000e+00	0.000000000000000e+00	-6.483158572201386e-05
0.90	21	50	1.619437	2.265546963720055e-04	2.272900713160553e-04	3.183640142120359e-04	0.000000000000000e+00	0.000000000000000e+00	-2.741612953570671e-04
0.90	22	50	1.619437	-8.757221187405406e-05	-8.699287171809456e-05	-9.204395155204548e-05	0.000000000000000e+00	0.000000000000000e+00	-2.842046428896960e-05
0.90	23	50	1.619437	-1.196173441969650e-04	-1.191579901989037e-04	-1.297529774290096e-04	0.000000000000000e+00	0.000000000000000e+00	-8.796190014404015e-05
0.90	24	50	1.619437	4.271477410100477e-05	4.308233760097480e-05	6.946610236002737e-05	0.000000000000000e+00	0.000000000000000e+00	-9.591944441100786e-05
0.90	25	50	1.619437	-5.227563539800251e-05	-5.197789260102947e-05	-5.420004842104920e-05	0.000000000000000e+00	0.000000000000000e+00	-3.718090234894333e-05
0.90	26	50	1.619437	-3.009762563299656e-05	-2.985478520001195e-05	-2.700002571298654e-05	0.000000000000000e+00	0.000000000000000e+00	-5.366178337096184e-05
0.90	27	50	1.619437	-3.283223029004745e-06	-3.083530992986638e-06	4.427505674087229e-06	0.000000000000000e+00	0.000000000000000e+00	-4.327144846805187e-05
0.90	28	50	1.619437	-2.282568039402300e-05	-2.266017629903860e-05	-2.160661528805008e-05	0.000000000000000e+00	0.000000000000000e+00	-2.963362878294351e-05
0.90	29	50	1.619437	-1.201711857801158e-05	-1.187907492894436e-05	-8.916110238010866e-06	0.000000000000000e+00	0.000000000000000e+00	-3.060973307700277e-05
0.90	30	50	1.619437	-8.589846569928561e-06	-8.473954833054798e-06	-5.696849628034073e-06	0.000000000000000e+00	0.000000000000000e+00	-2.428790358610655e-05
0.90	31	50	1.619437	-1.092637053501377e-05	-1.082849484390636e-05	-9.364040465920098e-06	0.000000000000000e+00	0.000000000000000e+00	-2.013114453991438e-05
0.90	32	50	1.619437	-7.189097296023128e-06	-7.105986687072630e-06	-5.266308461093772e-06	0.000000000000000e+00	0.000000000000000e+00	-1.833983944299344e-05
0.90	33	50	1.619437	-6.493227648007860e-06	-6.422284437923587e-06	-4.950291020988651e-06	0.000000000000000e+00	0.000000000000000e+00	-1.524523133100697e-05
0.90	34	50	1.619437	-6.095617306023371e-06	-6.034765742013448e-06	-4.877916208956279e-06	0.000000000000000e+00	0.000000000000000e+00	-1.324835862204221e-05
0.90	35	50	1.619437	-4.815893021925532e-06	-4.763459236056811e-06	-3.638243382009243e-06	0.000000000000000e+00	0.000000000000000e+00	-1.166528339402451e-05
0.90	36	50	1.619437	-4.358236159074380e-06	-4.312860158006693e-06	-3.380560491983431e-06	0.000000000000000e+00	0.000000000000000e+00	-1.004736115894911e-05
0.90	37	50	1.619437	-3.833983989953715e-06	-3.794556083014378e-06	-2.983522229049740e-06	0.000000000000000e+00	0.000000000000000e+00	-8.837106534986816e-06
0.90	38	50	1.619437	-3.281350133055305e-06	-3.246958811931044e-06	-2.515720317952663e-06	0.000000000000000e+00	0.000000000000000e+00	-7.773311320069531e-06
0.90	39	50	1.619437	-2.932084249951394e-06	-2.901976752012203e-06	-2.270782872959565e-06	0.000000000000000e+00	0.000000000000000e+00	-6.826815777905004e-06
0.90	40	50	1.619437	-2.578503168981783e-06	-2.552054906068690e-06	-1.991943998080892e-06	0.000000000000000e+00	0.000000000000000e+00	-6.046268697046386e-06
0.90	41	50	1.619437	-2.272266906078180e-06	-2.248956938899482e-06	-1.750616764994994e-06	0.000000000000000e+00	0.000000000000000e+00	-5.358096815011315e-06
0.90	42	50	1.619437	-2.026319798953402e-06	-2.005711701058566e-06	-1.565504379019700e-06	0.000000000000000e+00	0.000000000000000e+00	-4.760105067003195e-06
0.90	43	50	1.619437	-1.800009729047147e-06	-1.781736247985499e-06	-1.388635411991856e-06	0.000000000000000e+00	0.000000000000000e+00	-4.245439571004539e-06
0.90	44	50	1.619437	-1.606299395939814e-06	-1.590050246025321e-06	-1.239013829978930e-06	0.000000000000000e+00	0.000000000000000e+00	-3.792904736954483e-06
0.90	45	50	1.619437	-1.439020922977541e-06	-1.424532867999595e-06	-1.110690725947272e-06	0.000000000000000e+00	0.000000000000000e+00	-3.397659153026034e-06
0.90	46	50	1.619437	-1.290114397978215e-06	-1.277163287016769e-06	-9.953299220377687e-07	0.000000000000000e+00	0.000000000000000e+00	-3.051398700049113e-06
0.90	47	50	1.619437	-1.160444796033389e-06	-1.148839075981734e-06	-8.954650080328364e-07	0.000000000000000e+00	0.000000000000000e+00	-2.746029336919698e-06
0.90	48	50	1.619437	-1.046199490040145e-06	-1.035775527014060e-06	-8.074725219575640e-07	0.000000000000000e+00	0.000000000000000e+00	-2.476897470016226e-06
0.90	49	50	1.619437	-9.449674819306253e-07	-9.355824719392558e-07	-7.293625700066642e-07	0.000000000000000e+00	0.000000000000000e+00	-2.238852126024149e-06
0.90	50	50	1.619437	-8.555839690060907e-07	-8.471167349810571e-07	-6.605313910279520e-07	0.000000000000000e+00	0.000000000000000e+00	-2.027686037964216e-06
0.90	51	50	1.619437	-7.761713960441341e-07	-7.685163200266132e-07	-5.993494459621829e-07	0.000000000000000e+00	0.000000000000000e+00	-1.840080360082652e-06
0.90	52	50	1.619437	-7.054868470524056e-07	-6.985522360558605e-07	-5.448858969581138e-07	0.000000000000000e+00	0.000000000000000e+00	-1.672951157938307e-06
0.90	53	50	1.619437	-6.424959519968354e-07	-6.362019400185659e-07	-4.963755561027128e-07	0.000000000000000e+00	0.000000000000000e+00	-1.523745844056457e-06
0.90	54	50	1.619437	-5.861765599579627e-07	-5.804534189968180e-07	-4.529943179454321e-07	0.000000000000000e+00	0.000000000000000e+00	-1.390282635904683e-06
0.90	55	50	1.619437	-5.357370099767778e-07	-5.305237179564770e-07	-4.141444609473410e-07	0.000000000000000e+00	0.000000000000000e+00	-1.270641765027669e-06
0.90	56	50	1.619437	-4.904746540024263e-07	-4.857176719719192e-07	-3.792847580452730e-07	0.000000000000000e+00	0.000000000000000e+00	-1.163187169028745e-06
0.90	57	50	1.619437	-4.497681780346596e-07	-4.454204179937804e-07	-3.479307180143110e-07	0.000000000000000e+00	0.000000000000000e+00	-1.066496286949992e-06
0.90	58	50	1.619437	-4.130949410319218e-07	-4.091148450013904e-07	-3.196826250384532e-07	0.000000000000000e+00	0.000000000000000e+00	-9.793289790227533e-07
0.90	59	50	1.619437	-3.799933219195140e-07	-3.763442270043882e-07	-2.941839069015018e-07	0.000000000000000e+00	0.000000000000000e+00	-9.006096650665540e-07
0.90	60	50	1.619437	-3.500611840401291e-07	-3.467106010068832e-07	-2.711241270381137e-07	0.000000000000000e+00	0.000000000000000e+00	-8.293975869433368e-07
0.90	61	50	1.619437	-3.229494880407913e-07	-3.198685810668067e-07	-2.502350070487935e-07	0.000000000000000e+00	0.000000000000000e+00	-7.648696299655811e-07
0.90	62	50	1.619437	-2.983510559717573e-07	-2.955141809035666e-07	-2.312797059422778e-07	0.000000000000000e+00	0.000000000000000e+00	-7.063047620103902e-07
0.90	63	50	1.619437	-2.759967869803148e-07	-2.733811340638326e-07	-2.140510599879519e-07	0.000000000000000e+00	0.000000000000000e+00	-6.530690360717628e-07
0.90	64	50	1.619437	-2.556503210238148e-07	-2.532355100060002e-07	-1.983672079930443e-07	0.000000000000000e+00	0.000000000000000e+00	-6.046044399576900e-07
0.90	65	50	1.619437	-2.371031579961880e-07	-2.348709259303305e-07	-1.840675890596444e-07	0.000000000000000e+00	0.000000000000000e+00	-5.604187900409840e-07
0.90	66	50	1.619437	-2.201712470117911e-07	-2.181053130323463e-07	-1.710106839469816e-07	0.000000000000000e+00	0.000000000000000e+00	-5.200769929158966e-07
0.90	67	50	1.619437	-2.046919109766066e-07	-2.027776200286269e-07	-1.590712740417999e-07	0.000000000000000e+00	0.000000000000000e+00	-4.831938330562835e-07
0.90	68	50	1.619437	-1.905209009445130e-07	-1.887450820081682e-07	-1.481384549473219e-07	0.000000000000000e+00	0.000000000000000e+00	-4.494275800404068e-07
0.90	69	50	1.619437	-1.775301580186905e-07	-1.758809800023187e-07	-1.381137090250562e-07	0.000000000000000e+00	0.000000000000000e+00	-4.184745550084301e-07
0.90	70	50	1.619437	-1.656058480348221e-07	-1.640726019491723e-07	-1.289094940792879e-07	0.000000000000000e+00	0.000000000000000e+00	-3.900644439669421e-07
0.90	71	50	1.619437	-1.546464769575095e-07	-1.532195310627316e-07	-1.204477879657162e-07	0.000000000000000e+00	0.000000000000000e+00	-3.639562209389879e-07
0.90	72	50	1.619437	-1.445615039896708e-07	-1.432321549144078e-07	-1.126589830313662e-07	0.000000000000000e+00	0.000000000000000e+00	-3.399346319987728e-07
0.90	73	50	1.619437	-1.352700580437016e-07	-1.340303720231972e-07	-1.054808739242574e-07	0.000000000000000e+00	0.000000000000000e+00	-3.178071390497195e-07
0.90	74	50	1.619437	-1.266996410009824e-07	-1.255424699753149e-07	-9.885775598128532e-08	0.000000000000000e+00	0.000000000000000e+00	-2.974012549561422e-07
0.90	75	50	1.619437	-1.187853090334201e-07	-1.177041520916688e-07	-9.273967804812600e-08	0.000000000000000e+00	0.000000000000000e+00	-2.785622270629062e-07
0.90	76	50	1.619437	-1.114687229186728e-07	-1.104576740074137e-07	-8.708182497318973e-08	0.000000000000000e+00	0.000000000000000e+00	-2.611510179217902e-07
0.90	77	50	1.619437	-1.046974530405365e-07	-1.037511109247546e-07	-8.184384903131559e-08	0.000000000000000e+00	0.000000000000000e+00	-2.450425170552606e-07
0.90	78	50	1.619437	-9.842422898920233e-08	-9.753770002784989e-08	-7.698944204381775e-08	0.000000000000000e+00	0.000000000000000e+00	-2.301240129565230e-07
0.90	79	50	1.619437	-9.260649103115526e-08	-9.177527204862201e-08	-7.248585498498272e-08	0.000000000000000e+00	0.000000000000000e+00	-2.162938070870979e-07
0.90	80	50	1.619437	-8.720570399134431e-08	-8.642573889883209e-08	-6.830354193354538e-08	0.000000000000000e+00	0.000000000000000e+00	-2.034600299349876e-07
0.90	81	50	1.619437	-8.218714198093835e-08	-8.145466900977283e-08	-6.441570199466895e-08	0.000000000000000e+00	0.000000000000000e+00	-1.915395839713341e-07
0.90	82	50	1.619437	-7.751931097033093e-08	-7.683088598664511e-08	-6.079817305160162e-08	0.000000000000000e+00	0.000000000000000e+00	-1.804572060670750e-07
0.90	83	50	1.619437	-7.317361805370126e-08	-7.252612610475495e-08	-5.742899000793500e-08	0.000000000000000e+00	0.000000000000000e+00	-1.701446509239091e-07
0.90	84	50	1.619437	-6.912418293314460e-08	-6.851473999258673e-08	-5.428820093467124e-08	0.000000000000000e+00	0.000000000000000e+00	-1.605399631010584e-07
0.90	85	50	1.619437	-6.534750407460876e-08	-6.477341696342620e-08	-5.135774305831120e-08	0.000000000000000e+00	0.000000000000000e+00	-1.515868309764912e-07
0.90	86	50	1.619437	-6.182205902760529e-08	-6.128095497714980e-08	-4.862113600623275e-08	0.000000000000000e+00	0.000000000000000e+00	-1.432340119844611e-07
0.90	87	50	1.619437	-5.852844897624720e-08	-5.801803304450459e-08	-4.606334702561554e-08	0.000000000000000e+00	0.000000000000000e+00	-1.354348300175445e-07
0.90	88	50	1.619437	-5.544883296959568e-08	-5.496705102192578e-08	-4.367071992916749e-08	0.000000000000000e+00	0.000000000000000e+00	-1.281467180147544e-07
0.90	89	50	1.619437	-5.256696000710548e-08	-5.211192499743333e-08	-4.143074805451619e-08	0.000000000000000e+00	0.000000000000000e+00	-1.213308169489835e-07
0.90	90	50	1.619437	-4.986804202911088e-08	-4.943797293766039e-08	-3.933204795192324e-08	0.000000000000000e+00	0.000000000000000e+00	-1.149516180021237e-07
0.90	91	50	1.619437	-4.733850100802073e-08	-4.693175703618380e-08	-3.736413500821101e-08	0.000000000000000e+00	0.000000000000000e+00	-1.089766320516716e-07
0.90	92	50	1.619437	-4.496585692681521e-08	-4.458097802029215e-08	-3.551745697549791e-08	0.000000000000000e+00	0.000000000000000e+00	-1.033761189983551e-07
0.90	93	50	1.619437	-4.273880505056837e-08	-4.237435791143440e-08	-3.378329604952768e-08	0.000000000000000e+00	0.000000000000000e+00	-9.812281298593462e-08
0.90	94	50	1.619437	-4.064681902171685e-08	-4.030155309475703e-08	-3.215354493768530e-08	0.000000000000000e+00	0.000000000000000e+00	-9.319170302113378e-08
0.90	95	50	1.619437	-3.868038700449716e-08	-3.835306794375271e-08	-3.062082909455199e-08	0.000000000000000e+00	0.000000000000000e+00	-8.855981992184070e-08
0.90	96	50	1.619437	-3.683063598547420e-08	-3.652016700161909e-08	-2.917841190885895e-08	0.000000000000000e+00	0.000000000000000e+00	-8.420605401848746e-08
0.90	97	50	1.619437	-3.508946200270202e-08	-3.479482002521905e-08	-2.781999208778529e-08	0.000000000000000e+00	0.000000000000000e+00	-8.011098495686042e-08
0.90	98	50	1.619437	-3.344940702199040e-08	-3.316963292920860e-08	-2.653979691569219e-08	0.000000000000000e+00	0.000000000000000e+00	-7.625672804323358e-08
0.90	99	50	1.619437	-3.190360797766800e-08	-3.163778405923523e-08	-2.533260201609266e-08	0.000000000000000e+00	0.000000000000000e+00	-7.262681100961288e-08
0.90	100	50	1.619437	-3.044563701148917e-08	-3.019298999706876e-08	-2.419344902193643e-08	0.000000000000000e+00	0.000000000000000e+00	-6.920603201621134e-08
0.90	101	50	1.619437	-2.906972695893018e-08	-2.882944294402279e-08	-2.311782099084780e-08	0.000000000000000e+00	0.000000000000000e+00	-6.598036195182289e-08
0.90	102	50	1.619437	-2.777043794921497e-08	-2.754178407560204e-08	-2.210158100979243e-08	0.000000000000000e+00	0.000000000000000e+00	-6.293684207125949e-08
0.90	103	50	1.619437	-2.654270503388290e-08	-2.632505102795335e-08	-2.114081698589843e-08	0.000000000000000e+00	0.000000000000000e+00	-6.006349295706315e-08
0.90	104	50	1.619437	-2.538194798784588e-08	-2.517465291784760e-08	-2.023202905210297e-08	0.000000000000000e+00	0.000000000000000e+00	-5.734922503553008e-08
0.90	105	50	1.619437	-2.428389200836989e-08	-2.408634303119328e-08	-1.937180293953844e-08	0.000000000000000e+00	0.000000000000000e+00	-5.478377496093145e-08
0.90	106	50	1.619437	-2.324448200585749e-08	-2.305617896602996e-08	-1.855716802445784e-08	0.000000000000000e+00	0.000000000000000e+00	-5.235763000932536e-08
0.90	107	50	1.619437	-2.226011197592470e-08	-2.208050897678504e-08	-1.778521097062224e-08	0.000000000000000e+00	0.000000000000000e+00	-5.006196901469195e-08
0.90	108	50	1.619437	-2.132732102033685e-08	-2.115594210927441e-08	-1.705331997836623e-08	0.000000000000000e+00	0.000000000000000e+00	-4.788860497040304e-08
0.90	109	50	1.619437	-2.044292002345571e-08	-2.027932399784049e-08	-1.635901702989884e-08	0.000000000000000e+00	0.000000000000000e+00	-4.582993906598887e-08
0.90	110	50	1.619437	-1.960394702127388e-08	-1.944773098117025e-08	-1.570006002982183e-08	0.000000000000000e+00	0.000000000000000e+00	-4.387890495394231e-08
0.90	111	50	1.619437	-1.880770494899764e-08	-1.865843402004685e-08	-1.507425795299611e-08	0.000000000000000e+00	0.000000000000000e+00	-4.202893300053745e-08
0.90	112	50	1.619437	-1.805158300616228e-08	-1.790890391539790e-08	-1.447967601375666e-08	0.000000000000000e+00	0.000000000000000e+00	-4.027391298233596e-08
0.90	113	50	1.619437	-1.733318100161085e-08	-1.719677200640035e-08	-1.391448500864811e-08	0.000000000000000e+00	0.000000000000000e+00	-3.860815001033302e-08
0.90	114	50	1.619437	-1.665032900444174e-08	-1.651984404826834e-08	-1.337693700254050e-08	0.000000000000000e+00	0.000000000000000e+00	-3.702634199242993e-08
0.90	115	50	1.619437	-1.600093602061037e-08	-1.587606301978184e-08	-1.286543005463159e-08	0.000000000000000e+00	0.000000000000000e+00	-3.552354399527502e-08
0.90	116	50	1.619437	-1.538303995296531e-08	-1.526351200986653e-08	-1.237846591894964e-08	0.000000000000000e+00	0.000000000000000e+00	-3.409514204300024e-08
0.90	117	50	1.619437	-1.479489109001975e-08	-1.468040600194342e-08	-1.191468601557943e-08	0.000000000000000e+00	0.000000000000000e+00	-3.273683102378300e-08
0.90	118	50	1.619437	-1.423473694472932e-08	-1.412506989151296e-08	-1.147272099544239e-08	0.000000000000000e+00	0.000000000000000e+00	-3.144458693427055e-08
0.90	119	50	1.619437	-1.370104896203372e-08	-1.359594403727016e-08	-1.105141800294973e-08	0.000000000000000e+00	0.000000000000000e+00	-3.021465300179216e-08
0.90	120	50	1.619437	-1.319233700058930e-08	-1.309156105744336e-08	-1.064956800522765e-08	0.000000000000000e+00	0.000000000000000e+00	-2.904351104060510e-08
0.90	121	50	1.619437	-1.270719307555623e-08	-1.261055793122523e-08	-1.026616103239064e-08	0.000000000000000e+00	0.000000000000000e+00	-2.792787301419963e-08
0.90	122	50	1.619437	-1.224436996238865e-08	-1.215164902035326e-08	-9.900121944461659e-09	0.000000000000000e+00	0.000000000000000e+00	-2.686465794266013e-08
0.90	123	50	1.619437	-1.180261299804641e-08	-1.171363506191625e-08	-9.550592983131878e-09	0.000000000000000e+00	0.000000000000000e+00	-2.585098402008157e-08
0.90	124	50	1.619437	-1.138080996110347e-08	-1.129538795829887e-08	-9.216630014741156e-09	0.000000000000000e+00	0.000000000000000e+00	-2.488414396761840e-08
0.90	125	50	1.619437	-1.097788604464967e-08	-1.089585299762774e-08	-8.897423020570727e-09	0.000000000000000e+00	0.000000000000000e+00	-2.396160403428382e-08
0.90	126	50	1.619437	-1.059284604476574e-08	-1.051403497598358e-08	-8.592230038573234e-09	0.000000000000000e+00	0.000000000000000e+00	-2.308098501213607e-08
0.90	127	50	1.619437	-1.022474593881384e-08	-1.014900796736384e-08	-8.300261034044354e-09	0.000000000000000e+00	0.000000000000000e+00	-2.224005202222656e-08
0.90	128	50	1.619437	-9.872683004452654e-09	-9.799892008999223e-09	-8.020892949822667e-09	0.000000000000000e+00	0.000000000000000e+00	-2.143671196108698e-08
0.90	129	50	1.619437	-9.535874978539027e-09	-9.465862982338535e-09	-7.753396036314086e-09	0.000000000000000e+00	0.000000000000000e+00	-2.066898996400113e-08
0.90	130	50	1.619437	-9.213484086778578e-09	-9.146153057137951e-09	-7.497287013435994e-09	0.000000000000000e+00	0.000000000000000e+00	-1.993503606634306e-08
0.90	131	50	1.619437	-8.904812998089540e-09	-8.840027043710563e-09	-7.251861000590054e-09	0.000000000000000e+00	0.000000000000000e+00	-1.923310299911662e-08
0.90	132	50	1.619437	-8.609162938100212e-09	-8.546803931253066e-09	-7.016661918157752e-09	0.000000000000000e+00	0.000000000000000e+00	-1.856155595891806e-08
0.90	133	50	1.619437	-8.325849010226705e-09	-8.265836015652894e-09	-6.791177065146314e-09	0.000000000000000e+00	0.000000000000000e+00	-1.791884796098486e-08
0.90	134	50	1.619437	-8.054334976748123e-09	-7.996514006514133e-09	-6.574918942625629e-09	0.000000000000000e+00	0.000000000000000e+00	-1.730352305884253e-08
0.90	135	50	1.619437	-7.793934053701435e-09	-7.738263030354631e-09	-6.367385063654751e-09	0.000000000000000e+00	0.000000000000000e+00	-1.671421401283624e-08
0.90	136	50	1.619437	-7.544205926635073e-09	-7.490544962074352e-09	-6.168253907645749e-09	0.000000000000000e+00	0.000000000000000e+00	-1.614962596985237e-08
0.90	137	50	1.619437	-7.304556071119350e-09	-7.252843992056057e-09	-5.977036088289367e-09	0.000000000000000e+00	0.000000000000000e+00	-1.560854001603218e-08
0.90	138	50	1.619437	-7.074535957052319e-09	-7.024684056666786e-09	-5.793397983566706e-09	0.000000000000000e+00	0.000000000000000e+00	-1.508980795872361e-08
0.90	139	50	1.619437	-6.853648981675065e-09	-6.805602970061386e-09	-5.616944021014092e-09	0.000000000000000e+00	0.000000000000000e+00	-1.459234200140713e-08
0.90	140	50	1.619437	-6.641572070087420e-09	-6.595172963308471e-09	-5.447380990730721e-09	0.000000000000000e+00	0.000000000000000e+00	-1.411511607596339e-08
0.90	141	50	1.619437	-6.437723909513693e-09	-6.392986029446490e-09	-5.284360948820677e-09	0.000000000000000e+00	0.000000000000000e+00	-1.365716295609332e-08
0.90	142	50	1.619437	-6.241814065610640e-09	-6.198660029710368e-09	-5.127578028840674e-09	0.000000000000000e+00	0.000000000000000e+00	-1.321756604166779e-08
0.90	143	50	1.619437	-6.053502032976610e-09	-6.011825925966718e-09	-4.976766998510129e-09	0.000000000000000e+00	0.000000000000000e+00	-1.279545791543768e-08
0.90	144	50	1.619437	-5.872387909278132e-09	-5.832141991568562e-09	-4.831625988188648e-09	0.000000000000000e+00	0.000000000000000e+00	-1.239002200836836e-08
0.90	145	50	1.619437	-5.698150062904972e-09	-5.659282042991265e-09	-4.691924959665528e-09	0.000000000000000e+00	0.000000000000000e+00	-1.200048005411958e-08
0.90	146	50	1.619437	-5.530454982860533e-09	-5.492932997341882e-09	-4.557399013727093e-09	0.000000000000000e+00	0.000000000000000e+00	-1.162609897242817e-08
0.90	147	50	1.619437	-5.369096944818352e-09	-5.332807972990850e-09	-4.427835986753337e-09	0.000000000000000e+00	0.000000000000000e+00	-1.126618398572532e-08
0.90	148	50	1.619437	-5.213684040050737e-09	-5.178620088308605e-09	-4.303008060979607e-09	0.000000000000000e+00	0.000000000000000e+00	-1.092007506642290e-08
0.90	149	50	1.619437	-5.064005992316822e-09	-5.030116989601652e-09	-4.182703960964318e-09	0.000000000000000e+00	0.000000000000000e+00	-1.058714793611415e-08
0.90	150	50	1.619437	-4.919792018220903e-09	-4.887035998102363e-09	-4.066706971173062e-09	0.000000000000000e+00	0.000000000000000e+00	-1.026681106797156e-08
0.90	151	50	1.619437	-4.780844053975386e-09	-4.749150961380622e-09	-3.954900074099044e-09	0.000000000000000e+00	0.000000000000000e+00	-9.958503910389993e-09
0.90	152	50	1.619437	-4.646896978321990e-09	-4.616229953846585e-09	-3.847017926439378e-09	0.000000000000000e+00	0.000000000000000e+00	-9.661691002804673e-09
0.90	153	50	1.619437	-4.517708984685953e-09	-4.488060034724128e-09	-3.742936072193004e-09	0.000000000000000e+00	0.000000000000000e+00	-9.375867082717093e-09
0.90	154	50	1.619437	-4.393150954129510e-09	-4.364438033199747e-09	-3.642493973110561e-09	0.000000000000000e+00	0.000000000000000e+00	-9.100553977070547e-09
0.90	155	50	1.619437	-4.272949993833208e-09	-4.245170992511760e-09	-3.545529980719664e-09	0.000000000000000e+00	0.000000000000000e+00	-8.835291942510537e-09
0.90	156	50	1.619437	-4.156993083093141e-09	-4.130075947905709e-09	-3.451905983276049e-09	0.000000000000000e+00	0.000000000000000e+00	-8.579650989659626e-09
0.90	157	50	1.619437	-4.045030976840280e-09	-4.018975041653050e-09	-3.361493083886558e-09	0.000000000000000e+00	0.000000000000000e+00	-8.333215006928185e-09
0.90	158	50	1.619437	-3.936925008218850e-09	-3.911703960746138e-09	-3.274108983930546e-09	0.000000000000000e+00	0.000000000000000e+00	-8.095596082391410e-09
0.90	159	50	1.619437	-3.832552941673839e-09	-3.808105053515476e-09	-3.189702946215789e-09	0.000000000000000e+00	0.000000000000000e+00	-7.866417961466254e-09
0.90	160	50	1.619437	-3.731703057674451e-09	-3.708024998161363e-09	-3.108088009184939e-09	0.000000000000000e+00	0.000000000000000e+00	-7.645329036520820e-09
0.90	161	50	1.619437	-3.634277989661427e-09	-3.611322019203556e-09	-3.029174022728398e-09	0.000000000000000e+00	0.000000000000000e+00	-7.431988913175758e-09
0.90	162	50	1.619437	-3.540088999720581e-09	-3.517859004098511e-09	-2.952886046792003e-09	0.000000000000000e+00	0.000000000000000e+00	-7.226078069244579e-09
0.90	163	50	1.619437	-3.449099006402889e-09	-3.427505945730047e-09	-2.879087968032934e-09	0.000000000000000e+00	0.000000000000000e+00	-7.027290971350908e-09
0.90	164	50	1.619437	-3.361055989081763e-09	-3.340136056628751e-09	-2.807683974204167e-09	0.000000000000000e+00	0.000000000000000e+00	-6.835332966304009e-09
0.90	165	50	1.619437	-3.275923976531203e-09	-3.255633984622364e-09	-2.738570037408294e-09	0.000000000000000e+00	0.000000000000000e+00	-6.649929051860681e-09
0.90	166	50	1.619437	-3.193566966430694e-09	-3.173883933449417e-09	-2.671664001141494e-09	0.000000000000000e+00	0.000000000000000e+00	-6.470812996539621e-09
0.90	167	50	1.619437	-3.113881041905131e-09	-3.094779987833363e-09	-2.606938998006569e-09	0.000000000000000e+00	0.000000000000000e+00	-6.297732002558121e-09
0.90	168	50	1.619437	-3.036760953811779e-09	-3.018217009653767e-09	-2.544159993789208e-09	0.000000000000000e+00	0.000000000000000e+00	-6.130446039698256e-09
0.90	169	50	1.619437	-2.962076028900640e-09	-2.944099075641304e-09	-2.483410921350071e-09	0.000000000000000e+00	0.000000000000000e+00	-5.968723959526301e-09
0.90	170	50	1.619437	-2.889806061112665e-09	-2.872329929459738e-09	-2.424581091453604e-09	0.000000000000000e+00	0.000000000000000e+00	-5.812346937084101e-09
0.90	171	50	1.619437	-2.819775968276872e-09	-2.802821086334006e-09	-2.367491980237446e-09	0.000000000000000e+00	0.000000000000000e+00	-5.661106028398422e-09
0.90	172	50	1.619437	-2.751941008405367e-09	-2.735484949667466e-09	-2.312232960655081e-09	0.000000000000000e+00	0.000000000000000e+00	-5.514800061057201e-09
0.90	173	50	1.619437	-2.686233013804440e-09	-2.670245025093720e-09	-2.258585984904471e-09	0.000000000000000e+00	0.000000000000000e+00	-5.373238964878624e-09
0.90	174	50	1.619437	-2.622551953379570e-09	-2.607013938060732e-09	-2.206634985846279e-09	0.000000000000000e+00	0.000000000000000e+00	-5.236239997152836e-09
0.90	175	50	1.619437	-2.560823997299622e-09	-2.545724075986300e-09	-2.156199996328212e-09	0.000000000000000e+00	0.000000000000000e+00	-5.103626965485830e-09
0.90	176	50	1.619437	-2.500958995454994e-09	-2.486300942905473e-09	-2.107288010755326e-09	0.000000000000000e+00	0.000000000000000e+00	-4.975235001758449e-09
0.90	177	50	1.619437	-2.442939073254990e-09	-2.428674039656187e-09	-2.059823089872737e-09	0.000000000000000e+00	0.000000000000000e+00	-4.850904011810542e-09
0.90	178	50	1.619437	-2.386633002338101e-09	-2.372782970105902e-09	-2.013791911004148e-09	0.000000000000000e+00	0.000000000000000e+00	-4.730482006110037e-09
0.90	179	50	1.619437	-2.332044890529517e-09	-2.318558012248673e-09	-1.969038043725391e-09	0.000000000000000e+00	0.000000000000000e+00	-4.613819992727031e-09
0.90	180	50	1.619437	-2.279041066977072e-09	-2.265943988000174e-09	-1.925664960822360e-09	0.000000000000000e+00	0.000000000000000e+00	-4.500783967742450e-09
0.90	181	50	1.619437	-2.227614981364923e-09	-2.214881056339379e-09	-1.883494027410393e-09	0.000000000000000e+00	0.000000000000000e+00	-4.391234043055192e-09
0.90	182	50	1.619437	-2.177729996333255e-09	-2.165312928958940e-09	-1.842551999864384e-09	0.000000000000000e+00	0.000000000000000e+00	-4.285045984708802e-09
0.90	183	50	1.619437	-2.129233012126974e-09	-2.117189978889655e-09	-1.802775040360416e-09	0.000000000000000e+00	0.000000000000000e+00	-4.182095003635311e-09
0.90	184	50	1.619437	-2.082192973595909e-09	-2.070458027247923e-09	-1.764132950832220e-09	0.000000000000000e+00	0.000000000000000e+00	-4.082264970506344e-09
0.90	185	50	1.619437	-2.036486979051233e-09	-2.025068002176056e-09	-1.726567000481793e-09	0.000000000000000e+00	0.000000000000000e+00	-3.985444085863321e-09
0.90	186	50	1.619437	-1.992083054069838e-09	-1.980976049864580e-09	-1.690080964067420e-09	0.000000000000000e+00	0.000000000000000e+00	-3.891521993537594e-09
0.90	187	50	1.619437	-1.948957994990508e-09	-1.938135985035672e-09	-1.654603010159406e-09	0.000000000000000e+00	0.000000000000000e+00	-3.800396997100108e-09
0.90	188	50	1.619437	-1.907035973580662e-09	-1.896502954679136e-09	-1.620053091677676e-09	0.000000000000000e+00	0.000000000000000e+00	-3.711968954434042e-09
0.90	189	50	1.619437	-1.866300003428023e-09	-1.856038989167530e-09	-1.586524911445508e-09	0.000000000000000e+00	0.000000000000000e+00	-3.626144051693814e-09
0.90	190	50	1.619437	-1.826668039051071e-09	-1.816701011847499e-09	-1.553850048630068e-09	0.000000000000000e+00	0.000000000000000e+00	-3.542829918323775e-09
0.90	191	50	1.619437	-1.788175940653502e-09	-1.778452052292323e-09	-1.522138970422304e-09	0.000000000000000e+00	0.000000000000000e+00	-3.461938069548864e-09
0.90	192	50	1.619437	-1.750734002214926e-09	-1.741256916432121e-09	-1.491207046733223e-09	0.000000000000000e+00	0.000000000000000e+00	-3.383387014999073e-09
0.90	193	50	1.619437	-1.714333008884239e-09	-1.705079077929383e-09	-1.461143983583213e-09	0.000000000000000e+00	0.000000000000000e+00	-3.307092932836042e-09
0.90	194	50	1.619437	-1.678880034994279e-09	-1.669884008848044e-09	-1.431867957535360e-09	0.000000000000000e+00	0.000000000000000e+00	-3.232981993228634e-09
0.90	195	50	1.619437	-1.644372971121300e-09	-1.635640956010320e-09	-1.403366978180998e-09	0.000000000000000e+00	0.000000000000000e+00	-3.160977035676638e-09
0.90	196	50	1.619437	-1.610868993751069e-09	-1.602319055216128e-09	-1.375611069498461e-09	0.000000000000000e+00	0.000000000000000e+00	-3.091007005906476e-09
0.90	197	50	1.619437	-1.578203012719825e-09	-1.569883001373285e-09	-1.348612999052534e-09	0.000000000000000e+00	0.000000000000000e+00	-3.023003958269044e-09
0.90	198	50	1.619437	-1.546413996855733e-09	-1.538311922288926e-09	-1.322287945804135e-09	0.000000000000000e+00	0.000000000000000e+00	-2.956901057338257e-09
0.90	199	50	1.619437	-1.515525038797705e-09	-1.507572067183105e-09	-1.296640017578454e-09	0.000000000000000e+00	0.000000000000000e+00	-2.892635020401713e-09
0.90	200	50	1.619437	-1.485349954144510e-09	-1.477639011149279e-09	-1.271666993929443e-09	0.000000000000000e+00	0.000000000000000e+00	-2.830146006438383e-09
0.90	201	50	1.619437	-1.456012976852605e-09	-1.448484998611832e-09	-1.247309033836075e-09	0.000000000000000e+00	0.000000000000000e+00	-2.769373952382637e-09
0.90	202	50	1.619437	-1.427438056644803e-09	-1.420089934534019e-09	-1.223620982315765e-09	0.000000000000000e+00	0.000000000000000e+00	-2.710262014815612e-09
0.90	203	50	1.619437	-1.399573013038946e-09	-1.392423065738058e-09	-1.200447963256579e-09	0.000000000000000e+00	0.000000000000000e+00	-2.652757014054430e-09
0.90	204	50	1.619437	-1.372450930681168e-09	-1.365467960923183e-09	-1.177939079610724e-09	0.000000000000000e+00	0.000000000000000e+00	-2.596806991661538e-09
0.90	205	50	1.619437	-1.346007083569134e-09	-1.339198973937528e-09	-1.155949003184276e-09	0.000000000000000e+00	0.000000000000000e+00	-2.542361987600827e-09
0.90	206	50	1.619437	-1.320257014825188e-09	-1.313593012142178e-09	-1.134472960018229e-09	0.000000000000000e+00	0.000000000000000e+00	-2.489371042635469e-09
0.90	207	50	1.619437	-1.295118901012415e-09	-1.288635975704722e-09	-1.113615977210713e-09	0.000000000000000e+00	0.000000000000000e+00	-2.437789969889081e-09
0.90	208	50	1.619437	-1.270636040828776e-09	-1.264300997227963e-09	-1.093165002963303e-09	0.000000000000000e+00	0.000000000000000e+00	-2.387573028173051e-09
0.90	209	50	1.619437	-1.246768022156175e-09	-1.240573088701069e-09	-1.073293010023235e-09	0.000000000000000e+00	0.000000000000000e+00	-2.338677917990140e-09
0.90	210	50	1.619437	-1.223484979995249e-09	-1.217430933841968e-09	-1.053872988876492e-09	0.000000000000000e+00	0.000000000000000e+00	-2.291060008374757e-09
0.90	211	50	1.619437	-1.200751054142302e-09	-1.194860987929758e-09	-1.034919039355486e-09	0.000000000000000e+00	0.000000000000000e+00	-2.244683994234720e-09
0.90	212	50	1.619437	-1.178598996176561e-09	-1.172843044905392e-09	-1.016430939415613e-09	0.000000000000000e+00	0.000000000000000e+00	-2.199507020961278e-09
0.90	213	50	1.619437	-1.156991946693608e-09	-1.151357009732124e-09	-9.983750492992272e-10	0.000000000000000e+00	0.000000000000000e+00	-2.155495004707575e-09
0.90	214	50	1.619437	-1.135882055081083e-09	-1.130396998227923e-09	-9.807219480961749e-10	0.000000000000000e+00	0.000000000000000e+00	-2.112608976645447e-09
0.90	215	50	1.619437	-1.115305958698798e-09	-1.109937919352433e-09	-9.635240383332189e-10	0.000000000000000e+00	0.000000000000000e+00	-2.070815074972643e-09
0.90	216	50	1.619437	-1.095213031376829e-09	-1.089971002343759e-09	-9.466930572799015e-10	0.000000000000000e+00	0.000000000000000e+00	-2.030081991399868e-09
0.90	217	50	1.619437	-1.075602940048270e-09	-1.070476041142854e-09	-9.303049441911071e-10	0.000000000000000e+00	0.000000000000000e+00	-1.990374975946452e-09
0.90	218	50	1.619437	-1.056451037761974e-09	-1.051446041344661e-09	-9.142370194226146e-10	0.000000000000000e+00	0.000000000000000e+00	-1.951664940769149e-09
0.90	219	50	1.619437	-1.037744001841645e-09	-1.032863017336183e-09	-8.985999722099791e-10	0.000000000000000e+00	0.000000000000000e+00	-1.913921021667875e-09
0.90	220	50	1.619437	-1.019507034349942e-09	-1.014713979508031e-09	-8.832620190801777e-10	0.000000000000000e+00	0.000000000000000e+00	-1.877113020576360e-09
0.90	221	50	1.619437	-1.001650984377989e-09	-9.969899350537048e-10	-8.683059826708472e-10	0.000000000000000e+00	0.000000000000000e+00	-1.841213959075105e-09
0.90	222	50	1.619437	-9.842470172216622e-10	-9.796750077839533e-10	-8.536810147674601e-10	0.000000000000000e+00	0.000000000000000e+00	-1.806199079190662e-09
0.90	223	50	1.619437	-9.672299627894176e-10	-9.627599828476718e-10	-8.393929995520466e-10	0.000000000000000e+00	0.000000000000000e+00	-1.772037960812156e-09
0.90	224	50	1.619437	-9.506050391294707e-10	-9.462320926800771e-10	-8.254239514116080e-10	0.000000000000000e+00	0.000000000000000e+00	-1.738708954590606e-09
0.90	225	50	1.619437	-9.343589235655259e-10	-9.300799019840156e-10	-8.117440053467817e-10	0.000000000000000e+00	0.000000000000000e+00	-1.706186081307237e-09
0.90	226	50	1.619437	-9.184659699457143e-10	-9.142950840868025e-10	-7.984070071742622e-10	0.000000000000000e+00	0.000000000000000e+00	-1.674446914456951e-09
0.90	227	50	1.619437	-9.029570424701205e-10	-8.988679800481236e-10	-7.853100392196666e-10	0.000000000000000e+00	0.000000000000000e+00	-1.643468028333928e-09
0.90	228	50	1.619437	-8.877940604890000e-10	-8.837849341247761e-10	-7.725360351429345e-10	0.000000000000000e+00	0.000000000000000e+00	-1.613226996433070e-09
0.90	229	50	1.619437	-8.729489353598296e-10	-8.690380637332851e-10	-7.600600149260117e-10	0.000000000000000e+00	0.000000000000000e+00	-1.583703057583818e-09
0.90	230	50	1.619437	-8.584220001495169e-10	-8.546200414016880e-10	-7.478169194996553e-10	0.000000000000000e+00	0.000000000000000e+00	-1.554877004927846e-09
0.90	231	50	1.619437	-8.442829768640081e-10	-8.405199869443436e-10	-7.358690323755468e-10	0.000000000000000e+00	0.000000000000000e+00	-1.526726967071568e-09
0.90	232	50	1.619437	-8.303620013805357e-10	-8.267299067554745e-10	-7.241489630160913e-10	0.000000000000000e+00	0.000000000000000e+00	-1.499235957602707e-09
0.90	233	50	1.619437	-8.168510312600574e-10	-8.132410300731863e-10	-7.126730316997509e-10	0.000000000000000e+00	0.000000000000000e+00	-1.472381994105376e-09
0.90	234	50	1.619437	-8.035470067113692e-10	-8.000460294255163e-10	-7.014759884071964e-10	0.000000000000000e+00	0.000000000000000e+00	-1.446151087769465e-09
0.90	235	50	1.619437	-7.905710530664578e-10	-7.871360230282676e-10	-6.904929961137896e-10	0.000000000000000e+00	0.000000000000000e+00	-1.420523920714345e-09
0.90	236	50	1.619437	-7.778719890438879e-10	-7.745040164763850e-10	-6.797470364361402e-10	0.000000000000000e+00	0.000000000000000e+00	-1.395485060839974e-09
0.90	237	50	1.619437	-7.654279432500743e-10	-7.621419051417888e-10	-6.692230103411134e-10	0.000000000000000e+00	0.000000000000000e+00	-1.371014968221118e-09
0.90	238	50	1.619437	-7.532859891412613e-10	-7.500440268870534e-10	-6.589460088690657e-10	0.000000000000000e+00	0.000000000000000e+00	-1.347100986315297e-09
0.90	239	50	1.619437	-7.413509806042384e-10	-7.382030542402163e-10	-6.488379833413660e-10	0.000000000000000e+00	0.000000000000000e+00	-1.323728016089376e-09
0.90	240	50	1.619437	-7.296910853327176e-10	-7.266109935955001e-10	-6.389719864330345e-10	0.000000000000000e+00	0.000000000000000e+00	-1.300878960108776e-09
0.90	241	50	1.619437	-7.182909822489592e-10	-7.152619607708743e-10	-6.292619758596629e-10	0.000000000000000e+00	0.000000000000000e+00	-1.278542050009435e-09
0.90	242	50	1.619437	-7.071009333614597e-10	-7.041499605620061e-10	-6.198029867121591e-10	0.000000000000000e+00	0.000000000000000e+00	-1.256702963914336e-09
0.90	243	50	1.619437	-6.961710097286300e-10	-6.932701079875869e-10	-6.105260741406937e-10	0.000000000000000e+00	0.000000000000000e+00	-1.235346047678831e-09
0.90	244	50	1.619437	-6.854520284704790e-10	-6.826129661519076e-10	-6.014179154689714e-10	0.000000000000000e+00	0.000000000000000e+00	-1.214461975429515e-09
0.90	245	50	1.619437	-6.749849568166155e-10	-6.721789791441779e-10	-5.924770674070601e-10	0.000000000000000e+00	0.000000000000000e+00	-1.194034981999437e-09
0.90	246	50	1.619437	-6.646850847502606e-10	-6.619530479312630e-10	-5.837549332809999e-10	0.000000000000000e+00	0.000000000000000e+00	-1.174053076979931e-09
0.90	247	50	1.619437	-6.546119202255340e-10	-6.519399464721687e-10	-5.751900067352267e-10	0.000000000000000e+00	0.000000000000000e+00	-1.154508932899034e-09
0.90	248	50	1.619437	-6.447470335402272e-10	-6.421280174251365e-10	-5.667870617287463e-10	0.000000000000000e+00	0.000000000000000e+00	-1.135384009032236e-09
0.90	249	50	1.619437	-6.350799885979086e-10	-6.325140411433949e-10	-5.585459872392562e-10	0.000000000000000e+00	0.000000000000000e+00	-1.116673975509741e-09
0.90	250	50	1.619437	-6.255870266258512e-10	-6.230949090024751e-10	-5.504809941214717e-10	0.000000000000000e+00	0.000000000000000e+00	-1.098364066365320e-09
0.90	251	50	1.619437	-6.163459742580812e-10	-6.138600738836431e-10	-5.426069593639227e-10	0.000000000000000e+00	0.000000000000000e+00	-1.080444955725568e-09
0.90	252	50	1.619437	-6.072400360324082e-10	-6.048109790768308e-10	-5.348200771138067e-10	0.000000000000000e+00	0.000000000000000e+00	-1.062905985449447e-09
0.90	253	50	1.619437	-5.982999651266141e-10	-5.959419624446127e-10	-5.272009495627117e-10	0.000000000000000e+00	0.000000000000000e+00	-1.045738051708156e-09
0.90	254	50	1.619437	-5.895790522458810e-10	-5.872470287826559e-10	-5.197390295919035e-10	0.000000000000000e+00	0.000000000000000e+00	-1.028932938851312e-09
0.90	255	50	1.619437	-5.810050218713059e-10	-5.787209600427445e-10	-5.124299873315863e-10	0.000000000000000e+00	0.000000000000000e+00	-1.012477990336436e-09
0.90	256	50	1.619437	-5.725969698389122e-10	-5.703630900910639e-10	-5.052539497896191e-10	0.000000000000000e+00	0.000000000000000e+00	-9.963670999368901e-10
0.90	257	50	1.619437	-5.643440159630586e-10	-5.621669796340711e-10	-4.982250167984148e-10	0.000000000000000e+00	0.000000000000000e+00	-9.805909417792691e-10
0.90	258	50	1.619437	-5.563050020640503e-10	-5.541279657350628e-10	-4.912720230620948e-10	0.000000000000000e+00	0.000000000000000e+00	-9.651389687448386e-10
0.90	259	50	1.619437	-5.483249410076496e-10	-5.462430507918725e-10	-4.845239764961207e-10	0.000000000000000e+00	0.000000000000000e+00	-9.500080722091298e-10
0.90	260	50	1.619437	-5.405990100015856e-10	-5.385139001390371e-10	-4.778349937950566e-10	0.000000000000000e+00	0.000000000000000e+00	-9.351849294958470e-10
0.90	261	50	1.619437	-5.329390262431843e-10	-5.309270800779586e-10	-4.713319734506172e-10	0.000000000000000e+00	0.000000000000000e+00	-9.206649886905893e-10
0.90	262	50	1.619437	-5.254759960493516e-10	-5.234849220769888e-10	-4.649450824345536e-10	0.000000000000000e+00	0.000000000000000e+00	-9.064400341429746e-10
0.90	263	50	1.619437	-5.181499673767576e-10	-5.161830962663316e-10	-4.586029334063824e-10	0.000000000000000e+00	0.000000000000000e+00	-8.925019612249230e-10
0.90	264	50	1.619437	-5.109269674008488e-10	-5.090209365121723e-10	-4.524540742067984e-10	0.000000000000000e+00	0.000000000000000e+00	-8.788429983752621e-10
0.90	265	50	1.619437	-5.038800487966455e-10	-5.019910043202458e-10	-4.463739378124387e-10	0.000000000000000e+00	0.000000000000000e+00	-8.654610361702453e-10
0.90	266	50	1.619437	-4.969159528300793e-10	-4.950909682222004e-10	-4.404300257832006e-10	0.000000000000000e+00	0.000000000000000e+00	-8.523429739781818e-10
0.90	267	50	1.619437	-4.901320460604097e-10	-4.883190518611968e-10	-4.345910298297895e-10	0.000000000000000e+00	0.000000000000000e+00	-8.394870354422324e-10
0.90	268	50	1.619437	-4.834429523370432e-10	-4.816750331926301e-10	-4.288649435579828e-10	0.000000000000000e+00	0.000000000000000e+00	-8.268840057112925e-10
0.90	269	50	1.619437	-4.769070693910749e-10	-4.751489202092785e-10	-4.231600625459464e-10	0.000000000000000e+00	0.000000000000000e+00	-8.145309982054982e-10
0.90	270	50	1.619437	-4.704570066849101e-10	-4.687450427809381e-10	-4.177029833130064e-10	0.000000000000000e+00	0.000000000000000e+00	-8.024170217169058e-10
0.90	271	50	1.619437	-4.641429462992619e-10	-4.624559624133440e-10	-4.122290286900920e-10	0.000000000000000e+00	0.000000000000000e+00	-7.905419652232126e-10
0.90	272	50	1.619437	-4.579220336253798e-10	-4.562800137719591e-10	-4.068739789531151e-10	0.000000000000000e+00	0.000000000000000e+00	-7.788980571632464e-10
0.90	273	50	1.619437	-4.518410090526004e-10	-4.502179740129009e-10	-4.016519339344882e-10	0.000000000000000e+00	0.000000000000000e+00	-7.674769708643225e-10
0.90	274	50	1.619437	-4.458229341253173e-10	-4.442630707757189e-10	-3.964760741936857e-10	0.000000000000000e+00	0.000000000000000e+00	-7.562790393933483e-10
0.90	275	50	1.619437	-4.399900443985416e-10	-4.384159701942281e-10	-3.914210067179624e-10	0.000000000000000e+00	0.000000000000000e+00	-7.452919392747503e-10
0.90	276	50	1.619437	-4.341980108790722e-10	-4.326710101310027e-10	-3.864399911179817e-10	0.000000000000000e+00	0.000000000000000e+00	-7.345180019768804e-10
0.90	277	50	1.619437	-4.285579668916739e-10	-4.270289677421601e-10	-3.815430194009650e-10	0.000000000000000e+00	0.000000000000000e+00	-7.239470134479120e-10
0.90	278	50	1.619437	-4.229629979590754e-10	-4.214850690686944e-10	-3.767419709532760e-10	0.000000000000000e+00	0.000000000000000e+00	-7.135779744871229e-10
0.90	279	50	1.619437	-4.175000345441049e-10	-4.160409794451425e-10	-3.720199703849403e-10	0.000000000000000e+00	0.000000000000000e+00	-7.034020033103161e-10
0.90	280	50	1.619437	-4.120810359609095e-10	-4.106909257117763e-10	-3.673520376779038e-10	0.000000000000000e+00	0.000000000000000e+00	-6.934199880959113e-10
0.90	281	50	1.619437	-4.068269054968709e-10	-4.054340196901762e-10	-3.627910194481387e-10	0.000000000000000e+00	0.000000000000000e+00	-6.836210486582672e-10
0.90	282	50	1.619437	-4.016760257741225e-10	-4.002670417335707e-10	-3.583339180934786e-10	0.000000000000000e+00	0.000000000000000e+00	-6.740089597556675e-10
0.90	283	50	1.619437	-3.965370254377376e-10	-3.951909910426821e-10	-3.538900283928115e-10	0.000000000000000e+00	0.000000000000000e+00	-6.645710648456316e-10
0.90	284	50	1.619437	-3.915230362139255e-10	-3.902009826362018e-10	-3.495480571658049e-10	0.000000000000000e+00	0.000000000000000e+00	-6.553099174411159e-10
0.90	285	50	1.619437	-3.866099662630518e-10	-3.852970165141301e-10	-3.452998997843792e-10	0.000000000000000e+00	0.000000000000000e+00	-6.462180790478556e-10
0.90	286	50	1.619437	-3.817599569799768e-10	-3.804759840519978e-10	-3.410850490936923e-10	0.000000000000000e+00	0.000000000000000e+00	-6.372929961528939e-10
0.90	287	50	1.619437	-3.769839995726443e-10	-3.757369970713853e-10	-3.369790002594186e-10	0.000000000000000e+00	0.000000000000000e+00	-6.285310050202497e-10
0.90	288	50	1.619437	-3.723180652670521e-10	-3.710780571708483e-10	-3.329120312756118e-10	0.000000000000000e+00	0.000000000000000e+00	-6.199269986240097e-10
0.90	289	50	1.619437	-3.677339543983749e-10	-3.664979431050597e-10	-3.289369887582438e-10	0.000000000000000e+00	0.000000000000000e+00	-6.114789785627295e-10
0.90	290	50	1.619437	-3.631790423952452e-10	-3.619939903387603e-10	-3.250020252920649e-10	0.000000000000000e+00	0.000000000000000e+00	-6.031849464349648e-10
0.90	291	50	1.619437	-3.587309338470845e-10	-3.575649776266232e-10	-3.211009236281370e-10	0.000000000000000e+00	0.000000000000000e+00	-5.950370196572408e-10
0.90	292	50	1.619437	-3.543640936243264e-10	-3.532100167902286e-10	-3.173380447307750e-10	0.000000000000000e+00	0.000000000000000e+00	-5.870359753856746e-10
0.90	293	50	1.619437	-3.500809642176250e-10	-3.489259992051075e-10	-3.135970372269981e-10	0.000000000000000e+00	0.000000000000000e+00	-5.791770396612606e-10
0.90	294	50	1.619437	-3.458310304793599e-10	-3.447140350942846e-10	-3.098910017484968e-10	0.000000000000000e+00	0.000000000000000e+00	-5.714579920379492e-10
0.90	295	50	1.619437	-3.416369409592335e-10	-3.405710158332909e-10	-3.062889941674030e-10	0.000000000000000e+00	0.000000000000000e+00	-5.638740585567348e-10
0.90	296	50	1.619437	-3.375830726071172e-10	-3.364929446192377e-10	-3.027499362318053e-10	0.000000000000000e+00	0.000000000000000e+00	-5.564249061507098e-10
0.90	297	50	1.619437	-3.335469678233949e-10	-3.324850395003409e-10	-2.992089909170659e-10	0.000000000000000e+00	0.000000000000000e+00	-5.491040955263315e-10
0.90	298	50	1.619437	-3.295790307333846e-10	-3.285399730046379e-10	-2.957880607112884e-10	0.000000000000000e+00	0.000000000000000e+00	-5.419129589512295e-10
0.90	299	50	1.619437	-3.256889202774005e-10	-3.246600766004804e-10	-2.923890018990960e-10	0.000000000000000e+00	0.000000000000000e+00	-5.348459453102805e-10
0.90	300	50	1.619437	-3.218579847086289e-10	-3.208389109943255e-10	-2.890289119150680e-10	0.000000000000000e+00	0.000000000000000e+00	-5.279010562020403e-10
