0.9	137	54	0.75	2.07623820625003e-06	1.64284700188144e-06	-7.5413352797336e-09	-5.82875377863237e-06
0.9	137	54	0.7614	3.49229153040476e-07	9.08893550422007e-08	-7.78918596162335e-09	-5.89808771790474e-06
0.9	137	54	0.77	-9.90058892647028e-07	-1.11300011429449e-06	-7.97900371914568e-09	-5.94990781141941e-06


0.9	137	54	0.75	2.07623821069e-06	1.64284700321e-06	-7.54133526831e-09	-5.82875379517e-06
0.9	137	54	0.736842106	4.00084449637e-06	3.37171039178e-06	-7.26062766153e-09	-5.74779347642e-06
0.9	137	54	0.723684212	5.85160981925e-06	5.03350921777e-06	-6.98521188301e-09	-5.66579995444e-06
0.9	137	54	0.710526318	7.62845483582e-06	6.62817437791e-06	-6.71422163615e-09	-5.58273844314e-06
0.9	137	54	0.703947371	8.4891852844e-06	7.4003572833e-06	-6.58006983795e-09	-5.54079600776e-06
0.9	137	54	0.697368424	9.33149376747e-06	8.15580890134e-06	-6.44665500012e-09	-5.49857286372e-06
0.9	137	54	0.690789477	1.01554227061e-05	8.8945668647e-06	-6.3138789301e-09	-5.4560642013e-06
0.9	137	54	0.68421053	1.09610219208e-05	9.61667524657e-06	-6.18166949265e-09	-5.41326499689e-06
0.9	137	54	0.677631583	1.1748345535e-05	1.03221817174e-05	-6.04998368978e-09	-5.37017023607e-06
0.9	137	54	0.671052636	1.25174486091e-05	1.10111345919e-05	-5.91880922456e-09	-5.32677458519e-06
0.9	137	54	0.664473689	1.3268383999e-05	1.16835800377e-05	-5.7881629455e-09	-5.28307292953e-06
0.9	137	54	0.657894742	1.40011993629e-05	1.23395594136e-05	-5.6580868143e-09	-5.23905960512e-06
0.9	137	54	0.651315795	1.47159349975e-05	1.29791074396e-05	-5.52864189261e-09	-5.19472905703e-06
0.9	137	54	0.644736848	1.54126224945e-05	1.36022509412e-05	-5.39989933034e-09	-5.15007536553e-06
0.9	137	54	0.638157901	1.60912842835e-05	1.42090085926e-05	-5.27193230737e-09	-5.10509267728e-06
0.9	137	54	0.631578954	1.67519343166e-05	1.4799391483e-05	-5.14480704228e-09	-5.05977479276e-06
0.9	137	54	0.625000007	1.73945796041e-05	1.53734045415e-05	-5.01857512608e-09	-5.01411542853e-06
0.9	137	54	0.61842106	1.80192224912e-05	1.5931048608e-05	-4.89326741355e-09	-4.96810789699e-06
0.9	137	54	0.611842113	1.86258634264e-05	1.64723228544e-05	-4.76889107785e-09	-4.92174571154e-06
0.9	137	54	0.600692529	1.96128594292e-05	1.73522624606e-05	-4.56017297312e-09	-4.84234439712e-06
0.9	137	54	0.589542945	2.05481919553e-05	1.8185212738e-05	-4.35385182753e-09	-4.76186935052e-06
0.9	137	54	0.578393361	2.14319486372e-05	1.89712455206e-05	-4.14960800887e-09	-4.68028392338e-06
0.9	137	54	0.567243777	2.22642737665e-05	1.97104821619e-05	-3.94712087168e-09	-4.59754932088e-06
0.9	137	54	0.556094193	2.30453514434e-05	2.04030779365e-05	-3.74615800186e-09	-4.51362481643e-06
0.9	137	54	0.544944609	2.37753757939e-05	2.10491954556e-05	-3.54661709794e-09	-4.42846769754e-06
0.9	137	54	0.539369817	2.41212990078e-05	2.13548711196e-05	-3.44737900219e-09	-4.38541261889e-06
0.9	137	54	0.533795025	2.44545219522e-05	2.16489788406e-05	-3.34850380122e-09	-4.3420323775e-06
0.9	137	54	0.528220233	2.47750610259e-05	2.19315315101e-05	-3.24999732806e-09	-4.29832073528e-06
0.9	137	54	0.522645441	2.50829305646e-05	2.22025401636e-05	-3.15186229229e-09	-4.25427131307e-06
0.9	137	54	0.517070649	2.53781435045e-05	2.24620145141e-05	-3.05409544259e-09	-4.20987790992e-06
0.9	137	54	0.511495857	2.56607121852e-05	2.27099636756e-05	-2.95668696032e-09	-4.16513386404e-06
0.9	137	54	0.505921065	2.59306491281e-05	2.29463968492e-05	-2.8596187981e-09	-4.12003245321e-06
0.9	137	54	0.500346273	2.61879679742e-05	2.31713241665e-05	-2.76286578541e-09	-4.07456668529e-06
0.9	137	54	0.494771481	2.64326839648e-05	2.33847570874e-05	-2.66639664247e-09	-4.02872914015e-06
0.9	137	54	0.489196689	2.66648144399e-05	2.35867088151e-05	-2.57017596465e-09	-3.98251281389e-06
0.9	137	54	0.483621897	2.68843787903e-05	2.37771942712e-05	-2.47416673147e-09	-3.93590980898e-06
0.9	137	54	0.478047105	2.70913982779e-05	2.39562298789e-05	-2.37833228399e-09	-3.88891234955e-06
0.9	137	54	0.47190755	2.7304901651e-05	2.41401753022e-05	-2.27295017878e-09	-3.83668767854e-06
0.9	137	54	0.465767995	2.75032481534e-05	2.4310278527e-05	-2.16769620624e-09	-3.78396367372e-06
0.9	137	54	0.45962844	2.76864688596e-05	2.44665631334e-05	-2.06253315981e-09	-3.73072860749e-06
0.9	137	54	0.453488885	2.78545939153e-05	2.46090516389e-05	-1.95742653389e-09	-3.67697069431e-06
0.9	137	54	0.445410523	2.80528605238e-05	2.47755527383e-05	-1.81915588741e-09	-3.60541926298e-06
0.9	137	54	0.437251378	2.82266953575e-05	2.49195560532e-05	-1.67945120828e-09	-3.532181843e-06
0.9	137	54	0.429010642	2.83753866349e-05	2.50403946619e-05	-1.5381833004e-09	-3.45718987226e-06
0.9	137	54	0.420687499	2.84982096993e-05	2.51373878807e-05	-1.39518834089e-09	-3.38037055471e-06
0.9	137	54	0.412281125	2.85944300941e-05	2.52098436411e-05	-1.25026598102e-09	-3.30164644342e-06
0.9	137	54	0.408035907	2.86324181347e-05	2.5236709576e-05	-1.17682809612e-09	-3.26144406701e-06
0.9	137	54	0.403748237	2.86635779221e-05	2.52572299443e-05	-1.10244799264e-09	-3.22052818673e-06
0.9	137	54	0.399417691	2.86877080296e-05	2.52712161067e-05	-1.02708336251e-09	-3.17887958419e-06
0.9	137	54	0.39504384	2.87046028382e-05	2.52784752628e-05	-9.50689424545e-10	-3.13647833811e-06
0.9	137	54	0.390626251	2.87140523877e-05	2.5278810222e-05	-8.73218094906e-10	-3.09330367836e-06
0.9	137	54	0.386164487	2.87158421736e-05	2.52720193251e-05	-7.94618419308e-10	-3.04933417727e-06
0.9	137	54	0.383911297	2.87137888041e-05	2.52658697971e-05	-7.5477906739e-10	-3.02698860864e-06
0.9	137	54	0.381635576	2.87097027306e-05	2.52578072273e-05	-7.14434835184e-10	-3.00432226049e-06
0.9	137	54	0.379337098	2.87035249638e-05	2.52477763121e-05	-6.73573483941e-10	-2.9813290125e-06
0.9	137	54	0.377015636	2.86951951601e-05	2.52357204805e-05	-6.32181680747e-10	-2.95800249435e-06
0.9	137	54	0.37467096	2.86846516938e-05	2.52215819206e-05	-5.90245650192e-10	-2.93433627843e-06
0.9	137	54	0.372302838	2.86718315431e-05	2.52053014657e-05	-5.47751035475e-10	-2.91032369635e-06
0.9	137	54	0.363234268	2.86025961431e-05	2.51243859629e-05	-3.8360001335e-10	-2.81732745742e-06
0.9	137	54	0.354075013	2.85003351104e-05	2.50128166394e-05	-2.15190116562e-10	-2.72167144668e-06
0.9	137	54	0.34944959	2.84363843045e-05	2.49450973435e-05	-1.28990394722e-10	-2.67268086239e-06
0.9	137	54	0.344777913	2.8363431501e-05	2.48689626308e-05	-4.10515876355e-11	-2.62272066515e-06
0.9	137	54	0.34005952	2.82812363508e-05	2.47841816545e-05	4.87380631148e-11	-2.57176048747e-06
0.9	137	54	0.335293944	2.81895538123e-05	2.46905183532e-05	1.40499830239e-10	-2.51976851013e-06
0.9	137	54	0.330480713	2.80881340914e-05	2.45877312646e-05	2.34366968149e-10	-2.46671133203e-06
0.9	137	54	0.32561935	2.7976722546e-05	2.44755732896e-05	3.30485665255e-10	-2.4125545133e-06
0.9	137	54	0.320709374	2.78550597445e-05	2.43537916879e-05	4.29016786602e-10	-2.35726082753e-06
0.9	137	54	0.315750299	2.77228813937e-05	2.42221277992e-05	5.30138651265e-10	-2.30079217108e-06
0.9	137	54	0.313245967	2.76525872132e-05	2.41523312119e-05	5.81860871095e-10	-2.27203280612e-06
0.9	137	54	0.310716592	2.75791798529e-05	2.40795857785e-05	6.3457202739e-10	-2.24281775381e-06
0.9	137	54	0.308161924	2.75025828986e-05	2.40038178578e-05	6.88311553925e-10	-2.21313674196e-06
0.9	137	54	0.30558171	2.74227183542e-05	2.39249521233e-05	7.43121989134e-10	-2.18297938661e-06
0.9	137	54	0.297746282	2.71648163029e-05	2.36710534294e-05	9.13090820274e-10	-2.09026752618e-06
0.9	137	54	0.295767837	2.70960463316e-05	2.36035193126e-05	9.5690446907e-10	-2.06658254545e-06
0.9	137	54	0.293769608	2.70250981006e-05	2.35339090392e-05	1.00154703279e-09	-2.04254571299e-06
0.9	137	54	0.291751397	2.69519215925e-05	2.34621740877e-05	1.04704776634e-09	-2.01814995742e-06
0.9	137	54	0.289713004	2.68764656814e-05	2.33882648429e-05	1.09343739994e-09	-1.99338781032e-06
0.9	137	54	0.287654228	2.67986783223e-05	2.33121306678e-05	1.14074834471e-09	-1.96825187507e-06
0.9	137	54	0.285574865	2.67185063462e-05	2.32337197752e-05	1.18901486176e-09	-1.94273448554e-06
0.9	137	54	0.283474709	2.6635895528e-05	2.31529792595e-05	1.23827306478e-09	-1.91682753255e-06
0.9	137	54	0.281353552	2.65507905881e-05	2.30698550322e-05	1.28856109919e-09	-1.89052293012e-06
0.9	137	54	0.279211184	2.64631351495e-05	2.29842918648e-05	1.33991934468e-09	-1.86381220415e-06
0.9	137	54	0.277047393	2.63728717338e-05	2.2896233267e-05	1.39239028047e-09	-1.83668672931e-06
0.9	137	54	0.274861965	2.6279941699e-05	2.28056215896e-05	1.4460193644e-09	-1.80913745877e-06
0.9	137	54	0.272654683	2.61842852732e-05	2.27123977896e-05	1.5008542198e-09	-1.78115515561e-06
0.9	137	54	0.270425329	2.60858415224e-05	2.26165016062e-05	1.55694559142e-09	-1.75273027732e-06
0.9	137	54	0.268173682	2.59845483457e-05	2.25178714531e-05	1.61434729534e-09	-1.72385294438e-06
0.9	137	54	0.265899519	2.58803423728e-05	2.24164442965e-05	1.67311663226e-09	-1.69451324012e-06
0.9	137	54	0.263602615	2.5773159101e-05	2.23121557543e-05	1.73331390042e-09	-1.66470039217e-06
0.9	137	54	0.261282742	2.56629326921e-05	2.22049399624e-05	1.79500395138e-09	-1.63440394314e-06
0.9	137	54	0.258939671	2.55495961291e-05	2.20947296085e-05	1.85825538813e-09	-1.60361233574e-06
0.9	137	54	0.25657317	2.54330810614e-05	2.19814558242e-05	1.92314124168e-09	-1.57231422206e-06
0.9	137	54	0.254183004	2.53133178244e-05	2.18650481428e-05	1.98973955999e-09	-1.54049777901e-06
0.9	137	54	0.251768937	2.51902354906e-05	2.17454345363e-05	2.05813354194e-09	-1.50815059388e-06
0.9	137	54	0.24933073	2.50637617705e-05	2.16225412849e-05	2.1284119413e-09	-1.47525969784e-06
0.9	137	54	0.246868141	2.49338229812e-05	2.14962928839e-05	2.20067004833e-09	-1.44181230405e-06
0.9	137	54	0.244380927	2.48003441159e-05	2.1366612188e-05	2.27500918894e-09	-1.40779432176e-06
0.9	137	54	0.241868841	2.46632487076e-05	2.12334200561e-05	2.35153850528e-09	-1.3731919797e-06
0.9	137	54	0.239331635	2.45224589914e-05	2.1096635634e-05	2.43037460223e-09	-1.33799031741e-06
0.9	137	54	0.236769057	2.43778956387e-05	2.09561759499e-05	2.51164302864e-09	-1.30217423779e-06
0.9	137	54	0.234180854	2.42294779862e-05	2.08119561161e-05	2.59547838023e-09	-1.26572800428e-06
0.9	137	54	0.231566769	2.4077123832e-05	2.06638890458e-05	2.68202563449e-09	-1.22863511991e-06
0.9	137	54	0.228926544	2.3920749563e-05	2.05118856106e-05	2.77144056755e-09	-1.19087893951e-06
0.9	137	54	0.226259917	2.37602700012e-05	2.03558542596e-05	2.86389188053e-09	-1.15244134872e-06
0.9	137	54	0.224913271	2.36782589581e-05	2.02760997366e-05	2.91143113094e-09	-1.13291282469e-06
0.9	137	54	0.223553159	2.35947687609e-05	2.0194894035e-05	2.96004510062e-09	-1.11310801244e-06
0.9	137	54	0.221224481	2.34502875895e-05	2.00543333729e-05	3.04472012301e-09	-1.07900833677e-06
0.9	137	54	0.218872517	2.33023968115e-05	1.99104085706e-05	3.13216005289e-09	-1.04431935408e-06
0.9	137	54	0.216497034	2.31510267802e-05	1.97630437182e-05	3.22251821922e-09	-1.00902613335e-06
0.9	137	54	0.215297416	2.3073822296e-05	1.96878593914e-05	3.26895899677e-09	-9.91103534627e-07
0.9	137	54	0.214085802	2.29953269699e-05	1.96114014709e-05	3.31643271206e-09	-9.72933027427e-07
0.9	137	54	0.212862072	2.29155180373e-05	1.95336462542e-05	3.36497471927e-09	-9.54510503863e-07
