0.75	130	50	1	-4.94221330527e-10	0	-3.70100962776e-08	-3.88638260278e-06
0.75	130	50	0.98	-4.96308549813e-10	0	-3.64659597776e-08	-3.83626964816e-06
0.75	130	50	0.952857143	-4.99373875584e-10	0	-3.57406062436e-08	-3.76824330253e-06
0.75	130	50	0.925442858	-5.0273452068e-10	0	-3.50233031737e-08	-3.699494336e-06
0.75	130	50	0.897754431	-5.06430453129e-10	0	-3.43144173542e-08	-3.6299852135e-06
0.75	130	50	0.86978912	-5.10557374156e-10	0	-3.36143391822e-08	-3.55967317825e-06
0.75	130	50	0.841544156	-5.15153031344e-10	0	-3.29234800824e-08	-3.48850932331e-06
0.75	130	50	0.813016743	-5.20246512536e-10	0	-3.22422814278e-08	-3.41643758867e-06
0.75	130	50	0.784204056	-5.25999910295e-10	0	-3.15712121952e-08	-3.34339341436e-06
0.75	130	50	0.755103243	-5.3249959997e-10	0	-3.09107749938e-08	-3.26930234503e-06
0.75	130	50	0.725711422	-5.39839062341e-10	0	-3.0261515452e-08	-3.19407818393e-06
0.75	130	50	0.696025683	-5.48223688668e-10	0	-2.96240022554e-08	-3.11762072146e-06
0.75	130	50	0.666043087	-5.5786997244e-10	0	-2.8998856592e-08	-3.03981284877e-06
0.75	130	50	0.635760666	-5.69043701049e-10	0	-2.83867308409e-08	-2.96051754932e-06
0.75	130	50	0.605175421	-5.82066839172e-10	0	-2.77883116224e-08	-2.87957317814e-06
0.75	130	50	0.574284324	-5.97371707656e-10	0	-2.72043029452e-08	-2.79678846874e-06
0.75	130	50	0.554692587	-6.08427308535e-10	0	-2.68445985912e-08	-2.74366487137e-06
0.75	130	50	0.534904933	-6.20863582768e-10	0	-2.64897427288e-08	-2.68945736299e-06
0.75	130	50	0.514919403	-6.34914565367e-10	0	-2.61399562693e-08	-2.6340818206e-06
0.75	130	50	0.494734018	-6.50836717853e-10	0	-2.57954259262e-08	-2.57744273753e-06
0.75	130	50	0.47434678	-6.6907301921e-10	0	-2.54562938915e-08	-2.51943144214e-06
0.75	130	50	0.45375567	-6.9000050118e-10	0	-2.51226222774e-08	-2.45992364995e-06
0.75	130	50	0.432958649	-7.14242887057e-10	0	-2.47943463447e-08	-2.39877648797e-06
0.75	130	50	0.411953658	-7.42569117307e-10	0	-2.44712031078e-08	-2.33582520028e-06
0.75	130	50	0.390738618	-7.75935538044e-10	0	-2.41526223941e-08	-2.2708784312e-06
0.75	130	50	0.369311428	-8.15626899353e-10	0	-2.38375539838e-08	-2.20371280618e-06
0.75	130	50	0.347669967	-8.63399796103e-10	0	-2.35241923591e-08	-2.13406571373e-06
0.75	130	50	0.325812092	-9.21645870733e-10	0	-2.32095353063e-08	-2.06162616329e-06
0.75	130	50	0.303735639	-9.93669369009e-10	0	-2.28886431539e-08	-1.98602261289e-06
0.75	130	50	0.281438422	-1.08431086332e-09	0	-2.25533849938e-08	-1.90680677473e-06
0.75	130	50	0.264907107	-1.16677911777e-09	0	-2.22902305611e-08	-1.84596340966e-06
0.75	130	50	0.248210479	-1.26736909856e-09	0	-2.20030357865e-08	-1.78244504695e-06
0.75	130	50	0.231346885	-1.39186373538e-09	0	-2.16789497498e-08	-1.71592209264e-06
0.75	130	50	0.214314656	-1.54860080315e-09	0	-2.12981796969e-08	-1.64600023325e-06


0.75	130	50	1	-4.94221330527e-10	0	-3.70100962776e-08	-3.88638260278e-06
0.75	130	50	1.052631578	-4.89273288551e-10	0	-3.84813613478e-08	-4.01828335296e-06
0.75	130	50	1.105789471	-4.84974949089e-10	0	-4.00255219378e-08	-4.1516557106e-06
0.75	130	50	1.159478942	-4.8120285534e-10	0	-4.16450060593e-08	-4.28664578471e-06
0.75	130	50	1.213705307	-4.77924144704e-10	0	-4.33424309827e-08	-4.42338475853e-06
0.75	130	50	1.268473935	-4.750124738e-10	0	-4.51205966311e-08	-4.56199128144e-06
0.75	130	50	1.323790249	-4.7242942891e-10	0	-4.69824875333e-08	-4.70257358345e-06
0.75	130	50	1.379659726	-4.70141037212e-10	0	-4.89312673459e-08	-4.84523114017e-06
0.75	130	50	1.436087897	-4.68079797145e-10	0	-5.09702871193e-08	-4.99005584859e-06
0.75	130	50	1.493080349	-4.66219063355e-10	0	-5.31030816921e-08	-5.13713337623e-06
0.75	130	50	1.550642725	-4.64572824654e-10	0	-5.53333746117e-08	-5.28654412371e-06
0.75	130	50	1.608780724	-4.63045379817e-10	0	-5.7665080695e-08	-5.4383638674e-06
0.75	130	50	1.667500102	-4.61713334232e-10	0	-6.01023123831e-08	-5.59266457186e-06
0.75	130	50	1.726806673	-4.60494087307e-10	0	-6.26493789525e-08	-5.74951499803e-06
0.75	130	50	1.786706309	-4.59356108706e-10	0	-6.53108029266e-08	-5.90898107989e-06
0.75	130	50	1.847204941	-4.58325599695e-10	0	-6.80913131846e-08	-6.07112644358e-06
0.75	130	50	1.908308559	-4.57398341425e-10	0	-7.09958636208e-08	-6.2360127621e-06
0.75	130	50	1.970023213	-4.56541027205e-10	0	-7.40296308418e-08	-6.40369999757e-06
0.75	130	50	2.032355013	-4.55752324768e-10	0	-7.71980290438e-08	-6.57424675867e-06
0.75	130	50	2.095310131	-4.55022908241e-10	0	-8.05067151138e-08	-6.74771047568e-06


0.75	130	50	1	-4.94221330527e-10	0	-3.70100963058e-08	-3.88638260278e-06
0.75	180	50	1	-1.33466349084e-10	0	-1.52950405473e-08	-2.1352954445e-06
0.75	230	50	1	-4.9558801507e-11	0	-8.81791317593e-09	-1.36920769771e-06
0.75	280	50	1	-2.2192914173e-11	0	-6.10930049784e-09	-9.61060196765e-07
0.75	330	50	1	-1.12081455228e-11	0	-4.72120838796e-09	-7.15922837977e-07
0.75	380	50	1	-6.08513239797e-12	0	-3.90814803115e-09	-5.56282618657e-07
0.75	430	50	1	-3.48032713759e-12	0	-3.38542091877e-09	-4.46066868787e-07
0.75	480	50	1	-1.99307237381e-12	0	-3.02576790559e-09	-3.66534656392e-07
0.75	530	50	1	-1.1497469643e-12	0	-2.76532965476e-09	-3.07120686416e-07
0.75	580	50	1	-6.20170581556e-13	0	-2.5691037e-09	-2.61480208414e-07
0.75	630	50	1	-2.35145236616e-13	0	-2.41652603489e-09	-2.25606061784e-07
0.75	640	50	1	-2.16049400592e-13	0	-2.39003235112e-09	-2.19353898737e-07
0.75	650	50	1	-1.39444011893e-13	0	-2.36468051156e-09	-2.13367970881e-07
0.75	660	50	1	-9.1926466439e-14	0	-2.34040573086e-09	-2.0763307882e-07
0.75	670	50	1	-4.48530101949e-14	0	-2.31713772653e-09	-2.02135131478e-07
0.75	680	50	1	-3.99680288865e-15	0	-2.29481964996e-09	-1.96861042224e-07
0.75	681	50	1	5.21804821574e-15	0	-2.2926362999e-09	-1.96345459943e-07
0.75	682	50	1	6.88338275268e-15	0	-2.29046564901e-09	-1.9583199853e-07
0.75	690	50	1	2.69784194984e-14	0	-2.27339480401e-09	-1.91798600952e-07
0.75	700	50	1	5.34017274845e-14	0	-2.25281478315e-09	-1.86936435243e-07
0.75	710	50	1	1.31450406116e-13	0	-2.23302870138e-09	-1.82263930668e-07
0.75	720	50	1	1.22568621919e-13	0	-2.21399305356e-09	-1.777711912e-07
0.75	730	50	1	1.87183601952e-13	0	-2.19566798374e-09	-1.7344895783e-07
0.75	780	50	1	3.02868841118e-13	0	-2.11345864356e-09	-1.54110367101e-07
0.75	830	50	1	3.75921516138e-13	0	-2.0442673299e-09	-1.37939897372e-07
0.75	880	50	1	4.0623060471e-13	0	-1.98528050624e-09	-1.24272463426e-07
0.75	930	50	1	4.8960835386e-13	0	-1.93443414309e-09	-1.12610167192e-07



0.75	680	50	1	-4.4408920985e-15	0	-2.29481981807e-09	-1.96861038817e-07
0.75	680	100	1	-5.13811215797e-13	0	-2.8322678409e-10	-1.46815532305e-07
0.75	680	150	1	-4.69402294812e-13	0	-1.12401205454e-10	-1.20778716154e-07
0.75	680	175	1	-3.87023746384e-13	0	-8.51153376902e-11	-1.11913102338e-07
0.75	680	200	1	-3.64375196682e-13	0	-6.91440201051e-11	-1.04724496717e-07
0.75	680	225	1	-4.18109991074e-13	0	-5.89852234939e-11	-9.87649355292e-08
0.75	680	250	1	-4.10338429901e-13	0	-5.21032431143e-11	-9.37332136029e-08
0.75	680	275	1	-2.91322521662e-13	0	-4.72109507824e-11	-8.94212441215e-08
0.75	680	300	1	-1.75193193286e-13	0	-4.35932046389e-11	-8.56800712299e-08
0.75	680	325	1	-2.64233079861e-13	0	-4.08297401597e-11	-8.24000245931e-08
0.75	680	350	1	-1.28119737042e-13	0	-3.86726677545e-11	-7.9498260097e-08
0.75	680	375	1	-1.54098955818e-13	0	-3.69402198973e-11	-7.69119318506e-08
0.75	680	400	1	-1.25455201783e-13	0	-3.55317158142e-11	-7.45858711268e-08


0.75	530	50	1	-1.1497469643e-12	0	-2.76532965476e-09	-3.07120686416e-07
0.75	530	100	1	-1.63580260448e-12	0	-4.21023914749e-10	-2.28656794886e-07
0.75	530	150	1	-1.61715085767e-12	0	-1.98298767665e-10	-1.88556977094e-07
0.75	530	200	1	-1.46260781264e-12	0	-1.37263609396e-10	-1.64116621242e-07
0.75	530	250	1	-1.50235379692e-12	0	-1.11800292419e-10	-1.47522289476e-07
0.75	530	300	1	-1.45061740398e-12	0	-9.85165786212e-11	-1.35448403836e-07
0.75	530	350	1	-1.34714461808e-12	0	-9.05785932591e-11	-1.2623720193e-07
0.75	530	400	1	-1.30850885682e-12	0	-8.53802504086e-11	-1.18962349892e-07



0.75	800	50	1	3.1064040229e-13	0	-2.08439739801e-09	-1.47303711921e-07
0.75	800	75	1	-1.51656465164e-13	0	-5.43814426509e-10	-1.25255622174e-07
0.75	800	100	1	-1.96065386149e-13	0	-2.29890840797e-10	-1.10071797821e-07
0.75	800	125	1	-1.86517468137e-13	0	-1.26635451263e-10	-9.89818079087e-08
0.75	800	150	1	-1.05249142734e-13	0	-8.22577605534e-11	-9.05099373212e-08
0.75	800	175	1	-2.86437540353e-14	0	-5.96375586481e-11	-8.38077681788e-08
0.75	800	200	1	-2.24265050974e-14	0	-4.66650249954e-11	-7.83581950118e-08
0.75	800	225	1	-2.0872192863e-14	0	-3.85631295349e-11	-7.38289799045e-08
0.75	800	226	1	-6.8167693712e-14	0	-3.83065447549e-11	-7.36632859441e-08
0.75	800	228	1	7.09432512735e-14	0	-3.77995987521e-11	-7.33357136429e-08
0.75	800	229	1	-2.81996648255e-14	0	-3.75573547033e-11	-7.3173430286e-08
0.75	800	230	1	1.6320278462e-14	0	-3.7310169504e-11	-7.30121316062e-08
0.75	800	231	1	-6.32827124036e-14	0	-3.70764995331e-11	-7.28521067176e-08
0.75	800	232	1	3.66373598126e-15	0	-3.68358701942e-11	-7.26931009982e-08
0.75	800	233	1	-4.79616346638e-14	0	-3.66043547196e-11	-7.25350691146e-08
0.75	800	234	1	2.55351295664e-14	0	-3.63802097987e-11	-7.23781024927e-08
0.75	800	235	1	-2.22044604925e-15	0	-3.61544935808e-11	-7.2222453623e-08
0.75	800	236	1	8.72635297355e-14	0	-3.5934674381e-11	-7.20671932799e-08
0.75	800	237	1	-4.4408920985e-15	0	-3.5716177585e-11	-7.1913153837e-08
0.75	800	238	1	1.17794662913e-13	0	-3.55036633883e-11	-7.17598888737e-08
0.75	800	239	1	8.62643290134e-14	0	-3.52904853538e-11	-7.16082716109e-08
0.75	800	240	1	-2.59792187762e-14	0	-3.50809990433e-11	-7.14569579011e-08
0.75	800	250	1	7.69384556065e-14	0	-3.3163495486e-11	-6.99969074753e-08
0.75	800	275	1	3.8413716652e-14	0	-2.93783313621e-11	-6.67062488077e-08


0.75	800	235	1	-2.22044604925e-15	0	-3.61545664576e-11	-7.22223542572e-08
