#0.9	906	160	1.619436525	1.66533453694e-15	0	-1.91489297871e-11	-2.95809575645e-09


0.9	19	50	1.619436525	-5.2433075719005e-06	0	-2.48297085775213e-06	1.44854248722761e-06
0.9	20	50	1.619436525	-4.25154524252846e-06	0	3.07924412032047e-05	2.8910465691326e-06
0.9	21	50	1.619436525	-3.48589372323183e-06	0	1.25534670871169e-05	1.6961588405748e-06
0.9	22	50	1.619436525	-2.88375364654314e-06	0	9.78318589821386e-06	1.10292309705101e-06
0.9	23	50	1.619436525	-2.40636992243637e-06	0	1.35855351596849e-05	1.08434973149589e-06
0.9	24	50	1.619436525	-2.02400283733084e-06	0	7.52823834172025e-06	6.52209924571293e-07
0.9	25	50	1.619436525	-1.71444849028646e-06	0	7.32702369613629e-06	4.61134062751179e-07
0.9	26	50	1.619436525	-1.46193065320155e-06	0	7.06436595451852e-06	3.23251879510529e-07
0.9	27	50	1.619436525	-1.25424096242277e-06	0	5.28404692504005e-06	1.54675236423453e-07
0.9	28	50	1.619436525	-1.08213005356461e-06	0	4.88299729877842e-06	5.33367970560636e-08
0.9	29	50	1.619436525	-9.38562735530724e-07	0	4.27498707325205e-06	-3.62215625708964e-08
0.9	30	50	1.619436525	-8.18029698868017e-07	0	3.62059982149516e-06	-1.13945600397551e-07
0.9	31	50	1.619436525	-7.1623530617515e-07	0	3.26214556399144e-06	-1.71064175656495e-07
0.9	32	50	1.619436525	-6.29793985185145e-07	0	2.85371903366013e-06	-2.19723078048345e-07
0.9	33	50	1.619436525	-5.56006873431159e-07	0	2.51043032969116e-06	-2.5885485738342e-07
0.9	34	50	1.619436525	-4.92715436450908e-07	0	2.24425128003971e-06	-2.89486837866069e-07
0.9	35	50	1.619436525	-4.38178456407812e-07	0	1.99152197463124e-06	-3.1434682869842e-07
0.9	36	50	1.619436525	-3.90981999442985e-07	0	1.77904371212645e-06	-3.33766481723775e-07
0.9	37	50	1.619436525	-3.49971944535454e-07	0	1.5959441867482e-06	-3.48782127891646e-07
0.9	38	50	1.619436525	-3.14200296225309e-07	0	1.4320142606195e-06	-3.60270108997415e-07
0.9	39	50	1.619436525	-2.82884225599744e-07	0	1.29037932322069e-06	-3.68708031132644e-07
0.9	40	50	1.619436525	-2.55374124069618e-07	0	1.16543570800266e-06	-3.74655934715575e-07
0.9	41	50	1.619436525	-2.31128192584862e-07	0	1.05464967664366e-06	-3.7853535593387e-07
0.9	42	50	1.619436525	-2.09692527564087e-07	0	9.56997871012003e-07	-3.80678520811277e-07
0.9	43	50	1.619436525	-1.90685156775672e-07	0	8.70135278810062e-07	-3.81388639208109e-07
0.9	44	50	1.619436525	-1.73783359924684e-07	0	7.92794434173583e-07	-3.80906539350467e-07
0.9	45	50	1.619436525	-1.58713345577155e-07	0	7.2384141535191e-07	-3.79435416157386e-07
0.9	46	50	1.619436525	-1.4524197444743e-07	0	6.621116045883e-07	-3.77148825035222e-07
0.9	47	50	1.619436525	-1.33170009242178e-07	0	6.06767380382869e-07	-3.74190346898373e-07
0.9	48	50	1.619436525	-1.22327254326038e-07	0	5.57036134184891e-07	-3.70681870067383e-07
0.9	49	50	1.619436525	-1.12565173182588e-07	0	5.12238301516816e-07	-3.66726316398385e-07
0.9	50	50	1.619436525	-1.03757725966602e-07	0	4.71812091316115e-07	-3.62410299519085e-07
0.9	51	50	1.619436525	-9.57950567759269e-08	0	4.35255122089174e-07	-3.57807202593926e-07
0.9	52	50	1.619436525	-8.8581790125275e-08	0	4.02132853668952e-07	-3.52979107575252e-07
0.9	53	50	1.619436525	-8.20348562413642e-08	0	3.72069261484227e-07	-3.47978404124474e-07
0.9	54	50	1.619436525	-7.60817251421742e-08	0	3.44732592146269e-07	-3.42849527527632e-07
0.9	55	50	1.619436525	-7.06589275978331e-08	0	3.19833198306058e-07	-3.37629983202493e-07
0.9	56	50	1.619436525	-6.57107712687122e-08	0	2.97116641914546e-07	-3.3235144683158e-07
0.9	57	50	1.619436525	-6.11882779999462e-08	0	2.76358412570177e-07	-3.27040688349235e-07
0.9	58	50	1.619436525	-5.70482208139822e-08	0	2.57360640021536e-07	-3.2172021234175e-07
0.9	59	50	1.619436525	-5.3252465992415e-08	0	2.3994823594819e-07	-3.16408934674082e-07
0.9	60	50	1.619436525	-4.97672172361519e-08	0	2.23965975813121e-07	-3.11122770522757e-07
0.9	61	50	1.619436525	-4.65624814260934e-08	0	2.09276055672514e-07	-3.05874893003199e-07
0.9	62	50	1.619436525	-4.361158434385e-08	0	1.95755833062322e-07	-3.00676312365358e-07
0.9	63	50	1.619436525	-4.08907998572516e-08	0	1.8329597736747e-07	-2.95536139297338e-07
0.9	64	50	1.619436525	-3.83789273694646e-08	0	1.71798855244309e-07	-2.90461782526023e-07
0.9	65	50	1.619436525	-3.60569714086267e-08	0	1.61177114883298e-07	-2.85459283556643e-07
0.9	66	50	1.619436525	-3.39079961886313e-08	0	1.51352477159733e-07	-2.80533477622993e-07
0.9	67	50	1.619436525	-3.19167596796177e-08	0	1.42254675526697e-07	-2.75688163989758e-07
0.9	68	50	1.619436525	-3.00695599531053e-08	0	1.33820535291291e-07	-2.70926263044049e-07
0.9	69	50	1.619436525	-2.83540915191338e-08	0	1.2599317027222e-07	-2.66249974196982e-07
0.9	70	50	1.619436525	-2.67592139557848e-08	0	1.18721278797842e-07	-2.61660815027724e-07
0.9	71	50	1.619436525	-2.52749086104842e-08	0	1.11958528372168e-07	-2.57159757971632e-07
0.9	72	50	1.619436525	-2.38921231687783e-08	0	1.05663014269465e-07	-2.52747372481774e-07
0.9	73	50	1.619436525	-2.26026042327021e-08	0	9.97967840553523e-08	-2.48423741754781e-07
0.9	74	50	1.619436525	-2.13989177488827e-08	0	9.43254185681198e-08	-2.44188686132062e-07
0.9	75	50	1.619436525	-2.02743000166095e-08	0	8.92176623274005e-08	-2.40041721761569e-07
0.9	76	50	1.619436525	-1.92226081718871e-08	0	8.44450957014054e-08	-2.35982116129607e-07
0.9	77	50	1.619436525	-1.8238225152345e-08	0	7.99818467529847e-08	-2.32008945097006e-07
0.9	78	50	1.619436525	-1.73160590311028e-08	0	7.58043330153937e-08	-2.28121146837447e-07
0.9	79	50	1.619436525	-1.64514257772197e-08	0	7.18910341737771e-08	-2.24317498384155e-07
0.9	80	50	1.619436525	-1.56401063211575e-08	0	6.8222290177133e-08	-2.20596653372499e-07
0.9	81	50	1.619436525	-1.48781893472005e-08	0	6.47801175830536e-08	-2.16957226787652e-07
0.9	82	50	1.619436525	-1.41620890570238e-08	0	6.15480510606617e-08	-2.13397710393936e-07
0.9	83	50	1.619436525	-1.34885678182428e-08	0	5.85109984951687e-08	-2.09916572568622e-07
0.9	84	50	1.619436525	-1.28546255862005e-08	0	5.56551118912758e-08	-2.06512237842253e-07
0.9	85	50	1.619436525	-1.22574608241166e-08	0	5.29676711245011e-08	-2.03183129408315e-07
0.9	86	50	1.619436525	-1.16946032857612e-08	0	5.04369822807673e-08	-1.99927567276341e-07
0.9	87	50	1.619436525	-1.11636691002559e-08	0	4.80522823361457e-08	-1.96743958583782e-07
0.9	88	50	1.619436525	-1.06625190898768e-08	0	4.5803657598961e-08	-1.93630665990188e-07
0.9	89	50	1.619436525	-1.0189191712584e-08	0	4.36819667776657e-08	-1.90586074926586e-07
0.9	90	50	1.619436525	-9.74183356206026e-09	0	4.16787741878681e-08	-1.87608543441537e-07
0.9	91	50	1.619436525	-9.31873866960586e-09	0	3.97862874553293e-08	-1.8469648309748e-07
0.9	92	50	1.619436525	-8.91838691785551e-09	0	3.79973028717053e-08	-1.81848291255918e-07
0.9	93	50	1.619436525	-8.53928749933175e-09	0	3.63051553922707e-08	-1.79062423979567e-07
0.9	94	50	1.619436525	-8.18014234127418e-09	0	3.47036727933812e-08	-1.76337338892951e-07
0.9	95	50	1.619436525	-7.83966469519726e-09	0	3.31871342818178e-08	-1.73671519463878e-07
0.9	96	50	1.619436525	-7.51671414001009e-09	0	3.1750235080512e-08	-1.71063474679751e-07
0.9	97	50	1.619436525	-7.2102273040997e-09	0	3.03880489195779e-08	-1.68511757917733e-07
0.9	98	50	1.619436525	-6.91920587492234e-09	0	2.90960022583633e-08	-1.66014941918962e-07
0.9	99	50	1.619436525	-6.64269617089985e-09	0	2.7869841042439e-08	-1.63571616057006e-07
0.9	100	50	1.619436525	-6.37989217011636e-09	0	2.67056087476653e-08	-1.61180448454524e-07
0.9	101	50	1.619436525	-6.12994877080553e-09	0	2.55996217573105e-08	-1.58840074814698e-07
0.9	102	50	1.619436525	-5.89210236157101e-09	0	2.45484485094603e-08	-1.56549210167766e-07
0.9	103	50	1.619436525	-5.66569835491748e-09	0	2.35488888778465e-08	-1.54306577250442e-07
0.9	104	50	1.619436525	-5.45006950680715e-09	0	2.2597958391888e-08	-1.52110959335052e-07
0.9	105	50	1.619436525	-5.24457877126849e-09	0	2.16928707151087e-08	-1.49961128213012e-07
0.9	106	50	1.619436525	-5.04870567574756e-09	0	2.08310232344315e-08	-1.47855927444697e-07
0.9	107	50	1.619436525	-4.86188245218955e-09	0	2.00099821534395e-08	-1.45794209640248e-07
0.9	108	50	1.619436525	-4.68361394112549e-09	0	1.92274730560198e-08	-1.43774850017562e-07
0.9	109	50	1.619436525	-4.51344073226778e-09	0	1.8481365403232e-08	-1.41796787820051e-07
0.9	110	50	1.619436525	-4.35094404949155e-09	0	1.77696650766944e-08	-1.39858951323492e-07
0.9	111	50	1.619436525	-4.19567225407036e-09	0	1.70905030490961e-08	-1.37960340824519e-07
0.9	112	50	1.619436525	-4.04725697400465e-09	0	1.6442127857638e-08	-1.36099935608425e-07
0.9	113	50	1.619436525	-3.90536425420862e-09	0	1.5822895426343e-08	-1.34276781796793e-07
0.9	114	50	1.619436525	-3.76963371628847e-09	0	1.5231263150253e-08	-1.32489920322432e-07
0.9	115	50	1.619436525	-3.63974073103179e-09	0	1.46657827649996e-08	-1.30738456915593e-07
0.9	116	50	1.619436525	-3.51540796472705e-09	0	1.41250925334202e-08	-1.29021492382927e-07
0.9	117	50	1.619436525	-3.39631900381221e-09	0	1.36079123733547e-08	-1.27338182444439e-07
0.9	118	50	1.619436525	-3.2822449202996e-09	0	1.31130388148036e-08	-1.25687646392313e-07
0.9	119	50	1.619436525	-3.17291282136978e-09	0	1.26393392907799e-08	-1.24069112931285e-07
0.9	120	50	1.619436525	-3.06808534134007e-09	0	1.2185746502247e-08	-1.22481749619418e-07
0.9	121	50	1.619436525	-2.96756597073511e-09	0	1.17512554776226e-08	-1.20924824395061e-07
0.9	122	50	1.619436525	-2.87111778796145e-09	0	1.13349193729669e-08	-1.19397557465254e-07
0.9	123	50	1.619436525	-2.77856204711213e-09	0	1.09358450778794e-08	-1.17899253996959e-07
0.9	124	50	1.619436525	-2.68970623551468e-09	0	1.05531894642244e-08	-1.16429164975829e-07
0.9	125	50	1.619436525	-2.60437471588659e-09	0	1.01861578256114e-08	-1.14986636456263e-07
0.9	126	50	1.619436525	-2.52239518161446e-09	0	9.83399877915219e-09	-1.13570999229474e-07
0.9	127	50	1.619436525	-2.44361353374245e-09	0	9.49600309886387e-09	-1.12181583281481e-07
0.9	128	50	1.619436525	-2.3678958793738e-09	0	9.17150025106376e-09	-1.10817792605867e-07
0.9	129	50	1.619436525	-2.29506880167207e-09	0	8.85985570616441e-09	-1.09478985699719e-07
0.9	130	50	1.619436525	-2.22503149238662e-09	0	8.56047069603984e-09	-1.08164575900686e-07
0.9	131	50	1.619436525	-2.15764117683648e-09	0	8.27277652556223e-09	-1.06874006514427e-07
0.9	132	50	1.619436525	-2.09277484231052e-09	0	7.99623726347663e-09	-1.05606669985059e-07
0.9	133	50	1.619436525	-2.03034900003729e-09	0	7.7303426855045e-09	-1.04362064313261e-07
0.9	134	50	1.619436525	-1.97020266767822e-09	0	7.47461102837975e-09	-1.03139636081193e-07
0.9	135	50	1.619436525	-1.91229498902601e-09	0	7.22858538304274e-09	-1.01938873233731e-07
0.9	136	50	1.619436525	-1.85647563988312e-09	0	6.99183207383256e-09	-1.00759277265861e-07
0.9	137	50	1.619436525	-1.80268555638463e-09	0	6.76394012620705e-09	-9.96003556603076e-08
0.9	138	50	1.619436525	-1.75082881526123e-09	0	6.54451918077985e-09	-9.84616391861844e-08
0.9	139	50	1.619436525	-1.7008510155847e-09	0	6.33319895160506e-09	-9.73426575032079e-08
0.9	140	50	1.619436525	-1.65258651207978e-09	0	6.12962757829791e-09	-9.62429753126091e-08
0.9	141	50	1.619436525	-1.60605018173499e-09	0	5.93347120807528e-09	-9.51621443290865e-08
0.9	142	50	1.619436525	-1.56116120031413e-09	0	5.74441146667784e-09	-9.40997459954859e-08
0.9	143	50	1.619436525	-1.51780943369317e-09	0	5.56214707472269e-09	-9.30553629499675e-08
0.9	144	50	1.619436525	-1.47594581001442e-09	0	5.38639076152807e-09	-9.20286067989489e-08
0.9	145	50	1.619436525	-1.43551481812665e-09	0	5.21686915512562e-09	-9.10190650166605e-08
0.9	146	50	1.619436525	-1.39648537178516e-09	0	5.05332193606136e-09	-9.00263706085002e-08
0.9	147	50	1.619436525	-1.35873690076949e-09	0	4.8955015933736e-09	-8.90501520831276e-08
0.9	148	50	1.619436525	-1.32226407600911e-09	0	4.74317314151288e-09	-8.80900341775112e-08
0.9	149	50	1.619436525	-1.28701116430818e-09	0	4.59611102705726e-09	-8.71456932979269e-08
0.9	150	50	1.619436525	-1.25293930786086e-09	0	4.45410193867568e-09	-8.62167688760077e-08
0.9	151	50	1.619436525	-1.21997167923382e-09	0	4.31694153259227e-09	-8.53029307760019e-08
0.9	152	50	1.619436525	-1.18807186311187e-09	0	4.18443549360921e-09	-8.44038601640827e-08
0.9	153	50	1.619436525	-1.15723075566621e-09	0	4.05639788174624e-09	-8.35192386567976e-08
0.9	154	50	1.619436525	-1.12736397994695e-09	0	3.93265184731347e-09	-8.26487576037061e-08
0.9	155	50	1.619436525	-1.09846842732964e-09	0	3.81302915954346e-09	-8.17921215138741e-08
0.9	156	50	1.619436525	-1.07046882469319e-09	0	3.69736693590643e-09	-8.09490235493233e-08
0.9	157	50	1.619436525	-1.04336472794841e-09	0	3.58551195412207e-09	-8.01192030686662e-08
0.9	158	50	1.619436525	-1.01712993583192e-09	0	3.47731751320182e-09	-7.93023783370685e-08
0.9	159	50	1.619436525	-9.91698945185249e-10	0	3.37264246613404e-09	-7.84982714191136e-08
0.9	160	50	1.619436525	-9.67069313517754e-10	0	3.27135231183628e-09	-7.77066152531355e-08
0.9	161	50	1.619436525	-9.43190414659512e-10	0	3.17331928111344e-09	-7.69271646756736e-08
0.9	162	50	1.619436525	-9.20067355636434e-10	0	3.07841903213152e-09	-7.6159670158028e-08
0.9	163	50	1.619436525	-8.97605545446822e-10	0	2.98653557818782e-09	-7.54038778147233e-08
0.9	164	50	1.619436525	-8.75844063941145e-10	0	2.89755570445311e-09	-7.46595522710131e-08
0.9	165	50	1.619436525	-8.54738502198416e-10	0	2.8113717542586e-09	-7.39264862167402e-08
0.9	166	50	1.619436525	-8.34264657356698e-10	0	2.72788000945361e-09	-7.32044186355379e-08
0.9	167	50	1.619436525	-8.14395439974192e-10	0	2.64698337065322e-09	-7.24931423257839e-08
0.9	168	50	1.619436525	-7.95105536965934e-10	0	2.56858618889621e-09	-7.17924603877928e-08
0.9	169	50	1.619436525	-7.76406272606778e-10	0	2.4925980405006e-09	-7.11021331064897e-08
0.9	170	50	1.619436525	-7.58228368979985e-10	0	2.41893237971477e-09	-7.04219794277115e-08
0.9	171	50	1.619436525	-7.4059092192158e-10	0	2.34750560675213e-09	-6.9751787347223e-08
0.9	172	50	1.619436525	-7.23473725372514e-10	0	2.27823873047528e-09	-6.90913740913817e-08
0.9	173	50	1.619436525	-7.06842362419025e-10	0	2.21105396660637e-09	-6.84405379067938e-08
0.9	174	50	1.619436525	-6.90679735626532e-10	0	2.14587903294036e-09	-6.77990979320049e-08
0.9	175	50	1.619436525	-6.74973410497159e-10	0	2.08264294823432e-09	-6.71668694009482e-08
0.9	176	50	1.619436525	-6.59726273610772e-10	0	2.02127861454073e-09	-6.65436941633695e-08
0.9	177	50	1.619436525	-6.44887476752842e-10	0	1.96172048738613e-09	-6.59293681955948e-08
0.9	178	50	1.619436525	-6.30480112562282e-10	0	1.90390740388918e-09	-6.53237543418995e-08
0.9	179	50	1.619436525	-6.16451334423118e-10	0	1.84777801071063e-09	-6.47266662518953e-08
0.9	180	50	1.619436525	-6.02828009732548e-10	0	1.79327617121953e-09	-6.41379476477143e-08
0.9	181	50	1.619436525	-5.89581938825745e-10	0	1.74034625813934e-09	-6.35574579343671e-08
0.9	182	50	1.619436525	-5.76666270291071e-10	0	1.68893496031851e-09	-6.29850251106267e-08
0.9	183	50	1.619436525	-5.641385136812e-10	0	1.63899150689983e-09	-6.24205090128927e-08
0.9	184	50	1.619436525	-5.51931389480842e-10	0	1.59046685916386e-09	-6.18637582878386e-08
0.9	185	50	1.619436525	-5.40053779474192e-10	0	1.54331395014376e-09	-6.13146341495886e-08
0.9	186	50	1.619436525	-5.28499910501523e-10	0	1.49748760542417e-09	-6.07729876979873e-08
0.9	187	50	1.619436525	-5.17243581299454e-10	0	1.45294355261116e-09	-6.02386993986937e-08
0.9	188	50	1.619436525	-5.06286346180218e-10	0	1.40964011430936e-09	-5.97116225079167e-08
0.9	189	50	1.619436525	-4.95613328155287e-10	0	1.36753808116618e-09	-5.91916284918171e-08
0.9	190	50	1.619436525	-4.85245399417522e-10	0	1.32659662427934e-09	-5.86785980685298e-08
0.9	191	50	1.619436525	-4.75131045618582e-10	0	1.28677930477783e-09	-5.81723971143333e-08
0.9	192	50	1.619436525	-4.65272931293725e-10	0	1.24805017609577e-09	-5.76729113779397e-08
0.9	193	50	1.619436525	-4.5564663153641e-10	0	1.21037417989024e-09	-5.71800115027724e-08
0.9	194	50	1.619436525	-4.4628878370645e-10	0	1.17371822699757e-09	-5.66935962359334e-08
0.9	195	50	1.619436525	-4.37206049141992e-10	0	1.13805030494206e-09	-5.62135335384734e-08
0.9	196	50	1.619436525	-4.28311830447115e-10	0	1.1033382474683e-09	-5.57397267527439e-08
0.9	197	50	1.619436525	-4.19657197880952e-10	0	1.06955309477446e-09	-5.52720630700485e-08
0.9	198	50	1.619436525	-4.11229938990232e-10	0	1.03666557579565e-09	-5.48104226313557e-08
0.9	199	50	1.619436525	-4.02956557010725e-10	0	1.00464864712331e-09	-5.43547226326263e-08
0.9	200	50	1.619436525	-3.94935861791623e-10	0	9.73474587717436e-10	-5.39048509259701e-08
0.9	201	50	1.619436525	-3.87106124932757e-10	0	9.43117426904984e-10	-5.34607082743366e-08
0.9	202	50	1.619436525	-3.79461573274398e-10	0	9.13553057322922e-10	-5.30221893012946e-08
0.9	203	50	1.619436525	-3.72025077410854e-10	0	8.84756916448799e-10	-5.25892064180996e-08
0.9	204	50	1.619436525	-3.64760444071521e-10	0	8.56705341502593e-10	-5.21616752592914e-08
0.9	205	50	1.619436525	-3.57678775486647e-10	0	8.29376763894477e-10	-5.17394772138745e-08
0.9	206	50	1.619436525	-3.50746987010098e-10	0	8.02748771731691e-10	-5.13225558572916e-08
0.9	207	50	1.619436525	-3.44003936447734e-10	0	7.76801116430025e-10	-5.09107966141658e-08
0.9	208	50	1.619436525	-3.37413652573559e-10	0	7.51512722975872e-10	-5.05041194517075e-08
0.9	209	50	1.619436525	-3.3096880791561e-10	0	7.26865284044402e-10	-5.01024495556115e-08
0.9	210	50	1.619436525	-3.24672733142961e-10	0	7.02838701882731e-10	-4.97056996156178e-08
0.9	211	50	1.619436525	-3.1854519022545e-10	0	6.79415532646868e-10	-4.9313787417975e-08
0.9	212	50	1.619436525	-3.12557535409042e-10	0	6.56577667557595e-10	-4.89266339307542e-08
0.9	213	50	1.619436525	-3.0669733419586e-10	0	6.34308900778811e-10	-4.85441561904763e-08
0.9	214	50	1.619436525	-3.00991231938497e-10	0	6.12591831896297e-10	-4.81662925925147e-08
0.9	215	50	1.619436525	-2.95406810124632e-10	0	5.91410957745909e-10	-4.77929498880624e-08
0.9	216	50	1.619436525	-2.89954504850698e-10	0	5.7075112518396e-10	-4.74240767607355e-08
0.9	217	50	1.619436525	-2.84621215485004e-10	0	5.50597234721772e-10	-4.70595851528483e-08
0.9	218	50	1.619436525	-2.79414935633326e-10	0	5.30935104291223e-10	-4.66994049855294e-08
0.9	219	50	1.619436525	-2.74338329830925e-10	0	5.11750857432941e-10	-4.63434803784735e-08
0.9	220	50	1.619436525	-2.69352762316544e-10	0	4.93030263729674e-10	-4.59917342282731e-08
0.9	221	50	1.619436525	-2.64503974278796e-10	0	4.74761500105584e-10	-4.56440995527997e-08
0.9	222	50	1.619436525	-2.59748000885907e-10	0	4.56931252988699e-10	-4.53005165643567e-08
0.9	223	50	1.619436525	-2.55098164814171e-10	0	4.39527850569329e-10	-4.49609236556935e-08
0.9	224	50	1.619436525	-2.50548692903863e-10	0	4.22538064112938e-10	-4.46252504731215e-08
0.9	225	50	1.619436525	-2.4609825288735e-10	0	4.05952250960495e-10	-4.42934384924079e-08
0.9	226	50	1.619436525	-2.4176061153014e-10	0	3.89758159266627e-10	-4.3965429688233e-08
0.9	227	50	1.619436525	-2.37506903033591e-10	0	3.73946295079533e-10	-4.36411698239759e-08
0.9	228	50	1.619436525	-2.33335573085469e-10	0	3.58504281810851e-10	-4.33206025700837e-08
0.9	229	50	1.619436525	-2.29267271834033e-10	0	3.43424345005518e-10	-4.30036548808702e-08
0.9	230	50	1.619436525	-2.25313101509528e-10	0	3.28694987576544e-10	-4.2690288583347e-08
0.9	231	50	1.619436525	-2.21398677169304e-10	0	3.14307473477752e-10	-4.23804505129333e-08
0.9	232	50	1.619436525	-2.1762081026111e-10	0	3.00252707713531e-10	-4.20740718721821e-08
0.9	233	50	1.619436525	-2.13865813947223e-10	0	2.865214691647e-10	-4.17711115435509e-08
0.9	234	50	1.619436525	-2.10223616292637e-10	0	2.73105592545362e-10	-4.14715149912637e-08
0.9	235	50	1.619436525	-2.06650918599394e-10	0	2.59996066045742e-10	-4.11752341311787e-08
0.9	236	50	1.619436525	-2.03147498822887e-10	0	2.47185970170917e-10	-4.08822230797992e-08
0.9	237	50	1.619436525	-1.99729344174671e-10	0	2.34666134722809e-10	-4.05924214443621e-08
0.9	238	50	1.619436525	-1.96356930715069e-10	0	2.22429875310153e-10	-4.03057908594131e-08
0.9	239	50	1.619436525	-1.93082660970845e-10	0	2.10469300213408e-10	-4.00222858323852e-08
0.9	240	50	1.619436525	-1.89878113232567e-10	0	1.98777650494402e-10	-3.97418575553015e-08
0.9	241	50	1.619436525	-1.867281884671e-10	0	1.87347607396069e-10	-3.94644622599061e-08
0.9	242	50	1.619436525	-1.83658199759407e-10	0	1.76172259193634e-10	-3.91900530683614e-08
0.9	243	50	1.619436525	-1.80640391533871e-10	0	1.65245507648566e-10	-3.89185889134873e-08
0.9	244	50	1.619436525	-1.77687864422182e-10	0	1.54561092805223e-10	-3.86500248686085e-08
0.9	245	50	1.619436525	-1.74769088090443e-10	0	1.44113156463347e-10	-3.83843252830062e-08
0.9	246	50	1.619436525	-1.71927583281217e-10	0	1.33894392159354e-10	-3.81214401385832e-08
0.9	247	50	1.619436525	-1.69148250961371e-10	0	1.23900716238238e-10	-3.78613400062171e-08
0.9	248	50	1.619436525	-1.66423763658941e-10	0	1.14125047104351e-10	-3.76039734901403e-08
0.9	249	50	1.619436525	-1.63753677284717e-10	0	1.04562138235768e-10	-3.734930470088e-08
0.9	250	50	1.619436525	-1.61161528566822e-10	0	9.52078949738909e-11	-3.70973050996547e-08
0.9	251	50	1.619436525	-1.58575153008655e-10	0	8.60549717032053e-11	-3.68479277319611e-08
0.9	252	50	1.619436525	-1.56049395627633e-10	0	7.71004472754903e-11	-3.66011469112176e-08
0.9	253	50	1.619436525	-1.53596246832421e-10	0	6.83382383715221e-11	-3.63569115869094e-08
0.9	254	50	1.619436525	-1.51170853612825e-10	0	5.97638736554149e-11	-3.6115186806354e-08
0.9	255	50	1.619436525	-1.48794976340128e-10	0	5.1373436292039e-11	-3.58759514042261e-08
0.9	256	50	1.619436525	-1.46470835460377e-10	0	4.31611825947322e-11	-3.56391561794059e-08
0.9	257	50	1.619436525	-1.44205536400932e-10	0	3.51237971053985e-11	-3.54047767346013e-08
0.9	258	50	1.619436525	-1.41942013698326e-10	0	2.72565724210062e-11	-3.51727852973676e-08
0.9	259	50	1.619436525	-1.39777078800307e-10	0	1.95555057626268e-11	-3.49431320339551e-08
0.9	260	50	1.619436525	-1.3760681483177e-10	0	1.20166417771832e-11	-3.47158000798935e-08
0.9	261	50	1.619436525	-1.35513822385747e-10	0	4.63591006469506e-12	-3.44907547982958e-08
0.9	262	50	1.619436525	-1.33442812355611e-10	0	-2.5904221386169e-12	-3.42679565072792e-08
0.9	263	50	1.619436525	-1.31398225633461e-10	0	-9.66583359283612e-12	-3.40473829986875e-08
0.9	264	50	1.619436525	-1.29415145266876e-10	0	-1.65939866545296e-11	-3.38290020106998e-08
0.9	265	50	1.619436525	-1.27449606424079e-10	0	-2.33785649909278e-11	-3.36127876008579e-08
0.9	266	50	1.619436525	-1.25550903007365e-10	0	-3.00224685544969e-11	-3.33987110733877e-08
0.9	267	50	1.619436525	-1.23666188400762e-10	0	-3.65298473749557e-11	-3.31867348123234e-08
0.9	268	50	1.619436525	-1.21826770893563e-10	0	-4.29032562536003e-11	-3.29768380241381e-08
0.9	269	50	1.619436525	-1.19997789482795e-10	0	-4.91458142319467e-11	-3.27689947187519e-08
0.9	270	50	1.619436525	-1.18216325617482e-10	0	-5.52606661906882e-11	-3.25631817777771e-08
0.9	271	50	1.619436525	-1.16462173238574e-10	0	-6.12510912575965e-11	-3.23593561531519e-08
0.9	272	50	1.619436525	-1.14753984092886e-10	0	-6.71189626602399e-11	-3.21575022293448e-08
0.9	273	50	1.619436525	-1.13066223050851e-10	0	-7.2868354814581e-11	-3.19575957925419e-08
0.9	274	50	1.619436525	-1.11443965167268e-10	0	-7.85015300150183e-11	-3.1759613649396e-08
0.9	275	50	1.619436525	-1.09805275982922e-10	0	-8.40209824273563e-11	-3.15635257271132e-08
0.9	276	50	1.619436525	-1.08216990923893e-10	0	-8.942936575592e-11	-3.13693035522828e-08
0.9	277	50	1.619436525	-1.06626929508025e-10	0	-9.47292639899788e-11	-3.11769328983098e-08
0.9	278	50	1.619436525	-1.05090602886548e-10	0	-9.99230723617838e-11	-3.09863835649881e-08
0.9	279	50	1.619436525	-1.03572261878071e-10	0	-1.05013148228535e-10	-3.07976349461428e-08
0.9	280	50	1.619436525	-1.02126085366194e-10	0	-1.1000176428211e-10	-3.06106633574739e-08
0.9	281	50	1.619436525	-1.00677022274454e-10	0	-1.14891809894465e-10	-3.04254522847439e-08
0.9	282	50	1.619436525	-9.92113058373434e-11	0	-1.19684553148311e-10	-3.0241965779802e-08
0.9	283	50	1.619436525	-9.78106484694763e-11	0	-1.2438283226189e-10	-3.00601907513658e-08
0.9	284	50	1.619436525	-9.64366364542002e-11	0	-1.28988455049343e-10	-2.98801126352846e-08
0.9	285	50	1.619436525	-9.50701739554916e-11	0	-1.33503584412943e-10	-2.97016843770312e-08
0.9	286	50	1.619436525	-9.37352417906823e-11	0	-1.37930571404937e-10	-2.95249192329356e-08
0.9	287	50	1.619436525	-9.24380572087102e-11	0	-1.42269696434971e-10	-2.93497746560054e-08
0.9	288	50	1.619436525	-9.11484221433057e-11	0	-1.46525386572675e-10	-2.9176238793682e-08
0.9	289	50	1.619436525	-8.98616736577651e-11	0	-1.50697624366245e-10	-2.90042886153558e-08
0.9	290	50	1.619436525	-8.86295481450361e-11	0	-1.54788624226957e-10	-2.88339083927571e-08
0.9	291	50	1.619436525	-8.74162964237257e-11	0	-1.58800724258529e-10	-2.86650681932283e-08
0.9	292	50	1.619436525	-8.6215923289501e-11	0	-1.6273521257849e-10	-2.84977636677114e-08
0.9	293	50	1.619436525	-8.50146619768566e-11	0	-1.66593626844521e-10	-2.83319690376973e-08
0.9	294	50	1.619436525	-8.3852258470074e-11	0	-1.70378300435326e-10	-2.81676680436659e-08
0.9	295	50	1.619436525	-8.27433677130784e-11	0	-1.74089636990164e-10	-2.80048328352734e-08
0.9	296	50	1.619436525	-8.16100520495411e-11	0	-1.77729822979145e-10	-2.78434536075701e-08
0.9	297	50	1.619436525	-8.05060462738538e-11	0	-1.8130152515297e-10	-2.76835191528022e-08
0.9	298	50	1.619436525	-7.94251331370788e-11	0	-1.84804254808108e-10	-2.75250012841245e-08
0.9	299	50	1.619436525	-7.83537679183155e-11	0	-1.882402189159e-10	-2.73678936196425e-08
0.9	300	50	1.619436525	-7.72946151528231e-11	0	-1.91611067572316e-10	-2.72121665697992e-08
0.9	301	50	1.619436525	-7.640708066247724e-11	0	-1.943915511814912e-10	-2.706981523222859e-8
0.9	302	50	1.619436525	-7.551843594910677e-11	0	-1.971720269330364e-10	-2.692746720644978e-8
0.9	303	50	1.619436525	-7.462979123573631e-11	0	-1.999525026845816e-10	-2.678511918067097e-8
0.9	304	50	1.619436525	-7.374114652236583e-11	0	-2.027329784361268e-10	-2.664277115489216e-8
0.9	305	50	1.619436525	-7.285250180899537e-11	0	-2.0551345418767202e-10	-2.650042312911335e-8
0.9	306	50	1.619436525	-7.196385709562491e-11	0	-2.082939299392172e-10	-2.635807510333454e-8
0.9	307	50	1.619436525	-7.107521238225445e-11	0	-2.110744056907624e-10	-2.621572707755573e-8
0.9	308	50	1.619436525	-7.018656766888398e-11	0	-2.138548814423076e-10	-2.607337905177692e-8
0.9	309	50	1.619436525	-6.929792295551352e-11	0	-2.1663535719385282e-10	-2.593103102599811e-8
0.9	310	50	1.619436525	-6.840927824214305e-11	0	-2.19415832945398e-10	-2.5788683000219297e-8
0.9	311	50	1.619436525	-6.752063352877258e-11	0	-2.221963086969432e-10	-2.5646334974440487e-8
0.9	312	50	1.619436525	-6.663198881540212e-11	0	-2.2497678444848842e-10	-2.5503986948661678e-8
0.9	313	50	1.619436525	-6.574334410203166e-11	0	-2.2775726020003362e-10	-2.5361638922882868e-8
0.9	314	50	1.619436525	-6.48546993886612e-11	0	-2.305377359515788e-10	-2.5219290897104058e-8
0.9	315	50	1.619436525	-6.396605467529073e-11	0	-2.33318211703124e-10	-2.5076942871325248e-8
0.9	316	50	1.619436525	-6.307740996192027e-11	0	-2.360986874546692e-10	-2.493459484554644e-8
0.9	317	50	1.619436525	-6.21887652485498e-11	0	-2.3887916320621444e-10	-2.479224681976763e-8
0.9	318	50	1.619436525	-6.130012053517933e-11	0	-2.4165963895775963e-10	-2.464989879398882e-8
0.9	319	50	1.619436525	-6.041147582180887e-11	0	-2.4444011470930483e-10	-2.450755076821001e-8
0.9	320	50	1.619436525	-5.95228311084384e-11	0	-2.4722059046085e-10	-2.43652027424312e-8
0.9	321	50	1.619436525	-5.887561549400293e-11	0	-2.491426321102165e-10	-2.424470483465302e-8
0.9	322	50	1.619436525	-5.822839987956744e-11	0	-2.510646737595829e-10	-2.412420692687484e-8
0.9	323	50	1.619436525	-5.758118426513195e-11	0	-2.529867154089494e-10	-2.400370901909666e-8
0.9	324	50	1.619436525	-5.6933968650696466e-11	0	-2.549087570583158e-10	-2.388321111131848e-8
0.9	325	50	1.619436525	-5.628675303626098e-11	0	-2.5683079870768226e-10	-2.37627132035403e-8
0.9	326	50	1.619436525	-5.5639537421825496e-11	0	-2.5875284035704873e-10	-2.364221529576212e-8
0.9	327	50	1.619436525	-5.4992321807390004e-11	0	-2.6067488200641515e-10	-2.352171738798394e-8
0.9	328	50	1.619436525	-5.4345106192954525e-11	0	-2.625969236557816e-10	-2.340121948020576e-8
0.9	329	50	1.619436525	-5.3697890578519034e-11	0	-2.6451896530514804e-10	-2.328072157242758e-8
0.9	330	50	1.619436525	-5.3050674964083555e-11	0	-2.664410069545145e-10	-2.31602236646494e-8
0.9	331	50	1.619436525	-5.2403459349648063e-11	0	-2.68363048603881e-10	-2.3039725756871218e-8
0.9	332	50	1.619436525	-5.175624373521258e-11	0	-2.702850902532474e-10	-2.291922784909304e-8
0.9	333	50	1.619436525	-5.1109028120777093e-11	0	-2.7220713190261386e-10	-2.279872994131486e-8
0.9	334	50	1.619436525	-5.046181250634161e-11	0	-2.741291735519803e-10	-2.267823203353668e-8
0.9	335	50	1.619436525	-4.981459689190612e-11	0	-2.7605121520134675e-10	-2.25577341257585e-8
0.9	336	50	1.619436525	-4.916738127747064e-11	0	-2.779732568507132e-10	-2.243723621798032e-8
0.9	337	50	1.619436525	-4.852016566303515e-11	0	-2.7989529850007964e-10	-2.231673831020214e-8
0.9	338	50	1.619436525	-4.787295004859967e-11	0	-2.818173401494461e-10	-2.219624040242396e-8
0.9	339	50	1.619436525	-4.722573443416418e-11	0	-2.837393817988125e-10	-2.207574249464578e-8
0.9	340	50	1.619436525	-4.65785188197287e-11	0	-2.85661423448179e-10	-2.19552445868676e-8
0.9	341	50	1.619436525	-4.609604919991735e-11	0	-2.870037662466577e-10	-2.1852292214505737e-8
0.9	342	50	1.619436525	-4.5613579580106e-11	0	-2.883461090451365e-10	-2.174933984214387e-8
0.9	343	50	1.619436525	-4.5131109960294644e-11	0	-2.8968845184361527e-10	-2.1646387469782004e-8
0.9	344	50	1.619436525	-4.4648640340483294e-11	0	-2.91030794642094e-10	-2.154343509742014e-8
0.9	345	50	1.619436525	-4.4166170720671945e-11	0	-2.923731374405727e-10	-2.1440482725058274e-8
0.9	346	50	1.619436525	-4.3683701100860596e-11	0	-2.937154802390515e-10	-2.133753035269641e-8
0.9	347	50	1.619436525	-4.320123148104925e-11	0	-2.9505782303753027e-10	-2.1234577980334544e-8
0.9	348	50	1.619436525	-4.27187618612379e-11	0	-2.96400165836009e-10	-2.113162560797268e-8
0.9	349	50	1.619436525	-4.223629224142655e-11	0	-2.977425086344877e-10	-2.1028673235610815e-8
0.9	350	50	1.619436525	-4.17538226216152e-11	0	-2.990848514329665e-10	-2.092572086324895e-8
0.9	351	50	1.619436525	-4.127135300180385e-11	0	-3.004271942314453e-10	-2.0822768490887085e-8
0.9	352	50	1.619436525	-4.07888833819925e-11	0	-3.01769537029924e-10	-2.0719816118525218e-8
0.9	353	50	1.619436525	-4.030641376218115e-11	0	-3.0311187982840273e-10	-2.0616863746163355e-8
0.9	354	50	1.619436525	-3.9823944142369803e-11	0	-3.044542226268815e-10	-2.051391137380149e-8
0.9	355	50	1.619436525	-3.9341474522558454e-11	0	-3.057965654253603e-10	-2.0410959001439625e-8
0.9	356	50	1.619436525	-3.88590049027471e-11	0	-3.07138908223839e-10	-2.030800662907776e-8
0.9	357	50	1.619436525	-3.837653528293575e-11	0	-3.0848125102231773e-10	-2.0205054256715895e-8
0.9	358	50	1.619436525	-3.78940656631244e-11	0	-3.098235938207965e-10	-2.010210188435403e-8
0.9	359	50	1.619436525	-3.741159604331305e-11	0	-3.111659366192753e-10	-1.9999149511992166e-8
0.9	360	50	1.619436525	-3.69291264235017e-11	0	-3.12508279417754e-10	-1.98961971396303e-8
0.9	361	50	1.619436525	-3.6562963767750075e-11	0	-3.1345144429975714e-10	-1.980750224169715e-8
0.9	362	50	1.619436525	-3.6196801111998455e-11	0	-3.1439460918176033e-10	-1.9718807343763998e-8
0.9	363	50	1.619436525	-3.583063845624683e-11	0	-3.1533777406376346e-10	-1.963011244583085e-8
0.9	364	50	1.619436525	-3.54644758004952e-11	0	-3.162809389457666e-10	-1.95414175478977e-8
0.9	365	50	1.619436525	-3.5098313144743575e-11	0	-3.1722410382776973e-10	-1.945272264996455e-8
0.9	366	50	1.619436525	-3.473215048899195e-11	0	-3.181672687097729e-10	-1.93640277520314e-8
0.9	367	50	1.619436525	-3.436598783324033e-11	0	-3.1911043359177606e-10	-1.927533285409825e-8
0.9	368	50	1.619436525	-3.39998251774887e-11	0	-3.200535984737792e-10	-1.91866379561651e-8
0.9	369	50	1.619436525	-3.3633662521737074e-11	0	-3.209967633557824e-10	-1.909794305823195e-8
0.9	370	50	1.619436525	-3.3267499865985454e-11	0	-3.219399282377855e-10	-1.90092481602988e-8
0.9	371	50	1.619436525	-3.290133721023383e-11	0	-3.2288309311978865e-10	-1.892055326236565e-8
0.9	372	50	1.619436525	-3.25351745544822e-11	0	-3.2382625800179183e-10	-1.8831858364432498e-8
0.9	373	50	1.619436525	-3.2169011898730574e-11	0	-3.2476942288379497e-10	-1.874316346649935e-8
0.9	374	50	1.619436525	-3.180284924297895e-11	0	-3.257125877657981e-10	-1.86544685685662e-8
0.9	375	50	1.619436525	-3.1436686587227327e-11	0	-3.266557526478013e-10	-1.8565773670633048e-8
0.9	376	50	1.619436525	-3.10705239314757e-11	0	-3.2759891752980443e-10	-1.84770787726999e-8
0.9	377	50	1.619436525	-3.070436127572407e-11	0	-3.2854208241180756e-10	-1.838838387476675e-8
0.9	378	50	1.619436525	-3.033819861997245e-11	0	-3.294852472938107e-10	-1.82996889768336e-8
0.9	379	50	1.619436525	-2.9972035964220826e-11	0	-3.304284121758139e-10	-1.821099407890045e-8
0.9	380	50	1.619436525	-2.96058733084692e-11	0	-3.31371577057817e-10	-1.81222991809673e-8
0.9	381	50	1.619436525	-2.9326174821875385e-11	0	-3.320352928438208e-10	-1.804531484622461e-8
0.9	382	50	1.619436525	-2.904647633528157e-11	0	-3.326990086298246e-10	-1.796833051148192e-8
0.9	383	50	1.619436525	-2.8766777848687756e-11	0	-3.333627244158284e-10	-1.789134617673923e-8
0.9	384	50	1.619436525	-2.848707936209394e-11	0	-3.340264402018322e-10	-1.781436184199654e-8
0.9	385	50	1.619436525	-2.8207380875500124e-11	0	-3.34690155987836e-10	-1.773737750725385e-8
0.9	386	50	1.619436525	-2.792768238890631e-11	0	-3.353538717738398e-10	-1.766039317251116e-8
0.9	387	50	1.619436525	-2.7647983902312495e-11	0	-3.360175875598436e-10	-1.7583408837768472e-8
0.9	388	50	1.619436525	-2.7368285415718678e-11	0	-3.366813033458474e-10	-1.750642450302578e-8
0.9	389	50	1.619436525	-2.7088586929124863e-11	0	-3.373450191318512e-10	-1.742944016828309e-8
0.9	390	50	1.619436525	-2.680888844253105e-11	0	-3.3800873491785497e-10	-1.73524558335404e-8
0.9	391	50	1.619436525	-2.6529189955937235e-11	0	-3.3867245070385877e-10	-1.727547149879771e-8
0.9	392	50	1.619436525	-2.624949146934342e-11	0	-3.3933616648986257e-10	-1.719848716405502e-8
0.9	393	50	1.619436525	-2.5969792982749603e-11	0	-3.399998822758664e-10	-1.712150282931233e-8
0.9	394	50	1.619436525	-2.5690094496155788e-11	0	-3.406635980618702e-10	-1.704451849456964e-8
0.9	395	50	1.619436525	-2.5410396009561974e-11	0	-3.41327313847874e-10	-1.6967534159826952e-8
0.9	396	50	1.619436525	-2.513069752296816e-11	0	-3.419910296338778e-10	-1.689054982508426e-8
0.9	397	50	1.619436525	-2.4850999036374345e-11	0	-3.426547454198816e-10	-1.681356549034157e-8
0.9	398	50	1.619436525	-2.4571300549780527e-11	0	-3.433184612058854e-10	-1.6736581155598882e-8
0.9	399	50	1.619436525	-2.4291602063186713e-11	0	-3.439821769918892e-10	-1.665959682085619e-8
0.9	400	50	1.619436525	-2.40119035765929e-11	0	-3.44645892777893e-10	-1.65826124861135e-8
0.9	401	50	1.619436525	-2.379234587124303e-11	0	-3.451111179543355e-10	-1.651533977548386e-8
0.9	402	50	1.619436525	-2.357278816589316e-11	0	-3.45576343130778e-10	-1.644806706485422e-8
0.9	403	50	1.619436525	-2.3353230460543287e-11	0	-3.4604156830722046e-10	-1.638079435422458e-8
0.9	404	50	1.619436525	-2.313367275519342e-11	0	-3.46506793483663e-10	-1.6313521643594942e-8
0.9	405	50	1.619436525	-2.291411504984355e-11	0	-3.469720186601055e-10	-1.6246248932965302e-8
0.9	406	50	1.619436525	-2.269455734449368e-11	0	-3.47437243836548e-10	-1.617897622233566e-8
0.9	407	50	1.619436525	-2.2474999639143807e-11	0	-3.479024690129905e-10	-1.611170351170602e-8
0.9	408	50	1.619436525	-2.225544193379394e-11	0	-3.48367694189433e-10	-1.604443080107638e-8
0.9	409	50	1.619436525	-2.203588422844407e-11	0	-3.488329193658755e-10	-1.597715809044674e-8
0.9	410	50	1.619436525	-2.18163265230942e-11	0	-3.49298144542318e-10	-1.59098853798171e-8
0.9	411	50	1.619436525	-2.1596768817744327e-11	0	-3.497633697187605e-10	-1.584261266918746e-8
0.9	412	50	1.619436525	-2.137721111239446e-11	0	-3.5022859489520303e-10	-1.577533995855782e-8
0.9	413	50	1.619436525	-2.115765340704459e-11	0	-3.506938200716455e-10	-1.570806724792818e-8
0.9	414	50	1.619436525	-2.093809570169472e-11	0	-3.51159045248088e-10	-1.564079453729854e-8
0.9	415	50	1.619436525	-2.0718537996344847e-11	0	-3.516242704245305e-10	-1.55735218266689e-8
0.9	416	50	1.619436525	-2.049898029099498e-11	0	-3.52089495600973e-10	-1.550624911603926e-8
0.9	417	50	1.619436525	-2.027942258564511e-11	0	-3.5255472077741554e-10	-1.543897640540962e-8
0.9	418	50	1.619436525	-2.005986488029524e-11	0	-3.53019945953858e-10	-1.537170369477998e-8
0.9	419	50	1.619436525	-1.9840307174945367e-11	0	-3.534851711303005e-10	-1.530443098415034e-8
0.9	420	50	1.619436525	-1.96207494695955e-11	0	-3.53950396306743e-10	-1.52371582735207e-8
0.9	421	50	1.619436525	-1.9447565779984218e-11	0	-3.5427286749955344e-10	-1.517801006290881e-8
0.9	422	50	1.619436525	-1.9274382090372937e-11	0	-3.545953386923638e-10	-1.511886185229692e-8
0.9	423	50	1.619436525	-1.910119840076166e-11	0	-3.549178098851742e-10	-1.505971364168503e-8
0.9	424	50	1.619436525	-1.892801471115038e-11	0	-3.5524028107798463e-10	-1.500056543107314e-8
0.9	425	50	1.619436525	-1.8754831021539098e-11	0	-3.5556275227079504e-10	-1.494141722046125e-8
0.9	426	50	1.619436525	-1.858164733192782e-11	0	-3.558852234636054e-10	-1.488226900984936e-8
0.9	427	50	1.619436525	-1.840846364231654e-11	0	-3.562076946564158e-10	-1.482312079923747e-8
0.9	428	50	1.619436525	-1.823527995270526e-11	0	-3.5653016584922624e-10	-1.476397258862558e-8
0.9	429	50	1.619436525	-1.806209626309398e-11	0	-3.568526370420366e-10	-1.470482437801369e-8
0.9	430	50	1.619436525	-1.7888912573482698e-11	0	-3.57175108234847e-10	-1.46456761674018e-8
0.9	431	50	1.619436525	-1.771572888387142e-11	0	-3.5749757942765743e-10	-1.458652795678991e-8
0.9	432	50	1.619436525	-1.754254519426014e-11	0	-3.578200506204678e-10	-1.452737974617802e-8
0.9	433	50	1.619436525	-1.736936150464886e-11	0	-3.581425218132782e-10	-1.446823153556613e-8
0.9	434	50	1.619436525	-1.719617781503758e-11	0	-3.584649930060886e-10	-1.440908332495424e-8
0.9	435	50	1.619436525	-1.70229941254263e-11	0	-3.58787464198899e-10	-1.434993511434235e-8
0.9	436	50	1.619436525	-1.684981043581502e-11	0	-3.591099353917094e-10	-1.429078690373046e-8
0.9	437	50	1.619436525	-1.667662674620374e-11	0	-3.594324065845198e-10	-1.423163869311857e-8
0.9	438	50	1.619436525	-1.6503443056592458e-11	0	-3.5975487777733023e-10	-1.417249048250668e-8
0.9	439	50	1.619436525	-1.633025936698118e-11	0	-3.600773489701406e-10	-1.411334227189479e-8
0.9	440	50	1.619436525	-1.61570756773699e-11	0	-3.60399820162951e-10	-1.40541940612829e-8
0.9	441	50	1.619436525	-1.602162846836563e-11	0	-3.6061857246596316e-10	-1.4001897253558286e-8
0.9	442	50	1.619436525	-1.588618125936136e-11	0	-3.608373247689753e-10	-1.394960044583367e-8
0.9	443	50	1.619436525	-1.575073405035709e-11	0	-3.6105607707198743e-10	-1.3897303638109056e-8
0.9	444	50	1.619436525	-1.561528684135282e-11	0	-3.612748293749996e-10	-1.384500683038444e-8
0.9	445	50	1.619436525	-1.547983963234855e-11	0	-3.6149358167801175e-10	-1.3792710022659825e-8
0.9	446	50	1.619436525	-1.534439242334428e-11	0	-3.617123339810239e-10	-1.374041321493521e-8
0.9	447	50	1.619436525	-1.520894521434001e-11	0	-3.6193108628403607e-10	-1.3688116407210595e-8
0.9	448	50	1.619436525	-1.507349800533574e-11	0	-3.621498385870482e-10	-1.363581959948598e-8
0.9	449	50	1.619436525	-1.4938050796331468e-11	0	-3.6236859089006034e-10	-1.3583522791761365e-8
0.9	450	50	1.619436525	-1.48026035873272e-11	0	-3.625873431930725e-10	-1.353122598403675e-8
0.9	451	50	1.619436525	-1.466715637832293e-11	0	-3.6280609549608465e-10	-1.3478929176312135e-8
0.9	452	50	1.619436525	-1.453170916931866e-11	0	-3.630248477990968e-10	-1.342663236858752e-8
0.9	453	50	1.619436525	-1.439626196031439e-11	0	-3.632436001021089e-10	-1.3374335560862905e-8
0.9	454	50	1.619436525	-1.426081475131012e-11	0	-3.634623524051211e-10	-1.332203875313829e-8
0.9	455	50	1.619436525	-1.412536754230585e-11	0	-3.6368110470813324e-10	-1.3269741945413674e-8
0.9	456	50	1.619436525	-1.398992033330158e-11	0	-3.638998570111454e-10	-1.321744513768906e-8
0.9	457	50	1.619436525	-1.385447312429731e-11	0	-3.6411860931415756e-10	-1.3165148329964444e-8
0.9	458	50	1.619436525	-1.371902591529304e-11	0	-3.6433736161716967e-10	-1.311285152223983e-8
0.9	459	50	1.619436525	-1.3583578706288771e-11	0	-3.645561139201818e-10	-1.3060554714515214e-8
0.9	460	50	1.619436525	-1.34481314972845e-11	0	-3.64774866223194e-10	-1.30082579067906e-8
0.9	461	50	1.619436525	-1.333626542532327e-11	0	-3.6491756664019573e-10	-1.296178124301593e-8
0.9	462	50	1.619436525	-1.322439935336204e-11	0	-3.650602670571975e-10	-1.291530457924126e-8
0.9	463	50	1.619436525	-1.311253328140081e-11	0	-3.6520296747419923e-10	-1.2868827915466589e-8
0.9	464	50	1.619436525	-1.300066720943958e-11	0	-3.65345667891201e-10	-1.282235125169192e-8
0.9	465	50	1.619436525	-1.288880113747835e-11	0	-3.654883683082027e-10	-1.277587458791725e-8
0.9	466	50	1.619436525	-1.277693506551712e-11	0	-3.6563106872520447e-10	-1.272939792414258e-8
0.9	467	50	1.619436525	-1.266506899355589e-11	0	-3.657737691422062e-10	-1.268292126036791e-8
0.9	468	50	1.619436525	-1.255320292159466e-11	0	-3.6591646955920797e-10	-1.263644459659324e-8
0.9	469	50	1.619436525	-1.244133684963343e-11	0	-3.660591699762097e-10	-1.258996793281857e-8
0.9	470	50	1.619436525	-1.23294707776722e-11	0	-3.6620187039321146e-10	-1.25434912690439e-8
0.9	471	50	1.619436525	-1.2217604705710969e-11	0	-3.6634457081021326e-10	-1.249701460526923e-8
0.9	472	50	1.619436525	-1.210573863374974e-11	0	-3.66487271227215e-10	-1.2450537941494561e-8
0.9	473	50	1.619436525	-1.199387256178851e-11	0	-3.6662997164421676e-10	-1.240406127771989e-8
0.9	474	50	1.619436525	-1.188200648982728e-11	0	-3.667726720612185e-10	-1.235758461394522e-8
0.9	475	50	1.619436525	-1.177014041786605e-11	0	-3.6691537247822026e-10	-1.231110795017055e-8
0.9	476	50	1.619436525	-1.165827434590482e-11	0	-3.67058072895222e-10	-1.2264631286395881e-8
0.9	477	50	1.619436525	-1.1546408273943589e-11	0	-3.6720077331222375e-10	-1.2218154622621211e-8
0.9	478	50	1.619436525	-1.1434542201982359e-11	0	-3.673434737292255e-10	-1.217167795884654e-8
0.9	479	50	1.619436525	-1.1322676130021129e-11	0	-3.6748617414622725e-10	-1.212520129507187e-8
0.9	480	50	1.619436525	-1.12108100580599e-11	0	-3.67628874563229e-10	-1.20787246312972e-8
0.9	481	50	1.619436525	-1.1121537024649791e-11	0	-3.677154675167814e-10	-1.20372250646108e-8
0.9	482	50	1.619436525	-1.1032263991239682e-11	0	-3.678020604703338e-10	-1.1995725497924401e-8
0.9	483	50	1.619436525	-1.0942990957829574e-11	0	-3.678886534238862e-10	-1.1954225931238001e-8
0.9	484	50	1.619436525	-1.0853717924419466e-11	0	-3.679752463774386e-10	-1.1912726364551601e-8
0.9	485	50	1.619436525	-1.0764444891009357e-11	0	-3.68061839330991e-10	-1.1871226797865201e-8
0.9	486	50	1.619436525	-1.0675171857599249e-11	0	-3.681484322845434e-10	-1.1829727231178801e-8
0.9	487	50	1.619436525	-1.0585898824189141e-11	0	-3.682350252380958e-10	-1.1788227664492401e-8
0.9	488	50	1.619436525	-1.0496625790779031e-11	0	-3.683216181916482e-10	-1.1746728097806001e-8
0.9	489	50	1.619436525	-1.0407352757368924e-11	0	-3.684082111452006e-10	-1.1705228531119601e-8
0.9	490	50	1.619436525	-1.0318079723958814e-11	0	-3.68494804098753e-10	-1.16637289644332e-8
0.9	491	50	1.619436525	-1.0228806690548706e-11	0	-3.685813970523054e-10	-1.16222293977468e-8
0.9	492	50	1.619436525	-1.0139533657138598e-11	0	-3.686679900058578e-10	-1.15807298310604e-8
0.9	493	50	1.619436525	-1.0050260623728489e-11	0	-3.687545829594102e-10	-1.1539230264374e-8
0.9	494	50	1.619436525	-9.960987590318381e-12	0	-3.688411759129626e-10	-1.14977306976876e-8
0.9	495	50	1.619436525	-9.871714556908273e-12	0	-3.68927768866515e-10	-1.14562311310012e-8
0.9	496	50	1.619436525	-9.782441523498164e-12	0	-3.690143618200674e-10	-1.14147315643148e-8
0.9	497	50	1.619436525	-9.693168490088056e-12	0	-3.691009547736198e-10	-1.13732319976284e-8
0.9	498	50	1.619436525	-9.603895456677948e-12	0	-3.691875477271722e-10	-1.1331732430942e-8
0.9	499	50	1.619436525	-9.514622423267838e-12	0	-3.692741406807246e-10	-1.12902328642556e-8
0.9	500	50	1.619436525	-9.42534938985773e-12	0	-3.69360733634277e-10	-1.12487332975692e-8
0.9	501	50	1.619436525	-9.350731300372673e-12	0	-3.6940569442264414e-10	-1.1211516596782985e-8
0.9	502	50	1.619436525	-9.276113210887617e-12	0	-3.694506552110113e-10	-1.1174299895996771e-8
0.9	503	50	1.619436525	-9.20149512140256e-12	0	-3.6949561599937844e-10	-1.1137083195210556e-8
0.9	504	50	1.619436525	-9.126877031917503e-12	0	-3.695405767877456e-10	-1.109986649442434e-8
0.9	505	50	1.619436525	-9.052258942432445e-12	0	-3.6958553757611275e-10	-1.1062649793638126e-8
0.9	506	50	1.619436525	-8.977640852947388e-12	0	-3.696304983644799e-10	-1.102543309285191e-8
0.9	507	50	1.619436525	-8.903022763462332e-12	0	-3.6967545915284706e-10	-1.0988216392065695e-8
0.9	508	50	1.619436525	-8.828404673977274e-12	0	-3.697204199412142e-10	-1.095099969127948e-8
0.9	509	50	1.619436525	-8.753786584492217e-12	0	-3.6976538072958137e-10	-1.0913782990493266e-8
0.9	510	50	1.619436525	-8.679168495007161e-12	0	-3.698103415179485e-10	-1.087656628970705e-8
0.9	511	50	1.619436525	-8.604550405522104e-12	0	-3.698553023063156e-10	-1.0839349588920835e-8
0.9	512	50	1.619436525	-8.529932316037046e-12	0	-3.699002630946828e-10	-1.0802132888134621e-8
0.9	513	50	1.619436525	-8.455314226551989e-12	0	-3.6994522388304993e-10	-1.0764916187348405e-8
0.9	514	50	1.619436525	-8.380696137066932e-12	0	-3.699901846714171e-10	-1.072769948656219e-8
0.9	515	50	1.619436525	-8.306078047581876e-12	0	-3.7003514545978424e-10	-1.0690482785775974e-8
0.9	516	50	1.619436525	-8.231459958096818e-12	0	-3.7008010624815137e-10	-1.065326608498976e-8
0.9	517	50	1.619436525	-8.156841868611761e-12	0	-3.7012506703651855e-10	-1.0616049384203545e-8
0.9	518	50	1.619436525	-8.082223779126705e-12	0	-3.7017002782488567e-10	-1.057883268341733e-8
0.9	519	50	1.619436525	-8.007605689641648e-12	0	-3.7021498861325285e-10	-1.0541615982631116e-8
0.9	520	50	1.619436525	-7.93298760015659e-12	0	-3.7025994940162e-10	-1.05043992818449e-8
0.9	521	50	1.619436525	-7.874101370930473e-12	0	-3.702739495480165e-10	-1.047088860694876e-8
0.9	522	50	1.619436525	-7.815215141704355e-12	0	-3.70287949694413e-10	-1.0437377932052618e-8
0.9	523	50	1.619436525	-7.756328912478236e-12	0	-3.703019498408095e-10	-1.0403867257156477e-8
0.9	524	50	1.619436525	-7.697442683252118e-12	0	-3.7031594998720597e-10	-1.0370356582260337e-8
0.9	525	50	1.619436525	-7.638556454026e-12	0	-3.703299501336025e-10	-1.0336845907364194e-8
0.9	526	50	1.619436525	-7.579670224799883e-12	0	-3.70343950279999e-10	-1.0303335232468054e-8
0.9	527	50	1.619436525	-7.520783995573763e-12	0	-3.703579504263955e-10	-1.0269824557571914e-8
0.9	528	50	1.619436525	-7.461897766347646e-12	0	-3.70371950572792e-10	-1.0236313882675773e-8
0.9	529	50	1.619436525	-7.403011537121528e-12	0	-3.703859507191885e-10	-1.0202803207779631e-8
0.9	530	50	1.619436525	-7.34412530789541e-12	0	-3.70399950865585e-10	-1.016929253288349e-8
0.9	531	50	1.619436525	-7.285239078669293e-12	0	-3.704139510119815e-10	-1.013578185798735e-8
0.9	532	50	1.619436525	-7.226352849443174e-12	0	-3.70427951158378e-10	-1.0102271183091208e-8
0.9	533	50	1.619436525	-7.167466620217056e-12	0	-3.704419513047745e-10	-1.0068760508195067e-8
0.9	534	50	1.619436525	-7.108580390990938e-12	0	-3.70455951451171e-10	-1.0035249833298927e-8
0.9	535	50	1.619436525	-7.04969416176482e-12	0	-3.704699515975675e-10	-1.0001739158402786e-8
0.9	536	50	1.619436525	-6.990807932538702e-12	0	-3.7048395174396403e-10	-9.968228483506644e-9
0.9	537	50	1.619436525	-6.931921703312584e-12	0	-3.704979518903605e-10	-9.934717808610504e-9
0.9	538	50	1.619436525	-6.873035474086466e-12	0	-3.70511952036757e-10	-9.901207133714363e-9
0.9	539	50	1.619436525	-6.8141492448603476e-12	0	-3.705259521831535e-10	-9.867696458818221e-9
0.9	540	50	1.619436525	-6.75526301563423e-12	0	-3.7053995232955e-10	-9.83418578392208e-9
0.9	541	50	1.619436525	-6.704514721178614e-12	0	-3.7053086864957203e-10	-9.803899274041912e-9
0.9	542	50	1.619436525	-6.653766426722998e-12	0	-3.70521784969594e-10	-9.773612764161743e-9
0.9	543	50	1.619436525	-6.603018132267382e-12	0	-3.70512701289616e-10	-9.743326254281573e-9
0.9	544	50	1.619436525	-6.552269837811766e-12	0	-3.7050361760963803e-10	-9.713039744401404e-9
0.9	545	50	1.619436525	-6.5015215433561496e-12	0	-3.7049453392966e-10	-9.682753234521235e-9
0.9	546	50	1.619436525	-6.450773248900534e-12	0	-3.70485450249682e-10	-9.652466724641066e-9
0.9	547	50	1.619436525	-6.400024954444918e-12	0	-3.7047636656970403e-10	-9.622180214760897e-9
0.9	548	50	1.619436525	-6.3492766599893015e-12	0	-3.70467282889726e-10	-9.591893704880728e-9
0.9	549	50	1.619436525	-6.298528365533686e-12	0	-3.70458199209748e-10	-9.561607195000559e-9
0.9	550	50	1.619436525	-6.24778007107807e-12	0	-3.7044911552977e-10	-9.53132068512039e-9
0.9	551	50	1.619436525	-6.197031776622454e-12	0	-3.70440031849792e-10	-9.501034175240222e-9
0.9	552	50	1.619436525	-6.146283482166838e-12	0	-3.70430948169814e-10	-9.470747665360053e-9
0.9	553	50	1.619436525	-6.095535187711222e-12	0	-3.70421864489836e-10	-9.440461155479884e-9
0.9	554	50	1.619436525	-6.044786893255606e-12	0	-3.70412780809858e-10	-9.410174645599715e-9
0.9	555	50	1.619436525	-5.9940385987999905e-12	0	-3.7040369712988e-10	-9.379888135719546e-9
0.9	556	50	1.619436525	-5.943290304344374e-12	0	-3.70394613449902e-10	-9.349601625839377e-9
0.9	557	50	1.619436525	-5.892542009888758e-12	0	-3.70385529769924e-10	-9.319315115959208e-9
0.9	558	50	1.619436525	-5.8417937154331425e-12	0	-3.70376446089946e-10	-9.289028606079039e-9
0.9	559	50	1.619436525	-5.791045420977526e-12	0	-3.70367362409968e-10	-9.25874209619887e-9
0.9	560	50	1.619436525	-5.74029712652191e-12	0	-3.7035827872999e-10	-9.2284555863187e-9
0.9	561	50	1.619436525	-5.699740679432353e-12	0	-3.703320181134366e-10	-9.200987976582424e-9
0.9	562	50	1.619436525	-5.6591842323427964e-12	0	-3.703057574968832e-10	-9.173520366846149e-9
0.9	563	50	1.619436525	-5.618627785253239e-12	0	-3.702794968803298e-10	-9.146052757109875e-9
0.9	564	50	1.619436525	-5.578071338163682e-12	0	-3.702532362637764e-10	-9.118585147373599e-9
0.9	565	50	1.619436525	-5.537514891074125e-12	0	-3.70226975647223e-10	-9.091117537637323e-9
0.9	566	50	1.619436525	-5.496958443984568e-12	0	-3.702007150306696e-10	-9.063649927901047e-9
0.9	567	50	1.619436525	-5.456401996895011e-12	0	-3.701744544141162e-10	-9.036182318164771e-9
0.9	568	50	1.619436525	-5.415845549805454e-12	0	-3.701481937975628e-10	-9.008714708428497e-9
0.9	569	50	1.619436525	-5.375289102715897e-12	0	-3.701219331810094e-10	-8.981247098692221e-9
0.9	570	50	1.619436525	-5.33473265562634e-12	0	-3.70095672564456e-10	-8.953779488955946e-9
0.9	571	50	1.619436525	-5.294176208536783e-12	0	-3.700694119479026e-10	-8.92631187921967e-9
0.9	572	50	1.619436525	-5.253619761447226e-12	0	-3.7004315133134923e-10	-8.898844269483394e-9
0.9	573	50	1.619436525	-5.2130633143576694e-12	0	-3.700168907147958e-10	-8.87137665974712e-9
0.9	574	50	1.619436525	-5.172506867268112e-12	0	-3.6999063009824243e-10	-8.843909050010844e-9
0.9	575	50	1.619436525	-5.131950420178555e-12	0	-3.69964369481689e-10	-8.816441440274568e-9
0.9	576	50	1.619436525	-5.091393973088998e-12	0	-3.699381088651356e-10	-8.788973830538292e-9
0.9	577	50	1.619436525	-5.050837525999441e-12	0	-3.699118482485822e-10	-8.761506220802017e-9
0.9	578	50	1.619436525	-5.010281078909884e-12	0	-3.698855876320288e-10	-8.734038611065742e-9
0.9	579	50	1.619436525	-4.969724631820327e-12	0	-3.698593270154754e-10	-8.706571001329467e-9
0.9	580	50	1.619436525	-4.92916818473077e-12	0	-3.69833066398922e-10	-8.67910339159319e-9
0.9	581	50	1.619436525	-4.8914094996632686e-12	0	-3.6979411333321297e-10	-8.654111006467082e-9
0.9	582	50	1.619436525	-4.853650814595767e-12	0	-3.697551602675039e-10	-8.629118621340972e-9
0.9	583	50	1.619436525	-4.815892129528266e-12	0	-3.697162072017949e-10	-8.604126236214863e-9
0.9	584	50	1.619436525	-4.778133444460764e-12	0	-3.6967725413608583e-10	-8.579133851088754e-9
0.9	585	50	1.619436525	-4.740374759393262e-12	0	-3.696383010703768e-10	-8.554141465962645e-9
0.9	586	50	1.619436525	-4.702616074325761e-12	0	-3.6959934800466774e-10	-8.529149080836537e-9
0.9	587	50	1.619436525	-4.664857389258259e-12	0	-3.695603949389587e-10	-8.504156695710428e-9
0.9	588	50	1.619436525	-4.627098704190758e-12	0	-3.6952144187324964e-10	-8.479164310584319e-9
0.9	589	50	1.619436525	-4.5893400191232565e-12	0	-3.694824888075406e-10	-8.45417192545821e-9
0.9	590	50	1.619436525	-4.551581334055755e-12	0	-3.6944353574183155e-10	-8.4291795403321e-9
0.9	591	50	1.619436525	-4.513822648988254e-12	0	-3.6940458267612245e-10	-8.404187155205991e-9
0.9	592	50	1.619436525	-4.476063963920752e-12	0	-3.693656296104134e-10	-8.379194770079882e-9
0.9	593	50	1.619436525	-4.438305278853251e-12	0	-3.6932667654470435e-10	-8.354202384953773e-9
0.9	594	50	1.619436525	-4.4005465937857494e-12	0	-3.692877234789953e-10	-8.329209999827664e-9
0.9	595	50	1.619436525	-4.362787908718248e-12	0	-3.6924877041328626e-10	-8.304217614701556e-9
0.9	596	50	1.619436525	-4.325029223650746e-12	0	-3.692098173475772e-10	-8.279225229575447e-9
0.9	597	50	1.619436525	-4.287270538583244e-12	0	-3.6917086428186816e-10	-8.254232844449338e-9
0.9	598	50	1.619436525	-4.249511853515743e-12	0	-3.691319112161591e-10	-8.229240459323229e-9
0.9	599	50	1.619436525	-4.2117531684482416e-12	0	-3.6909295815045007e-10	-8.20424807419712e-9
0.9	600	50	1.619436525	-4.17399448338074e-12	0	-3.69054005084741e-10	-8.17925568907101e-9
0.9	601	50	1.619436525	-4.1458614319367385e-12	0	-3.6900572636325867e-10	-8.156446576654141e-9
0.9	602	50	1.619436525	-4.117728380492737e-12	0	-3.689574476417763e-10	-8.133637464237274e-9
0.9	603	50	1.619436525	-4.089595329048736e-12	0	-3.6890916892029396e-10	-8.110828351820406e-9
0.9	604	50	1.619436525	-4.0614622776047344e-12	0	-3.688608901988116e-10	-8.088019239403536e-9
0.9	605	50	1.619436525	-4.033329226160733e-12	0	-3.6881261147732926e-10	-8.065210126986667e-9
0.9	606	50	1.619436525	-4.005196174716731e-12	0	-3.687643327558469e-10	-8.0424010145698e-9
0.9	607	50	1.619436525	-3.9770631232727296e-12	0	-3.6871605403436455e-10	-8.019591902152932e-9
0.9	608	50	1.619436525	-3.948930071828728e-12	0	-3.686677753128822e-10	-7.996782789736062e-9
0.9	609	50	1.619436525	-3.920797020384726e-12	0	-3.6861949659139984e-10	-7.973973677319193e-9
0.9	610	50	1.619436525	-3.8926639689407255e-12	0	-3.6857121786991754e-10	-7.951164564902325e-9
0.9	611	50	1.619436525	-3.864530917496724e-12	0	-3.685229391484352e-10	-7.928355452485458e-9
0.9	612	50	1.619436525	-3.836397866052722e-12	0	-3.6847466042695284e-10	-7.905546340068588e-9
0.9	613	50	1.619436525	-3.8082648146087206e-12	0	-3.684263817054705e-10	-7.882737227651719e-9
0.9	614	50	1.619436525	-3.780131763164719e-12	0	-3.6837810298398813e-10	-7.859928115234851e-9
0.9	615	50	1.619436525	-3.751998711720717e-12	0	-3.683298242625058e-10	-7.837119002817984e-9
0.9	616	50	1.619436525	-3.723865660276716e-12	0	-3.682815455410234e-10	-7.814309890401114e-9
0.9	617	50	1.619436525	-3.695732608832715e-12	0	-3.6823326681954107e-10	-7.791500777984245e-9
0.9	618	50	1.619436525	-3.667599557388713e-12	0	-3.681849880980587e-10	-7.768691665567377e-9
0.9	619	50	1.619436525	-3.639466505944712e-12	0	-3.6813670937657637e-10	-7.74588255315051e-9
0.9	620	50	1.619436525	-3.61133345450071e-12	0	-3.68088430655094e-10	-7.72307344073364e-9
0.9	621	50	1.619436525	-3.5860314717695025e-12	0	-3.680333147703365e-10	-7.70219784610609e-9
0.9	622	50	1.619436525	-3.560729489038295e-12	0	-3.67978198885579e-10	-7.681322251478538e-9
0.9	623	50	1.619436525	-3.5354275063070876e-12	0	-3.679230830008215e-10	-7.660446656850987e-9
0.9	624	50	1.619436525	-3.51012552357588e-12	0	-3.67867967116064e-10	-7.639571062223436e-9
0.9	625	50	1.619436525	-3.4848235408446726e-12	0	-3.678128512313065e-10	-7.618695467595885e-9
0.9	626	50	1.619436525	-3.459521558113465e-12	0	-3.67757735346549e-10	-7.597819872968333e-9
0.9	627	50	1.619436525	-3.4342195753822576e-12	0	-3.677026194617915e-10	-7.576944278340783e-9
0.9	628	50	1.619436525	-3.40891759265105e-12	0	-3.67647503577034e-10	-7.556068683713233e-9
0.9	629	50	1.619436525	-3.3836156099198427e-12	0	-3.675923876922765e-10	-7.53519308908568e-9
0.9	630	50	1.619436525	-3.3583136271886352e-12	0	-3.67537271807519e-10	-7.51431749445813e-9
0.9	631	50	1.619436525	-3.3330116444574273e-12	0	-3.6748215592276153e-10	-7.493441899830578e-9
0.9	632	50	1.619436525	-3.30770966172622e-12	0	-3.6742704003800403e-10	-7.472566305203028e-9
0.9	633	50	1.619436525	-3.2824076789950124e-12	0	-3.673719241532465e-10	-7.451690710575476e-9
0.9	634	50	1.619436525	-3.257105696263805e-12	0	-3.67316808268489e-10	-7.430815115947926e-9
0.9	635	50	1.619436525	-3.2318037135325974e-12	0	-3.672616923837315e-10	-7.409939521320375e-9
0.9	636	50	1.619436525	-3.20650173080139e-12	0	-3.67206576498974e-10	-7.389063926692824e-9
0.9	637	50	1.619436525	-3.1811997480701825e-12	0	-3.671514606142165e-10	-7.368188332065273e-9
0.9	638	50	1.619436525	-3.155897765338975e-12	0	-3.67096344729459e-10	-7.347312737437722e-9
0.9	639	50	1.619436525	-3.1305957826077675e-12	0	-3.670412288447015e-10	-7.326437142810171e-9
0.9	640	50	1.619436525	-3.10529379987656e-12	0	-3.66986112959944e-10	-7.30556154818262e-9
0.9	641	50	1.619436525	-3.0818680940569696e-12	0	-3.6692617846673924e-10	-7.2864042603394165e-9
0.9	642	50	1.619436525	-3.058442388237379e-12	0	-3.668662439735345e-10	-7.267246972496213e-9
0.9	643	50	1.619436525	-3.0350166824177884e-12	0	-3.6680630948032973e-10	-7.248089684653009e-9
0.9	644	50	1.619436525	-3.011590976598198e-12	0	-3.66746374987125e-10	-7.228932396809806e-9
0.9	645	50	1.619436525	-2.9881652707786076e-12	0	-3.6668644049392026e-10	-7.209775108966602e-9
0.9	646	50	1.619436525	-2.9647395649590172e-12	0	-3.666265060007155e-10	-7.190617821123399e-9
0.9	647	50	1.619436525	-2.9413138591394264e-12	0	-3.6656657150751074e-10	-7.1714605332801955e-9
0.9	648	50	1.619436525	-2.917888153319836e-12	0	-3.66506637014306e-10	-7.152303245436992e-9
0.9	649	50	1.619436525	-2.8944624475002456e-12	0	-3.6644670252110123e-10	-7.133145957593789e-9
0.9	650	50	1.619436525	-2.871036741680655e-12	0	-3.6638676802789647e-10	-7.1139886697505854e-9
0.9	651	50	1.619436525	-2.8476110358610644e-12	0	-3.6632683353469176e-10	-7.094831381907381e-9
0.9	652	50	1.619436525	-2.824185330041474e-12	0	-3.66266899041487e-10	-7.075674094064178e-9
0.9	653	50	1.619436525	-2.8007596242218836e-12	0	-3.6620696454828225e-10	-7.0565168062209745e-9
0.9	654	50	1.619436525	-2.7773339184022932e-12	0	-3.661470300550775e-10	-7.037359518377771e-9
0.9	655	50	1.619436525	-2.7539082125827024e-12	0	-3.6608709556187273e-10	-7.018202230534568e-9
0.9	656	50	1.619436525	-2.730482506763112e-12	0	-3.6602716106866797e-10	-6.999044942691364e-9
0.9	657	50	1.619436525	-2.7070568009435216e-12	0	-3.6596722657546326e-10	-6.97988765484816e-9
0.9	658	50	1.619436525	-2.683631095123931e-12	0	-3.659072920822585e-10	-6.960730367004957e-9
0.9	659	50	1.619436525	-2.6602053893043404e-12	0	-3.6584735758905375e-10	-6.9415730791617535e-9
0.9	660	50	1.619436525	-2.63677968348475e-12	0	-3.65787423095849e-10	-6.92241579131855e-9
0.9	661	50	1.619436525	-2.6187607637950834e-12	0	-3.6572421617934853e-10	-6.904791500816088e-9
0.9	662	50	1.619436525	-2.600741844105417e-12	0	-3.656610092628481e-10	-6.887167210313627e-9
0.9	663	50	1.619436525	-2.5827229244157506e-12	0	-3.655978023463476e-10	-6.8695429198111654e-9
0.9	664	50	1.619436525	-2.564704004726084e-12	0	-3.6553459542984717e-10	-6.8519186293087044e-9
0.9	665	50	1.619436525	-2.5466850850364178e-12	0	-3.654713885133467e-10	-6.834294338806243e-9
0.9	666	50	1.619436525	-2.528666165346751e-12	0	-3.654081815968463e-10	-6.816670048303781e-9
0.9	667	50	1.619436525	-2.5106472456570845e-12	0	-3.6534497468034586e-10	-6.79904575780132e-9
0.9	668	50	1.619436525	-2.492628325967418e-12	0	-3.652817677638454e-10	-6.781421467298858e-9
0.9	669	50	1.619436525	-2.4746094062777517e-12	0	-3.6521856084734495e-10	-6.763797176796397e-9
0.9	670	50	1.619436525	-2.456590486588085e-12	0	-3.651553539308445e-10	-6.746172886293935e-9
0.9	671	50	1.619436525	-2.4385715668984185e-12	0	-3.6509214701434404e-10	-6.728548595791473e-9
0.9	672	50	1.619436525	-2.4205526472087523e-12	0	-3.650289400978436e-10	-6.710924305289012e-9
0.9	673	50	1.619436525	-2.4025337275190857e-12	0	-3.6496573318134314e-10	-6.69330001478655e-9
0.9	674	50	1.619436525	-2.384514807829419e-12	0	-3.649025262648427e-10	-6.675675724284089e-9
0.9	675	50	1.619436525	-2.3664958881397524e-12	0	-3.648393193483423e-10	-6.6580514337816275e-9
0.9	676	50	1.619436525	-2.3484769684500862e-12	0	-3.647761124318418e-10	-6.640427143279166e-9
0.9	677	50	1.619436525	-2.3304580487604196e-12	0	-3.6471290551534137e-10	-6.622802852776705e-9
0.9	678	50	1.619436525	-2.312439129070753e-12	0	-3.646496985988409e-10	-6.605178562274243e-9
0.9	679	50	1.619436525	-2.2944202093810868e-12	0	-3.6458649168234046e-10	-6.587554271771782e-9
0.9	680	50	1.619436525	-2.27640128969142e-12	0	-3.6452328476584e-10	-6.56992998126932e-9
0.9	681	50	1.619436525	-2.2595147974868717e-12	0	-3.6445788412152906e-10	-6.553677509472717e-9
0.9	682	50	1.619436525	-2.2426283052823232e-12	0	-3.643924834772181e-10	-6.537425037676114e-9
0.9	683	50	1.619436525	-2.2257418130777748e-12	0	-3.6432708283290716e-10	-6.521172565879511e-9
0.9	684	50	1.619436525	-2.2088553208732263e-12	0	-3.642616821885962e-10	-6.504920094082908e-9
0.9	685	50	1.619436525	-2.191968828668678e-12	0	-3.6419628154428527e-10	-6.488667622286305e-9
0.9	686	50	1.619436525	-2.175082336464129e-12	0	-3.641308808999743e-10	-6.472415150489702e-9
0.9	687	50	1.619436525	-2.1581958442595805e-12	0	-3.6406548025566337e-10	-6.456162678693099e-9
0.9	688	50	1.619436525	-2.141309352055032e-12	0	-3.640000796113524e-10	-6.4399102068964955e-9
0.9	689	50	1.619436525	-2.1244228598504835e-12	0	-3.639346789670415e-10	-6.4236577350998925e-9
0.9	690	50	1.619436525	-2.107536367645935e-12	0	-3.6386927832273053e-10	-6.407405263303289e-9
0.9	691	50	1.619436525	-2.0906498754413866e-12	0	-3.6380387767841953e-10	-6.391152791506687e-9
0.9	692	50	1.619436525	-2.073763383236838e-12	0	-3.637384770341086e-10	-6.374900319710084e-9
0.9	693	50	1.619436525	-2.0568768910322897e-12	0	-3.6367307638979763e-10	-6.358647847913481e-9
0.9	694	50	1.619436525	-2.039990398827741e-12	0	-3.636076757454867e-10	-6.342395376116878e-9
0.9	695	50	1.619436525	-2.0231039066231923e-12	0	-3.6354227510117574e-10	-6.326142904320275e-9
0.9	696	50	1.619436525	-2.006217414418644e-12	0	-3.634768744568648e-10	-6.309890432523672e-9
0.9	697	50	1.619436525	-1.9893309222140954e-12	0	-3.6341147381255384e-10	-6.293637960727069e-9
0.9	698	50	1.619436525	-1.972444430009547e-12	0	-3.633460731682429e-10	-6.277385488930466e-9
0.9	699	50	1.619436525	-1.9555579378049984e-12	0	-3.6328067252393195e-10	-6.261133017133863e-9
0.9	700	50	1.619436525	-1.93867144560045e-12	0	-3.63215271879621e-10	-6.24488054533726e-9
0.9	701	50	1.619436525	-1.9245383064969714e-12	0	-3.6314859956008586e-10	-6.229859602588374e-9
0.9	702	50	1.619436525	-1.910405167393493e-12	0	-3.6308192724055067e-10	-6.214838659839488e-9
0.9	703	50	1.619436525	-1.8962720282900143e-12	0	-3.6301525492101553e-10	-6.1998177170906035e-9
0.9	704	50	1.619436525	-1.882138889186536e-12	0	-3.629485826014804e-10	-6.184796774341718e-9
0.9	705	50	1.619436525	-1.8680057500830575e-12	0	-3.6288191028194526e-10	-6.169775831592832e-9
0.9	706	50	1.619436525	-1.853872610979579e-12	0	-3.628152379624101e-10	-6.1547548888439466e-9
0.9	707	50	1.619436525	-1.8397394718761004e-12	0	-3.6274856564287493e-10	-6.139733946095061e-9
0.9	708	50	1.619436525	-1.825606332772622e-12	0	-3.626818933233398e-10	-6.124713003346176e-9
0.9	709	50	1.619436525	-1.8114731936691435e-12	0	-3.6261522100380465e-10	-6.1096920605972905e-9
0.9	710	50	1.619436525	-1.7973400545656651e-12	0	-3.6254854868426946e-10	-6.094671117848405e-9
0.9	711	50	1.619436525	-1.7832069154621865e-12	0	-3.6248187636473433e-10	-6.079650175099519e-9
0.9	712	50	1.619436525	-1.769073776358708e-12	0	-3.624152040451992e-10	-6.0646292323506335e-9
0.9	713	50	1.619436525	-1.7549406372552296e-12	0	-3.6234853172566405e-10	-6.049608289601749e-9
0.9	714	50	1.619436525	-1.740807498151751e-12	0	-3.622818594061289e-10	-6.034587346852863e-9
0.9	715	50	1.619436525	-1.7266743590482725e-12	0	-3.622151870865937e-10	-6.0195664041039774e-9
0.9	716	50	1.619436525	-1.7125412199447941e-12	0	-3.621485147670586e-10	-6.004545461355092e-9
0.9	717	50	1.619436525	-1.6984080808413156e-12	0	-3.6208184244752345e-10	-5.989524518606206e-9
0.9	718	50	1.619436525	-1.684274941737837e-12	0	-3.6201517012798826e-10	-5.974503575857321e-9
0.9	719	50	1.619436525	-1.6701418026343586e-12	0	-3.619484978084531e-10	-5.959482633108436e-9
0.9	720	50	1.619436525	-1.65600866353088e-12	0	-3.61881825488918e-10	-5.94446169035955e-9
0.9	721	50	1.619436525	-1.6437629035692645e-12	0	-3.6181460511495836e-10	-5.93054953804496e-9
0.9	722	50	1.619436525	-1.631517143607649e-12	0	-3.617473847409988e-10	-5.91663738573037e-9
0.9	723	50	1.619436525	-1.6192713836460335e-12	0	-3.6168016436703917e-10	-5.90272523341578e-9
0.9	724	50	1.619436525	-1.607025623684418e-12	0	-3.616129439930796e-10	-5.88881308110119e-9
0.9	725	50	1.619436525	-1.5947798637228025e-12	0	-3.6154572361912e-10	-5.8749009287865995e-9
0.9	726	50	1.619436525	-1.582534103761187e-12	0	-3.614785032451604e-10	-5.86098877647201e-9
0.9	727	50	1.619436525	-1.5702883437995715e-12	0	-3.614112828712008e-10	-5.84707662415742e-9
0.9	728	50	1.619436525	-1.5580425838379559e-12	0	-3.613440624972412e-10	-5.83316447184283e-9
0.9	729	50	1.619436525	-1.5457968238763405e-12	0	-3.612768421232816e-10	-5.81925231952824e-9
0.9	730	50	1.619436525	-1.533551063914725e-12	0	-3.6120962174932197e-10	-5.80534016721365e-9
0.9	731	50	1.619436525	-1.5213053039531095e-12	0	-3.611424013753624e-10	-5.79142801489906e-9
0.9	732	50	1.619436525	-1.5090595439914939e-12	0	-3.610751810014028e-10	-5.7775158625844695e-9
0.9	733	50	1.619436525	-1.4968137840298785e-12	0	-3.610079606274432e-10	-5.76360371026988e-9
0.9	734	50	1.619436525	-1.484568024068263e-12	0	-3.609407402534836e-10	-5.74969155795529e-9
0.9	735	50	1.619436525	-1.4723222641066475e-12	0	-3.60873519879524e-10	-5.7357794056407e-9
0.9	736	50	1.619436525	-1.460076504145032e-12	0	-3.608062995055644e-10	-5.7218672533261095e-9
0.9	737	50	1.619436525	-1.4478307441834165e-12	0	-3.6073907913160483e-10	-5.70795510101152e-9
0.9	738	50	1.619436525	-1.435584984221801e-12	0	-3.606718587576452e-10	-5.69404294869693e-9
0.9	739	50	1.619436525	-1.4233392242601855e-12	0	-3.6060463838368564e-10	-5.680130796382339e-9
0.9	740	50	1.619436525	-1.41109346429857e-12	0	-3.60537418009726e-10	-5.66621864406775e-9
0.9	741	50	1.619436525	-1.400324300959706e-12	0	-3.6047013184712404e-10	-5.6533075927734034e-9
0.9	742	50	1.619436525	-1.3895551376208419e-12	0	-3.604028456845221e-10	-5.640396541479058e-9
0.9	743	50	1.619436525	-1.3787859742819779e-12	0	-3.6033555952192015e-10	-5.627485490184712e-9
0.9	744	50	1.619436525	-1.3680168109431139e-12	0	-3.6026827335931823e-10	-5.614574438890366e-9
0.9	745	50	1.619436525	-1.3572476476042498e-12	0	-3.6020098719671626e-10	-5.6016633875960195e-9
0.9	746	50	1.619436525	-1.346478484265386e-12	0	-3.601337010341143e-10	-5.588752336301673e-9
0.9	747	50	1.619436525	-1.335709320926522e-12	0	-3.6006641487151236e-10	-5.575841285007328e-9
0.9	748	50	1.619436525	-1.324940157587658e-12	0	-3.599991287089104e-10	-5.562930233712982e-9
0.9	749	50	1.619436525	-1.314170994248794e-12	0	-3.5993184254630847e-10	-5.5500191824186355e-9
0.9	750	50	1.619436525	-1.30340183090993e-12	0	-3.598645563837065e-10	-5.53710813112429e-9
0.9	751	50	1.619436525	-1.292632667571066e-12	0	-3.5979727022110453e-10	-5.524197079829944e-9
0.9	752	50	1.619436525	-1.281863504232202e-12	0	-3.597299840585026e-10	-5.511286028535598e-9
0.9	753	50	1.619436525	-1.2710943408933379e-12	0	-3.5966269789590063e-10	-5.4983749772412515e-9
0.9	754	50	1.619436525	-1.2603251775544739e-12	0	-3.595954117332987e-10	-5.485463925946905e-9
0.9	755	50	1.619436525	-1.24955601421561e-12	0	-3.5952812557069674e-10	-5.47255287465256e-9
0.9	756	50	1.619436525	-1.238786850876746e-12	0	-3.5946083940809477e-10	-5.459641823358214e-9
0.9	757	50	1.619436525	-1.228017687537882e-12	0	-3.5939355324549285e-10	-5.4467307720638675e-9
0.9	758	50	1.619436525	-1.217248524199018e-12	0	-3.593262670828909e-10	-5.433819720769522e-9
0.9	759	50	1.619436525	-1.206479360860154e-12	0	-3.5925898092028896e-10	-5.420908669475176e-9
0.9	760	50	1.619436525	-1.19571019752129e-12	0	-3.59191694757687e-10	-5.40799761818083e-9
0.9	761	50	1.619436525	-1.1847300918077474e-12	0	-3.5912474578284393e-10	-5.395993068639333e-9
0.9	762	50	1.619436525	-1.1737499860942048e-12	0	-3.5905779680800087e-10	-5.383988519097837e-9
0.9	763	50	1.619436525	-1.1627698803806623e-12	0	-3.589908478331578e-10	-5.3719839695563404e-9
0.9	764	50	1.619436525	-1.1517897746671195e-12	0	-3.5892389885831476e-10	-5.359979420014844e-9
0.9	765	50	1.619436525	-1.140809668953577e-12	0	-3.5885694988347176e-10	-5.3479748704733476e-9
0.9	766	50	1.619436525	-1.1298295632400344e-12	0	-3.587900009086287e-10	-5.335970320931851e-9
0.9	767	50	1.619436525	-1.1188494575264919e-12	0	-3.5872305193378565e-10	-5.323965771390355e-9
0.9	768	50	1.619436525	-1.1078693518129491e-12	0	-3.586561029589426e-10	-5.311961221848858e-9
0.9	769	50	1.619436525	-1.0968892460994066e-12	0	-3.5858915398409954e-10	-5.299956672307362e-9
0.9	770	50	1.619436525	-1.085909140385864e-12	0	-3.585222050092565e-10	-5.287952122765865e-9
0.9	771	50	1.619436525	-1.0749290346723214e-12	0	-3.584552560344134e-10	-5.275947573224368e-9
0.9	772	50	1.619436525	-1.0639489289587789e-12	0	-3.5838830705957037e-10	-5.263943023682872e-9
0.9	773	50	1.619436525	-1.0529688232452361e-12	0	-3.583213580847273e-10	-5.251938474141375e-9
0.9	774	50	1.619436525	-1.0419887175316936e-12	0	-3.5825440910988426e-10	-5.239933924599879e-9
0.9	775	50	1.619436525	-1.031008611818151e-12	0	-3.581874601350412e-10	-5.227929375058382e-9
0.9	776	50	1.619436525	-1.0200285061046085e-12	0	-3.581205111601982e-10	-5.215924825516886e-9
0.9	777	50	1.619436525	-1.009048400391066e-12	0	-3.5805356218535514e-10	-5.2039202759753895e-9
0.9	778	50	1.619436525	-9.980682946775231e-13	0	-3.579866132105121e-10	-5.191915726433893e-9
0.9	779	50	1.619436525	-9.870881889639806e-13	0	-3.5791966423566903e-10	-5.179911176892397e-9
0.9	780	50	1.619436525	-9.76108083250438e-13	0	-3.57852715260826e-10	-5.1679066273509e-9
0.9	781	50	1.619436525	-9.70901137264946e-13	0	-3.577864423156252e-10	-5.15672473396253e-9
0.9	782	50	1.619436525	-9.65694191279454e-13	0	-3.5772016937042437e-10	-5.14554284057416e-9
0.9	783	50	1.619436525	-9.60487245293962e-13	0	-3.576538964252236e-10	-5.13436094718579e-9
0.9	784	50	1.619436525	-9.5528029930847e-13	0	-3.5758762348002277e-10	-5.1231790537974205e-9
0.9	785	50	1.619436525	-9.500733533229781e-13	0	-3.57521350534822e-10	-5.11199716040905e-9
0.9	786	50	1.619436525	-9.44866407337486e-13	0	-3.574550775896212e-10	-5.10081526702068e-9
0.9	787	50	1.619436525	-9.39659461351994e-13	0	-3.573888046444204e-10	-5.08963337363231e-9
0.9	788	50	1.619436525	-9.34452515366502e-13	0	-3.573225316992196e-10	-5.07845148024394e-9
0.9	789	50	1.619436525	-9.2924556938101e-13	0	-3.572562587540188e-10	-5.0672695868555706e-9
0.9	790	50	1.619436525	-9.24038623395518e-13	0	-3.57189985808818e-10	-5.0560876934672e-9
0.9	791	50	1.619436525	-9.18831677410026e-13	0	-3.571237128636172e-10	-5.04490580007883e-9
0.9	792	50	1.619436525	-9.136247314245341e-13	0	-3.570574399184164e-10	-5.03372390669046e-9
0.9	793	50	1.619436525	-9.084177854390421e-13	0	-3.569911669732156e-10	-5.02254201330209e-9
0.9	794	50	1.619436525	-9.0321083945355e-13	0	-3.569248940280148e-10	-5.0113601199137206e-9
0.9	795	50	1.619436525	-8.980038934680581e-13	0	-3.56858621082814e-10	-5.00017822652535e-9
0.9	796	50	1.619436525	-8.92796947482566e-13	0	-3.5679234813761323e-10	-4.98899633313698e-9
0.9	797	50	1.619436525	-8.875900014970741e-13	0	-3.567260751924124e-10	-4.9778144397486104e-9
0.9	798	50	1.619436525	-8.82383055511582e-13	0	-3.566598022472116e-10	-4.96663254636024e-9
0.9	799	50	1.619436525	-8.771761095260901e-13	0	-3.565935293020108e-10	-4.955450652971871e-9
0.9	800	50	1.619436525	-8.71969163540598e-13	0	-3.5652725635681e-10	-4.9442687595835e-9
0.9	801	50	1.619436525	-8.629874592713806e-13	0	-3.564618447155358e-10	-4.933835224232112e-9
0.9	802	50	1.619436525	-8.54005755002163e-13	0	-3.563964330742616e-10	-4.923401688880724e-9
0.9	803	50	1.619436525	-8.450240507329455e-13	0	-3.563310214329874e-10	-4.912968153529336e-9
0.9	804	50	1.619436525	-8.36042346463728e-13	0	-3.562656097917132e-10	-4.902534618177948e-9
0.9	805	50	1.619436525	-8.270606421945106e-13	0	-3.56200198150439e-10	-4.89210108282656e-9
0.9	806	50	1.619436525	-8.180789379252931e-13	0	-3.561347865091648e-10	-4.881667547475172e-9
0.9	807	50	1.619436525	-8.090972336560755e-13	0	-3.560693748678906e-10	-4.871234012123784e-9
0.9	808	50	1.619436525	-8.00115529386858e-13	0	-3.560039632266164e-10	-4.860800476772396e-9
0.9	809	50	1.619436525	-7.911338251176406e-13	0	-3.559385515853422e-10	-4.850366941421008e-9
0.9	810	50	1.619436525	-7.82152120848423e-13	0	-3.55873139944068e-10	-4.839933406069621e-9
0.9	811	50	1.619436525	-7.731704165792055e-13	0	-3.558077283027938e-10	-4.829499870718233e-9
0.9	812	50	1.619436525	-7.64188712309988e-13	0	-3.557423166615196e-10	-4.8190663353668446e-9
0.9	813	50	1.619436525	-7.552070080407706e-13	0	-3.556769050202454e-10	-4.8086328000154565e-9
0.9	814	50	1.619436525	-7.462253037715531e-13	0	-3.556114933789712e-10	-4.7981992646640685e-9
0.9	815	50	1.619436525	-7.372435995023355e-13	0	-3.55546081737697e-10	-4.7877657293126804e-9
0.9	816	50	1.619436525	-7.28261895233118e-13	0	-3.554806700964228e-10	-4.777332193961292e-9
0.9	817	50	1.619436525	-7.192801909639006e-13	0	-3.554152584551486e-10	-4.766898658609904e-9
0.9	818	50	1.619436525	-7.10298486694683e-13	0	-3.553498468138744e-10	-4.756465123258516e-9
0.9	819	50	1.619436525	-7.013167824254655e-13	0	-3.552844351726002e-10	-4.746031587907128e-9
0.9	820	50	1.619436525	-6.92335078156248e-13	0	-3.55219023531326e-10	-4.73559805255574e-9
0.9	821	50	1.619436525	-6.862399537510559e-13	0	-3.5515468617029957e-10	-4.7258466877278355e-9
0.9	822	50	1.619436525	-6.801448293458637e-13	0	-3.550903488092731e-10	-4.71609532289993e-9
0.9	823	50	1.619436525	-6.740497049406716e-13	0	-3.5502601144824666e-10	-4.706343958072025e-9
0.9	824	50	1.619436525	-6.679545805354794e-13	0	-3.549616740872202e-10	-4.6965925932441204e-9
0.9	825	50	1.619436525	-6.618594561302873e-13	0	-3.548973367261938e-10	-4.686841228416215e-9
0.9	826	50	1.619436525	-6.557643317250951e-13	0	-3.5483299936516734e-10	-4.67708986358831e-9
0.9	827	50	1.619436525	-6.496692073199029e-13	0	-3.547686620041409e-10	-4.667338498760405e-9
0.9	828	50	1.619436525	-6.435740829147109e-13	0	-3.5470432464311443e-10	-4.6575871339325e-9
0.9	829	50	1.619436525	-6.374789585095187e-13	0	-3.54639987282088e-10	-4.647835769104595e-9
0.9	830	50	1.619436525	-6.313838341043265e-13	0	-3.545756499210615e-10	-4.6380844042766895e-9
0.9	831	50	1.619436525	-6.252887096991344e-13	0	-3.5451131256003507e-10	-4.628333039448785e-9
0.9	832	50	1.619436525	-6.191935852939422e-13	0	-3.544469751990086e-10	-4.61858167462088e-9
0.9	833	50	1.619436525	-6.130984608887501e-13	0	-3.5438263783798216e-10	-4.6088303097929745e-9
0.9	834	50	1.619436525	-6.070033364835579e-13	0	-3.543183004769557e-10	-4.59907894496507e-9
0.9	835	50	1.619436525	-6.009082120783658e-13	0	-3.5425396311592924e-10	-4.589327580137165e-9
0.9	836	50	1.619436525	-5.948130876731736e-13	0	-3.5418962575490284e-10	-4.5795762153092595e-9
0.9	837	50	1.619436525	-5.887179632679814e-13	0	-3.541252883938764e-10	-4.569824850481355e-9
0.9	838	50	1.619436525	-5.826228388627894e-13	0	-3.5406095103284993e-10	-4.56007348565345e-9
0.9	839	50	1.619436525	-5.765277144575972e-13	0	-3.539966136718235e-10	-4.5503221208255444e-9
0.9	840	50	1.619436525	-5.70432590052405e-13	0	-3.53932276310797e-10	-4.54057075599764e-9
0.9	841	50	1.619436525	-5.637490474441616e-13	0	-3.5386909530417514e-10	-4.531443052548663e-9
0.9	842	50	1.619436525	-5.570655048359182e-13	0	-3.538059142975532e-10	-4.522315349099687e-9
0.9	843	50	1.619436525	-5.503819622276749e-13	0	-3.537427332909313e-10	-4.51318764565071e-9
0.9	844	50	1.619436525	-5.436984196194314e-13	0	-3.5367955228430943e-10	-4.5040599422017335e-9
0.9	845	50	1.619436525	-5.37014877011188e-13	0	-3.536163712776875e-10	-4.494932238752757e-9
0.9	846	50	1.619436525	-5.303313344029446e-13	0	-3.535531902710656e-10	-4.485804535303781e-9
0.9	847	50	1.619436525	-5.236477917947012e-13	0	-3.5349000926444373e-10	-4.4766768318548045e-9
0.9	848	50	1.619436525	-5.169642491864579e-13	0	-3.534268282578218e-10	-4.467549128405827e-9
0.9	849	50	1.619436525	-5.102807065782144e-13	0	-3.533636472511999e-10	-4.458421424956851e-9
0.9	850	50	1.619436525	-5.03597163969971e-13	0	-3.5330046624457803e-10	-4.449293721507875e-9
0.9	851	50	1.619436525	-4.969136213617276e-13	0	-3.532372852379561e-10	-4.440166018058898e-9
0.9	852	50	1.619436525	-4.902300787534842e-13	0	-3.531741042313342e-10	-4.431038314609922e-9
0.9	853	50	1.619436525	-4.835465361452408e-13	0	-3.531109232247123e-10	-4.421910611160945e-9
0.9	854	50	1.619436525	-4.768629935369974e-13	0	-3.530477422180904e-10	-4.4127829077119685e-9
0.9	855	50	1.619436525	-4.70179450928754e-13	0	-3.529845612114685e-10	-4.403655204262992e-9
0.9	856	50	1.619436525	-4.634959083205106e-13	0	-3.529213802048466e-10	-4.394527500814016e-9
0.9	857	50	1.619436525	-4.568123657122672e-13	0	-3.528581991982247e-10	-4.3853997973650394e-9
0.9	858	50	1.619436525	-4.501288231040238e-13	0	-3.527950181916028e-10	-4.376272093916062e-9
0.9	859	50	1.619436525	-4.434452804957804e-13	0	-3.527318371849809e-10	-4.367144390467086e-9
0.9	860	50	1.619436525	-4.36761737887537e-13	0	-3.52668656178359e-10	-4.35801668701811e-9
0.9	861	50	1.619436525	-4.322875390982976e-13	0	-3.526067375002657e-10	-4.349460079168224e-9
0.9	862	50	1.619436525	-4.278133403090582e-13	0	-3.525448188221724e-10	-4.3409034713183374e-9
0.9	863	50	1.619436525	-4.233391415198188e-13	0	-3.524829001440791e-10	-4.332346863468452e-9
0.9	864	50	1.619436525	-4.188649427305794e-13	0	-3.524209814659858e-10	-4.323790255618565e-9
0.9	865	50	1.619436525	-4.1439074394134e-13	0	-3.523590627878925e-10	-4.31523364776868e-9
0.9	866	50	1.619436525	-4.099165451521006e-13	0	-3.522971441097992e-10	-4.306677039918794e-9
0.9	867	50	1.619436525	-4.054423463628612e-13	0	-3.522352254317059e-10	-4.2981204320689074e-9
0.9	868	50	1.619436525	-4.009681475736218e-13	0	-3.521733067536126e-10	-4.289563824219022e-9
0.9	869	50	1.619436525	-3.964939487843824e-13	0	-3.521113880755193e-10	-4.281007216369135e-9
0.9	870	50	1.619436525	-3.92019749995143e-13	0	-3.5204946939742597e-10	-4.27245060851925e-9
0.9	871	50	1.619436525	-3.8754555120590363e-13	0	-3.519875507193327e-10	-4.263894000669364e-9
0.9	872	50	1.619436525	-3.830713524166642e-13	0	-3.519256320412394e-10	-4.2553373928194774e-9
0.9	873	50	1.619436525	-3.785971536274248e-13	0	-3.5186371336314607e-10	-4.246780784969592e-9
0.9	874	50	1.619436525	-3.741229548381854e-13	0	-3.518017946850528e-10	-4.238224177119705e-9
0.9	875	50	1.619436525	-3.69648756048946e-13	0	-3.517398760069595e-10	-4.22966756926982e-9
0.9	876	50	1.619436525	-3.651745572597066e-13	0	-3.516779573288662e-10	-4.221110961419934e-9
0.9	877	50	1.619436525	-3.607003584704672e-13	0	-3.516160386507729e-10	-4.2125543535700475e-9
0.9	878	50	1.619436525	-3.562261596812278e-13	0	-3.515541199726796e-10	-4.203997745720162e-9
0.9	879	50	1.619436525	-3.517519608919884e-13	0	-3.514922012945863e-10	-4.195441137870275e-9
0.9	880	50	1.619436525	-3.47277762102749e-13	0	-3.51430282616493e-10	-4.18688453002039e-9
0.9	881	50	1.619436525	-3.4144909122346694e-13	0	-3.5136974940926604e-10	-4.1788516828672975e-9
0.9	882	50	1.619436525	-3.356204203441849e-13	0	-3.513092162020391e-10	-4.1708188357142044e-9
0.9	883	50	1.619436525	-3.2979174946490285e-13	0	-3.5124868299481213e-10	-4.162785988561112e-9
0.9	884	50	1.619436525	-3.239630785856208e-13	0	-3.5118814978758517e-10	-4.15475314140802e-9
0.9	885	50	1.619436525	-3.1813440770633876e-13	0	-3.511276165803582e-10	-4.146720294254927e-9
0.9	886	50	1.619436525	-3.123057368270567e-13	0	-3.510670833731313e-10	-4.138687447101835e-9
0.9	887	50	1.619436525	-3.0647706594777466e-13	0	-3.5100655016590436e-10	-4.130654599948743e-9
0.9	888	50	1.619436525	-3.006483950684926e-13	0	-3.509460169586774e-10	-4.12262175279565e-9
0.9	889	50	1.619436525	-2.948197241892105e-13	0	-3.5088548375145044e-10	-4.1145889056425576e-9
0.9	890	50	1.619436525	-2.889910533099285e-13	0	-3.508249505442235e-10	-4.106556058489465e-9
0.9	891	50	1.619436525	-2.8316238243064643e-13	0	-3.5076441733699653e-10	-4.098523211336372e-9
0.9	892	50	1.619436525	-2.773337115513644e-13	0	-3.507038841297696e-10	-4.09049036418328e-9
0.9	893	50	1.619436525	-2.7150504067208233e-13	0	-3.506433509225426e-10	-4.082457517030187e-9
0.9	894	50	1.619436525	-2.6567636979280026e-13	0	-3.5058281771531566e-10	-4.074424669877095e-9
0.9	895	50	1.619436525	-2.5984769891351824e-13	0	-3.505222845080887e-10	-4.066391822724003e-9
0.9	896	50	1.619436525	-2.5401902803423617e-13	0	-3.504617513008618e-10	-4.05835897557091e-9
0.9	897	50	1.619436525	-2.4819035715495415e-13	0	-3.5040121809363485e-10	-4.050326128417818e-9
0.9	898	50	1.619436525	-2.423616862756721e-13	0	-3.503406848864079e-10	-4.0422932812647255e-9
0.9	899	50	1.619436525	-2.3653301539639006e-13	0	-3.5028015167918093e-10	-4.0342604341116325e-9
0.9	900	50	1.619436525	-2.30704344517108e-13	0	-3.50219618471954e-10	-4.02622758695854e-9
0.9	901	50	1.619436525	-2.2860602300056643e-13	0	-3.501604768766443e-10	-4.018676215122075e-9
0.9	902	50	1.619436525	-2.2650770148402487e-13	0	-3.501013352813346e-10	-4.011124843285608e-9
0.9	903	50	1.619436525	-2.2440937996748334e-13	0	-3.5004219368602486e-10	-4.003573471449142e-9
0.9	904	50	1.619436525	-2.2231105845094178e-13	0	-3.499830520907152e-10	-3.996022099612676e-9
0.9	905	50	1.619436525	-2.2021273693440023e-13	0	-3.499239104954055e-10	-3.988470727776211e-9
0.9	906	50	1.619436525	-2.181144154178587e-13	0	-3.498647689000958e-10	-3.980919355939744e-9
0.9	907	50	1.619436525	-2.1601609390131714e-13	0	-3.4980562730478606e-10	-3.973367984103278e-9
0.9	908	50	1.619436525	-2.1391777238477559e-13	0	-3.497464857094764e-10	-3.965816612266812e-9
0.9	909	50	1.619436525	-2.1181945086823403e-13	0	-3.496873441141667e-10	-3.958265240430347e-9
0.9	910	50	1.619436525	-2.0972112935169247e-13	0	-3.49628202518857e-10	-3.95071386859388e-9
0.9	911	50	1.619436525	-2.0762280783515094e-13	0	-3.4956906092354727e-10	-3.943162496757414e-9
0.9	912	50	1.619436525	-2.055244863186094e-13	0	-3.495099193282376e-10	-3.935611124920948e-9
0.9	913	50	1.619436525	-2.0342616480206783e-13	0	-3.4945077773292793e-10	-3.9280597530844826e-9
0.9	914	50	1.619436525	-2.013278432855263e-13	0	-3.493916361376182e-10	-3.920508381248016e-9
0.9	915	50	1.619436525	-1.9922952176898475e-13	0	-3.493324945423085e-10	-3.91295700941155e-9
0.9	916	50	1.619436525	-1.971312002524432e-13	0	-3.492733529469988e-10	-3.905405637575084e-9
0.9	917	50	1.619436525	-1.9503287873590163e-13	0	-3.4921421135168913e-10	-3.8978542657386185e-9
0.9	918	50	1.619436525	-1.9293455721936008e-13	0	-3.491550697563794e-10	-3.890302893902152e-9
0.9	919	50	1.619436525	-1.9083623570281855e-13	0	-3.490959281610697e-10	-3.882751522065686e-9
0.9	920	50	1.619436525	-1.88737914186277e-13	0	-3.4903678656576e-10	-3.87520015022922e-9
0.9	921	50	1.619436525	-1.8405277302235882e-13	0	-3.4897894888469185e-10	-3.868092129965283e-9
0.9	922	50	1.619436525	-1.7936763185844063e-13	0	-3.489211112036237e-10	-3.860984109701345e-9
0.9	923	50	1.619436525	-1.7468249069452244e-13	0	-3.488632735225556e-10	-3.853876089437408e-9
0.9	924	50	1.619436525	-1.6999734953060428e-13	0	-3.488054358414874e-10	-3.84676806917347e-9
0.9	925	50	1.619436525	-1.653122083666861e-13	0	-3.4874759816041925e-10	-3.839660048909533e-9
0.9	926	50	1.619436525	-1.6062706720276792e-13	0	-3.486897604793511e-10	-3.832552028645595e-9
0.9	927	50	1.619436525	-1.5594192603884973e-13	0	-3.4863192279828293e-10	-3.825444008381658e-9
0.9	928	50	1.619436525	-1.5125678487493156e-13	0	-3.485740851172148e-10	-3.81833598811772e-9
0.9	929	50	1.619436525	-1.4657164371101337e-13	0	-3.4851624743614666e-10	-3.811227967853783e-9
0.9	930	50	1.619436525	-1.418865025470952e-13	0	-3.484584097550785e-10	-3.804119947589845e-9
0.9	931	50	1.619436525	-1.3720136138317702e-13	0	-3.4840057207401033e-10	-3.797011927325907e-9
0.9	932	50	1.619436525	-1.3251622021925883e-13	0	-3.4834273439294217e-10	-3.78990390706197e-9
0.9	933	50	1.619436525	-1.2783107905534066e-13	0	-3.4828489671187406e-10	-3.782795886798032e-9
0.9	934	50	1.619436525	-1.2314593789142247e-13	0	-3.482270590308059e-10	-3.775687866534095e-9
0.9	935	50	1.619436525	-1.184607967275043e-13	0	-3.4816922134973773e-10	-3.768579846270157e-9
0.9	936	50	1.619436525	-1.1377565556358611e-13	0	-3.4811138366866957e-10	-3.76147182600622e-9
0.9	937	50	1.619436525	-1.0909051439966793e-13	0	-3.480535459876014e-10	-3.754363805742282e-9
0.9	938	50	1.619436525	-1.0440537323574976e-13	0	-3.479957083065333e-10	-3.747255785478345e-9
0.9	939	50	1.619436525	-9.972023207183158e-14	0	-3.4793787062546514e-10	-3.740147765214407e-9
0.9	940	50	1.619436525	-9.50350909079134e-14	0	-3.47880032944397e-10	-3.73303974495047e-9
0.9	941	50	1.619436525	-9.28812582401406e-14	0	-3.4782362805096213e-10	-3.72634083659927e-9
0.9	942	50	1.619436525	-9.07274255723678e-14	0	-3.477672231575273e-10	-3.71964192824807e-9
0.9	943	50	1.619436525	-8.857359290459498e-14	0	-3.4771081826409243e-10	-3.71294301989687e-9
0.9	944	50	1.619436525	-8.641976023682218e-14	0	-3.476544133706576e-10	-3.70624411154567e-9
0.9	945	50	1.619436525	-8.426592756904938e-14	0	-3.4759800847722273e-10	-3.69954520319447e-9
0.9	946	50	1.619436525	-8.211209490127657e-14	0	-3.475416035837879e-10	-3.69284629484327e-9
0.9	947	50	1.619436525	-7.995826223350377e-14	0	-3.4748519869035304e-10	-3.68614738649207e-9
0.9	948	50	1.619436525	-7.780442956573097e-14	0	-3.474287937969182e-10	-3.67944847814087e-9
0.9	949	50	1.619436525	-7.565059689795815e-14	0	-3.4737238890348334e-10	-3.67274956978967e-9
0.9	950	50	1.619436525	-7.349676423018535e-14	0	-3.473159840100485e-10	-3.66605066143847e-9
0.9	951	50	1.619436525	-7.134293156241255e-14	0	-3.4725957911661364e-10	-3.65935175308727e-9
0.9	952	50	1.619436525	-6.918909889463974e-14	0	-3.472031742231788e-10	-3.65265284473607e-9
0.9	953	50	1.619436525	-6.703526622686693e-14	0	-3.4714676932974395e-10	-3.64595393638487e-9
0.9	954	50	1.619436525	-6.488143355909413e-14	0	-3.470903644363091e-10	-3.63925502803367e-9
0.9	955	50	1.619436525	-6.272760089132132e-14	0	-3.4703395954287425e-10	-3.63255611968247e-9
0.9	956	50	1.619436525	-6.057376822354852e-14	0	-3.469775546494394e-10	-3.62585721133127e-9
0.9	957	50	1.619436525	-5.841993555577572e-14	0	-3.4692114975600455e-10	-3.61915830298007e-9
0.9	958	50	1.619436525	-5.626610288800291e-14	0	-3.468647448625697e-10	-3.61245939462887e-9
0.9	959	50	1.619436525	-5.411227022023011e-14	0	-3.4680833996913485e-10	-3.60576048627767e-9
0.9	960	50	1.619436525	-5.19584375524573e-14	0	-3.467519350757e-10	-3.59906157792647e-9
0.9	961	50	1.619436525	-4.709010958947599e-14	0	-3.4669693488574397e-10	-3.592740618776988e-9
0.9	962	50	1.619436525	-4.222178162649467e-14	0	-3.466419346957879e-10	-3.586419659627505e-9
0.9	963	50	1.619436525	-3.735345366351337e-14	0	-3.4658693450583184e-10	-3.5800987004780228e-9
0.9	964	50	1.619436525	-3.248512570053206e-14	0	-3.465319343158758e-10	-3.57377774132854e-9
0.9	965	50	1.619436525	-2.7616797737550744e-14	0	-3.4647693412591977e-10	-3.5674567821790577e-9
0.9	966	50	1.619436525	-2.2748469774569442e-14	0	-3.4642193393596373e-10	-3.561135823029575e-9
0.9	967	50	1.619436525	-1.7880141811588128e-14	0	-3.4636693374600764e-10	-3.5548148638800927e-9
0.9	968	50	1.619436525	-1.3011813848606814e-14	0	-3.463119335560516e-10	-3.54849390473061e-9
0.9	969	50	1.619436525	-8.143485885625507e-15	0	-3.4625693336609557e-10	-3.5421729455811276e-9
0.9	970	50	1.619436525	-3.275157922644199e-15	0	-3.462019331761395e-10	-3.535851986431645e-9
0.9	971	50	1.619436525	1.5931700403371148e-15	0	-3.4614693298618344e-10	-3.5295310272821626e-9
0.9	972	50	1.619436525	6.4614980033184224e-15	0	-3.460919327962274e-10	-3.5232100681326803e-9
0.9	973	50	1.619436525	1.132982596629973e-14	0	-3.4603693260627137e-10	-3.5168891089831975e-9
0.9	974	50	1.619436525	1.6198153929281044e-14	0	-3.4598193241631533e-10	-3.5105681498337152e-9
0.9	975	50	1.619436525	2.1066481892262352e-14	0	-3.4592693222635924e-10	-3.5042471906842325e-9
0.9	976	50	1.619436525	2.5934809855243662e-14	0	-3.458719320364032e-10	-3.49792623153475e-9
0.9	977	50	1.619436525	3.0803137818224973e-14	0	-3.4581693184644717e-10	-3.4916052723852674e-9
0.9	978	50	1.619436525	3.567146578120628e-14	0	-3.457619316564911e-10	-3.485284313235785e-9
0.9	979	50	1.619436525	4.0539793744187595e-14	0	-3.4570693146653504e-10	-3.4789633540863024e-9
0.9	980	50	1.619436525	4.54081217071689e-14	0	-3.45651931276579e-10	-3.47264239493682e-9
0.9	981	50	1.619436525	4.757305660518796e-14	0	-3.455983084774482e-10	-3.4666711322009674e-9
0.9	982	50	1.619436525	4.973799150320701e-14	0	-3.455446856783174e-10	-3.460699869465115e-9
0.9	983	50	1.619436525	5.190292640122607e-14	0	-3.454910628791866e-10	-3.4547286067292624e-9
0.9	984	50	1.619436525	5.4067861299245124e-14	0	-3.454374400800558e-10	-3.44875734399341e-9
0.9	985	50	1.619436525	5.623279619726418e-14	0	-3.45383817280925e-10	-3.4427860812575575e-9
0.9	986	50	1.619436525	5.839773109528323e-14	0	-3.453301944817942e-10	-3.4368148185217052e-9
0.9	987	50	1.619436525	6.056266599330229e-14	0	-3.452765716826634e-10	-3.4308435557858525e-9
0.9	988	50	1.619436525	6.272760089132134e-14	0	-3.452229488835326e-10	-3.4248722930500003e-9
0.9	989	50	1.619436525	6.48925357893404e-14	0	-3.451693260844018e-10	-3.4189010303141476e-9
0.9	990	50	1.619436525	6.705747068735946e-14	0	-3.4511570328527097e-10	-3.412929767578295e-9
0.9	991	50	1.619436525	6.922240558537851e-14	0	-3.450620804861402e-10	-3.4069585048424426e-9
0.9	992	50	1.619436525	7.138734048339757e-14	0	-3.450084576870094e-10	-3.40098724210659e-9
0.9	993	50	1.619436525	7.355227538141662e-14	0	-3.449548348878786e-10	-3.3950159793707377e-9
0.9	994	50	1.619436525	7.571721027943566e-14	0	-3.449012120887478e-10	-3.389044716634885e-9
0.9	995	50	1.619436525	7.788214517745472e-14	0	-3.44847589289617e-10	-3.3830734538990327e-9
0.9	996	50	1.619436525	8.004708007547377e-14	0	-3.447939664904862e-10	-3.37710219116318e-9
0.9	997	50	1.619436525	8.221201497349283e-14	0	-3.4474034369135537e-10	-3.3711309284273277e-9
0.9	998	50	1.619436525	8.437694987151188e-14	0	-3.4468672089222456e-10	-3.365159665691475e-9
0.9	999	50	1.619436525	8.654188476953094e-14	0	-3.446330980930938e-10	-3.3591884029556228e-9
0.9	1000	50	1.619436525	8.870681966755e-14	0	-3.44579475293963e-10	-3.35321714021977e-9
