#0.9	906	160	1.619436525	1.66533453694e-15	0	-1.91489297871e-11	-2.95809575645e-09


0.9	19	25	1.619436525	-6.10155594049644e-06	0	-1.90891573732712e-06	1.96379199558471e-07
0.9	20	25	1.619436525	-4.95156724045209e-06	0	3.04024710161581e-05	1.3275268973052e-06
0.9	21	25	1.619436525	-4.06452918300104e-06	0	1.14293715207376e-05	3.80975565736614e-07
0.9	22	25	1.619436525	-3.36475417306303e-06	0	9.6951602936443e-06	8.37559799702302e-08
0.9	23	25	1.619436525	-2.80975992827948e-06	0	1.30832062228804e-05	9.46384720205733e-08
0.9	24	25	1.619436525	-2.3649464848674e-06	0	7.06231249025169e-06	-1.94819041610324e-07
0.9	25	25	1.619436525	-2.00436232122847e-06	0	7.08271820691264e-06	-2.82797838734075e-07
0.9	26	25	1.619436525	-1.71007384563993e-06	0	6.73221755470406e-06	-3.57760249863589e-07
0.9	27	25	1.619436525	-1.4678599498108e-06	0	5.00627999657719e-06	-4.51227709861298e-07
0.9	28	25	1.619436525	-1.26699608649083e-06	0	4.65324560693192e-06	-4.95772582415066e-07
0.9	29	25	1.619436525	-1.09936071424066e-06	0	4.04526755586185e-06	-5.37642921013741e-07
0.9	30	25	1.619436525	-9.58543816098612e-07	0	3.4216041467611e-06	-5.7085749289141e-07
0.9	31	25	1.619436525	-8.39560059917588e-07	0	3.08119217555951e-06	-5.90948506305249e-07
0.9	32	25	1.619436525	-7.38478038275758e-07	0	2.6849130930113e-06	-6.06855230923509e-07
0.9	33	25	1.619436525	-6.52156690872374e-07	0	2.35835858205936e-06	-6.16787493070295e-07
0.9	34	25	1.619436525	-5.78085103120074e-07	0	2.10407340730282e-06	-6.21889447262799e-07
0.9	35	25	1.619436525	-5.14236027759907e-07	0	1.86216676110482e-06	-6.23924284593208e-07
0.9	36	25	1.619436525	-4.5896192424344e-07	0	1.66017829140675e-06	-6.22944185874548e-07
0.9	37	25	1.619436525	-4.10917729398719e-07	0	1.48582644610465e-06	-6.19711454002957e-07
0.9	38	25	1.619436525	-3.68997844946151e-07	0	1.3299924385638e-06	-6.14744048166931e-07
0.9	39	25	1.619436525	-3.32288963678096e-07	0	1.19571046050223e-06	-6.08319333662795e-07
0.9	40	25	1.619436525	-3.0003285655944e-07	0	1.07729514718038e-06	-6.00796152055402e-07
0.9	41	25	1.619436525	-2.7159686921685e-07	0	9.7248579990132e-07	-5.92416400028057e-07
0.9	42	25	1.619436525	-2.46450795993169e-07	0	8.8024727307942e-07	-5.83374526379428e-07
0.9	43	25	1.619436525	-2.24148309913019e-07	0	7.98293604597585e-07	-5.73847385461337e-07
0.9	44	25	1.619436525	-2.04312154972186e-07	0	7.2543847590668e-07	-5.63968137390354e-07
0.9	45	25	1.619436525	-1.86622184372709e-07	0	6.6057454615411e-07	-5.53848705148677e-07
0.9	46	25	1.619436525	-1.70805711574573e-07	0	6.02583518780647e-07	-5.43581988776008e-07
0.9	47	25	1.619436525	-1.56629604175507e-07	0	5.50666228828198e-07	-5.33241959808516e-07
0.9	48	25	1.619436525	-1.43894738791062e-07	0	5.04078177910892e-07	-5.22889776678149e-07
0.9	49	25	1.619436525	-1.32427149912573e-07	0	4.62169529027815e-07	-5.12575000389924e-07
0.9	50	25	1.619436525	-1.22079331088543e-07	0	4.24403100519898e-07	-5.02337465022814e-07
0.9	51	25	1.619436525	-1.12722598588633e-07	0	3.90298020746527e-07	-4.92209335010995e-07
0.9	52	25	1.619436525	-1.04245196919095e-07	0	3.59439672490915e-07	-4.82216186465933e-07
0.9	53	25	1.619436525	-9.65497939375837e-08	0	3.31469303027208e-07	-4.72378156405086e-07
0.9	54	25	1.619436525	-8.95514105092587e-08	0	3.06070667711645e-07	-4.62710936424013e-07
0.9	55	25	1.619436525	-8.31756401531436e-08	0	2.82968075664188e-07	-4.53226455760521e-07
0.9	56	25	1.619436525	-7.73572024215241e-08	0	2.61919502417522e-07	-4.43933557165639e-07
0.9	57	25	1.619436525	-7.20386230668169e-08	0	2.42711619404956e-07	-4.3483851723315e-07
0.9	58	25	1.619436525	-6.71692523823708e-08	0	2.25156612447186e-07	-4.25945494618849e-07
0.9	59	25	1.619436525	-6.27043221790302e-08	0	2.09088436598242e-07	-4.17256885644331e-07
0.9	60	25	1.619436525	-5.86041823957828e-08	0	1.94360034981048e-07	-4.08773649517094e-07
0.9	61	25	1.619436525	-5.48336553940487e-08	0	1.80840981647468e-07	-4.00495552814365e-07
0.9	62	25	1.619436525	-5.13614459851652e-08	0	1.68415309388606e-07	-3.92421398440758e-07
0.9	63	25	1.619436525	-4.81596689194674e-08	0	1.569797394516e-07	-3.84549196160308e-07
0.9	64	25	1.619436525	-4.52034465414641e-08	0	1.46442130451438e-07	-3.7687632624717e-07
0.9	65	25	1.619436525	-4.24705279833404e-08	0	1.36720122158445e-07	-3.69399659827222e-07
0.9	66	25	1.619436525	-3.99409574303178e-08	0	1.27739978080804e-07	-3.62115668971387e-07
0.9	67	25	1.619436525	-3.7596859625566e-08	0	1.19435573295896e-07	-3.55020509675266e-07
0.9	68	25	1.619436525	-3.54221525444842e-08	0	1.11747510780954e-07	-3.48110117054414e-07
0.9	69	25	1.619436525	-3.34023479986456e-08	0	1.04622356566515e-07	-3.4138023699919e-07
0.9	70	25	1.619436525	-3.15243946502619e-08	0	9.80119674751564e-08	-3.34826505457894e-07
0.9	71	25	1.619436525	-2.97765156975771e-08	0	9.18729032937072e-08	-3.28444489218019e-07
0.9	72	25	1.619436525	-2.81480387887001e-08	0	8.6165911538109e-08	-3.22229700836769e-07
0.9	73	25	1.619436525	-2.66293129769224e-08	0	8.08554753879882e-08	-3.16177653616564e-07
0.9	74	25	1.619436525	-2.52115714971524e-08	0	7.59094129997363e-08	-3.10283878768222e-07
0.9	75	25	1.619436525	-2.38868727020503e-08	0	7.1298527626203e-08	-3.04543931536018e-07
0.9	76	25	1.619436525	-2.26479885956365e-08	0	6.69962966438853e-08	-2.98953438642352e-07
0.9	77	25	1.619436525	-2.14883200122529e-08	0	6.29785952616791e-08	-2.93508079136056e-07
0.9	78	25	1.619436525	-2.04018728577893e-08	0	5.92234550826821e-08	-2.88203607727404e-07
0.9	79	25	1.619436525	-1.93831692918423e-08	0	5.57108459338869e-08	-2.83035874772772e-07
0.9	80	25	1.619436525	-1.84271995440355e-08	0	5.24224851217703e-08	-2.78000811152626e-07
0.9	81	25	1.619436525	-1.75293921600428e-08	0	4.9341665262379e-08	-2.73094450616808e-07
0.9	82	25	1.619436525	-1.668553983869e-08	0	4.64531025991431e-08	-2.68312924571674e-07
0.9	83	25	1.619436525	-1.58918205261926e-08	0	4.37427998721951e-08	-2.63652473755468e-07
0.9	84	25	1.619436525	-1.51446790663812e-08	0	4.11979259027871e-08	-2.59109430802918e-07
0.9	85	25	1.619436525	-1.44408729418899e-08	0	3.88067046916518e-08	-2.54680244318066e-07
0.9	86	25	1.619436525	-1.37774354147524e-08	0	3.65583194282204e-08	-2.50361452924377e-07
0.9	87	25	1.619436525	-1.31516124657338e-08	0	3.44428245979603e-08	-2.46149706774062e-07
0.9	88	25	1.619436525	-1.25608696777135e-08	0	3.2451065823246e-08	-2.42041768528952e-07
0.9	89	25	1.619436525	-1.20028933459082e-08	0	3.05746103531493e-08	-2.38034483444501e-07
0.9	90	25	1.619436525	-1.14754972191378e-08	0	2.88056829726688e-08	-2.34124809507981e-07
0.9	91	25	1.619436525	-1.09767182010501e-08	0	2.71371076202845e-08	-2.30309795279359e-07
0.9	92	25	1.619436525	-1.05046999987479e-08	0	2.55622564262735e-08	-2.26586588145763e-07
0.9	93	25	1.619436525	-1.00577235429e-08	0	2.40750017438849e-08	-2.22952425448292e-07
0.9	94	25	1.619436525	-9.63425317301869e-09	0	2.26696749411692e-08	-2.1940463776605e-07
0.9	95	25	1.619436525	-9.23278697939622e-09	0	2.13410258505765e-08	-2.15940642665297e-07
0.9	96	25	1.619436525	-8.8519582774893e-09	0	2.00841902978775e-08	-2.12557943965935e-07
0.9	97	25	1.619436525	-8.49053782836506e-09	0	1.88946559608186e-08	-2.09254126811239e-07
0.9	98	25	1.619436525	-8.14733636111953e-09	0	1.7768235325136e-08	-2.06026864874323e-07
0.9	99	25	1.619436525	-7.8212585297166e-09	0	1.67010387130377e-08	-2.02873894829545e-07
0.9	100	25	1.619436525	-7.51129403120387e-09	0	1.5689451152728e-08	-1.99793043612897e-07
0.9	101	25	1.619436525	-7.21651383095434e-09	0	1.47301091347476e-08	-1.96782201595986e-07
0.9	102	25	1.619436525	-6.93600998857846e-09	0	1.38198828381511e-08	-1.938393370058e-07
0.9	103	25	1.619436525	-6.66894917067395e-09	0	1.2955855012953e-08	-1.90962479048186e-07
0.9	104	25	1.619436525	-6.41459974026759e-09	0	1.21353090412089e-08	-1.88149729709075e-07
0.9	105	25	1.619436525	-6.17223117060917e-09	0	1.13557089093001e-08	-1.85399253902983e-07
0.9	106	25	1.619436525	-5.94115290297736e-09	0	1.06146892107312e-08	-1.82709269474243e-07
0.9	107	25	1.619436525	-5.72076386262665e-09	0	9.91003927762666e-09	-1.80078064754651e-07
0.9	108	25	1.619436525	-5.51047452113096e-09	0	9.23969455414881e-09	-1.77503981239317e-07
0.9	109	25	1.619436525	-5.30971377976641e-09	0	8.60172391875228e-09	-1.74985412397456e-07
0.9	110	25	1.619436525	-5.1179942506252e-09	0	7.99432068963577e-09	-1.72520808156143e-07
0.9	111	25	1.619436525	-4.93481722152467e-09	0	7.41579279411797e-09	-1.70108668809397e-07
0.9	112	25	1.619436525	-4.75972794511392e-09	0	6.86455616226588e-09	-1.67747546894136e-07
0.9	113	25	1.619436525	-4.59230808935729e-09	0	6.33912531592729e-09	-1.65436036831884e-07
0.9	114	25	1.619436525	-4.43216174872418e-09	0	5.83810771120984e-09	-1.63172782514e-07
0.9	115	25	1.619436525	-4.27888968701495e-09	0	5.36019639247437e-09	-1.6095647525145e-07
0.9	116	25	1.619436525	-4.13217970951507e-09	0	4.9041642837745e-09	-1.58785845739157e-07
0.9	117	25	1.619436525	-3.99166188991273e-09	0	4.46885872969243e-09	-1.56659662752632e-07
0.9	118	25	1.619436525	-3.85705090089061e-09	0	4.05319646595023e-09	-1.54576738146193e-07
0.9	119	25	1.619436525	-3.72803055093129e-09	0	3.65615952007378e-09	-1.52535921532067e-07
0.9	120	25	1.619436525	-3.60433327628584e-09	0	3.27678882555312e-09	-1.50536101661565e-07
0.9	121	25	1.619436525	-3.48570972086293e-09	0	2.91418290811816e-09	-1.48576197396214e-07
0.9	122	25	1.619436525	-3.37188588162007e-09	0	2.56749287814376e-09	-1.46655168955997e-07
0.9	123	25	1.619436525	-3.2626419343984e-09	0	2.2359174203442e-09	-1.44772004750219e-07
0.9	124	25	1.619436525	-3.15776560455561e-09	0	1.91870329723933e-09	-1.42925725556805e-07
0.9	125	25	1.619436525	-3.05706282510698e-09	0	1.61513850054229e-09	-1.41115380556457e-07
0.9	126	25	1.619436525	-2.96030266966341e-09	0	1.32455207965522e-09	-1.39340055959134e-07
0.9	127	25	1.619436525	-2.86732748655538e-09	0	1.04631036242509e-09	-1.3759885764628e-07
0.9	128	25	1.619436525	-2.77795231262701e-09	0	7.79815805391126e-10	-1.35890922336618e-07
0.9	129	25	1.619436525	-2.6919930729008e-09	0	5.24502321657959e-10	-1.34215420393694e-07
0.9	130	25	1.619436525	-2.60931831697064e-09	0	2.79836977445894e-10	-1.32571537296201e-07
0.9	131	25	1.619436525	-2.52977461201453e-09	0	4.53130694996836e-11	-1.30958484750234e-07
0.9	132	25	1.619436525	-2.45321785108388e-09	0	-1.79545512366737e-10	-1.29375505513547e-07
0.9	133	25	1.619436525	-2.37951125470204e-09	0	-3.95192117739325e-10	-1.2782185866653e-07
0.9	134	25	1.619436525	-2.30852181815067e-09	0	-6.02053463470018e-10	-1.2629682584278e-07
0.9	135	25	1.619436525	-2.24015073158057e-09	0	-8.00535953229117e-10	-1.24799716425266e-07
0.9	136	25	1.619436525	-2.17427276183457e-09	0	-9.91023390040734e-10	-1.23329852089032e-07
0.9	137	25	1.619436525	-2.11077022527206e-09	0	-1.17387913755005e-09	-1.21886577969234e-07
0.9	138	25	1.619436525	-2.04955830085396e-09	0	-1.34944891173109e-09	-1.20469262052247e-07
0.9	139	25	1.619436525	-1.99052618832241e-09	0	-1.51805981661985e-09	-1.19077285450583e-07
0.9	140	25	1.619436525	-1.93358173916636e-09	0	-1.68002241382204e-09	-1.1771004897476e-07
0.9	141	25	1.619436525	-1.87864479528344e-09	0	-1.83563198374526e-09	-1.16366971418072e-07
0.9	142	25	1.619436525	-1.82562431838562e-09	0	-1.98516774393126e-09	-1.15047491378464e-07
0.9	143	25	1.619436525	-1.77445014237776e-09	0	-2.12889634485934e-09	-1.13751054291244e-07
0.9	144	25	1.619436525	-1.72501724016172e-09	0	-2.26706972716545e-09	-1.12477133319856e-07
0.9	145	25	1.619436525	-1.67729030664532e-09	0	-2.39992850788618e-09	-1.11225205887024e-07
0.9	146	25	1.619436525	-1.63118185625422e-09	0	-2.52770109039363e-09	-1.09994773446532e-07
0.9	147	25	1.619436525	-1.58663304716811e-09	0	-2.65060452722094e-09	-1.08785346095796e-07
0.9	148	25	1.619436525	-1.54357415738104e-09	0	-2.76884562765762e-09	-1.07596447802893e-07
0.9	149	25	1.619436525	-1.50194345849286e-09	0	-2.88262101363599e-09	-1.06427617669056e-07
0.9	150	25	1.619436525	-1.46168988024442e-09	0	-2.99211823467518e-09	-1.05278406369065e-07
0.9	151	25	1.619436525	-1.42276301851041e-09	0	-3.09751542868592e-09	-1.0414837867997e-07
0.9	152	25	1.619436525	-1.38512024072668e-09	0	-3.19898214423442e-09	-1.03037107911034e-07
0.9	153	25	1.619436525	-1.34867184087284e-09	0	-3.29668120627608e-09	-1.01944181766164e-07
0.9	154	25	1.619436525	-1.31342137166257e-09	0	-3.39076623919847e-09	-1.00869198096287e-07
0.9	155	25	1.619436525	-1.27928134752153e-09	0	-3.48138486232674e-09	-9.98117685663042e-08
0.9	156	25	1.619436525	-1.24624999209288e-09	0	-3.56867738204109e-09	-9.87715077393035e-08
0.9	157	25	1.619436525	-1.21423937571308e-09	0	-3.6527779767101e-09	-9.77480503478942e-08
0.9	158	25	1.619436525	-1.1832446134008e-09	0	-3.7338142345773e-09	-9.6741034091819e-08
0.9	159	25	1.619436525	-1.15321396876311e-09	0	-3.8119077275621e-09	-9.57501062926736e-08
0.9	160	25	1.619436525	-1.12411746577834e-09	0	-3.88717626438159e-09	-9.47749299194536e-08
0.9	161	25	1.619436525	-1.0959331220306e-09	0	-3.95973023180938e-09	-9.38151698913618e-08
0.9	162	25	1.619436525	-1.06857966919449e-09	0	-4.02967619165358e-09	-9.28705010791173e-08
0.9	163	25	1.619436525	-1.04208486284563e-09	0	-4.09711599852574e-09	-9.19406113109172e-08
0.9	164	25	1.619436525	-1.01635966309743e-09	0	-4.16214669410463e-09	-9.10251912321179e-08
0.9	165	25	1.619436525	-9.91450255227733e-10	0	-4.22486084703436e-09	-9.01239416414194e-08
0.9	166	25	1.619436525	-9.67268043439162e-10	0	-4.2853478320151e-09	-8.92365707508315e-08
0.9	167	25	1.619436525	-9.43806810482783e-10	0	-4.34369279622917e-09	-8.83627947159315e-08
0.9	168	25	1.619436525	-9.21042353496659e-10	0	-4.39997701394708e-09	-8.75023366318384e-08
0.9	169	25	1.619436525	-8.98940033522422e-10	0	-4.45427726744126e-09	-8.66549262575506e-08
0.9	170	25	1.619436525	-8.77474093385899e-10	0	-4.5066699581305e-09	-8.58203017140296e-08
0.9	171	25	1.619436525	-8.56656967584968e-10	0	-4.55722501073551e-09	-8.49982039531848e-08
0.9	172	25	1.619436525	-8.36418490024471e-10	0	-4.60601172590459e-09	-8.41883850114311e-08
0.9	173	25	1.619436525	-8.16773315648334e-10	0	-4.65309519485732e-09	-8.33905972964031e-08
0.9	174	25	1.619436525	-7.97674371000312e-10	0	-4.69853821095672e-09	-8.26046079826297e-08
0.9	175	25	1.619436525	-7.79129871730788e-10	0	-4.74240116393397e-09	-8.18301817684644e-08
0.9	176	25	1.619436525	-7.61099849810876e-10	0	-4.78474139128605e-09	-8.10670920244291e-08
0.9	177	25	1.619436525	-7.43594963381611e-10	0	-4.82561488971833e-09	-8.03151195703373e-08
0.9	178	25	1.619436525	-7.26550153373751e-10	0	-4.86507388101031e-09	-7.95740461092526e-08
0.9	179	25	1.619436525	-7.1001027279749e-10	0	-4.90316994024526e-09	-7.88436652302833e-08
0.9	180	25	1.619436525	-6.93913371208055e-10	0	-4.93995192685197e-09	-7.81237677683814e-08
0.9	181	25	1.619436525	-6.78249900687433e-10	0	-4.97546628029307e-09	-7.74141527620989e-08
0.9	182	25	1.619436525	-6.63019861235625e-10	0	-5.00975860610016e-09	-7.67146285001873e-08
0.9	183	25	1.619436525	-6.48205711328842e-10	0	-5.04287145547276e-09	-7.60250009841446e-08
0.9	184	25	1.619436525	-6.33779473346863e-10	0	-5.07484681760569e-09	-7.53450842133937e-08
0.9	185	25	1.619436525	-6.19755358144403e-10	0	-5.10572456857146e-09	-7.46746952311996e-08
0.9	186	25	1.619436525	-6.06110939216364e-10	0	-5.1355431034254e-09	-7.40136575437751e-08
0.9	187	25	1.619436525	-5.92812465782799e-10	0	-5.16433900538711e-09	-7.33617961375063e-08
0.9	188	25	1.619436525	-5.79857939442263e-10	0	-5.19214771323514e-09	-7.27189420698064e-08
0.9	189	25	1.619436525	-5.67259794692632e-10	0	-5.21900314867755e-09	-7.20849305886639e-08
0.9	190	25	1.619436525	-5.55009371794313e-10	0	-5.24493867610886e-09	-7.1459595082557e-08
0.9	191	25	1.619436525	-5.43041611678063e-10	0	-5.26998490977792e-09	-7.08427816941043e-08
0.9	192	25	1.619436525	-5.314113593613e-10	0	-5.29417264448946e-09	-7.02343339695127e-08
0.9	193	25	1.619436525	-5.20063991871211e-10	0	-5.31753078635677e-09	-6.96341012448057e-08
0.9	194	25	1.619436525	-5.09007058724364e-10	0	-5.3400873482163e-09	-6.90419342343439e-08
0.9	195	25	1.619436525	-4.98235674939451e-10	0	-5.3618696341421e-09	-6.84576894025323e-08
0.9	196	25	1.619436525	-4.87728302189794e-10	0	-5.3829029164775e-09	-6.78812278472703e-08
0.9	197	25	1.619436525	-4.77508255158909e-10	0	-5.40321323330835e-09	-6.73124044119375e-08
0.9	198	25	1.619436525	-4.67530902881208e-10	0	-5.42282330809044e-09	-6.67510918055551e-08
0.9	199	25	1.619436525	-4.57802684650233e-10	0	-5.44175763486079e-09	-6.61971517308958e-08
0.9	200	25	1.619436525	-4.48323156376773e-10	0	-5.46003787403428e-09	-6.56504575917176e-08
0.9	201	25	1.619436525	-4.39078551295324e-10	0	-5.47768540035613e-09	-6.51108837749103e-08
0.9	202	25	1.619436525	-4.30051994015912e-10	0	-5.49472130703904e-09	-6.4578304606106e-08
0.9	203	25	1.619436525	-4.21238377512623e-10	0	-5.51116576480381e-09	-6.40526009421017e-08
0.9	204	25	1.619436525	-4.12665013271862e-10	0	-5.52703726360061e-09	-6.35336535747022e-08
0.9	205	25	1.619436525	-4.04290156907905e-10	0	-5.54235522425559e-09	-6.30213454278204e-08
0.9	206	25	1.619436525	-3.96106925037998e-10	0	-5.5571368657711e-09	-6.25155640351396e-08
0.9	207	25	1.619436525	-3.88129306472251e-10	0	-5.57139992694737e-09	-6.20161985523189e-08
0.9	208	25	1.619436525	-3.80327325189e-10	0	-5.58516087869566e-09	-6.15231419590662e-08
0.9	209	25	1.619436525	-3.7273140129912e-10	0	-5.59843589997138e-09	-6.10362850015921e-08
0.9	210	25	1.619436525	-3.65309782424106e-10	0	-5.61124012653514e-09	-6.05555251152403e-08
0.9	211	25	1.619436525	-3.58064022876192e-10	0	-5.62358886841813e-09	-6.00807590811536e-08
0.9	212	25	1.619436525	-3.50981688157503e-10	0	-5.63549689595358e-09	-5.96118903195236e-08
0.9	213	25	1.619436525	-3.44063666446459e-10	0	-5.64697755195473e-09	-5.91488162516118e-08
0.9	214	25	1.619436525	-3.37304406627936e-10	0	-5.6580443273084e-09	-5.86914445243526e-08
0.9	215	25	1.619436525	-3.3071678728902e-10	0	-5.6687102723121e-09	-5.82396807858206e-08
0.9	216	25	1.619436525	-3.2427460716633e-10	0	-5.67898815471778e-09	-5.7793432849297e-08
0.9	217	25	1.619436525	-3.17969428564879e-10	0	-5.68889004338072e-09	-5.7352611457706e-08
0.9	218	25	1.619436525	-3.11815462339382e-10	0	-5.69842779658181e-09	-5.69171277185639e-08
0.9	219	25	1.619436525	-3.05815595069703e-10	0	-5.70761205398707e-09	-5.64868965641078e-08
0.9	220	25	1.619436525	-2.99935853931288e-10	0	-5.71645444751305e-09	-5.60618310878291e-08
0.9	221	25	1.619436525	-2.94186675020569e-10	0	-5.72496525422039e-09	-5.56418503766904e-08
0.9	222	25	1.619436525	-2.88562951311633e-10	0	-5.73315450425946e-09	-5.52268731259426e-08
0.9	223	25	1.619436525	-2.83072232321047e-10	0	-5.74103227830801e-09	-5.48168186535986e-08
0.9	224	25	1.619436525	-2.77700307194095e-10	0	-5.74860853860118e-09	-5.44116080345339e-08
0.9	225	25	1.619436525	-2.72468936302062e-10	0	-5.75589151849291e-09	-5.40111678575047e-08
0.9	226	25	1.619436525	-2.6731972191385e-10	0	-5.7628909360889e-09	-5.36154209331207e-08
0.9	227	25	1.619436525	-2.62296406816631e-10	0	-5.76961514631557e-09	-5.3224295397616e-08
0.9	228	25	1.619436525	-2.57379006995961e-10	0	-5.7760726633652e-09	-5.28377168762986e-08
0.9	229	25	1.619436525	-2.5256885471947e-10	0	-5.78227139701496e-09	-5.2455616032768e-08
0.9	230	25	1.619436525	-2.47885045823182e-10	0	-5.78821924786262e-09	-5.20779242287261e-08
0.9	231	25	1.619436525	-2.43272735289679e-10	0	-5.79392368111375e-09	-5.17045729990925e-08
0.9	232	25	1.619436525	-2.38779440664416e-10	0	-5.79939129546823e-09	-5.13354953151129e-08
0.9	233	25	1.619436525	-2.34357866446544e-10	0	-5.80463081724149e-09	-5.09706259499219e-08
0.9	234	25	1.619436525	-2.30054642003097e-10	0	-5.80964780775172e-09	-5.06098999893537e-08
0.9	235	25	1.619436525	-2.25827356814534e-10	0	-5.81444908597074e-09	-5.02532561968239e-08
0.9	236	25	1.619436525	-2.21702878278052e-10	0	-5.81904156733301e-09	-4.99006325846582e-08
0.9	237	25	1.619436525	-2.17642126543183e-10	0	-5.82343084895347e-09	-4.955196792038e-08
0.9	238	25	1.619436525	-2.13689510530912e-10	0	-5.82762372683473e-09	-4.92072025396599e-08
0.9	239	25	1.619436525	-2.09824380092982e-10	0	-5.83162507520234e-09	-4.88662782267911e-08
0.9	240	25	1.619436525	-2.06017647386147e-10	0	-5.83544116355788e-09	-4.85291398190257e-08
0.9	241	25	1.619436525	-2.02284189398938e-10	0	-5.83907706141182e-09	-4.81957295801339e-08
0.9	242	25	1.619436525	-1.98639327209094e-10	0	-5.8425388546402e-09	-4.78659907153096e-08
0.9	243	25	1.619436525	-1.95091942600811e-10	0	-5.8458311982618e-09	-4.75398719184666e-08
0.9	244	25	1.619436525	-1.91576088326428e-10	0	-5.84895883625152e-09	-4.72173194094806e-08
0.9	245	25	1.619436525	-1.88156379365978e-10	0	-5.85192658306405e-09	-4.68982808178412e-08
0.9	246	25	1.619436525	-1.84801507430166e-10	0	-5.85473934400307e-09	-4.65827039437664e-08
0.9	247	25	1.619436525	-1.81514137054251e-10	0	-5.85740196610848e-09	-4.62705410057878e-08
0.9	248	25	1.619436525	-1.78279391249703e-10	0	-5.85991807332767e-09	-4.59617402701292e-08
0.9	249	25	1.619436525	-1.75135461688569e-10	0	-5.86229258892644e-09	-4.56562548534317e-08
0.9	250	25	1.619436525	-1.72040159895914e-10	0	-5.86452931198108e-09	-4.535403737296e-08
0.9	251	25	1.619436525	-1.69009028994083e-10	0	-5.86663268927708e-09	-4.50550394519395e-08
0.9	252	25	1.619436525	-1.66035851734136e-10	0	-5.86860591091962e-09	-4.4759218073569e-08
0.9	253	25	1.619436525	-1.63121072205286e-10	0	-5.87045305044416e-09	-4.44665254573637e-08
0.9	254	25	1.619436525	-1.60255586578728e-10	0	-5.87217775585561e-09	-4.41769174343071e-08
0.9	255	25	1.619436525	-1.57464707939425e-10	0	-5.87378396160601e-09	-4.38903548953887e-08
0.9	256	25	1.619436525	-1.54710466659935e-10	0	-5.87527463910209e-09	-4.36067898837032e-08
0.9	257	25	1.619436525	-1.52012402665491e-10	0	-5.87665316137084e-09	-4.33261812258782e-08
0.9	258	25	1.619436525	-1.4936407666255e-10	0	-5.87792293387923e-09	-4.30484898791105e-08
0.9	259	25	1.619436525	-1.46779699505828e-10	0	-5.87908707917162e-09	-4.27736757897162e-08
0.9	260	25	1.619436525	-1.44235956511807e-10	0	-5.88014830453936e-09	-4.25016967779549e-08
0.9	261	25	1.619436525	-1.4173839879561e-10	0	-5.88111041906592e-09	-4.22325151608228e-08
0.9	262	25	1.619436525	-1.39301237211953e-10	0	-5.88197519378138e-09	-4.19660921949543e-08
0.9	263	25	1.619436525	-1.36880284884455e-10	0	-5.88274603083055e-09	-4.17023901137108e-08
0.9	264	25	1.619436525	-1.34543931551434e-10	0	-5.88342600555803e-09	-4.14413720340012e-08
0.9	265	25	1.619436525	-1.32230670857325e-10	0	-5.88401661850072e-09	-4.11830021216964e-08
0.9	266	25	1.619436525	-1.29976474028126e-10	0	-5.88452151312198e-09	-4.09272439062996e-08
0.9	267	25	1.619436525	-1.27727384224841e-10	0	-5.88494271311167e-09	-4.06740598790334e-08
0.9	268	25	1.619436525	-1.25562449326821e-10	0	-5.88528294654299e-09	-4.04234189976104e-08
0.9	269	25	1.619436525	-1.2340373167774e-10	0	-5.88554394560672e-09	-4.01752873116082e-08
0.9	270	25	1.619436525	-1.21320731238939e-10	0	-5.88572852454319e-09	-3.99296286473762e-08
0.9	271	25	1.619436525	-1.1924328191526e-10	0	-5.8858390224598e-09	-3.96864117255537e-08
0.9	272	25	1.619436525	-1.1721534853848e-10	0	-5.88587657162712e-09	-3.94456045446508e-08
0.9	273	25	1.619436525	-1.15231602038079e-10	0	-5.8858444123373e-09	-3.92071738391607e-08
0.9	274	25	1.619436525	-1.13270948176591e-10	0	-5.88574396734474e-09	-3.89710897189284e-08
0.9	275	25	1.619436525	-1.1135115052241e-10	0	-5.88557723635043e-09	-3.87373198141808e-08
0.9	276	25	1.619436525	-1.09477316101447e-10	0	-5.88534649152855e-09	-3.85058375688032e-08
0.9	277	25	1.619436525	-1.07619246847435e-10	0	-5.88505296085856e-09	-3.82766071822307e-08
0.9	278	25	1.619436525	-1.05813136030974e-10	0	-5.88469907060705e-09	-3.80496041072739e-08
0.9	279	25	1.619436525	-1.04005692946885e-10	0	-5.8842863384642e-09	-3.7824799297902e-08
0.9	280	25	1.619436525	-1.02262642798223e-10	0	-5.8838164515971e-09	-3.76021627017464e-08
0.9	281	25	1.619436525	-1.00534025548882e-10	0	-5.88329092731097e-09	-3.73816669887628e-08
0.9	282	25	1.619436525	-9.88500392651304e-11	0	-5.88271146041387e-09	-3.71632849104032e-08
0.9	283	25	1.619436525	-9.71946967354143e-11	0	-5.88207962321306e-09	-3.69469886522793e-08
0.9	284	25	1.619436525	-9.5545793499241e-11	0	-5.88139716079538e-09	-3.6732753826166e-08
0.9	285	25	1.619436525	-9.39448518977315e-11	0	-5.88066556650523e-09	-3.65205519495618e-08
0.9	286	25	1.619436525	-9.23687792919736e-11	0	-5.87988623257617e-09	-3.63103607408206e-08
0.9	287	25	1.619436525	-9.0815577280523e-11	0	-5.87906036563812e-09	-3.61021505760781e-08
0.9	288	25	1.619436525	-8.93223273124022e-11	0	-5.87818895259239e-09	-3.58958972863733e-08
0.9	289	25	1.619436525	-8.78170869356154e-11	0	-5.87727397842045e-09	-3.56915800057631e-08
0.9	290	25	1.619436525	-8.63382698668147e-11	0	-5.87631623979712e-09	-3.54891714534532e-08
0.9	291	25	1.619436525	-8.49060821650482e-11	0	-5.87531780726503e-09	-3.5288649730764e-08
0.9	292	25	1.619436525	-8.34736724186769e-11	0	-5.8742788987708e-09	-3.50899881654438e-08
0.9	293	25	1.619436525	-8.20772338983033e-11	0	-5.87320144235312e-09	-3.48931684025034e-08
0.9	294	25	1.619436525	-8.06956723664598e-11	0	-5.8720863721882e-09	-3.46981645430918e-08
0.9	295	25	1.619436525	-7.93523025066634e-11	0	-5.87093431665391e-09	-3.45049566724248e-08
0.9	296	25	1.619436525	-7.80255859922363e-11	0	-5.86974696414468e-09	-3.43135197301029e-08
0.9	297	25	1.619436525	-7.67286234548692e-11	0	-5.86852563701901e-09	-3.41238333527479e-08
0.9	298	25	1.619436525	-7.5434991586576e-11	0	-5.86727087627498e-09	-3.39358793786854e-08
0.9	299	25	1.619436525	-7.41795513903298e-11	0	-5.86598331518327e-09	-3.37496327073064e-08
0.9	300	25	1.619436525	-7.29385440934038e-11	0	-5.86466456362837e-09	-3.35650746639572e-08
