0.8	19	100	1.835	7.96613655118517e-06	3.90138086014957e-05	-7.81765270832215e-06	-2.5387498189351e-05
0.8	20	100	1.835	6.47879674475771e-06	3.1808386961818e-05	-7.07420611070277e-06	-2.1287005090845e-05
0.8	21	100	1.835	5.36719280186393e-06	2.62660231736822e-05	-5.54917042337645e-06	-1.80000735605346e-05
0.8	22	100	1.835	4.46576444956825e-06	2.18479585375464e-05	-4.81859210251526e-06	-1.53375833019227e-05
0.8	23	100	1.835	3.75306696054345e-06	1.83191291950324e-05	-3.987619208306e-06	-1.31607540445255e-05
0.8	24	100	1.835	3.17409519368095e-06	1.54705042519909e-05	-3.41406036174419e-06	-1.13654192078133e-05
0.8	25	100	1.835	2.70368573107582e-06	1.31496667150621e-05	-2.90039081939117e-06	-9.872927437185e-06
0.8	26	100	1.835	2.31682532159105e-06	1.12461313164225e-05	-2.49753522359238e-06	-8.62301605829273e-06
0.8	27	100	1.835	1.99691351987497e-06	9.67195850454239e-06	-2.15211736643446e-06	-7.56912233685465e-06
0.8	28	100	1.835	1.73030045302891e-06	8.36222883415783e-06	-1.86782149142877e-06	-6.67487894762291e-06
0.8	29	100	1.835	1.5067667973323e-06	7.26516059990079e-06	-1.62680215299713e-06	-5.91164192066423e-06
0.8	30	100	1.835	1.31819463600191e-06	6.34104935226532e-06	-1.42386803911618e-06	-5.25665227522893e-06
0.8	31	100	1.835	1.15823717217189e-06	5.55821172032456e-06	-1.25090662324296e-06	-4.69168606496718e-06
0.8	32	100	1.835	1.02183577865844e-06	4.89167646511302e-06	-1.10335197866275e-06	-4.20204307041258e-06
0.8	33	100	1.835	9.04950277824668e-07	4.32137768646701e-06	-9.76655586964088e-07	-3.77578181812193e-06
0.8	34	100	1.835	8.04324072123386e-07	3.83119969149526e-06	-8.67502784397276e-07	-3.40313949114991e-06
0.8	35	100	1.835	7.17317607312751e-07	3.40806156595708e-06	-7.73027820536658e-07	-3.07608509104931e-06
0.8	36	100	1.835	6.41777572529811e-07	3.04130760331311e-06	-6.90963294464146e-07	-2.7879741030331e-06
0.8	37	100	1.835	5.75937618374489e-07	2.7221971780067e-06	-6.19406890418939e-07	-2.53327922615524e-06
0.8	38	100	1.835	5.1834064640488e-07	2.44352682943205e-06	-5.56799037184304e-07	-2.30737883381157e-06
0.8	39	100	1.835	4.67778601409563e-07	2.19932809253365e-06	-5.01836228001344e-07	-2.10638933996646e-06
0.8	40	100	1.835	4.2324499460733e-07	1.98463194556187e-06	-4.53432964287099e-07	-1.92703267231464e-06
0.8	41	100	1.835	3.83897345690443e-07	1.79528340304991e-06	-4.10677282769944e-07	-1.76652963854673e-06
0.8	42	100	1.835	3.49027367896326e-07	1.62779139611935e-06	-3.72801559987488e-07	-1.62251411726768e-06
0.8	43	100	1.835	3.18037103319568e-07	1.47921138615725e-06	-3.39156360409364e-07	-1.49296363929695e-06
0.8	44	100	1.835	2.90419674642273e-07	1.34705009380287e-06	-3.091905248113e-07	-1.37614329925209e-06
0.8	45	100	1.835	2.65743840710542e-07	1.22918879164047e-06	-2.82434448080342e-07	-1.27055886979419e-06
0.8	46	100	1.835	2.43641296249208e-07	1.12381933992101e-06	-2.58486692909737e-07	-1.17491979814554e-06
0.8	47	100	1.835	2.23796455034453e-07	1.029394515073e-06	-2.37002920229596e-07	-1.08810705259622e-06
0.8	48	100	1.835	2.0593798211177e-07	9.44584466977538e-07	-2.17686845462059e-07	-1.00914767922263e-06
0.8	49	100	1.835	1.89831805941232e-07	8.68244282914432e-07	-2.00282744788031e-07	-9.3719314530534e-07
0.8	50	100	1.835	1.75275440272848e-07	7.99384815897142e-07	-1.84569257376524e-07	-8.71501266001934e-07
0.8	51	100	1.835	1.62093169886468e-07	7.3714679393877e-07	-1.70354223546179e-07	-8.11421318852871e-07
0.8	52	100	1.835	1.50132106635503e-07	6.80785612439117e-07	-1.57470382152683e-07	-7.56380954118522e-07
0.8	53	100	1.835	1.3925882946797e-07	6.29651666916864e-07	-1.4577176166136e-07	-7.05875427712396e-07
0.8	54	100	1.835	1.29356624856136e-07	5.83175788992918e-07	-1.35130649753407e-07	-6.59458749462374e-07
0.8	55	100	1.835	1.20323154662039e-07	5.40862557074639e-07	-1.25435037685266e-07	-6.16736161636704e-07
0.8	56	100	1.835	1.12068428870238e-07	5.02272823776906e-07	-1.16586458538912e-07	-5.77356879821541e-07
0.8	57	100	1.835	1.0451314835791e-07	4.67024248163028e-07	-1.08498154944841e-07	-5.41008796724431e-07
0.8	58	100	1.835	9.75873019060103e-08	4.34777488012017e-07	-1.01093518556593e-07	-5.0741384540698e-07
0.8	59	100	1.835	9.12288911081305e-08	4.05233064659782e-07	-9.43047612375302e-08	-4.76323291206756e-07
0.8	60	100	1.835	8.53829585922838e-08	3.7812311204366e-07	-8.80717756023658e-08	-4.475150237241e-07
0.8	61	100	1.835	8.00006478840487e-08	3.5321533686794e-07	-8.23411607798497e-08	-4.20789377272067e-07
0.8	62	100	1.835	7.50384472336663e-08	3.30297509898436e-07	-7.70653818075262e-08	-3.95966862649609e-07
0.8	63	100	1.835	7.04575655596784e-08	3.09184413849195e-07	-7.22020483672906e-08	-3.72886368264269e-07
0.8	64	100	1.835	6.62232781944994e-08	2.8970816401408e-07	-6.77132902313172e-08	-3.514026714948e-07
0.8	65	100	1.835	6.23045504077879e-08	2.71720563160827e-07	-6.35652146977497e-08	-3.31384186963378e-07
0.8	66	100	1.835	5.86735168228714e-08	2.55088157818939e-07	-5.97274399119858e-08	-3.12712274096428e-07
0.8	67	100	1.835	5.5305140689299e-08	2.3969048612571e-07	-5.61726850430526e-08	-2.95279280093742e-07
0.8	68	100	1.835	5.21769026873287e-08	2.25420269561738e-07	-5.28764156987901e-08	-2.78987560556771e-07
0.8	69	100	1.835	4.92684941733046e-08	2.12179468217499e-07	-4.98165326742852e-08	-2.63748606815405e-07
0.8	70	100	1.835	4.65616069034169e-08	1.99883269824674e-07	-4.69731013676581e-08	-2.49481657688765e-07
0.8	71	100	1.835	4.40396618062167e-08	1.88449072457963e-07	-4.43281133281431e-08	-2.3611316950918e-07
0.8	72	100	1.835	4.16876645426001e-08	1.77809606483059e-07	-4.18652759516121e-08	-2.23576078739374e-07
0.8	73	100	1.835	3.94920266488796e-08	1.67896708536119e-07	-3.95698301619609e-08	-2.11809439599e-07
0.8	74	100	1.835	3.7440379907494e-08	1.58654550830306e-07	-3.74283875991175e-08	-2.00756936879822e-07
0.8	75	100	1.835	3.55215483693883e-08	1.50028779399847e-07	-3.54287879541315e-08	-1.90367495835748e-07
0.8	76	100	1.835	3.37252739068816e-08	1.41969418665511e-07	-3.3559971052057e-08	-1.80594203676779e-07
0.8	77	100	1.835	3.20422761657113e-08	1.34436895282697e-07	-3.18118662348572e-08	-1.71393586240824e-07
0.8	78	100	1.835	3.04640599413375e-08	1.27387379866839e-07	-3.01752921030204e-08	-1.62726307508252e-07
0.8	79	100	1.835	2.89828573363238e-08	1.20785124790856e-07	-2.86418688463533e-08	-1.54555897204192e-07
0.8	80	100	1.835	2.75915998937393e-08	1.14596509392939e-07	-2.72039377846474e-08	-1.46848694870558e-07
0.8	81	100	1.835	2.62837651643366e-08	1.08791138653253e-07	-2.5854494258735e-08	-1.39573799736966e-07
0.8	82	100	1.835	2.50534161194693e-08	1.03343400614797e-07	-2.45871220594712e-08	-1.32702852677571e-07
0.8	83	100	1.835	2.38950710329533e-08	9.82235760504935e-08	-2.33959396014962e-08	-1.26209284389649e-07
0.8	84	100	1.835	2.28037355665123e-08	9.34097553750846e-08	-2.22755487461283e-08	-1.20068739457781e-07
0.8	85	100	1.835	2.17747659903011e-08	8.88827401679393e-08	-2.12209905472321e-08	-1.1425887293096e-07
0.8	86	100	1.835	2.08039341309529e-08	8.46207558469203e-08	-2.02277053111759e-08	-1.08758681751863e-07
0.8	87	100	1.835	1.98873356671569e-08	8.06038643608176e-08	-1.92914954803916e-08	-1.03548719866358e-07
0.8	88	100	1.835	1.90213262918348e-08	7.68185417499012e-08	-1.8408493934137e-08	-9.86113983927648e-08
0.8	89	100	1.835	1.82026097528265e-08	7.32459681795916e-08	-1.75751345275309e-08	-9.39297930271102e-08
0.8	90	100	1.835	1.7428100185235e-08	6.98747324445748e-08	-1.6788125713601e-08	-8.94884690279862e-08
0.8	91	100	1.835	1.66949317703668e-08	6.66907087332191e-08	-1.60444261919068e-08	-8.52729101955673e-08
0.8	92	100	1.835	1.60004983706941e-08	6.3681543704952e-08	-1.53412246942684e-08	-8.12699474836555e-08
0.8	93	100	1.835	1.53423264093178e-08	6.08342187735644e-08	-1.46759194634038e-08	-7.74670019787631e-08
0.8	94	100	1.835	1.47181880016944e-08	5.81428500900927e-08	-1.40460999658369e-08	-7.38525128412024e-08
0.8	95	100	1.835	1.4125964065137e-08	5.55924559719756e-08	-1.34495331990921e-08	-7.0415331418599e-08
0.8	96	100	1.835	1.35637231446495e-08	5.31775019574354e-08	-1.28841468495517e-08	-6.71457710654073e-08
0.8	97	100	1.835	1.30296210487657e-08	5.08874403726267e-08	-1.23480168386616e-08	-6.40341167724082e-08
0.8	98	100	1.835	1.25220003255322e-08	4.87156225359442e-08	-1.18393565831384e-08	-6.10715442897087e-08
0.8	99	100	1.835	1.20392917857259e-08	4.66586684844117e-08	-1.13565042490628e-08	-5.8249762715753e-08
0.8	100	100	1.835	1.15800232736163e-08	4.47009179671554e-08	-1.08979134766433e-08	-5.55611439731731e-08
0.8	101	100	1.835	1.11428382076895e-08	4.28465887214458e-08	-1.0462144582257e-08	-5.29983121619509e-08
0.8	102	100	1.835	1.07264620519132e-08	4.10778948634061e-08	-1.00478564577043e-08	-5.05545610150927e-08
0.8	103	100	1.835	1.03297187470375e-08	3.94050428953463e-08	-9.65379884137452e-09	-4.82235129918508e-08
0.8	104	100	1.835	9.95149607163626e-09	3.78079370033646e-08	-9.27880333956877e-09	-4.59991285613381e-08
0.8	105	100	1.835	9.590760186029e-09	3.62892127458991e-08	-8.92178190356665e-09	-4.38758705487371e-08
0.8	106	100	1.835	9.24654464107277e-09	3.48395522431488e-08	-8.58171612662189e-09	-4.18484263714068e-08
0.8	107	100	1.835	8.91793738855284e-09	3.34672192181529e-08	-8.25765417682215e-09	-3.99117665346868e-08
0.8	108	100	1.835	8.60411153436047e-09	3.21539604941634e-08	-7.94870699327773e-09	-3.80613332243551e-08
0.8	109	100	1.835	8.30424506936822e-09	3.09034808854136e-08	-7.6540402856102e-09	-3.62926966080376e-08
0.8	110	100	1.835	8.01760591251366e-09	2.97109467028989e-08	-7.37287340396554e-09	-3.4601865444934e-08
0.8	111	100	1.835	7.74348996035457e-09	2.85715732184499e-08	-7.10447686861289e-09	-3.29846282775945e-08
0.8	112	100	1.835	7.48124873162226e-09	2.74812329559282e-08	-6.84816389163333e-09	-3.14376534784212e-08
0.8	113	100	1.835	7.2302629439136e-09	2.64480480849372e-08	-6.60329116927665e-09	-2.99573102234189e-08
0.8	114	100	1.835	6.98994950809606e-09	2.54572883884308e-08	-6.3692548280546e-09	-2.85403383761183e-08
0.8	115	100	1.835	6.75976785657895e-09	2.45052556024916e-08	-6.1454883673079e-09	-2.71837393171493e-08
0.8	116	100	1.835	6.53920295690114e-09	2.36064734426833e-08	-5.93145826638879e-09	-2.58846239050443e-08
0.8	117	100	1.835	6.32777230613613e-09	2.27393491813999e-08	-5.72666321628152e-09	-2.46400532759976e-08
0.8	118	100	1.835	6.12501860342007e-09	2.19118374555904e-08	-5.5306319510295e-09	-2.34476036404195e-08
0.8	119	100	1.835	5.9305415023303e-09	2.11187954901604e-08	-5.3429208829779e-09	-2.23048459090315e-08
0.8	120	100	1.835	5.74390590646345e-09	2.03553580657712e-08	-5.1631122949743e-09	-2.1209346325611e-08
0.8	121	100	1.835	5.56472290469401e-09	1.9632041214912e-08	-4.99081219526567e-09	-2.01589266946591e-08
0.8	122	100	1.835	5.39267008825561e-09	1.89327574728893e-08	-4.82564971847905e-09	-1.91515442842285e-08
0.8	123	100	1.835	5.22737786390337e-09	1.82629674716495e-08	-4.66727479782467e-09	-1.81852535677394e-08
0.8	124	100	1.835	5.06852992909756e-09	1.76262864304277e-08	-4.51535667852133e-09	-1.72581133869109e-08
0.8	125	100	1.835	4.91584883910434e-09	1.7010509889559e-08	-4.36958507063234e-09	-1.63683691657031e-08
0.8	126	100	1.835	4.76901618196024e-09	1.64241158451262e-08	-4.22966394243894e-09	-1.55144193706582e-08
0.8	127	100	1.835	4.62778937393438e-09	1.58565617303097e-08	-4.09531612126836e-09	-1.46945446844528e-08
0.8	128	100	1.835	4.49188586326699e-09	1.53154150472901e-08	-3.96627870758048e-09	-1.39074298214125e-08
0.8	129	100	1.835	4.36107938650565e-09	1.47952506912574e-08	-3.84230277352259e-09	-1.31513575263064e-08
0.8	130	100	1.835	4.2351323559231e-09	1.42965342897483e-08	-3.72315352089469e-09	-1.24251034892951e-08
0.8	131	100	1.835	4.11383882514826e-09	1.38138964711487e-08	-3.60860739266014e-09	-1.17274491730782e-08
0.8	132	100	1.835	3.99697974717839e-09	1.33539188595933e-08	-3.49845508895385e-09	-1.10570964849813e-08
0.8	133	100	1.835	3.88437448872736e-09	1.29069710474994e-08	-3.39249638533004e-09	-1.04128751746121e-08
0.8	134	100	1.835	3.77581144128669e-09	1.24793935185608e-08	-3.29054112882514e-09	-9.79359471977634e-09
0.8	135	100	1.835	3.67113472954372e-09	1.20726073582489e-08	-3.19241179663244e-09	-9.19839361878932e-09
0.8	136	100	1.835	3.5701704925728e-09	1.16740216382638e-08	-3.09793654757293e-09	-8.62600207614284e-09
0.8	137	100	1.835	3.4727779540944e-09	1.12960258924488e-08	-3.00695516403671e-09	-8.07564255444053e-09
0.8	138	100	1.835	3.37877459344327e-09	1.09299497230708e-08	-2.91931356234919e-09	-7.54636730922096e-09
0.8	139	100	1.835	3.28803084759244e-09	1.05797659522011e-08	-2.83486704788534e-09	-7.03729951298635e-09
0.8	140	100	1.835	3.20041937396098e-09	1.02340582674998e-08	-2.75347754519949e-09	-6.54756365356748e-09
0.8	141	100	1.835	3.11580772294207e-09	9.91422810514564e-09	-2.675013343115e-09	-6.07638176481305e-09
0.8	142	100	1.835	3.03404923407413e-09	9.58912893533892e-09	-2.59934998094024e-09	-5.62300361399766e-09
0.8	143	100	1.835	2.95506519254474e-09	9.28523724574859e-09	-2.52636830670553e-09	-5.18675379309914e-09
0.8	144	100	1.835	2.87871249060601e-09	8.99568952661411e-09	-2.45595640298648e-09	-4.7668985737938e-09
0.8	145	100	1.835	2.80489098614112e-09	8.70926786245008e-09	-2.38800738032941e-09	-4.36274209613263e-09
0.8	146	100	1.835	2.73350042601095e-09	8.43648007009534e-09	-2.32241699209863e-09	-3.97382698234601e-09
0.8	147	100	1.835	2.66445709939944e-09	8.17675960274045e-09	-2.2590900917791e-09	-3.59934602355395e-09
0.8	148	100	1.835	2.59764931787032e-09	7.92708776398143e-09	-2.19793234945014e-09	-3.23877069454391e-09
0.8	149	100	1.835	2.5330146868896e-09	7.67641650245565e-09	-2.13885702609613e-09	-2.89159961346297e-09
0.8	150	100	1.835	2.47042641898787e-09	7.43774764000449e-09	-2.08177881150603e-09	-2.55735928056615e-09
0.8	151	100	1.835	2.40985009725136e-09	7.21245241308566e-09	-2.02661838416577e-09	-2.23540044982827e-09
0.8	152	100	1.835	2.35117103564164e-09	6.98832314238729e-09	-1.9732982887809e-09	-1.92548287824955e-09
0.8	153	100	1.835	2.29435570542336e-09	6.77410116889376e-09	-1.92174651636879e-09	-1.62699823414727e-09
0.8	154	100	1.835	2.23929164100412e-09	6.56925258635255e-09	-1.87189235146031e-09	-1.33941627124374e-09
0.8	155	100	1.835	2.1859419829795e-09	6.36707320200713e-09	-1.82367091877138e-09	-1.06241560164669e-09
0.8	156	100	1.835	2.13422990391621e-09	6.17474005260021e-09	-1.7770173769632e-09	-7.95624006810402e-10
0.8	157	100	1.835	2.08411032875944e-09	5.99356608788071e-09	-1.731871265376e-09	-5.3864929739247e-10
0.8	158	100	1.835	2.03549055388663e-09	5.81344039574105e-09	-1.68817548840803e-09	-2.90997946909923e-10
0.8	159	100	1.835	1.9883483748373e-09	5.64066149344455e-09	-1.64587374746333e-09	-5.25622823803551e-11
0.8	160	100	1.835	1.94261362551629e-09	5.47168277353904e-09	-1.60491346211525e-09	1.77139613209973e-10
0.8	161	100	1.835	1.8982462268724e-09	5.30967902978574e-09	-1.56524465315532e-09	3.98518172537879e-10
0.8	162	100	1.835	1.85517801121193e-09	5.15267428724542e-09	-1.5268181558208e-09	6.11733738098796e-10
0.8	163	100	1.835	1.8133871071413e-09	4.99453256530558e-09	-1.48958795762872e-09	8.17173879666266e-10
0.8	164	100	1.835	1.7728019052754e-09	4.84787898713535e-09	-1.45351000212699e-09	1.015051424785e-09
0.8	165	100	1.835	1.73340752862572e-09	4.70053262979775e-09	-1.41854108886287e-09	1.20575976052895e-09
0.8	166	100	1.835	1.69515057546477e-09	4.56157134287594e-09	-1.3846413815007e-09	1.38940003254487e-09
0.8	167	100	1.835	1.6579705386377e-09	4.42147163326467e-09	-1.35177190325417e-09	1.56629850922024e-09
0.8	168	100	1.835	1.62185165297757e-09	4.29862923034818e-09	-1.31989534069948e-09	1.73680723013366e-09
0.8	169	100	1.835	1.58676460859652e-09	4.16973766625972e-09	-1.28897553229054e-09	1.90099618727304e-09
0.8	170	100	1.835	1.55266932644338e-09	4.04482125571093e-09	-1.25897859640705e-09	2.0591235582507e-09
0.8	171	100	1.835	1.51950918514387e-09	3.93109544916115e-09	-1.22987264979289e-09	2.21151330213e-09
0.8	172	100	1.835	1.48727574700303e-09	3.81693598949795e-09	-1.20162456482544e-09	2.35825399198123e-09
0.8	173	100	1.835	1.45592793376892e-09	3.70587505127418e-09	-1.17420471656958e-09	2.49962763844787e-09
0.8	174	100	1.835	1.42543665759831e-09	3.58919272080982e-09	-1.14758500486347e-09	2.6357119680073e-09
0.8	175	100	1.835	1.39576605828751e-09	3.48228323954203e-09	-1.12173718044978e-09	2.76680811430759e-09
0.8	176	100	1.835	1.36691835628255e-09	3.38556416235036e-09	-1.0966347271515e-09	2.89299663687555e-09
0.8	177	100	1.835	1.33884658914951e-09	3.28941518468184e-09	-1.07225109463056e-09	3.01448790872272e-09
0.8	178	100	1.835	1.31150401649904e-09	3.18491255590914e-09	-1.04856269773764e-09	3.13144459899507e-09
0.8	179	100	1.835	1.28490496020817e-09	3.0890694446839e-09	-1.02554534780577e-09	3.24408967843903e-09
0.8	180	100	1.835	1.2590051223782e-09	3.00034119771198e-09	-1.00317712985766e-09	3.35249894802268e-09
0.8	181	100	1.835	1.23379106931054e-09	2.92000001955728e-09	-9.81435068747617e-10	3.45678830540671e-09
0.8	182	100	1.835	1.20922449831085e-09	2.83086332153459e-09	-9.60299736970754e-10	3.55710997616996e-09
0.8	183	100	1.835	1.18531184867265e-09	2.74441380732071e-09	-9.39749559678242e-10	3.65374556933808e-09
0.8	184	100	1.835	1.16199805333395e-09	2.65689736878016e-09	-9.19766014771409e-10	3.74666246107317e-09
0.8	185	100	1.835	1.13929621292641e-09	2.58459542656908e-09	-9.00330127263212e-10	3.83593200563864e-09
0.8	186	100	1.835	1.11715947603841e-09	2.51088327907212e-09	-8.81424092586475e-10	3.92185663569537e-09
0.8	187	100	1.835	1.09560560623834e-09	2.43656983478502e-09	-8.63030856163088e-10	4.00447940418488e-09
0.8	188	100	1.835	1.07457931441957e-09	2.35690644778686e-09	-8.45132919578478e-10	4.08396529698393e-09
0.8	189	100	1.835	1.05408126671591e-09	2.29778829297089e-09	-8.27715864235681e-10	4.16015130700927e-09
0.8	190	100	1.835	1.03410524587844e-09	2.23775509233803e-09	-8.10762961518831e-10	4.2335715786346e-09
0.8	191	100	1.835	1.01459696200124e-09	2.16086393223236e-09	-7.9426004414946e-10	4.30398210234478e-09
0.8	192	100	1.835	9.95603710585158e-10	2.08966466352933e-09	-7.78192748804355e-10	4.37158875928427e-09
0.8	193	100	1.835	9.77040004457308e-10	2.02914263169873e-09	-7.62547395841963e-10	4.43654205037891e-09
0.8	194	100	1.835	9.58962687036546e-10	1.96622584880402e-09	-7.47310551989902e-10	4.49886116603605e-09
0.8	195	100	1.835	9.41305366986001e-10	1.91804627736047e-09	-7.32469562373081e-10	4.5586621654154e-09
0.8	196	100	1.835	9.2408514174025e-10	1.86099380350413e-09	-7.18011647585679e-10	4.61601245980634e-09
0.8	197	100	1.835	9.07260155891265e-10	1.79810666356417e-09	-7.03925965559304e-10	4.67095877738338e-09
0.8	198	100	1.835	8.90853946167169e-10	1.7353453118929e-09	-6.90200946594456e-10	4.72368448154897e-09
0.8	199	100	1.835	8.74831318498082e-10	1.69497305080313e-09	-6.76825048134594e-10	4.77426469465118e-09
0.8	200	100	1.835	8.59188276081113e-10	1.63243951689651e-09	-6.63787320840526e-10	4.82257058220493e-09
0.8	201	100	1.835	8.4389351062697e-10	1.59449586867311e-09	-6.51078022684265e-10	4.86887852112136e-09
0.8	202	100	1.835	8.28977442246526e-10	1.54176627020775e-09	-6.38687121561145e-10	4.91312084936218e-09
0.8	203	100	1.835	8.14394662818074e-10	1.48318968218319e-09	-6.26605805997757e-10	4.95552005402144e-09
0.8	204	100	1.835	8.00168042935923e-10	1.44783585120933e-09	-6.14823623771364e-10	4.99602120439636e-09
0.8	205	100	1.835	7.86240517136605e-10	1.40083356026111e-09	-6.03332091037661e-10	5.03465107119631e-09
0.8	206	100	1.835	7.72647834601514e-10	1.34119704231495e-09	-5.92123401762375e-10	5.07161286499995e-09
0.8	207	100	1.835	7.59366458602528e-10	1.31675670367315e-09	-5.811878225714e-10	5.10687099701883e-09
0.8	208	100	1.835	7.46384065664074e-10	1.26084076512711e-09	-5.70518458189109e-10	5.14045650548038e-09
0.8	209	100	1.835	7.3368977560051e-10	1.21995169521938e-09	-5.60107557912196e-10	5.17244258814961e-09
0.8	210	100	1.835	7.21279369564343e-10	1.17765741602938e-09	-5.49947167351223e-10	5.20285512769502e-09
0.8	211	100	1.835	7.09139635901579e-10	1.14345466428745e-09	-5.40029797771597e-10	5.23183435312486e-09
0.8	212	100	1.835	6.97270130523009e-10	1.10580167245189e-09	-5.30349376768342e-10	5.25941057966564e-09
0.8	213	100	1.835	6.85657419730035e-10	1.07081044031787e-09	-5.20898385333126e-10	5.28559871027678e-09
0.8	214	100	1.835	6.74314271087439e-10	1.03623087888138e-09	-5.11669767301366e-10	5.31033161985797e-09
0.8	216	100	1.835	6.52342069251688e-10	9.61893231732347e-10	-4.93858434645994e-10	5.35608483899914e-09
0.8	217	100	1.835	6.41709019255643e-10	9.30846288937914e-10	-4.85263439795702e-10	5.37705097824734e-09
0.8	218	100	1.835	6.31326213529348e-10	9.08024211376812e-10	-4.76866570692552e-10	5.39686484611297e-09
0.8	219	100	1.835	6.21148688040307e-10	8.64116445065122e-10	-4.68662598706906e-10	5.41554218872876e-09
0.8	220	100	1.835	6.11181993903642e-10	8.29439628091677e-10	-4.60648567871373e-10	5.43309816821572e-09
0.8	221	100	1.835	6.01419691825811e-10	7.96431143257337e-10	-4.52816351495325e-10	5.44951917583597e-09
0.8	222	100	1.835	5.91882320932768e-10	7.6378936508803e-10	-4.45162617746674e-10	5.46503191353847e-09
0.8	223	100	1.835	5.82535464310752e-10	7.31996907532562e-10	-4.37681773060597e-10	5.47944905917287e-09
0.8	224	100	1.835	5.73378122759038e-10	7.01440350248106e-10	-4.30369365520794e-10	5.49290077895512e-09
0.8	225	100	1.835	5.64406188452438e-10	6.78039957513477e-10	-4.23220638106949e-10	5.50537944591978e-09
0.8	226	100	1.835	5.55635981669411e-10	6.56782628283281e-10	-4.16232296906172e-10	5.51699753613838e-09
0.8	227	100	1.835	5.4703641616527e-10	6.17739415176288e-10	-4.09397865621549e-10	5.52770417922434e-09
0.8	228	100	1.835	5.38609379319155e-10	5.96479199366229e-10	-4.02714680277266e-10	5.53753495638179e-09
0.8	229	100	1.835	5.30361199402307e-10	5.72015435018614e-10	-3.9617874364207e-10	5.54656038952708e-09
0.8	230	100	1.835	5.22272225467191e-10	5.41924283226081e-10	-3.89785802161561e-10	5.55472474474353e-09
0.8	231	100	1.835	5.14353781788657e-10	5.17190290594272e-10	-3.83532259719474e-10	5.56218798615033e-09
0.8	232	100	1.835	5.06589326043638e-10	5.23131205021343e-10	-3.77413898191095e-10	5.56889192950842e-09
0.8	233	100	1.835	4.98980079477462e-10	4.71593319950614e-10	-3.71428288479764e-10	5.57482834590506e-09
0.8	234	100	1.835	4.91531149116042e-10	4.55356308215471e-10	-3.65571563951967e-10	5.5800873793627e-09
0.8	235	100	1.835	4.84214557339158e-10	4.33731162097217e-10	-3.59839518832013e-10	5.58466573202907e-09
0.8	236	100	1.835	4.7705339678572e-10	4.14024481365516e-10	-3.54230435490341e-10	5.58856075855348e-09
0.8	237	100	1.835	4.70022021303862e-10	3.92077481592423e-10	-3.48739652349159e-10	5.5918249875561e-09
0.8	238	100	1.835	4.63129756766989e-10	3.7496084015487e-10	-3.43364949860107e-10	5.59447024304614e-09
0.8	239	100	1.835	4.56394477765798e-10	3.45264816736801e-10	-3.38102885665594e-10	5.59650826107007e-09
0.8	240	100	1.835	4.49754566922422e-10	3.18606585558712e-10	-3.32951539787438e-10	5.59787772470633e-09
0.8	241	100	1.835	4.43256431559291e-10	2.94618995866358e-10	-3.27907349194214e-10	5.59885154083611e-09
0.8	242	100	1.835	4.36874647569141e-10	3.05387382049105e-10	-3.22967764768253e-10	5.5992255087527e-09
0.8	243	100	1.835	4.30622315583662e-10	2.64179011999488e-10	-3.1813008670641e-10	5.59899050877164e-09
0.8	244	100	1.835	4.24492330175497e-10	2.5327440145162e-10	-3.13392096988568e-10	5.59832101301646e-09
0.8	245	100	1.835	4.18460932571918e-10	2.26101359857012e-10	-3.08750918004004e-10	5.59719600405048e-09
0.8	246	100	1.835	4.12565870355763e-10	2.25005125642497e-10	-3.04204851144511e-10	5.59552613185065e-09
0.8	247	100	1.835	4.06759737003881e-10	1.94305349587864e-10	-2.99750065833572e-10	5.59339191160312e-09
0.8	248	100	1.835	4.01063848798344e-10	1.68710823089668e-10	-2.95386324813514e-10	5.590782822836e-09
0.8	249	100	1.835	3.95487309567955e-10	1.53970725058628e-10	-2.91109477046924e-10	5.58782622767034e-09
0.8	250	100	1.835	3.900205713947e-10	1.34013022901058e-10	-2.86918482600129e-10	5.58441178071498e-09
0.8	251	100	1.835	3.84617893089967e-10	1.22606591546059e-10	-2.8281151570178e-10	5.58057992898945e-09
0.8	252	100	1.835	3.7935166119496e-10	1.1282230705234e-10	-2.78786942677324e-10	5.57634637808617e-09
0.8	253	100	1.835	3.74147379744727e-10	1.14868781153632e-10	-2.74841393285926e-10	5.57177715217771e-09
0.8	254	100	1.835	3.69065444871808e-10	9.17689257917687e-11	-2.70972725286085e-10	5.56680251742858e-09
0.8	255	100	1.835	3.64059893342983e-10	8.87843132346688e-11	-2.67180354371611e-10	5.56149335801758e-09
0.8	256	100	1.835	3.59146157258294e-10	5.1630699715588e-11	-2.63462511675423e-10	5.55582454595308e-09
0.8	257	100	1.835	3.54336782137921e-10	5.3007820355333e-11	-2.5981647046518e-10	5.54982631653533e-09
0.8	258	100	1.835	3.49593576309815e-10	2.55142573735156e-11	-2.5624172643152e-10	5.54354941421182e-09
0.8	259	100	1.835	3.44946626817944e-10	2.19256834910198e-11	-2.52735153876664e-10	5.53693450178876e-09
0.8	260	100	1.835	3.40361405726242e-10	7.62634400075513e-12	-2.4929569280116e-10	5.53005286519308e-09
0.8	261	100	1.835	3.35868777234793e-10	1.04838360215354e-12	-2.45922338297132e-10	5.52280756233055e-09
0.8	262	100	1.835	3.31456639912631e-10	-2.63504773556633e-11	-2.42613869058911e-10	5.51540023993068e-09
0.8	263	100	1.835	3.27129989763364e-10	-2.7275515179781e-11	-2.39367306653802e-10	5.50754479412308e-09
0.8	264	100	1.835	3.22860183032958e-10	-4.36182201468682e-11	-2.36182885186918e-10	5.4996118051885e-09
0.8	265	100	1.835	3.18668313958881e-10	-5.7871263337006e-11	-2.33058306109317e-10	5.49138575777164e-09
0.8	266	100	1.835	3.14552717206595e-10	-5.14710496446469e-11	-2.29991435740342e-10	5.48283221997571e-09
0.8	267	100	1.835	3.10512282553077e-10	-7.31668059472668e-11	-2.26982385929953e-10	5.47406536106622e-09
0.8	268	100	1.835	3.06533132210518e-10	-1.01032959776148e-10	-2.24029245855778e-10	5.46512773441463e-09
0.8	269	100	1.835	3.02618263781085e-10	-8.84627926467374e-11	-2.21130392327692e-10	5.45594326692224e-09
0.8	270	100	1.835	2.98781555052585e-10	-1.22086563081325e-10	-2.18285006731225e-10	5.44662723343116e-09
0.8	271	100	1.835	2.95010349482538e-10	-1.31708199901936e-10	-2.15491857011534e-10	5.43702204983186e-09
0.8	272	100	1.835	2.9128233158815e-10	-1.14958931263232e-10	-2.12750547928511e-10	5.42723712511197e-09
0.8	273	100	1.835	2.87630808060158e-10	-1.34456668021699e-10	-2.10058426634801e-10	5.41721484610432e-09
0.8	274	100	1.835	2.84031020925113e-10	-1.57060364713857e-10	-2.07415113376084e-10	5.40711693685568e-09
0.8	275	100	1.835	2.80520495721248e-10	-1.46999523664704e-10	-2.04819427766319e-10	5.39679789355953e-09
0.8	276	100	1.835	2.77019629457698e-10	-1.68033809089252e-10	-2.0227065749893e-10	5.38630478924441e-09
0.8	277	100	1.835	2.73603140144019e-10	-1.71679559457516e-10	-1.99768809673119e-10	5.3756589403097e-09
0.8	278	100	1.835	2.70247046962879e-10	-1.94653404506084e-10	-1.9730973566398e-10	5.36487568789505e-09
0.8	279	100	1.835	2.66938582349496e-10	-2.16475060099697e-10	-1.9489506548061e-10	5.35391533905401e-09
0.8	280	100	1.835	2.63685073775832e-10	-2.18455920020233e-10	-1.92522573360424e-10	5.34279383472323e-09
0.8	281	100	1.835	2.60467647450469e-10	-1.91784588210453e-10	-1.9019267740922e-10	5.33160320385642e-09
0.8	282	100	1.835	2.57326604469199e-10	-2.10528483535199e-10	-1.87903689524509e-10	5.32019112569994e-09
0.8	283	100	1.835	2.54227083829051e-10	-2.36130448527661e-10	-1.8565425189555e-10	5.30869829872977e-09
0.8	284	100	1.835	2.51173526422122e-10	-2.43356668150341e-10	-1.83444970653979e-10	5.29711036316339e-09
0.8	285	100	1.835	2.48167375538344e-10	-2.52686982449291e-10	-1.81273426220939e-10	5.28537110788159e-09
0.8	286	100	1.835	2.45206743798576e-10	-2.50374831978206e-10	-1.79139254871698e-10	5.27352903376893e-09
0.8	287	100	1.835	2.42295739028009e-10	-2.62617483315353e-10	-1.77042714077602e-10	5.26157567824709e-09
0.8	288	100	1.835	2.39433695092828e-10	-2.61097810039246e-10	-1.7498087250362e-10	5.24955275279454e-09
0.8	289	100	1.835	2.36623165505989e-10	-2.85599321969698e-10	-1.72954211169883e-10	5.23739484116803e-09
0.8	290	100	1.835	2.33836394691878e-10	-2.82702972143056e-10	-1.70962944800135e-10	5.22517465569191e-09
0.8	291	100	1.835	2.31110353077213e-10	-2.89704482625552e-10	-1.6900591975349e-10	5.21279918738355e-09
0.8	292	100	1.835	2.28420837800059e-10	-2.82039724908145e-10	-1.67080502546209e-10	5.20036858590739e-09
0.8	293	100	1.835	2.25770957484883e-10	-2.95808710859546e-10	-1.65188748398067e-10	5.18785403698117e-09
0.8	294	100	1.835	2.23162932577736e-10	-3.20834026013017e-10	-1.63328422626801e-10	5.17530021094988e-09
0.8	295	100	1.835	2.20589768673563e-10	-3.15343529067036e-10	-1.61498971898895e-10	5.1626615334696e-09
0.8	296	100	1.835	2.18062012891096e-10	-3.2864377885744e-10	-1.59699838190631e-10	5.14992098230386e-09
0.8	297	100	1.835	2.15574225137516e-10	-3.48525874827033e-10	-1.57930456948094e-10	5.13713394449551e-09
0.8	298	100	1.835	2.13113415803434e-10	-3.37245786852236e-10	-1.56191162056719e-10	5.12427977216521e-09
0.8	299	100	1.835	2.10691575297517e-10	-3.50261819548336e-10	-1.54479161402158e-10	5.1113559729007e-09
0.8	300	100	1.835	2.08318806649288e-10	-3.63967966876544e-10	-1.52795925633881e-10	5.09841244190056e-09
0.8	301	100	1.835	2.05976125045026e-10	-3.529021519455e-10	-1.51140047546269e-10	5.08535733935128e-09
0.8	302	100	1.835	2.03669192622158e-10	-3.76210840258295e-10	-1.49512055680855e-10	5.07227104470118e-09
0.8	303	100	1.835	2.01381022968405e-10	-3.76795261658458e-10	-1.4790910838752e-10	5.0591355454931e-09
0.8	304	100	1.835	1.99126271027694e-10	-3.66274122143295e-10	-1.46332737270583e-10	5.04600394426547e-09
0.8	305	100	1.835	1.96924254680653e-10	-3.74176911677182e-10	-1.44781753196485e-10	5.03275708937769e-09
0.8	306	100	1.835	1.94752103332974e-10	-3.89623222574187e-10	-1.43255163038686e-10	5.01950222536409e-09
0.8	307	100	1.835	1.92595495107639e-10	-3.97960331355307e-10	-1.4175334987845e-10	5.00626460463462e-09
0.8	308	100	1.835	1.90489402029925e-10	-4.12215150902284e-10	-1.40274863388391e-10	4.99295336726671e-09
0.8	309	100	1.835	1.88397519806927e-10	-4.17226919680047e-10	-1.38819979610363e-10	4.97953628922175e-09
0.8	310	100	1.835	1.86340720631506e-10	-3.99084765234647e-10	-1.3738861128379e-10	4.96622389952516e-09
0.8	311	100	1.835	1.84323556418065e-10	-4.04477340509857e-10	-1.35978941818531e-10	4.95274767627049e-09
0.8	312	100	1.835	1.82334480847146e-10	-4.24797974574176e-10	-1.34592351402277e-10	4.93931550949478e-09
0.8	313	100	1.835	1.8035406501582e-10	-4.39923875106274e-10	-1.33226393911206e-10	4.92585625070149e-09
0.8	314	100	1.835	1.78403958273066e-10	-4.28193258628085e-10	-1.31882473733069e-10	4.91239017577458e-09
0.8	315	100	1.835	1.76490821957032e-10	-4.41082503854773e-10	-1.30559843809964e-10	4.89887042603108e-09
0.8	316	100	1.835	1.74608105751872e-10	-4.24431378931445e-10	-1.29256131595871e-10	4.88535482172067e-09
0.8	317	100	1.835	1.72751257743187e-10	-4.2872416727846e-10	-1.27973573136375e-10	4.87183843324224e-09
0.8	318	100	1.835	1.70930603005104e-10	-4.3371550795257e-10	-1.2671051741987e-10	4.85829521871804e-09
0.8	319	100	1.835	1.69104841241108e-10	-4.39902336779596e-10	-1.25466562442392e-10	4.84474011926558e-09
0.8	320	100	1.835	1.67318714439091e-10	-4.42891279206492e-10	-1.24241719197103e-10	4.8311622061864e-09
0.8	321	100	1.835	1.655743320228e-10	-4.48336701097674e-10	-1.23035055927082e-10	4.81758503945823e-09
0.8	322	100	1.835	1.63827618138157e-10	-4.61532367879158e-10	-1.21846687666158e-10	4.80403363528199e-09
0.8	323	100	1.835	1.62124202951475e-10	-4.79691175669927e-10	-1.20677120849459e-10	4.79043166018452e-09
0.8	324	100	1.835	1.6042067674249e-10	-4.87631046652837e-10	-1.19524412631646e-10	4.77688901749197e-09
0.8	325	100	1.835	1.58764112967447e-10	-4.72255123895593e-10	-1.18389019395224e-10	4.76322573838235e-09
0.8	326	100	1.835	1.57131530009735e-10	-4.5576742380149e-10	-1.17270797512437e-10	4.74969655946707e-09
0.8	327	100	1.835	1.55499169096629e-10	-4.78914685686505e-10	-1.16168547764661e-10	4.73610767090977e-09
0.8	328	100	1.835	1.53909995859181e-10	-4.79779327378083e-10	-1.15083100751216e-10	4.72250383866612e-09
0.8	329	100	1.835	1.52323931246201e-10	-4.90468332614569e-10	-1.14013770568768e-10	4.70893570167303e-09
0.8	330	100	1.835	1.50768730833306e-10	-4.76269468308033e-10	-1.12959866901514e-10	4.69533771948535e-09
0.8	331	100	1.835	1.49238843505373e-10	-4.9723114514677e-10	-1.11921177492327e-10	4.68181489025045e-09
0.8	332	100	1.835	1.47717282850124e-10	-4.92497820303583e-10	-1.10897384857144e-10	4.66820872291926e-09
0.8	333	100	1.835	1.46228917863311e-10	-4.78280970384048e-10	-1.0988953079043e-10	4.65468689041989e-09
0.8	334	100	1.835	1.44756318043449e-10	-5.16002351957923e-10	-1.08895534029664e-10	4.64114889491922e-09
0.8	335	100	1.835	1.43297151922184e-10	-5.16441778231069e-10	-1.07916607241791e-10	4.6276559822139e-09
0.8	336	100	1.835	1.41860412306016e-10	-4.83466155998258e-10	-1.06950712808435e-10	4.61411186412646e-09
0.8	337	100	1.835	1.40438993767589e-10	-5.39675637512005e-10	-1.05999031935117e-10	4.60062218251767e-09
0.8	338	100	1.835	1.39034894708345e-10	-5.16047871101932e-10	-1.05061369944647e-10	4.5871171597699e-09
0.8	339	100	1.835	1.37657885090903e-10	-5.25641974391533e-10	-1.04136901387639e-10	4.57366524595078e-09
0.8	340	100	1.835	1.36310407405915e-10	-5.02071495489531e-10	-1.03225359215814e-10	4.56025565402711e-09
0.8	341	100	1.835	1.34946609442466e-10	-5.34223554282676e-10	-1.02326630949926e-10	4.54683096390717e-09
0.8	342	100	1.835	1.33619226794224e-10	-5.28918908671017e-10	-1.01440190956101e-10	4.53338967845417e-09
0.8	343	100	1.835	1.32304611710765e-10	-5.42427658345446e-10	-1.00567110903304e-10	4.52000106552373e-09
0.8	344	100	1.835	1.31009314507935e-10	-5.38833644370129e-10	-9.97056436884039e-11	4.50662278181828e-09
0.8	345	100	1.835	1.29723898290024e-10	-5.56555468378406e-10	-9.88562757232755e-11	4.49323793135826e-09
0.8	346	100	1.835	1.28470678539827e-10	-5.35432365111888e-10	-9.80191041443164e-11	4.47995861673068e-09
0.8	347	100	1.835	1.27227672841457e-10	-5.66206193042262e-10	-9.71935087865084e-11	4.46658103108276e-09
0.8	348	100	1.835	1.25999100042407e-10	-5.41322986435944e-10	-9.63787138194342e-11	4.45331387040844e-09
0.8	349	100	1.835	1.24766086351258e-10	-5.99036376058848e-10	-9.5575208570715e-11	4.44008699888339e-09
0.8	350	100	1.835	1.23567156506965e-10	-5.51023893180513e-10	-9.47828421903582e-11	4.4268779568399e-09
0.8	351	100	1.835	1.22384657963437e-10	-5.53237011757801e-10	-9.40017018424936e-11	4.41361639251537e-09
0.8	352	100	1.835	1.21213150627852e-10	-5.57508483822744e-10	-9.32303460241894e-11	4.40046114130018e-09
0.8	353	100	1.835	1.20064180819668e-10	-5.58254775739897e-10	-9.24702820574116e-11	4.38730996033743e-09
0.8	354	100	1.835	1.18920540082001e-10	-5.88697313119724e-10	-9.17197912506666e-11	4.37418453111626e-09
0.8	355	100	1.835	1.17776122188218e-10	-5.68707969605953e-10	-9.09803848691717e-11	4.36113649624272e-09
0.8	356	100	1.835	1.16665566096685e-10	-5.79714498627482e-10	-9.02503096387685e-11	4.34800503911142e-09
0.8	357	100	1.835	1.15581655357744e-10	-5.48114664766786e-10	-8.95297993608136e-11	4.33498312367716e-09
0.8	358	100	1.835	1.14475873225217e-10	-5.74473801862041e-10	-8.88183449847526e-11	4.32193794935711e-09
0.8	359	100	1.835	1.13407727653225e-10	-6.19521323130812e-10	-8.81177409510619e-11	4.3090187493558e-09
0.8	360	100	1.835	1.12339249014326e-10	-5.93338267407262e-10	-8.74256258631644e-11	4.29604332377973e-09
0.8	361	100	1.835	1.11295084259666e-10	-6.04220673494638e-10	-8.67424632399684e-11	4.28308930397601e-09
0.8	362	100	1.835	1.10253695062568e-10	-6.23024964951924e-10	-8.60693521092795e-11	4.27022541729714e-09
0.8	363	100	1.835	1.0924028348569e-10	-6.02047967035446e-10	-8.54040836597151e-11	4.25741083940965e-09
0.8	364	100	1.835	1.08222764083621e-10	-6.21684481671991e-10	-8.4747947131949e-11	4.24456314644722e-09
0.8	365	100	1.835	1.07229780610396e-10	-6.24918783387329e-10	-8.41003937307351e-11	4.23181788764465e-09
0.8	366	100	1.835	1.06239017583221e-10	-6.07034200683643e-10	-8.34606532563234e-11	4.21894003555943e-09
0.8	367	100	1.835	1.05229047697719e-10	-5.78922021432504e-10	-8.28299669065413e-11	4.2062533174108e-09
0.8	368	100	1.835	1.04281361323899e-10	-6.13107342672947e-10	-8.2206613867306e-11	4.19358763996786e-09
0.8	369	100	1.835	1.03334452106196e-10	-6.01833693991694e-10	-8.15923366170555e-11	4.18093218102814e-09
0.8	370	100	1.835	1.02392760936709e-10	-6.27760288196555e-10	-8.09854991246901e-11	4.16830341848453e-09
0.8	371	100	1.835	1.01451291811827e-10	-6.19649886957063e-10	-8.03857440967675e-11	4.15569123257295e-09
0.8	372	100	1.835	1.00544683689918e-10	-5.81888759398907e-10	-7.97946676155099e-11	4.14317644112466e-09
0.8	373	100	1.835	9.96219773341522e-11	-6.33456398446697e-10	-7.92096506497417e-11	4.13067658121078e-09
0.8	374	100	1.835	9.8716479435268e-11	-6.23431306578937e-10	-7.86335551845052e-11	4.11814558866402e-09
0.8	375	100	1.835	9.7817309807624e-11	-6.10020922664489e-10	-7.80641708189835e-11	4.10574099973857e-09
0.8	376	100	1.835	9.69490043800647e-11	-6.09745365309777e-10	-7.75011067295426e-11	4.09325887787527e-09
0.8	377	100	1.835	9.60844737107891e-11	-6.21442675097228e-10	-7.69458786351008e-11	4.08092572116053e-09
0.8	378	100	1.835	9.52236067774948e-11	-6.38680663911373e-10	-7.63982149765688e-11	4.06858226145777e-09
0.8	379	100	1.835	9.43519706808615e-11	-6.00698157882107e-10	-7.58562410341214e-11	4.05629935086048e-09
0.8	380	100	1.835	9.35201915908124e-11	-6.13883610611765e-10	-7.53213391283003e-11	4.04403339227332e-09
0.8	381	100	1.835	9.26880794338558e-11	-6.52043752324971e-10	-7.47935856471267e-11	4.03179958953754e-09
0.8	382	100	1.835	9.18812803618607e-11	-6.37278008142061e-10	-7.42721256634807e-11	4.01959839726761e-09
0.8	383	100	1.835	9.10648223495514e-11	-6.18455731071776e-10	-7.37563812842701e-11	4.00748626245015e-09
0.8	384	100	1.835	9.02619090581425e-11	-6.79647005341621e-10	-7.32471285871202e-11	3.99537699423796e-09
0.8	385	100	1.835	8.94626595027148e-11	-6.46835696116455e-10	-7.27445131272853e-11	3.98330971609999e-09
0.8	386	100	1.835	8.86930529020447e-11	-6.90411061654572e-10	-7.22479751497663e-11	3.97128788798937e-09
0.8	387	100	1.835	8.79064598890977e-11	-6.34835295443281e-10	-7.17571393981291e-11	3.95928415348788e-09
0.8	388	100	1.835	8.71286376380453e-11	-6.53448406495727e-10	-7.12731537980633e-11	3.94729058249474e-09
0.8	389	100	1.835	8.63620286395417e-11	-6.18462392409924e-10	-7.07939695722549e-11	3.93538137905153e-09
0.8	390	100	1.835	8.56216209044192e-11	-6.59878596209751e-10	-7.03208540903848e-11	3.92347862450176e-09
0.8	391	100	1.835	8.48630055116928e-11	-6.29374330429755e-10	-6.9854336798448e-11	3.91163414234298e-09
0.8	392	100	1.835	8.41429148579209e-11	-6.50375309163564e-10	-6.93916035765596e-11	3.89985848267778e-09
0.8	393	100	1.835	8.34191604681678e-11	-5.95169691308683e-10	-6.8936270455558e-11	3.88810582400085e-09
0.8	394	100	1.835	8.26960722122294e-11	-6.69053035196043e-10	-6.84849533885632e-11	3.8763305721486e-09
0.8	395	100	1.835	8.1972983956291e-11	-6.30383301114534e-10	-6.80395141958651e-11	3.86467670202897e-09
0.8	396	100	1.835	8.12853118148382e-11	-6.60212773340163e-10	-6.7598433066699e-11	3.85305455216406e-09
0.8	397	100	1.835	8.05830957517628e-11	-6.65936195076711e-10	-6.71637276731677e-11	3.84140646482668e-09
0.8	398	100	1.835	7.98755506181692e-11	-6.7726779739985e-10	-6.67329866658968e-11	3.82984718260549e-09
0.8	399	100	1.835	7.92017562645242e-11	-6.24700513540688e-10	-6.63083669460292e-11	3.81831440989921e-09
0.8	400	100	1.835	7.85341791598171e-11	-7.00822955224112e-10	-6.58881016483405e-11	3.80681234583152e-09
0.8	401	100	1.835	7.78536124457219e-11	-6.60328236534724e-10	-6.54733442814361e-11	3.79535332221042e-09
0.8	402	100	1.835	7.71980257496807e-11	-6.62624399794254e-10	-6.50635256033017e-11	3.78395890432615e-09
0.8	403	100	1.835	7.65280061543194e-11	-6.68092470235138e-10	-6.46577528330172e-11	3.77256970991802e-09
0.8	404	100	1.835	7.58859641791787e-11	-6.47145892429535e-10	-6.42561811978395e-11	3.76123461425591e-09
0.8	405	100	1.835	7.52605755494073e-11	-6.90382861989747e-10	-6.38605172286474e-11	3.74994347449816e-09
0.8	406	100	1.835	7.46191997080814e-11	-6.78043843294063e-10	-6.34685035997392e-11	3.73869730290691e-09
0.8	407	100	1.835	7.39888150746992e-11	-6.61457333350768e-10	-6.30809393030264e-11	3.72749718936733e-09
0.8	408	100	1.835	7.33691996046559e-11	-6.72257360889716e-10	-6.2697548869077e-11	3.71629494223404e-09
0.8	409	100	1.835	7.27462534655388e-11	-6.8061445368528e-10	-6.23196381011153e-11	3.70517912056673e-09
0.8	410	100	1.835	7.21565029948579e-11	-6.86026790930327e-10	-6.19450194329244e-11	3.69406295369558e-09
0.8	411	100	1.835	7.15530967809741e-11	-6.72343070107217e-10	-6.15743324717203e-11	3.68300970720397e-09
0.8	412	100	1.835	7.09510228347199e-11	-6.94283075475255e-10	-6.12082176303848e-11	3.6720026379688e-09
0.8	413	100	1.835	7.03518354683297e-11	-7.24985849132054e-10	-6.08468117354879e-11	3.66098608066626e-09
0.8	414	100	1.835	6.97666369120498e-11	-6.87918388919684e-10	-6.04894961208911e-11	3.65007953293077e-09
0.8	415	100	1.835	6.91954271658801e-11	-6.84588830068833e-10	-6.01344314140374e-11	3.6391705303744e-09
0.8	416	100	1.835	6.86188883491923e-11	-6.80472789227338e-10	-5.97842331646307e-11	3.62834453599955e-09
0.8	417	100	1.835	6.8058336744059e-11	-7.36223970676519e-10	-5.94389738804045e-11	3.61750677216618e-09
0.8	418	100	1.835	6.75010047856972e-11	-6.4858207693419e-10	-5.90966603816083e-11	3.60676084486303e-09
0.8	419	100	1.835	6.69396760244467e-11	-6.81365630583741e-10	-5.87578600078521e-11	3.5959991870863e-09
0.8	420	100	1.835	6.63965549208001e-11	-6.86591450360652e-10	-5.84231178813327e-11	3.58526475831803e-09
0.8	421	100	1.835	6.58352261595496e-11	-7.06674052608491e-10	-5.80913976303501e-11	3.57461685401239e-09
0.8	422	100	1.835	6.53135323602783e-11	-7.55213225289708e-10	-5.77642994205347e-11	3.56400291684221e-09
0.8	423	100	1.835	6.47639719630888e-11	-7.00269398024034e-10	-5.74399937640056e-11	3.55343540957754e-09
0.8	424	100	1.835	6.42594866206991e-11	-7.02210734004893e-10	-5.71193386772754e-11	3.5428976010748e-09
0.8	425	100	1.835	6.37241370782249e-11	-6.88108681146105e-10	-5.68019604705157e-11	3.5323536703118e-09
0.8	426	100	1.835	6.32148777768293e-11	-6.74131195310679e-10	-5.64890247037123e-11	3.52190997572622e-09
0.8	427	100	1.835	6.26921847768358e-11	-6.55593135334698e-10	-5.61787672314633e-11	3.51145519353132e-09
0.8	428	100	1.835	6.21798168509713e-11	-6.75072886480166e-10	-5.58726110841687e-11	3.50104540146873e-09
0.8	429	100	1.835	6.16763307093038e-11	-7.09319492031568e-10	-5.55676143525595e-11	3.49070232792008e-09
0.8	430	100	1.835	6.11916073367524e-11	-6.54380549747202e-10	-5.52666072710936e-11	3.48038261044707e-09
0.8	431	100	1.835	6.0682125990752e-11	-6.63391785948875e-10	-5.49700149939547e-11	3.4701334453158e-09
0.8	432	100	1.835	6.01868554994667e-11	-7.13038517119458e-10	-5.46762323197275e-11	3.45987669509181e-09
0.8	433	100	1.835	5.97056848405941e-11	-7.02894631388062e-10	-5.43846337211067e-11	3.44967360664273e-09
0.8	434	100	1.835	5.92369486795974e-11	-7.32573113282342e-10	-5.4096888783956e-11	3.43950111242019e-09
0.8	435	100	1.835	5.87544457530953e-11	-7.00507207795908e-10	-5.38113521298131e-11	3.42942915727512e-09
0.8	436	100	1.835	5.8282934034537e-11	-6.81779743771926e-10	-5.35301863091893e-11	3.41931142166184e-09
0.8	437	100	1.835	5.78341818879835e-11	-7.43413330894782e-10	-5.32517194039349e-11	3.4092971056558e-09
0.8	438	100	1.835	5.73719960428321e-11	-6.94019730573814e-10	-5.29751187644611e-11	3.39929895086255e-09
0.8	439	100	1.835	5.69073677070264e-11	-6.45788089670418e-10	-5.27011890779011e-11	3.38929979661353e-09
0.8	440	100	1.835	5.6454063646072e-11	-7.45049133499265e-10	-5.24307002104667e-11	3.3793500305582e-09
0.8	441	100	1.835	5.59916557563156e-11	-7.1639161269843e-10	-5.21632499726996e-11	3.3694961505246e-09
0.8	442	100	1.835	5.5553450728496e-11	-6.57538246073841e-10	-5.18975423227358e-11	3.35962206451119e-09
0.8	443	100	1.835	5.51193535258676e-11	-6.5506755575484e-10	-5.16357478602159e-11	3.34981292267464e-09
0.8	444	100	1.835	5.46758194275299e-11	-7.74616815135687e-10	-5.13762031693967e-11	3.3400247207179e-09
0.8	445	100	1.835	5.42588196594807e-11	-7.12296222005193e-10	-5.11196696946135e-11	3.33029472615091e-09
0.8	446	100	1.835	5.38382671777526e-11	-7.00285607280193e-10	-5.0864770408527e-11	3.32058611864544e-09
0.8	447	100	1.835	5.33755262210889e-11	-7.18014536715827e-10	-5.06129449020491e-11	3.31093335440716e-09
0.8	448	100	1.835	5.29742916199893e-11	-7.23448412287553e-10	-5.03638071665445e-11	3.30126061858297e-09
0.8	449	100	1.835	5.25570698073352e-11	-7.05070446471723e-10	-5.01171687390165e-11	3.29167253121813e-09
0.8	450	100	1.835	5.21471754666436e-11	-7.0278449726402e-10	-4.98727674618393e-11	3.2820971623057e-09
0.8	451	100	1.835	5.17431653079825e-11	-7.0297656584728e-10	-4.96308619385113e-11	3.27259673718963e-09
0.8	452	100	1.835	5.13380449262968e-11	-7.29487359407699e-10	-4.93915361667475e-11	3.26310325874768e-09
0.8	453	100	1.835	5.09231545819944e-11	-7.25384863287104e-10	-4.91544982844947e-11	3.25364674418522e-09
0.8	454	100	1.835	5.05246955384564e-11	-6.62145227536826e-10	-4.89198711128304e-11	3.24425374257311e-09
0.8	455	100	1.835	5.01503283345528e-11	-7.71263941601319e-10	-4.8686865796349e-11	3.23487504817256e-09
0.8	456	100	1.835	4.9751425201805e-11	-7.76821273973383e-10	-4.845661713344e-11	3.2255222300011e-09
0.8	457	100	1.835	4.93608487417418e-11	-7.24673432372924e-10	-4.82302514202166e-11	3.21624397557639e-09
0.8	458	100	1.835	4.89812634896225e-11	-6.72007560709176e-10	-4.80039186709213e-11	3.20695118854494e-09
0.8	459	100	1.835	4.8605230951182e-11	-7.66232188809113e-10	-4.77806955344403e-11	3.19772422233286e-09
0.8	460	100	1.835	4.8227644100507e-11	-7.14784897937193e-10	-4.75589837631971e-11	3.18852293836312e-09
0.8	461	100	1.835	4.78597161901462e-11	-7.10411285353985e-10	-4.73400434904996e-11	3.17935164074997e-09
0.8	462	100	1.835	4.74744688006012e-11	-7.38984873294157e-10	-4.71233296823489e-11	3.1702486442429e-09
0.8	463	100	1.835	4.7113868362203e-11	-7.08972214269465e-10	-4.69089000774574e-11	3.1611479321375e-09
0.8	464	100	1.835	4.6742276715861e-11	-6.71706912314107e-10	-4.66953703445457e-11	3.152110868273e-09
0.8	465	100	1.835	4.6391113173172e-11	-6.97516044922963e-10	-4.64852414472247e-11	3.14307750749495e-09
0.8	466	100	1.835	4.60295135340516e-11	-7.15277170826312e-10	-4.62764265739359e-11	3.13408663539426e-09
0.8	467	100	1.835	4.56622517575056e-11	-7.32198079944624e-10	-4.60689375456494e-11	3.12511723954403e-09
0.8	468	100	1.835	4.53226345342728e-11	-7.33858973589463e-10	-4.58646134705022e-11	3.11621838649849e-09
0.8	469	100	1.835	4.49661419210656e-11	-7.31154248256871e-10	-4.56616169252311e-11	3.10735605595935e-09
0.8	470	100	1.835	4.46265246978328e-11	-6.99033053663811e-10	-4.54610006046219e-11	3.09851967757242e-09
0.8	471	100	1.835	4.43024505969447e-11	-7.54353246534833e-10	-4.52620881456366e-11	3.0896853678854e-09
0.8	472	100	1.835	4.3956394080169e-11	-6.99565738671026e-10	-4.50652889332171e-11	3.08090461756467e-09
0.8	473	100	1.835	4.36273239756702e-11	-7.19476034305444e-10	-4.4869413554007e-11	3.07218379515454e-09
0.8	474	100	1.835	4.32742730538394e-11	-7.69017960422502e-10	-4.46767266912797e-11	3.06343495735172e-09
0.8	475	100	1.835	4.29435376148035e-11	-7.15336234691222e-10	-4.44848465254451e-11	3.05477573259448e-09
0.8	476	100	1.835	4.26041424361756e-11	-6.92114809908162e-10	-4.42945724207251e-11	3.04610202226581e-09
0.8	477	100	1.835	4.23021617734776e-11	-7.9338668967921e-10	-4.41071373487999e-11	3.03751966667629e-09
0.8	478	100	1.835	4.19703161114171e-11	-7.35401073370667e-10	-4.39203106355528e-11	3.02894789750353e-09
0.8	479	100	1.835	4.166567091346e-11	-6.64872379374515e-10	-4.37363228308828e-11	3.02038863109569e-09
0.8	480	100	1.835	4.13468148607876e-11	-6.96861457427644e-10	-4.35525110262366e-11	3.01189261961074e-09
0.8	481	100	1.835	4.10309564102818e-11	-7.03774372112775e-10	-4.337146238996e-11	3.00345610151465e-09
0.8	482	100	1.835	4.07140987590537e-11	-7.91288812251878e-10	-4.3191716652001e-11	2.99494669825647e-09
0.8	483	100	1.835	4.03909128365854e-11	-7.87410359137652e-10	-4.30144384040989e-11	2.98657810826184e-09
0.8	484	100	1.835	4.00947053336154e-11	-7.19027948292705e-10	-4.2837567230074e-11	2.97816876722513e-09
0.8	485	100	1.835	3.98011623659045e-11	-7.55944418173726e-10	-4.2662703652077e-11	2.96984746221794e-09
0.8	486	100	1.835	3.94873023168429e-11	-7.20917103791407e-10	-4.24899132147025e-11	2.96152070558023e-09
0.8	487	100	1.835	3.91974230851133e-11	-7.25821180935782e-10	-4.23184309822602e-11	2.95324886156175e-09
0.8	488	100	1.835	3.89048793181246e-11	-7.81975817432112e-10	-4.21484706267689e-11	2.94500910156872e-09
0.8	489	100	1.835	3.86040088784512e-11	-7.20072224069668e-10	-4.19801134868814e-11	2.93678413510518e-09
0.8	490	100	1.835	3.83015841265433e-11	-7.33442417910624e-10	-4.18122885688381e-11	2.92860776888029e-09
0.8	491	100	1.835	3.80181441883565e-11	-7.35774330351546e-10	-4.16469037256521e-11	2.92046595460993e-09
0.8	492	100	1.835	3.77490261271873e-11	-7.90224552460472e-10	-4.1483575030666e-11	2.91231371195134e-09
0.8	493	100	1.835	3.74305031414224e-11	-8.23930257354277e-10	-4.13198948371233e-11	2.90424234198902e-09
0.8	494	100	1.835	3.71633834816976e-11	-7.65978169781079e-10	-4.11600153304327e-11	2.89620705134926e-09
0.8	495	100	1.835	3.69089203644535e-11	-7.27620408369489e-10	-4.09994242303161e-11	2.88816108094861e-09
0.8	496	100	1.835	3.66220387348903e-11	-7.27496063390731e-10	-4.08413026063741e-11	2.88019181019721e-09
0.8	497	100	1.835	3.63488128485301e-11	-7.65913998890255e-10	-4.06846176136306e-11	2.8722155702129e-09
