0.8	137	54	1	-1.4197319258e-06	-1.76999551948e-06	-1.20199956085e-08	-1.35290717841e-06
0.8	137	54	0.989473685	-1.36739301859e-06	-1.70537764754e-06	-1.18110349332e-08	-1.33449969982e-06
0.8	137	54	0.978842107	-1.315416708e-06	-1.64126004698e-06	-1.1601947327e-08	-1.31574616394e-06
0.8	137	54	0.968104214	-1.26382443932e-06	-1.57767159781e-06	-1.13927710502e-08	-1.29663634284e-06
0.8	137	54	0.957258943	-1.21263828112e-06	-1.5146419865e-06	-1.11835454519e-08	-1.27715982709e-06
0.8	137	54	0.94630522	-1.16188088417e-06	-1.45220180947e-06	-1.09743110101e-08	-1.25730558083e-06
0.8	137	54	0.93524196	-1.11157557381e-06	-1.39038258062e-06	-1.07651095574e-08	-1.23706201321e-06
0.8	137	54	0.924068068	-1.06174630976e-06	-1.3292167933e-06	-1.05559838812e-08	-1.21641721987e-06
0.8	137	54	0.912782438	-1.01241773609e-06	-1.26873792494e-06	-1.03469783408e-08	-1.19535845935e-06
0.8	137	54	0.901383952	-9.63615206961e-07	-1.20898051637e-06	-1.01381383848e-08	-1.17387264904e-06
0.8	137	54	0.889871482	-9.15364781306e-07	-1.14998018974e-06	-9.92951108471e-09	-1.15194587262e-06
0.8	137	54	0.878243888	-8.67693289219e-07	-1.09177365193e-06	-9.72114454968e-09	-1.12956360956e-06
0.8	137	54	0.866500019	-8.20628287101e-07	-1.03439884858e-06	-9.51308832979e-09	-1.10671078516e-06
0.8	137	54	0.854638712	-7.74198180009e-07	-9.77894934806e-07	-9.30539360428e-09	-1.08337114009e-06
0.8	137	54	0.842658792	-7.28432214991e-07	-9.22302356487e-07	-9.09811295978e-09	-1.05952786877e-06
0.8	137	54	0.830559073	-6.83360432019e-07	-8.6766292906e-07	-8.89130030375e-09	-1.03516350587e-06
0.8	137	54	0.818338357	-6.39013822301e-07	-8.14019895046e-07	-8.68501114506e-09	-1.0102591903e-06
0.8	137	54	0.805995434	-5.95424306526e-07	-7.61417994877e-07	-8.47930254664e-09	-9.84795153633e-07
0.8	137	54	0.793529082	-5.52624771721e-07	-7.09903577478e-07	-8.27423330523e-09	-9.58750733476e-07
0.8	137	54	0.780938067	-5.10649125207e-07	-6.59524682423e-07	-8.06986366648e-09	-9.32103946431e-07
0.8	137	54	0.766151853	-4.62963515524e-07	-6.02487338464e-07	-7.83339133474e-09	-9.00358991459e-07
0.8	137	54	0.751217777	-4.16567229822e-07	-5.47218474756e-07	-7.59842234491e-09	-8.6778382235e-07
0.8	137	54	0.736134361	-3.71511996278e-07	-4.93793466338e-07	-7.36504905578e-09	-8.34340690061e-07
0.8	137	54	0.720900111	-3.2785137849e-07	-4.42291048453e-07	-7.1333660846e-09	-7.99989359321e-07
0.8	137	54	0.705513519	-2.85640886721e-07	-3.92793671145e-07	-6.90347048738e-09	-7.64686836582e-07
0.8	137	54	0.689973062	-2.44938179739e-07	-3.45387865197e-07	-6.67546195091e-09	-7.28386628832e-07
0.8	137	54	0.674277201	-2.0580316118e-07	-3.00164609612e-07	-6.4494426768e-09	-6.91039047007e-07
0.8	137	54	0.658424382	-1.68298208703e-07	-2.57219833211e-07	-6.22551765242e-09	-6.52590628844e-07
0.8	137	54	0.642413035	-1.32488375382e-07	-2.16655023477e-07	-6.00379437093e-09	-6.12983475481e-07
0.8	137	54	0.626241575	-9.84416834715e-08	-1.78577842735e-07	-5.78438332364e-09	-5.72155093204e-07
0.8	137	54	0.609908401	-6.62293542231e-08	-1.43102948602e-07	-5.56739766186e-09	-5.30037947961e-07
0.8	137	54	0.593411896	-3.5926215336e-08	-1.10352903704e-07	-5.35295359365e-09	-4.86558349767e-07
0.8	137	54	0.588938726	-2.80975744893e-08	-1.02011152636e-07	-5.29562117346e-09	-4.74599540115e-07
0.8	137	54	0.584465556	-2.04351997546e-08	-9.39008919509e-08	-5.2386367664e-09	-4.62566679835e-07
0.8	137	54	0.579992386	-1.29393882276e-08	-8.6023066892e-08	-5.18200041788e-09	-4.50459004997e-07
0.8	137	54	0.575519216	-5.61049473546e-09	-7.83786169301e-08	-5.12571208624e-09	-4.3827539149e-07
0.8	137	54	0.571046046	1.55111290479e-09	-7.09685445965e-08	-5.06977178265e-09	-4.26014862386e-07
0.8	137	54	0.566572876	8.54510806558e-09	-6.37938972758e-08	-5.01417943144e-09	-4.13676310842e-07
0.8	137	54	0.562099706	1.53711068318e-08	-5.68557085856e-08	-4.9589350396e-09	-4.0125864457e-07
0.8	137	54	0.557626536	2.20287174058e-08	-5.01551000731e-08	-4.90403861681e-09	-3.88760798217e-07
0.8	137	54	0.553153366	2.85175384418e-08	-4.36932141579e-08	-4.84949012526e-09	-3.76181579252e-07
0.8	137	54	0.548680196	3.48371661518e-08	-3.74712130213e-08	-4.79528957126e-09	-3.63519993517e-07
0.8	137	54	0.544207026	4.09871598883e-08	-3.14903279008e-08	-4.74143693494e-09	-3.507746821e-07
0.8	137	54	0.539733856	4.69671018744e-08	-2.57518133484e-08	-4.68793218359e-09	-3.37944664325e-07
0.8	137	54	0.535260686	5.27764971725e-08	-2.02569991892e-08	-4.63477534943e-09	-3.25028597454e-07
0.8	137	54	0.530787516	5.84149124627e-08	-1.5007228793e-08	-4.58196640681e-09	-3.12025255989e-07
0.8	137	54	0.526314346	6.38818083987e-08	-1.00039168061e-08	-4.52950521694e-09	-2.98933263419e-07
0.8	137	54	0.521841176	6.91767161332e-08	-5.2485205071e-09	-4.4773919705e-09	-2.85751502568e-07
0.8	137	54	0.517368006	7.42991007607e-08	-7.42542693999e-10	-4.42562649831e-09	-2.72478638216e-07
0.8	137	54	0.512894836	7.92483944023e-08	3.51244922037e-09	-4.37420889117e-09	-2.59113145789e-07
0.8	137	54	0.508421666	8.40240540478e-08	7.51481776806e-09	-4.32313909231e-09	-2.45653817804e-07
0.8	137	54	0.490910292	1.01037762268e-07	2.07200179236e-08	-4.12655921595e-09	-1.92032719451e-07
0.8	137	54	0.47322381	1.15471721074e-07	2.99866925735e-08	-3.93342396116e-09	-1.36300077953e-07

0.8	137	54	0.55	3.29901925777421e-08	-3.92819929917465e-08	-4.81124523464589e-09	-3.67264298544336e-07

0.645565	137	54	1	4.57138997767004e-08	8.86773435793131e-08	-1.12042947809196e-08	-1.98020583539097e-08
0.645565	137	54	0.9	4.2543414124907e-08	8.38737864716776e-08	-1.03031141188013e-08	3.8393759595282e-08
0.645565	137	54	0.8	3.91500060148431e-08	7.81109888992049e-08	-9.47126842958756e-09	1.04092683095527e-07
0.645565	137	54	0.7	3.54179964245915e-08	7.08918294067828e-08	-8.71321533920502e-09	1.78945541846397e-07
0.645565	137	54	0.6	3.11568554289821e-08	6.13186867948201e-08	-8.03674426479051e-09	2.65029161068204e-07
0.645565	137	54	0.55	2.87290051748101e-08	5.51494413469911e-08	-7.73321050890638e-09	3.13059190647838e-07
0.645565	137	54	0.5	2.60155993414557e-08	4.75926275056437e-08	-7.45638850793886e-09	3.6487899027959e-07
