#0.8	420	163	1.835	1.307785917	1.30778591707	1.37181309885	1.37181309885	1.37181309885	-0.419928161436


0.8	19	25	1.835	1.30788996622568	1.30790054705272	1.37188102187578	1.37188102187578	1.37192753236146	-0.419713568297627
0.8	20	25	1.835	1.30788253932704	1.3078911743491	1.37188519630723	1.37188519630723	1.37192283122546	-0.419753203986761
0.8	21	25	1.835	1.307862263823	1.30786943546469	1.37186675105092	1.37186675105092	1.37189754840243	-0.419781163397647
0.8	22	25	1.835	1.30785303516336	1.30785902276866	1.37186255046148	1.37186255046148	1.37188795382281	-0.419805189139388
0.8	23	25	1.835	1.30784220473828	1.30784725336496	1.37185401290965	1.37185401290965	1.37187512087582	-0.419823676411773
0.8	24	25	1.835	1.30783493725346	1.30783922291383	1.37184939759915	1.37184939759915	1.37186706350532	-0.419839137818727
0.8	25	25	1.835	1.30782823836369	1.30783190287147	1.37184449606789	1.37184449606789	1.37185937096135	-0.419851608581634
0.8	26	25	1.835	1.30782301095543	1.3078261639996	1.37184091412358	1.37184091412358	1.37185351389432	-0.419862008940203
0.8	27	25	1.835	1.30781848667191	1.30782121597532	1.37183767164971	1.37183767164971	1.37184839990999	-0.419870616727321
0.8	28	25	1.835	1.30781474744955	1.30781712299543	1.37183503568797	1.37183503568797	1.37184421568045	-0.41987784965317
0.8	29	25	1.835	1.30781154754476	1.3078136258977	1.37183274460503	1.37183274460503	1.37184063472475	-0.419883936913962
0.8	30	25	1.835	1.30780883308072	1.30781066020398	1.37183080344784	1.37183080344784	1.3718376130001	-0.419889103381878
0.8	31	25	1.835	1.30780649882268	1.30780811236221	1.37182912138951	1.37182912138951	1.37183502047438	-0.419893506543984
0.8	32	25	1.835	1.30780448898512	1.30780591996648	1.37182766868888	1.37182766868888	1.37183279671518	-0.419897281559491
0.8	33	25	1.835	1.30780274596312	1.30780402011755	1.37182640202753	1.37182640202753	1.37183087380543	-0.419900532649856
0.8	34	25	1.835	1.30780122869766	1.30780236748832	1.37182529473316	1.37182529473316	1.37182920541145	-0.419903346093026
0.8	35	25	1.835	1.30779990122788	1.30780092265601	1.37182432123822	1.37182432123822	1.37182775006427	-0.419905791213118
0.8	36	25	1.835	1.30779873515616	1.30779965439755	1.37182346219558	1.37182346219558	1.37182647551812	-0.419907925167689
0.8	37	25	1.835	1.30779770655919	1.30779853647007	1.3718227008544	1.3718227008544	1.37182535448239	-0.419909794829475
0.8	38	25	1.835	1.30779679579999	1.30779754732194	1.37182202360244	1.37182202360244	1.37182436469365	-0.419911439073129
0.8	39	25	1.835	1.30779598640726	1.30779666889314	1.37182141891493	1.37182141891493	1.37182348748726	-0.419912890198967
0.8	40	25	1.835	1.3077952646166	1.30779588609452	1.37182087716951	1.37182087716951	1.37182270731982	-0.419914175219933
0.8	41	25	1.835	1.30779461881881	1.30779518620705	1.37182039021394	1.37182039021394	1.37182201110768	-0.419915316809611
0.8	42	25	1.835	1.3077940392015	1.30779455848439	1.37181995114539	1.37181995114539	1.37182138782042	-0.419916334091418
0.8	43	25	1.835	1.30779351742561	1.30779399379818	1.37181955407865	1.37181955407865	1.371820828105	-0.419917243257458
0.8	44	25	1.835	1.30779304637959	1.30779348436716	1.37181919398226	1.37181919398226	1.37182032400491	-0.419918058074074
0.8	45	25	1.835	1.3077926199732	1.30779302353061	1.37181886653481	1.37181886653481	1.37181986872281	-0.419918790288867
0.8	46	25	1.835	1.30779223297215	1.30779260556649	1.3718185680121	1.3718185680121	1.37181945642948	-0.419919449963494
0.8	47	25	1.835	1.30779188086141	1.3077922255413	1.3718182951925	1.3718182951925	1.37181908210895	-0.419920045745446
0.8	48	25	1.835	1.30779155973317	1.30779187918696	1.3718180452798	1.3718180452798	1.3718187414285	-0.419920585091658
0.8	49	25	1.835	1.307791266194	1.30779156279889	1.37181781583889	1.37181781583889	1.37181843063531	-0.419921074452971
0.8	50	25	1.835	1.30779099728794	1.30779127315153	1.37181760474248	1.37181760474248	1.37181814646801	-0.419921519427029
0.8	51	25	1.835	1.30779075043223	1.30779100742785	1.3718174101265	1.3718174101265	1.37181788608066	-0.419921924885463
0.8	52	25	1.835	1.30779052336365	1.3077907631605	1.37181723035276	1.37181723035276	1.37181764698782	-0.419922295080099
0.8	53	25	1.835	1.30779031409346	1.3077905381823	1.37181706397754	1.37181706397754	1.37181742700935	-0.419922633731955
0.8	54	25	1.835	1.30779012086938	1.30779033058466	1.37181690972508	1.37181690972508	1.37181722422608	-0.419922944106082
0.8	55	25	1.835	1.30778994214346	1.3077901386823	1.37181676646506	1.37181676646506	1.3718170369506	-0.419923229074707
0.8	56	25	1.835	1.30778977654484	1.30778996098344	1.37181663319353	1.37181663319353	1.37181686368589	-0.419923491170675
0.8	57	25	1.835	1.30778962285659	1.30778979616438	1.37181650901663	1.37181650901663	1.37181670311144	-0.419923732632828
0.8	58	25	1.835	1.30778947999585	1.30778964304783	1.37181639313666	1.37181639313666	1.37181655405163	-0.419923955444645
0.8	59	25	1.835	1.30778934699695	1.30778950058435	1.37181628484012	1.37181628484012	1.37181641546085	-0.419924161367238
0.8	60	25	1.835	1.30778922299682	1.30778936783646	1.37181618348745	1.37181618348745	1.37181628640285	-0.419924351967614
0.8	61	25	1.835	1.30778910722249	1.30778924396491	1.37181608850414	1.37181608850414	1.3718161660482	-0.41992452864294
0.8	62	25	1.835	1.30778899898027	1.30778912821687	1.37181599937309	1.37181599937309	1.37181605364612	-0.419924692641439
0.8	63	25	1.835	1.30778889764638	1.30778901991572	1.37181591562798	1.37181591562798	1.37181594852824	-0.419924845080417
0.8	64	25	1.835	1.30778880265887	1.30778891845215	1.37181583684741	1.37181583684741	1.37181585008984	-0.419924986961869
0.8	65	25	1.835	1.30778871351054	1.30778882327648	1.37181576264996	1.37181576264996	1.3718157577888	-0.419925119186005
0.8	66	25	1.835	1.30778862974278	1.30778873389189	1.37181569268973	1.37181569268973	1.37181567113487	-0.419925242563016
0.8	67	25	1.835	1.30778855094023	1.30778864984864	1.37181562665251	1.37181562665251	1.37181558968377	-0.419925357823315
0.8	68	25	1.835	1.30778847672602	1.30778857073885	1.37181556425237	1.37181556425237	1.37181551303431	-0.419925465626487
0.8	69	25	1.835	1.30778840675769	1.30778849619204	1.37181550522877	1.37181550522877	1.3718154408207	-0.419925566569113
0.8	70	25	1.835	1.30778834072355	1.30778842587115	1.37181544934385	1.37181544934385	1.37181537271529	-0.419925661191632
0.8	71	25	1.835	1.30778827833945	1.30778835946907	1.37181539638016	1.37181539638016	1.37181530841165	-0.419925749984363
0.8	72	25	1.835	1.30778821934602	1.30778829670555	1.37181534613864	1.37181534613864	1.37181524764061	-0.419925833392817
0.8	73	25	1.835	1.30778816350607	1.3077882373245	1.37181529843674	1.37181529843674	1.3718151901465	-0.419925911822368
0.8	74	25	1.835	1.30778811060251	1.30778818109153	1.37181525310687	1.37181525310687	1.37181513570374	-0.419925985642382
0.8	75	25	1.835	1.30778806043626	1.30778812779189	1.37181520999497	1.37181520999497	1.37181508410093	-0.419926055189879
0.8	76	25	1.835	1.30778801282462	1.30778807722848	1.37181516895919	1.37181516895919	1.37181503514335	-0.419926120772768
0.8	77	25	1.835	1.30778796759961	1.30778802922025	1.37181512986878	1.37181512986878	1.3718149886604	-0.419926182672724
0.8	78	25	1.835	1.30778792460663	1.3077879836006	1.37181509260309	1.37181509260309	1.37181494448456	-0.41992624114775
0.8	79	25	1.835	1.30778788370325	1.30778794021611	1.37181505705062	1.37181505705062	1.37181490246768	-0.41992629643445
0.8	80	25	1.835	1.30778784475804	1.30778789892528	1.37181502310822	1.37181502310822	1.37181486247171	-0.419926348750069
0.8	81	25	1.835	1.30778780764962	1.30778785959747	1.37181499068036	1.37181499068036	1.37181482436996	-0.419926398294304
0.8	82	25	1.835	1.30778777226575	1.30778782211193	1.37181495967847	1.37181495967847	1.37181478804821	-0.419926445250933
0.8	83	25	1.835	1.30778773850251	1.30778778635694	1.37181493002033	1.37181493002033	1.37181475339252	-0.419926489789267
0.8	84	25	1.835	1.30778770626363	1.30778775222898	1.37181490162955	1.37181490162955	1.37181472030471	-0.419926532065463
0.8	85	25	1.835	1.30778767545977	1.30778771963208	1.37181487443508	1.37181487443508	1.37181468869506	-0.419926572223696
0.8	86	25	1.835	1.30778764600797	1.30778768847715	1.37181484837076	1.37181484837076	1.37181465847451	-0.419926610397209
0.8	87	25	1.835	1.30778761783114	1.30778765868141	1.37181482337494	1.37181482337494	1.37181462956078	-0.419926646709278
0.8	88	25	1.835	1.30778759085753	1.30778763016786	1.37181479939008	1.37181479939008	1.37181460188377	-0.419926681274058
0.8	89	25	1.835	1.30778756502031	1.30778760286482	1.3718147763625	1.3718147763625	1.37181457536974	-0.419926714197367
0.8	90	25	1.835	1.30778754025719	1.3077875767055	1.37181475424201	1.37181475424201	1.37181454995815	-0.419926745577384
0.8	91	25	1.835	1.30778751651005	1.30778755162759	1.37181473298165	1.37181473298165	1.37181452558749	-0.419926775505283
0.8	92	25	1.835	1.30778749372463	1.30778752757293	1.37181471253747	1.37181471253747	1.37181450220154	-0.419926804065813
0.8	93	25	1.835	1.30778747185016	1.3077875044872	1.3718146928683	1.3718146928683	1.37181447974546	-0.419926831337814
0.8	94	25	1.835	1.30778745083923	1.30778748231956	1.3718146739355	1.3718146739355	1.37181445817653	-0.419926857394699
0.8	95	25	1.835	1.30778743064736	1.30778746102247	1.37181465570283	1.37181465570283	1.37181443744175	-0.419926882304878
0.8	96	25	1.835	1.30778741123294	1.30778744055139	1.37181463813626	1.37181463813626	1.37181441750284	-0.419926906132157
0.8	97	25	1.835	1.30778739255691	1.30778742086454	1.37181462120377	1.37181462120377	1.37181439831669	-0.419926928936093
0.8	98	25	1.835	1.30778737458267	1.30778740192278	1.37181460487527	1.37181460487527	1.37181437984703	-0.419926950772321
0.8	99	25	1.835	1.30778735727576	1.30778738368931	1.37181458912243	1.37181458912243	1.3718143620637	-0.419926971692852
0.8	100	25	1.835	1.30778734060386	1.30778736612958	1.37181457391855	1.37181457391855	1.37181434492124	-0.41992699174635
0.8	101	25	1.835	1.30778732453656	1.30778734921111	1.37181455923847	1.37181455923847	1.3718143284028	-0.419927010978375
0.8	102	25	1.835	1.30778730904521	1.30778733290333	1.37181454505846	1.37181454505846	1.3718143124625	-0.419927029431616
0.8	103	25	1.835	1.30778729410286	1.30778731717747	1.3718145313561	1.3718145313561	1.37181429709404	-0.419927047146099
0.8	104	25	1.835	1.30778727968408	1.3077873020064	1.37181451811022	1.37181451811022	1.37181428225087	-0.419927064159379
0.8	105	25	1.835	1.30778726576491	1.30778728736456	1.37181450530083	1.37181450530083	1.37181426791849	-0.419927080506719
0.8	106	25	1.835	1.30778725232272	1.30778727322784	1.371814492909	1.371814492909	1.37181425406702	-0.419927096221251
0.8	107	25	1.835	1.30778723933616	1.30778725957346	1.37181448091684	1.37181448091684	1.37181424069154	-0.419927111334121
0.8	108	25	1.835	1.30778722678503	1.30778724637992	1.37181446930738	1.37181446930738	1.37181422775172	-0.419927125874635
0.8	109	25	1.835	1.30778721465026	1.30778723362689	1.37181445806455	1.37181445806455	1.37181421523805	-0.419927139870378
0.8	110	25	1.835	1.30778720291377	1.30778722129514	1.37181444717314	1.37181444717314	1.37181420312998	-0.419927153347336
0.8	111	25	1.835	1.30778719155848	1.30778720936649	1.37181443661869	1.37181443661869	1.37181419140801	-0.41992716633
0.8	112	25	1.835	1.30778718056822	1.30778719782369	1.3718144263875	1.3718144263875	1.37181418005387	-0.419927178841469
0.8	113	25	1.835	1.30778716992762	1.30778718665044	1.37181441646654	1.37181441646654	1.37181416906696	-0.419927190903541
0.8	114	25	1.835	1.30778715962213	1.30778717583126	1.37181440684344	1.37181440684344	1.37181415841584	-0.419927202536796
0.8	115	25	1.835	1.30778714963797	1.30778716535147	1.37181439750646	1.37181439750646	1.37181414808459	-0.419927213760679
0.8	116	25	1.835	1.30778713996202	1.30778715519715	1.37181438844439	1.37181438844439	1.37181413808298	-0.419927224593567
0.8	117	25	1.835	1.30778713058184	1.30778714535508	1.37181437964661	1.37181437964661	1.37181412837181	-0.419927235052845
0.8	118	25	1.835	1.30778712148561	1.3077871358127	1.37181437110297	1.37181437110297	1.37181411895272	-0.419927245154962
0.8	119	25	1.835	1.30778711266207	1.30778712655807	1.37181436280383	1.37181436280383	1.37181410980961	-0.41992725491549
0.8	120	25	1.835	1.30778710410055	1.30778711757983	1.37181435474	1.37181435474	1.37181410092765	-0.419927264349186
0.8	121	25	1.835	1.30778709579087	1.3077871088672	1.3718143469027	1.3718143469027	1.37181409231315	-0.419927273470029
0.8	122	25	1.835	1.30778708772333	1.30778710040989	1.37181433928358	1.37181433928358	1.37181408393644	-0.41992728229128
0.8	123	25	1.835	1.30778707988872	1.30778709219812	1.37181433187465	1.37181433187465	1.37181407579763	-0.419927290825516
0.8	124	25	1.835	1.30778707227823	1.30778708422255	1.37181432466831	1.37181432466831	1.37181406789477	-0.419927299084678
0.8	125	25	1.835	1.30778706488349	1.3077870764743	1.37181431765725	1.37181431765725	1.37181406020441	-0.419927307080104
0.8	126	25	1.835	1.30778705769648	1.3077870689449	1.37181431083456	1.37181431083456	1.37181405273159	-0.419927314822564
0.8	127	25	1.835	1.30778705070959	1.30778706162626	1.37181430419358	1.37181430419358	1.37181404545607	-0.419927322322297
0.8	128	25	1.835	1.30778704391553	1.30778705451066	1.37181429772796	1.37181429772796	1.37181403838219	-0.419927329589041
0.8	129	25	1.835	1.30778703730734	1.30778704759073	1.3718142914316	1.3718142914316	1.37181403149701	-0.419927336632057
0.8	130	25	1.835	1.30778703087838	1.30778704085944	1.37181428529871	1.37181428529871	1.37181402479566	-0.419927343460162
0.8	131	25	1.835	1.30778702462228	1.30778703431006	1.3718142793237	1.3718142793237	1.37181401826592	-0.41992735008175
0.8	132	25	1.835	1.30778701853298	1.30778702793617	1.37181427350125	1.37181427350125	1.37181401191155	-0.419927356504818
0.8	133	25	1.835	1.30778701260466	1.3077870217316	1.37181426782626	1.37181426782626	1.37181400571486	-0.419927362736986
0.8	134	25	1.835	1.30778700683177	1.30778701569049	1.3718142622938	1.3718142622938	1.37181399967999	-0.419927368785521
0.8	135	25	1.835	1.30778700120897	1.3077870098072	1.37181425689921	1.37181425689921	1.37181399380451	-0.41992737465735
0.8	136	25	1.835	1.30778699573117	1.30778700407634	1.37181425163797	1.37181425163797	1.37181398806687	-0.419927380359088
0.8	137	25	1.835	1.30778699039349	1.30778699849275	1.37181424650575	1.37181424650575	1.37181398248025	-0.419927385897043
0.8	138	25	1.835	1.30778698519124	1.30778699305148	1.37181424149841	1.37181424149841	1.37181397702881	-0.419927391277244
0.8	139	25	1.835	1.30778698011992	1.3077869877478	1.37181423661197	1.37181423661197	1.37181397171431	-0.419927396505447
0.8	140	25	1.835	1.30778697517526	1.30778698257714	1.37181423184261	1.37181423184261	1.37181396651762	-0.419927401587153
0.8	141	25	1.835	1.30778697035311	1.30778697753516	1.37181422718664	1.37181422718664	1.3718139614645	-0.419927406527621
0.8	142	25	1.835	1.30778696564952	1.30778697261768	1.37181422264053	1.37181422264053	1.37181395650915	-0.419927411331881
0.8	143	25	1.835	1.30778696106066	1.30778696782066	1.3718142182009	1.3718142182009	1.3718139516848	-0.419927416004745
0.8	144	25	1.835	1.3077869565829	1.30778696314027	1.37181421386448	1.37181421386448	1.37181394697847	-0.419927420550817
0.8	145	25	1.835	1.30778695221272	1.3077869585728	1.37181420962813	1.37181420962813	1.37181394237237	-0.419927424974505
0.8	146	25	1.835	1.30778694794676	1.30778695411468	1.3718142054888	1.3718142054888	1.37181393787792	-0.41992742928003
0.8	147	25	1.835	1.30778694378177	1.30778694976251	1.37181420144363	1.37181420144363	1.37181393349175	-0.419927433471437
0.8	148	25	1.835	1.30778693971462	1.307786945513	1.37181419748977	1.37181419748977	1.3718139292067	-0.419927437552601
0.8	149	25	1.835	1.30778693574234	1.30778694136297	1.37181419362456	1.37181419362456	1.37181392500577	-0.419927441527237
0.8	150	25	1.835	1.30778693186203	1.3077869373094	1.37181418984538	1.37181418984538	1.37181392090358	-0.419927445398908
0.8	151	25	1.835	1.30778692807092	1.30778693334937	1.37181418614975	1.37181418614975	1.37181391690024	-0.419927449171031
0.8	152	25	1.835	1.30778692436632	1.30778692948004	1.37181418253521	1.37181418253521	1.37181391297663	-0.419927452846885
0.8	153	25	1.835	1.30778692074567	1.30778692569872	1.37181417899948	1.37181417899948	1.37181390914259	-0.419927456429617
0.8	154	25	1.835	1.30778691720651	1.30778692200279	1.37181417554029	1.37181417554029	1.37181390539495	-0.419927459922249
0.8	155	25	1.835	1.30778691374641	1.30778691838974	1.37181417215549	1.37181417215549	1.37181390172282	-0.419927463327683
0.8	156	25	1.835	1.30778691036312	1.30778691485714	1.37181416884297	1.37181416884297	1.37181389813398	-0.419927466648708
0.8	157	25	1.835	1.30778690705437	1.30778691140267	1.37181416560073	1.37181416560073	1.37181389462843	-0.419927469888002
0.8	158	25	1.835	1.30778690381806	1.30778690802406	1.37181416242682	1.37181416242682	1.37181389119022	-0.419927473048142
0.8	159	25	1.835	1.30778690065211	1.30778690471915	1.37181415931936	1.37181415931936	1.37181388782643	-0.419927476131604
0.8	160	25	1.835	1.30778689755453	1.30778690148585	1.37181415627652	1.37181415627652	1.37181388453035	-0.419927479140769
0.8	161	25	1.835	1.3077868945234	1.30778689832212	1.37181415329657	1.37181415329657	1.37181388130491	-0.41992748207793
0.8	162	25	1.835	1.30778689155686	1.30778689522603	1.3718141503778	1.3718141503778	1.37181387814562	-0.419927484945291
0.8	163	25	1.835	1.30778688865314	1.30778689219569	1.37181414751858	1.37181414751858	1.37181387504251	-0.419927487744976
0.8	164	25	1.835	1.30778688581049	1.30778688922927	1.37181414471732	1.37181414471732	1.37181387201147	-0.419927490479028
0.8	165	25	1.835	1.30778688302724	1.30778688632504	1.37181414197248	1.37181414197248	1.3718138690343	-0.419927493149416
0.8	166	25	1.835	1.30778688030179	1.30778688348129	1.37181413928258	1.37181413928258	1.37181386612204	-0.419927495758036
0.8	167	25	1.835	1.30778687763258	1.30778688069637	1.3718141366462	1.3718141366462	1.3718138632603	-0.419927498306716
0.8	168	25	1.835	1.30778687501809	1.30778687796872	1.37181413406195	1.37181413406195	1.37181386047294	-0.419927500797217
0.8	169	25	1.835	1.30778687245687	1.30778687529679	1.37181413152849	1.37181413152849	1.37181385772695	-0.419927503231237
0.8	170	25	1.835	1.30778686994751	1.30778687267911	1.37181412904449	1.37181412904449	1.37181385503443	-0.419927505610414
0.8	171	25	1.835	1.30778686748865	1.30778687011425	1.37181412660873	1.37181412660873	1.37181385240441	-0.419927507936326
0.8	172	25	1.835	1.30778686507896	1.30778686760081	1.37181412421998	1.37181412421998	1.37181384981987	-0.419927510210499
0.8	173	25	1.835	1.30778686271718	1.30778686513747	1.37181412187705	1.37181412187705	1.37181384728405	-0.419927512434402
0.8	174	25	1.835	1.30778686040206	1.30778686272292	1.37181411957879	1.37181411957879	1.37181384478436	-0.419927514609456
0.8	175	25	1.835	1.30778685813242	1.3077868603559	1.37181411732412	1.37181411732412	1.37181384234092	-0.41992751673703
0.8	176	25	1.835	1.3077868559071	1.30778685803521	1.37181411511193	1.37181411511193	1.37181383995264	-0.419927518818449
0.8	177	25	1.835	1.30778685372496	1.30778685575967	1.3718141129412	1.3718141129412	1.37181383760594	-0.419927520854989
0.8	178	25	1.835	1.30778685158493	1.30778685352813	1.37181411081092	1.37181411081092	1.37181383528739	-0.419927522847887
0.8	179	25	1.835	1.30778684948594	1.30778685133949	1.3718141087201	1.3718141087201	1.37181383301959	-0.419927524798336
0.8	180	25	1.835	1.307786847427	1.30778684919268	1.37181410666781	1.37181410666781	1.3718138307993	-0.41992752670749
0.8	181	25	1.835	1.3077868454071	1.30778684708667	1.3718141046531	1.3718141046531	1.37181382862759	-0.419927528576464
0.8	182	25	1.835	1.30778684342528	1.30778684502045	1.37181410267508	1.37181410267508	1.37181382647962	-0.419927530406335
0.8	183	25	1.835	1.30778684148061	1.30778684299304	1.37181410073291	1.37181410073291	1.37181382437081	-0.419927532198148
0.8	184	25	1.835	1.3077868395722	1.3077868410035	1.37181409882572	1.37181409882572	1.37181382229489	-0.419927533952911
0.8	185	25	1.835	1.30778683769916	1.30778683905091	1.3718140969527	1.3718140969527	1.3718138202733	-0.419927535671601
0.8	186	25	1.835	1.30778683586066	1.30778683713439	1.37181409511306	1.37181409511306	1.37181381828298	-0.419927537355161
0.8	187	25	1.835	1.30778683405587	1.30778683525307	1.37181409330601	1.37181409330601	1.37181381632371	-0.419927539004508
0.8	188	25	1.835	1.30778683228398	1.30778683340611	1.37181409153082	1.37181409153082	1.3718138143887	-0.419927540620525
0.8	189	25	1.835	1.30778683054424	1.3077868315927	1.37181408978676	1.37181408978676	1.37181381251278	-0.419927542204071
0.8	190	25	1.835	1.30778682883586	1.30778682981205	1.37181408807311	1.37181408807311	1.37181381066521	-0.419927543755975
0.8	191	25	1.835	1.30778682715814	1.30778682806341	1.3718140863892	1.3718140863892	1.37181380882416	-0.419927545277043
0.8	192	25	1.835	1.30778682551035	1.30778682634601	1.37181408473433	1.37181408473433	1.37181380701998	-0.419927546768053
0.8	193	25	1.835	1.30778682389182	1.30778682465914	1.37181408310789	1.37181408310789	1.37181380525794	-0.419927548229761
0.8	194	25	1.835	1.30778682230186	1.3077868230021	1.37181408150922	1.37181408150922	1.37181380352063	-0.419927549662899
0.8	195	25	1.835	1.30778682073983	1.30778682137421	1.37181407993773	1.37181407993773	1.37181380183018	-0.419927551068177
0.8	196	25	1.835	1.30778681920509	1.3077868197748	1.37181407839279	1.37181407839279	1.37181380015398	-0.419927552446281
0.8	197	25	1.835	1.30778681769703	1.30778681820323	1.37181407687384	1.37181407687384	1.37181379849558	-0.419927553797881
0.8	198	25	1.835	1.30778681621507	1.30778681665887	1.37181407538031	1.37181407538031	1.37181379686269	-0.419927555123623
0.8	199	25	1.835	1.30778681475859	1.30778681514112	1.37181407391165	1.37181407391165	1.37181379528507	-0.419927556424135
0.8	200	25	1.835	1.30778681332705	1.30778681364939	1.37181407246732	1.37181407246732	1.37181379370128	-0.419927557700026
0.8	201	25	1.835	1.30778681191989	1.30778681218309	1.37181407104681	1.37181407104681	1.37181379217496	-0.419927558951888
0.8	202	25	1.835	1.30778681053659	1.30778681074167	1.3718140696496	1.3718140696496	1.37181379065153	-0.419927560180294
0.8	203	25	1.835	1.3077868091766	1.30778680932458	1.37181406827518	1.37181406827518	1.37181378914279	-0.419927561385802
0.8	204	25	1.835	1.30778680783945	1.30778680793129	1.37181406692311	1.37181406692311	1.3718137876882	-0.419927562568952
0.8	205	25	1.835	1.30778680652463	1.3077868065613	1.3718140655929	1.3718140655929	1.37181378623935	-0.41992756373027
0.8	206	25	1.835	1.30778680523165	1.30778680521409	1.37181406428409	1.37181406428409	1.37181378479458	-0.419927564870266
0.8	207	25	1.835	1.30778680396005	1.30778680388917	1.37181406299623	1.37181406299623	1.37181378341895	-0.419927565989435
0.8	208	25	1.835	1.30778680270939	1.30778680258608	1.37181406172889	1.37181406172889	1.37181378202096	-0.419927567088259
0.8	209	25	1.835	1.30778680147921	1.30778680130435	1.37181406048167	1.37181406048167	1.37181378066309	-0.419927568167207
0.8	210	25	1.835	1.30778680026907	1.30778680004353	1.37181405925414	1.37181405925414	1.37181377932321	-0.419927569226732
0.8	211	25	1.835	1.30778679907857	1.30778679880318	1.37181405804588	1.37181405804588	1.37181377801403	-0.419927570267276
0.8	212	25	1.835	1.3077867979073	1.30778679758286	1.37181405685652	1.37181405685652	1.37181377671871	-0.41992757128927
0.8	213	25	1.835	1.30778679675486	1.30778679638218	1.3718140556857	1.3718140556857	1.37181377544576	-0.419927572293132
0.8	214	25	1.835	1.30778679562085	1.30778679520071	1.371814054533	1.371814054533	1.37181377419154	-0.419927573279266
0.8	215	25	1.835	1.3077867945049	1.30778679403806	1.37181405339809	1.37181405339809	1.3718137729534	-0.41992757424807
0.8	216	25	1.835	1.30778679340664	1.30778679289386	1.37181405228062	1.37181405228062	1.371813771729	-0.419927575199926
0.8	217	25	1.835	1.3077867923257	1.30778679176771	1.37181405118022	1.37181405118022	1.371813770532	-0.419927576135209
0.8	218	25	1.835	1.30778679126175	1.30778679065926	1.37181405009658	1.37181405009658	1.37181376936306	-0.419927577054283
0.8	219	25	1.835	1.30778679021444	1.30778678956815	1.37181404902935	1.37181404902935	1.37181376818179	-0.419927577957501
0.8	220	25	1.835	1.30778678918343	1.30778678849402	1.37181404797822	1.37181404797822	1.37181376702928	-0.41992757884521
0.8	221	25	1.835	1.30778678816839	1.30778678743655	1.37181404694287	1.37181404694287	1.37181376589525	-0.419927579717743
0.8	222	25	1.835	1.30778678716901	1.3077867863954	1.37181404592301	1.37181404592301	1.37181376477742	-0.419927580575427
0.8	223	25	1.835	1.30778678618499	1.30778678537024	1.37181404491832	1.37181404491832	1.37181376367545	-0.419927581418582
0.8	224	25	1.835	1.30778678521602	1.30778678436076	1.37181404392854	1.37181404392854	1.37181376259061	-0.419927582247516
0.8	225	25	1.835	1.30778678426181	1.30778678336665	1.37181404295336	1.37181404295336	1.37181376153036	-0.419927583062531
0.8	226	25	1.835	1.30778678332205	1.30778678238762	1.37181404199251	1.37181404199251	1.37181376048685	-0.41992758386392
0.8	227	25	1.835	1.30778678239649	1.30778678142337	1.37181404104571	1.37181404104571	1.37181375943355	-0.419927584651971
0.8	228	25	1.835	1.30778678148484	1.3077867804736	1.37181404011272	1.37181404011272	1.37181375841863	-0.419927585426961
0.8	229	25	1.835	1.30778678058684	1.30778677953806	1.37181403919326	1.37181403919326	1.37181375741316	-0.419927586189162
0.8	230	25	1.835	1.30778677970222	1.30778677861645	1.37181403828709	1.37181403828709	1.3718137564131	-0.41992758693884
0.8	231	25	1.835	1.30778677883073	1.30778677770853	1.37181403739396	1.37181403739396	1.37181375543376	-0.419927587676252
0.8	232	25	1.835	1.30778677797211	1.30778677681401	1.37181403651362	1.37181403651362	1.37181375450929	-0.419927588401651
0.8	233	25	1.835	1.30778677712615	1.30778677593267	1.37181403564584	1.37181403564584	1.37181375351872	-0.419927589115282
0.8	234	25	1.835	1.30778677629258	1.30778677506423	1.37181403479039	1.37181403479039	1.37181375258933	-0.419927589817382
0.8	235	25	1.835	1.30778677547117	1.30778677420846	1.37181403394705	1.37181403394705	1.3718137516645	-0.419927590508187
0.8	236	25	1.835	1.30778677466171	1.30778677336514	1.3718140331156	1.3718140331156	1.37181375075493	-0.419927591187923
0.8	237	25	1.835	1.30778677386396	1.30778677253402	1.37181403229582	1.37181403229582	1.37181374985351	-0.419927591856812
0.8	238	25	1.835	1.30778677307773	1.30778677171487	1.3718140314875	1.3718140314875	1.37181374897046	-0.419927592515072
0.8	239	25	1.835	1.30778677230278	1.30778677090749	1.37181403069044	1.37181403069044	1.37181374808165	-0.419927593162912
0.8	240	25	1.835	1.30778677153892	1.30778677011165	1.37181402990444	1.37181402990444	1.37181374720817	-0.41992759380054
0.8	241	25	1.835	1.30778677078594	1.30778676932714	1.37181402912929	1.37181402912929	1.37181374634989	-0.419927594428155
0.8	242	25	1.835	1.30778677004367	1.30778676855375	1.37181402836481	1.37181402836481	1.37181374554936	-0.419927595045955
0.8	243	25	1.835	1.30778676931186	1.3077867677913	1.3718140276108	1.3718140276108	1.37181374468865	-0.419927595654131
0.8	244	25	1.835	1.30778676859037	1.30778676703957	1.37181402686709	1.37181402686709	1.37181374387977	-0.41992759625287
0.8	245	25	1.835	1.30778676787899	1.30778676629837	1.3718140261335	1.3718140261335	1.37181374305926	-0.419927596842355
0.8	246	25	1.835	1.30778676717755	1.30778676556752	1.37181402540985	1.37181402540985	1.37181374228465	-0.419927597422763
0.8	247	25	1.835	1.30778676648589	1.30778676484684	1.37181402469596	1.37181402469596	1.37181374147879	-0.419927597994269
0.8	248	25	1.835	1.3077867658038	1.30778676413614	1.37181402399166	1.37181402399166	1.37181374069002	-0.419927598557044
0.8	249	25	1.835	1.30778676513113	1.30778676343524	1.37181402329681	1.37181402329681	1.37181373992611	-0.419927599111251
0.8	250	25	1.835	1.30778676446773	1.30778676274398	1.37181402261121	1.37181402261121	1.37181373916401	-0.419927599657056
0.8	251	25	1.835	1.30778676381341	1.30778676206219	1.37181402193474	1.37181402193474	1.37181373842326	-0.419927600194615
0.8	252	25	1.835	1.30778676316803	1.30778676138969	1.37181402126723	1.37181402126723	1.37181373769375	-0.419927600724083
0.8	253	25	1.835	1.30778676253143	1.30778676072634	1.37181402060853	1.37181402060853	1.37181373698962	-0.419927601245612
0.8	254	25	1.835	1.30778676190346	1.30778676007196	1.37181401995848	1.37181401995848	1.37181373625966	-0.419927601759349
0.8	255	25	1.835	1.30778676128398	1.30778675942642	1.37181401931694	1.37181401931694	1.37181373556615	-0.419927602265439
0.8	256	25	1.835	1.30778676067281	1.30778675878955	1.37181401868377	1.37181401868377	1.37181373483454	-0.419927602764024
0.8	257	25	1.835	1.30778676006985	1.3077867581612	1.37181401805883	1.37181401805883	1.37181373416403	-0.41992760325524
0.8	258	25	1.835	1.30778675947495	1.30778675754124	1.37181401744199	1.37181401744199	1.37181373346225	-0.419927603739223
0.8	259	25	1.835	1.30778675888796	1.30778675692952	1.3718140168331	1.3718140168331	1.37181373280143	-0.419927604216106
0.8	260	25	1.835	1.30778675830874	1.30778675632589	1.37181401623205	1.37181401623205	1.37181373213374	-0.419927604686016
0.8	261	25	1.835	1.3077867577372	1.30778675573024	1.37181401563871	1.37181401563871	1.37181373148453	-0.41992760514908
0.8	262	25	1.835	1.30778675717317	1.30778675514241	1.37181401505293	1.37181401505293	1.37181373081505	-0.419927605605421
0.8	263	25	1.835	1.30778675661653	1.30778675456229	1.3718140144746	1.3718140144746	1.37181373018915	-0.41992760605516
0.8	264	25	1.835	1.30778675606719	1.30778675398973	1.37181401390361	1.37181401390361	1.37181372955008	-0.419927606498416
0.8	265	25	1.835	1.30778675552498	1.30778675342463	1.37181401333983	1.37181401333983	1.37181372892032	-0.419927606935303
0.8	266	25	1.835	1.30778675498983	1.30778675286685	1.37181401278314	1.37181401278314	1.37181372832691	-0.419927607365934
0.8	267	25	1.835	1.30778675446159	1.30778675231627	1.37181401223346	1.37181401223346	1.37181372770223	-0.41992760779042
0.8	268	25	1.835	1.30778675394018	1.30778675177278	1.37181401169063	1.37181401169063	1.37181372707591	-0.419927608208869
0.8	269	25	1.835	1.30778675342545	1.30778675123626	1.37181401115456	1.37181401115456	1.37181372651246	-0.419927608621386
0.8	270	25	1.835	1.30778675291731	1.3077867507066	1.37181401062515	1.37181401062515	1.37181372589187	-0.419927609028076
0.8	271	25	1.835	1.30778675241566	1.30778675018369	1.37181401010228	1.37181401010228	1.37181372531098	-0.41992760942904
0.8	272	25	1.835	1.3077867519204	1.30778674966741	1.37181400958587	1.37181400958587	1.37181372477323	-0.419927609824375
0.8	273	25	1.835	1.30778675143141	1.30778674915766	1.37181400907581	1.37181400907581	1.37181372419228	-0.419927610214182
0.8	274	25	1.835	1.30778675094858	1.30778674865434	1.37181400857197	1.37181400857197	1.37181372361371	-0.419927610598554
0.8	275	25	1.835	1.30778675047184	1.30778674815735	1.37181400807431	1.37181400807431	1.37181372308643	-0.419927610977583
0.8	276	25	1.835	1.30778675000109	1.30778674766658	1.37181400758269	1.37181400758269	1.37181372252222	-0.419927611351362
0.8	277	25	1.835	1.30778674953622	1.30778674718193	1.37181400709704	1.37181400709704	1.371813721988	-0.419927611719979
0.8	278	25	1.835	1.30778674907715	1.30778674670332	1.37181400661725	1.37181400661725	1.37181372143343	-0.419927612083522
0.8	279	25	1.835	1.30778674862377	1.30778674623064	1.37181400614324	1.37181400614324	1.37181372088665	-0.419927612442076
0.8	280	25	1.835	1.30778674817602	1.30778674576379	1.37181400567491	1.37181400567491	1.37181372037315	-0.419927612795726
0.8	281	25	1.835	1.30778674773378	1.30778674530271	1.37181400521221	1.37181400521221	1.37181371990426	-0.419927613144554
0.8	282	25	1.835	1.307786747297	1.30778674484728	1.371814004755	1.371814004755	1.37181371937911	-0.419927613488639
0.8	283	25	1.835	1.30778674686557	1.30778674439742	1.37181400430324	1.37181400430324	1.3718137188501	-0.419927613828062
0.8	284	25	1.835	1.30778674643942	1.30778674395305	1.37181400385683	1.37181400385683	1.3718137183524	-0.419927614162898
0.8	285	25	1.835	1.30778674601845	1.30778674351408	1.3718140034157	1.3718140034157	1.37181371785643	-0.419927614493225
0.8	286	25	1.835	1.3077867456026	1.30778674308044	1.37181400297974	1.37181400297974	1.37181371738222	-0.419927614819114
0.8	287	25	1.835	1.3077867451918	1.30778674265203	1.37181400254892	1.37181400254892	1.37181371689333	-0.419927615140642
0.8	288	25	1.835	1.30778674478593	1.30778674222878	1.37181400212314	1.37181400212314	1.37181371642841	-0.419927615457876
0.8	289	25	1.835	1.30778674438496	1.30778674181062	1.37181400170232	1.37181400170232	1.37181371593327	-0.419927615770888
0.8	290	25	1.835	1.30778674398881	1.30778674139745	1.37181400128638	1.37181400128638	1.37181371548042	-0.419927616079747
0.8	291	25	1.835	1.30778674359738	1.30778674098922	1.37181400087528	1.37181400087528	1.37181371501958	-0.419927616384519
0.8	292	25	1.835	1.30778674321064	1.30778674058584	1.37181400046893	1.37181400046893	1.37181371458309	-0.41992761668527
0.8	293	25	1.835	1.30778674282848	1.30778674018724	1.37181400006725	1.37181400006725	1.37181371412263	-0.419927616982065
0.8	294	25	1.835	1.30778674245085	1.30778673979336	1.37181399967018	1.37181399967018	1.37181371365131	-0.419927617274967
0.8	295	25	1.835	1.30778674207768	1.30778673940411	1.37181399927767	1.37181399927767	1.37181371322658	-0.419927617564037
0.8	296	25	1.835	1.30778674170891	1.30778673901944	1.37181399888962	1.37181399888962	1.37181371278109	-0.419927617849338
0.8	297	25	1.835	1.30778674134447	1.30778673863927	1.37181399850599	1.37181399850599	1.37181371233085	-0.419927618130927
0.8	298	25	1.835	1.3077867409843	1.30778673826355	1.37181399812671	1.37181399812671	1.3718137119282	-0.419927618408865
0.8	299	25	1.835	1.30778674062832	1.30778673789219	1.37181399775174	1.37181399775174	1.37181371149629	-0.419927618683208
0.8	300	25	1.835	1.3077867402765	1.30778673752515	1.37181399738097	1.37181399738097	1.37181371106766	-0.41992761895401
