0.8	19	100	1.835	1.30787799832824	1.30788841714597	1.37186925763826	1.37186925763826	1.37192278157108	-0.419720944828841
0.8	20	100	1.835	1.30787071622814	1.30787918971158	1.37187310082569	1.37187310082569	1.37191673928421	-0.419759561228889
0.8	21	100	1.835	1.30785167102754	1.30785869055729	1.37185607744509	1.37185607744509	1.37189211159508	-0.419787465780301
0.8	22	100	1.835	1.30784305700478	1.3078488975499	1.37185239844947	1.37185239844947	1.37188237127864	-0.419811022751664
0.8	23	100	1.835	1.30783296982818	1.30783787823131	1.37184463153295	1.37184463153295	1.37186976299237	-0.41982926383563
0.8	24	100	1.835	1.3078262887825	1.30783043996082	1.37184058447437	1.37184058447437	1.3718618078683	-0.419844410175259
0.8	25	100	1.835	1.30782014746679	1.30782368341102	1.37183624282043	1.37183624282043	1.37185428224703	-0.419856626295861
0.8	26	100	1.835	1.30781541064813	1.30781844063501	1.37183314735284	1.37183314735284	1.37184857534206	-0.419866772626276
0.8	27	100	1.835	1.30781133446667	1.30781394605802	1.37183035255283	1.37183035255283	1.3718436209674	-0.419875151725679
0.8	28	100	1.835	1.30780800047936	1.30781026338405	1.37182812119772	1.37182812119772	1.37183959283431	-0.419882168534494
0.8	29	100	1.835	1.30780516981758	1.30780714037795	1.37182619960045	1.37182619960045	1.37183616621051	-0.419888056037883
0.8	30	100	1.835	1.30780279227522	1.30780451621612	1.37182459596985	1.37182459596985	1.37183329483248	-0.41989303578505
0.8	31	100	1.835	1.3078007663264	1.30780228107162	1.37182322318494	1.37182322318494	1.37183084811124	-0.419897265139954
0.8	32	100	1.835	1.30779903933921	1.30780037569643	1.37182205457571	1.37182205457571	1.3718287651182	-0.419900877868219
0.8	33	100	1.835	1.30779755636548	1.30779873985831	1.37182104939821	1.37182104939821	1.3718269775807	-0.419903977452008
0.8	34	100	1.835	1.30779627873705	1.30779733062992	1.37182018333289	1.37182018333289	1.37182543907009	-0.419906649258147
0.8	35	100	1.835	1.3077951725312	1.30779611063637	1.37181943279911	1.37181943279911	1.37182410806013	-0.419908961872554
0.8	36	100	1.835	1.30779421117002	1.30779505048355	1.37181878024162	1.37181878024162	1.37182295237719	-0.419910971735096
0.8	37	100	1.835	1.30779337231412	1.30779412552195	1.37181821046332	1.37181821046332	1.37182194483315	-0.419912725078494
0.8	38	100	1.835	1.30779263773525	1.30779331561768	1.37181771124084	1.37181771124084	1.37182106332241	-0.419914260184606
0.8	39	100	1.835	1.30779199220515	1.30779260396254	1.37181727227453	1.37181727227453	1.37182028935743	-0.419915608814221
0.8	40	100	1.835	1.30779142306631	1.30779197658272	1.37181688503581	1.37181688503581	1.37181960759283	-0.419916797485345
0.8	41	100	1.835	1.30779091969445	1.3077914217521	1.37181654234654	1.37181654234654	1.37181900515043	-0.419917848418984
0.8	42	100	1.835	1.3077904731575	1.30779092961233	1.37181623817598	1.37181623817598	1.37181847121028	-0.4199187803239
0.8	43	100	1.835	1.30779007590435	1.30779049183025	1.37181596742048	1.37181596742048	1.37181799662928	-0.419919609012332
0.8	44	100	1.835	1.30778972153086	1.30779010133883	1.37181572575109	1.37181572575109	1.37181757365808	-0.419920347902304
0.8	45	100	1.835	1.30778940458296	1.30778975212003	1.37181550947902	1.37181550947902	1.37181719570134	-0.419921008421844
0.8	46	100	1.835	1.30778912039999	1.30778943903151	1.37181531545107	1.37181531545107	1.37181685712538	-0.419921600339158
0.8	47	100	1.835	1.30778886498501	1.30778915766359	1.37181514096194	1.37181514096194	1.37181655310237	-0.419922132032066
0.8	48	100	1.835	1.30778863489916	1.30778890422257	1.37181498368325	1.37181498368325	1.3718162794796	-0.419922610709473
0.8	49	100	1.835	1.30778842717434	1.30778867543422	1.37181484160457	1.37181484160457	1.371816032676	-0.419923042593891
0.8	50	100	1.835	1.30778823924088	1.30778846846408	1.3718147129848	1.3718147129848	1.37181580959353	-0.419923433072591
0.8	51	100	1.835	1.30778806886768	1.30778828085122	1.37181459631165	1.37181459631165	1.37181560754113	-0.419923786823197
0.8	52	100	1.835	1.30778791411203	1.30778811045302	1.37181449026789	1.37181449026789	1.3718154241801	-0.419924107918454
0.8	53	100	1.835	1.30778777327791	1.30778795539893	1.37181439370314	1.37181439370314	1.37181525746891	-0.419924399913936
0.8	54	100	1.835	1.30778764488071	1.30778781405173	1.37181430561008	1.37181430561008	1.37181510561944	-0.419924665921699
0.8	55	100	1.835	1.30778752761763	1.30778768497477	1.37181422510448	1.37181422510448	1.37181496706783	-0.419924908672367
0.8	56	100	1.835	1.30778742034272	1.30778756690442	1.37181415140828	1.37181415140828	1.3718148404336	-0.419925130567604
0.8	57	100	1.835	1.30778732204561	1.3077874587266	1.37181408383528	1.37181408383528	1.37181472450602	-0.419925333724618
0.8	58	100	1.835	1.30778723183346	1.3077873594569	1.37181402177886	1.37181402177886	1.37181461821298	-0.419925520014003
0.8	59	100	1.835	1.30778714891561	1.3077872682236	1.3718139647017	1.3718139647017	1.3718145206063	-0.41992569109202
0.8	60	100	1.835	1.30778707259039	1.30778718425313	1.37181391212676	1.37181391212676	1.3718144308415	-0.419925848428199
0.8	61	100	1.835	1.30778700223383	1.30778710685765	1.37181386362971	1.37181386362971	1.37181434817558	-0.419925993329008
0.8	62	100	1.835	1.30778693729005	1.30778703542436	1.3718138188324	1.3718138188324	1.37181427193923	-0.419926126958209
0.8	63	100	1.835	1.30778687726276	1.30778696940624	1.37181377739712	1.37181377739712	1.37181420154069	-0.419926250354387
0.8	64	100	1.835	1.3077868217082	1.30778690831414	1.37181373902176	1.37181373902176	1.37181413644751	-0.419926364446111
0.8	65	100	1.835	1.30778677022876	1.30778685170983	1.3718137034356	1.3718137034356	1.37181407618569	-0.419926470065043
0.8	66	100	1.835	1.30778672246762	1.30778679920007	1.37181367039556	1.37181367039556	1.37181402032907	-0.419926567957335
0.8	67	100	1.835	1.30778667810404	1.30778675043137	1.37181363968312	1.37181363968312	1.37181396849388	-0.419926658793523
0.8	68	100	1.835	1.3077866368492	1.30778670508546	1.37181361110138	1.37181361110138	1.37181392033604	-0.419926743177168
0.8	69	100	1.835	1.30778659844266	1.30778666287534	1.37181358447279	1.37181358447279	1.37181387554352	-0.419926821652385
0.8	70	100	1.835	1.30778656264915	1.3077866235418	1.37181355963686	1.37181355963686	1.3718138338395	-0.41992689471045
0.8	71	100	1.835	1.30778652925592	1.3077865868504	1.37181353644844	1.37181353644844	1.37181379496548	-0.419926962795582
0.8	72	100	1.835	1.30778649807022	1.30778655258878	1.37181351477597	1.37181351477597	1.37181375869763	-0.419927026310026
0.8	73	100	1.835	1.30778646891717	1.30778652056431	1.37181349450005	1.37181349450005	1.37181372482306	-0.419927085618525
0.8	74	100	1.835	1.30778644163801	1.30778649060203	1.37181347551221	1.37181347551221	1.3718136931567	-0.419927141052268
0.8	75	100	1.835	1.3077864160882	1.3077864625428	1.37181345771377	1.37181345771377	1.3718136635253	-0.41992719291237
0.8	76	100	1.835	1.30778639213626	1.30778643624171	1.3718134410148	1.3718134410148	1.37181363577038	-0.419927241472955
0.8	77	100	1.835	1.30778636966216	1.30778641156662	1.37181342533323	1.37181342533323	1.3718136097556	-0.419927286983887
0.8	78	100	1.835	1.30778634855639	1.30778638839687	1.37181341059419	1.37181341059419	1.37181358534593	-0.419927329673197
0.8	79	100	1.835	1.30778632871883	1.30778636662222	1.37181339672918	1.37181339672918	1.37181356242385	-0.419927369749234
0.8	80	100	1.835	1.30778631005781	1.30778634614173	1.37181338367542	1.37181338367542	1.37181354088046	-0.419927407402584
0.8	81	100	1.835	1.30778629248942	1.30778632686297	1.37181337137549	1.37181337137549	1.37181352061664	-0.419927442807786
0.8	82	100	1.835	1.30778627593662	1.30778630870114	1.3718133597766	1.3718133597766	1.37181350154447	-0.419927476124852
0.8	83	100	1.835	1.30778626032874	1.30778629157839	1.37181334883032	1.37181334883032	1.37181348357475	-0.419927507500637
0.8	84	100	1.835	1.30778624560075	1.30778627542317	1.37181333849209	1.37181333849209	1.37181346663285	-0.419927537070062
0.8	85	100	1.835	1.30778623169289	1.30778626016963	1.37181332872093	1.37181332872093	1.37181345065147	-0.419927564957211
0.8	86	100	1.835	1.30778621855005	1.30778624575715	1.37181331947901	1.37181331947901	1.3718134355629	-0.419927591276312
0.8	87	100	1.835	1.30778620612144	1.30778623212983	1.37181331073151	1.37181331073151	1.37181342130497	-0.419927616132627
0.8	88	100	1.835	1.30778619436025	1.30778621923607	1.37181330244624	1.37181330244624	1.37181340782695	-0.419927639623246
0.8	89	100	1.835	1.30778618322312	1.30778620702824	1.37181329459346	1.37181329459346	1.37181339507326	-0.419927661837802
0.8	90	100	1.835	1.30778617267006	1.30778619546229	1.37181328714569	1.37181328714569	1.37181338300078	-0.419927682859127
0.8	91	100	1.835	1.30778616266404	1.30778618449744	1.37181328007747	1.37181328007747	1.37181337156468	-0.419927702763824
0.8	92	100	1.835	1.30778615317073	1.30778617409596	1.3718132733652	1.3718132733652	1.3718133607244	-0.41992772162281
0.8	93	100	1.835	1.30778614415838	1.30778616422286	1.37181326698701	1.37181326698701	1.3718133504402	-0.419927739501786
0.8	94	100	1.835	1.30778613559742	1.30778615484567	1.37181326092258	1.37181326092258	1.37181334068372	-0.419927756461672
0.8	95	100	1.835	1.3077861274605	1.30778614593424	1.37181325515308	1.37181325515308	1.37181333141555	-0.419927772559005
0.8	96	100	1.835	1.30778611972213	1.30778613746058	1.37181324966095	1.37181324966095	1.37181332261056	-0.41992778784629
0.8	97	100	1.835	1.30778611235867	1.30778612939863	1.37181324442987	1.37181324442987	1.37181331423794	-0.419927802372333
0.8	98	100	1.835	1.30778610534806	1.30778612172416	1.37181323944466	1.37181323944466	1.3718133062734	-0.419927816182531
0.8	99	100	1.835	1.30778609866976	1.30778611441458	1.37181323469116	1.37181323469116	1.37181329869814	-0.419927829319142
0.8	100	100	1.835	1.30778609230466	1.30778610744885	1.37181323015616	1.37181323015616	1.37181329147747	-0.419927841821535
0.8	101	100	1.835	1.3077860862349	1.30778610080735	1.37181322582734	1.37181322582734	1.37181328460486	-0.419927853726409
0.8	102	100	1.835	1.30778608044383	1.30778609447175	1.3718132216932	1.3718132216932	1.37181327804441	-0.419927865068002
0.8	103	100	1.835	1.30778607491587	1.30778608842493	1.37181321774301	1.37181321774301	1.37181327179937	-0.419927875878276
0.8	104	100	1.835	1.30778606963648	1.30778608265091	1.37181321396667	1.37181321396667	1.3718132658321	-0.419927886187089
0.8	105	100	1.835	1.30778606459205	1.30778607713471	1.37181321035479	1.37181321035479	1.37181326013682	-0.419927896022352
0.8	106	100	1.835	1.30778605976983	1.30778607186234	1.37181320689856	1.37181320689856	1.37181325469192	-0.419927905410176
0.8	107	100	1.835	1.30778605515791	1.30778606682067	1.37181320358972	1.37181320358972	1.37181324950049	-0.419927914374996
0.8	108	100	1.835	1.30778605074508	1.30778606199742	1.37181320042052	1.37181320042052	1.37181324452975	-0.419927922939704
0.8	109	100	1.835	1.30778604652088	1.30778605738106	1.3718131973837	1.3718131973837	1.3718132397775	-0.419927931125748
0.8	110	100	1.835	1.30778604247545	1.30778605296077	1.37181319447242	1.37181319447242	1.37181323523029	-0.419927938953244
0.8	111	100	1.835	1.30778603859957	1.3077860487264	1.3718131916803	1.3718131916803	1.37181323087516	-0.419927946441068
0.8	112	100	1.835	1.30778603488454	1.30778604466841	1.37181318900129	1.37181318900129	1.37181322670041	-0.419927953606937
0.8	113	100	1.835	1.3077860313222	1.30778604077784	1.37181318642977	1.37181318642977	1.37181322271155	-0.419927960467501
0.8	114	100	1.835	1.30778602790489	1.30778603704625	1.37181318396038	1.37181318396038	1.37181321888302	-0.419927967038403
0.8	115	100	1.835	1.30778602462537	1.3077860334657	1.37181318158807	1.37181318158807	1.3718132152047	-0.419927973334359
0.8	116	100	1.835	1.30778602147685	1.30778603002873	1.37181317930815	1.37181317930815	1.37181321169182	-0.419927979369214
0.8	117	100	1.835	1.30778601845291	1.30778602672829	1.37181317711617	1.37181317711617	1.37181320831031	-0.419927985156002
0.8	118	100	1.835	1.30778601554753	1.30778602355774	1.37181317500791	1.37181317500791	1.37181320506686	-0.419927990707001
0.8	119	100	1.835	1.30778601275496	1.30778602051084	1.37181317297939	1.37181317297939	1.37181320195043	-0.419927996033785
0.8	120	100	1.835	1.30778601006988	1.30778601758168	1.3718131710269	1.3718131710269	1.37181319895064	-0.419928001147262
0.8	121	100	1.835	1.30778600748721	1.30778601476468	1.37181316914687	1.37181316914687	1.37181319607836	-0.419928006057727
0.8	122	100	1.835	1.30778600500212	1.30778601205458	1.37181316733597	1.37181316733597	1.37181319330818	-0.419928010774894
0.8	123	100	1.835	1.30778600261011	1.30778600944641	1.37181316559104	1.37181316559104	1.37181319064442	-0.419928015307939
0.8	124	100	1.835	1.3077860003069	1.30778600693545	1.37181316390909	1.37181316390909	1.37181318808906	-0.419928019665528
0.8	125	100	1.835	1.3077859980884	1.30778600451728	1.37181316228728	1.37181316228728	1.37181318562252	-0.419928023855854
0.8	126	100	1.835	1.30778599595082	1.30778600218767	1.37181316072296	1.37181316072296	1.37181318325378	-0.419928027886664
0.8	127	100	1.835	1.30778599389049	1.30778599994265	1.37181315921357	1.37181315921357	1.37181318096581	-0.419928031765288
0.8	128	100	1.835	1.307785991904	1.30778599777842	1.37181315775668	1.37181315775668	1.37181317876657	-0.419928035498662
0.8	129	100	1.835	1.30778598998808	1.30778599569144	1.37181315635007	1.37181315635007	1.37181317664639	-0.419928039093356
0.8	130	100	1.835	1.30778598813964	1.30778599367829	1.37181315499151	1.37181315499151	1.37181317460368	-0.419928042555591
0.8	131	100	1.835	1.30778598635574	1.30778599173576	1.37181315367899	1.37181315367899	1.37181317262907	-0.419928045891266
0.8	132	100	1.835	1.30778598463362	1.30778598986082	1.37181315241054	1.37181315241054	1.37181317072962	-0.419928049105972
0.8	133	100	1.835	1.30778598297062	1.30778598805055	1.37181315118434	1.37181315118434	1.37181316889029	-0.419928052205012
0.8	134	100	1.835	1.30778598136425	1.30778598630221	1.37181314999858	1.37181314999858	1.37181316711798	-0.419928055193419
0.8	135	100	1.835	1.30778597981212	1.30778598461318	1.37181314885164	1.37181314885164	1.371813165413	-0.419928058075969
0.8	136	100	1.835	1.30778597831197	1.30778598298099	1.3718131477419	1.3718131477419	1.37181316375647	-0.4199280608572
0.8	137	100	1.835	1.30778597686163	1.30778598140328	1.37181314666785	1.37181314666785	1.37181316216388	-0.41992806354142
0.8	138	100	1.835	1.30778597545908	1.30778597987779	1.37181314562804	1.37181314562804	1.37181316062188	-0.419928066132728
0.8	139	100	1.835	1.30778597410236	1.3077859784024	1.37181314462111	1.37181314462111	1.37181315913457	-0.419928068635015
0.8	140	100	1.835	1.3077859727896	1.30778597697507	1.37181314364576	1.37181314364576	1.37181315768498	-0.419928071051987
0.8	141	100	1.835	1.30778597151905	1.30778597559386	1.37181314270075	1.37181314270075	1.37181315630122	-0.419928073387166
0.8	142	100	1.835	1.30778597028905	1.30778597425693	1.37181314178488	1.37181314178488	1.37181315493938	-0.419928075643908
0.8	143	100	1.835	1.30778596909794	1.30778597296253	1.37181314089703	1.37181314089703	1.37181315363464	-0.419928077825406
0.8	144	100	1.835	1.30778596794424	1.30778597170898	1.37181314003611	1.37181314003611	1.37181315237652	-0.419928079934701
0.8	145	100	1.835	1.30778596682649	1.30778597049468	1.3718131392011	1.3718131392011	1.37181315114859	-0.419928081974692
0.8	146	100	1.835	1.30778596574328	1.30778596931812	1.37181313839103	1.37181313839103	1.3718131499643	-0.41992808394814
0.8	147	100	1.835	1.30778596469329	1.30778596817783	1.37181313760493	1.37181313760493	1.37181314882192	-0.419928085857679
0.8	148	100	1.835	1.30778596367526	1.30778596707243	1.37181313684192	1.37181313684192	1.37181314771641	-0.419928087705823
0.8	149	100	1.835	1.30778596268795	1.30778596600059	1.37181313610114	1.37181313610114	1.37181314663175	-0.419928089494965
0.8	150	100	1.835	1.30778596173026	1.30778596496105	1.37181313538179	1.37181313538179	1.37181314558499	-0.419928091227396
0.8	151	100	1.835	1.30778596080104	1.30778596395261	1.37181313468307	1.37181313468307	1.3718131445772	-0.419928092905296
0.8	152	100	1.835	1.30778595989927	1.30778596297409	1.37181313400424	1.37181313400424	1.37181314359091	-0.419928094530753
0.8	153	100	1.835	1.30778595902389	1.30778596202442	1.37181313334459	1.37181313334459	1.37181314263739	-0.419928096105757
0.8	154	100	1.835	1.307785958174	1.30778596110251	1.3718131327034	1.3718131327034	1.37181314171519	-0.419928097632213
0.8	155	100	1.835	1.30778595734863	1.30778596020737	1.37181313208006	1.37181313208006	1.3718131408145	-0.419928099111941
0.8	156	100	1.835	1.30778595654691	1.30778595933803	1.37181313147391	1.37181313147391	1.3718131399445	-0.41992810054668
0.8	157	100	1.835	1.30778595576798	1.30778595849355	1.37181313088437	1.37181313088437	1.37181313910643	-0.419928101938093
0.8	158	100	1.835	1.30778595501108	1.30778595767307	1.37181313031085	1.37181313031085	1.3718131382858	-0.419928103287773
0.8	159	100	1.835	1.30778595427538	1.30778595687571	1.37181312975281	1.37181312975281	1.37181313749075	-0.419928104597245
0.8	160	100	1.835	1.30778595356016	1.30778595610068	1.3718131292097	1.3718131292097	1.37181313671583	-0.419928105867965
0.8	161	100	1.835	1.3077859528647	1.3077859553472	1.37181312868102	1.37181312868102	1.37181313596491	-0.419928107101331
0.8	162	100	1.835	1.30778595218833	1.30778595461451	1.3718131281663	1.3718131281663	1.37181313523481	-0.419928108298681
0.8	163	100	1.835	1.30778595153037	1.3077859539019	1.37181312766507	1.37181312766507	1.37181313451664	-0.419928109461295
0.8	164	100	1.835	1.30778595089023	1.30778595320868	1.37181312717686	1.37181312717686	1.37181313382725	-0.419928110590402
0.8	165	100	1.835	1.30778595026726	1.30778595253419	1.37181312670123	1.37181312670123	1.37181313314948	-0.41992811168718
0.8	166	100	1.835	1.30778594966091	1.3077859518778	1.3718131262378	1.3718131262378	1.37181313249543	-0.419928112752756
0.8	167	100	1.835	1.30778594907063	1.30778595123891	1.37181312578617	1.37181312578617	1.3718131318516	-0.419928113788215
0.8	168	100	1.835	1.30778594849588	1.30778595061692	1.37181312534593	1.37181312534593	1.37181313124284	-0.419928114794593
0.8	169	100	1.835	1.30778594793614	1.30778595001128	1.37181312491672	1.37181312491672	1.37181313063682	-0.419928115772889
0.8	170	100	1.835	1.3077859473909	1.30778594942146	1.37181312449821	1.37181312449821	1.37181313004695	-0.419928116724058
0.8	171	100	1.835	1.30778594685973	1.30778594884693	1.37181312409005	1.37181312409005	1.37181312948278	-0.41992811764902
0.8	172	100	1.835	1.30778594634215	1.30778594828719	1.3718131236919	1.3718131236919	1.37181312892802	-0.419928118548655
0.8	173	100	1.835	1.30778594583773	1.30778594774178	1.37181312330348	1.37181312330348	1.37181312838725	-0.419928119423812
0.8	174	100	1.835	1.30778594534605	1.30778594721022	1.37181312292441	1.37181312292441	1.37181312784812	-0.419928120275303
0.8	175	100	1.835	1.30778594486672	1.30778594669208	1.3718131225545	1.3718131225545	1.37181312733154	-0.419928121103912
0.8	176	100	1.835	1.3077859443993	1.30778594618694	1.37181312219342	1.37181312219342	1.37181312683778	-0.41992812191039
0.8	177	100	1.835	1.30778594394345	1.30778594569437	1.37181312184088	1.37181312184088	1.37181312635334	-0.41992812269546
0.8	178	100	1.835	1.30778594349884	1.307785945214	1.37181312149666	1.37181312149666	1.37181312586576	-0.419928123459816
0.8	179	100	1.835	1.30778594306506	1.30778594474544	1.37181312116048	1.37181312116048	1.37181312539811	-0.419928124204129
0.8	180	100	1.835	1.30778594264182	1.30778594428833	1.37181312083212	1.37181312083212	1.37181312494802	-0.41992812492904
0.8	181	100	1.835	1.30778594222877	1.3077859438423	1.37181312051134	1.37181312051134	1.37181312451704	-0.41992812563517
0.8	182	100	1.835	1.30778594182563	1.30778594340704	1.3718131201979	1.3718131201979	1.37181312408132	-0.419928126323113
0.8	183	100	1.835	1.30778594143207	1.3077859429822	1.37181311989161	1.37181311989161	1.37181312365643	-0.419928126993445
0.8	184	100	1.835	1.30778594104783	1.30778594256748	1.37181311959224	1.37181311959224	1.37181312323701	-0.419928127646716
0.8	185	100	1.835	1.30778594067261	1.30778594216257	1.37181311929961	1.37181311929961	1.37181312284519	-0.41992812828346
0.8	186	100	1.835	1.30778594030617	1.30778594176717	1.37181311901351	1.37181311901351	1.37181312245798	-0.419928128904188
0.8	187	100	1.835	1.3077859399482	1.30778594138101	1.37181311873374	1.37181311873374	1.37181312207626	-0.419928129509395
0.8	188	100	1.835	1.3077859395985	1.30778594100382	1.37181311846016	1.37181311846016	1.3718131216934	-0.419928130099556
0.8	189	100	1.835	1.30778593925681	1.30778594063533	1.37181311819256	1.37181311819256	1.3718131213447	-0.419928130675131
0.8	190	100	1.835	1.30778593892289	1.30778594027528	1.37181311793078	1.37181311793078	1.37181312100056	-0.419928131236562
0.8	191	100	1.835	1.30778593859657	1.30778593992344	1.37181311767466	1.37181311767466	1.37181312063897	-0.419928131784275
0.8	192	100	1.835	1.30778593827753	1.30778593957957	1.37181311742405	1.37181311742405	1.37181312029067	-0.419928132318682
0.8	193	100	1.835	1.30778593796568	1.30778593924343	1.37181311717877	1.37181311717877	1.37181311996238	-0.419928132840179
0.8	194	100	1.835	1.3077859376607	1.30778593891482	1.37181311693871	1.37181311693871	1.371813119636	-0.419928133349152
0.8	195	100	1.835	1.30778593736249	1.30778593859351	1.37181311670371	1.37181311670371	1.37181311933491	-0.419928133845967
0.8	196	100	1.835	1.3077859370708	1.30778593827931	1.37181311647362	1.37181311647362	1.37181311902655	-0.419928134330982
0.8	197	100	1.835	1.3077859367855	1.307785937972	1.37181311624834	1.37181311624834	1.371813118715	-0.419928134804543
0.8	198	100	1.835	1.30778593650636	1.30778593767141	1.37181311602768	1.37181311602768	1.37181311840825	-0.41992813526698
0.8	199	100	1.835	1.30778593623325	1.30778593737734	1.37181311581159	1.37181311581159	1.37181311813678	-0.419928135718618
0.8	200	100	1.835	1.30778593596598	1.30778593708962	1.37181311559992	1.37181311559992	1.37181311783932	-0.419928136159762
0.8	201	100	1.835	1.30778593570443	1.30778593680806	1.37181311539254	1.37181311539254	1.37181311757989	-0.419928136590718
0.8	202	100	1.835	1.30778593544839	1.30778593653252	1.37181311518934	1.37181311518934	1.37181311730435	-0.419928137011771
0.8	203	100	1.835	1.30778593519776	1.30778593626281	1.37181311499022	1.37181311499022	1.37181311702488	-0.419928137423204
0.8	204	100	1.835	1.30778593495234	1.30778593599879	1.37181311479507	1.37181311479507	1.37181311678123	-0.419928137825285
0.8	205	100	1.835	1.30778593471207	1.3077859357403	1.3718131146038	1.3718131146038	1.37181311652548	-0.419928138218279
0.8	206	100	1.835	1.30778593447674	1.3077859354872	1.37181311441628	1.37181311441628	1.37181311625615	-0.419928138602436
0.8	207	100	1.835	1.30778593424625	1.30778593523934	1.37181311423246	1.37181311423246	1.3718131160388	-0.419928138978003
0.8	208	100	1.835	1.30778593402047	1.30778593499658	1.3718131140522	1.3718131140522	1.37181311578184	-0.419928139345216
0.8	209	100	1.835	1.30778593379929	1.3077859347588	1.37181311387543	1.37181311387543	1.37181311554897	-0.419928139704304
0.8	210	100	1.835	1.30778593358258	1.30778593452586	1.37181311370206	1.37181311370206	1.37181311531759	-0.419928140055489
0.8	211	100	1.835	1.30778593337023	1.30778593429763	1.37181311353203	1.37181311353203	1.37181311510063	-0.419928140398985
0.8	212	100	1.835	1.30778593316212	1.307785934074	1.37181311336522	1.37181311336522	1.37181311488217	-0.419928140735
0.8	213	100	1.835	1.30778593295815	1.30778593385484	1.37181311320156	1.37181311320156	1.37181311467051	-0.419928141063736
0.8	214	100	1.835	1.30778593275819	1.30778593364005	1.371813113041	1.371813113041	1.37181311446252	-0.419928141385386
0.8	216	100	1.835	1.30778593236999	1.30778593322312	1.37181311272878	1.37181311272878	1.37181311404831	-0.41992814200818
0.8	217	100	1.835	1.30778593218155	1.30778593302077	1.37181311257698	1.37181311257698	1.37181311385393	-0.419928142309683
0.8	218	100	1.835	1.30778593199671	1.30778593282235	1.371813112428	1.371813112428	1.37181311367364	-0.41992814260482
0.8	219	100	1.835	1.30778593181545	1.30778593262778	1.37181311228172	1.37181311228172	1.37181311346713	-0.419928142893758
0.8	220	100	1.835	1.30778593163766	1.30778593243696	1.37181311213811	1.37181311213811	1.37181311327595	-0.419928143176658
0.8	221	100	1.835	1.30778593146326	1.30778593224979	1.3718131119971	1.3718131119971	1.37181311308966	-0.419928143453675
0.8	222	100	1.835	1.30778593129213	1.30778593206619	1.37181311185863	1.37181311185863	1.37181311290641	-0.419928143724961
0.8	223	100	1.835	1.30778593112424	1.30778593188607	1.37181311172263	1.37181311172263	1.3718131127268	-0.419928143990663
0.8	224	100	1.835	1.30778593095948	1.30778593170934	1.37181311158906	1.37181311158906	1.3718131125513	-0.419928144250923
0.8	225	100	1.835	1.3077859307978	1.30778593153593	1.37181311145782	1.37181311145782	1.37181311238796	-0.419928144505879
0.8	226	100	1.835	1.30778593063909	1.30778593136575	1.3718131113289	1.3718131113289	1.37181311222988	-0.419928144755664
0.8	227	100	1.835	1.30778593048331	1.30778593119872	1.37181311120223	1.37181311120223	1.37181311204966	-0.419928145000409
0.8	228	100	1.835	1.30778593033039	1.30778593103478	1.37181311107777	1.37181311107777	1.37181311189602	-0.41992814524024
0.8	229	100	1.835	1.30778593018025	1.30778593087385	1.37181311095546	1.37181311095546	1.37181311174016	-0.419928145475278
0.8	230	100	1.835	1.30778593003283	1.30778593071585	1.37181311083529	1.37181311083529	1.37181311157871	-0.419928145705642
0.8	231	100	1.835	1.30778592988806	1.30778593056073	1.37181311071714	1.37181311071714	1.37181311142663	-0.419928145931449
0.8	232	100	1.835	1.30778592974589	1.3077859304084	1.37181311060102	1.37181311060102	1.37181311131866	-0.419928146152809
0.8	233	100	1.835	1.30778592960626	1.30778593025882	1.37181311048685	1.37181311048685	1.37181311113379	-0.419928146369832
0.8	234	100	1.835	1.30778592946909	1.30778593011191	1.37181311037462	1.37181311037462	1.37181311099928	-0.419928146582621
0.8	235	100	1.835	1.30778592933437	1.30778592996762	1.37181311026428	1.37181311026428	1.37181311085927	-0.419928146791281
0.8	236	100	1.835	1.30778592920199	1.30778592982588	1.37181311015576	1.37181311015576	1.37181311072372	-0.419928146995911
0.8	237	100	1.835	1.30778592907194	1.30778592968663	1.37181311004904	1.37181311004904	1.3718131105869	-0.419928147196606
0.8	238	100	1.835	1.30778592894415	1.30778592954983	1.37181310994409	1.37181310994409	1.37181311045846	-0.419928147393462
0.8	239	100	1.835	1.30778592881854	1.30778592941541	1.37181310984083	1.37181310984083	1.37181311031447	-0.419928147586569
0.8	240	100	1.835	1.30778592869513	1.30778592928332	1.37181310973931	1.37181310973931	1.37181311017638	-0.419928147776016
0.8	241	100	1.835	1.30778592857382	1.30778592915351	1.3718131096394	1.3718131096394	1.37181311004357	-0.419928147961889
0.8	242	100	1.835	1.30778592845459	1.30778592902593	1.37181310954113	1.37181310954113	1.37181310996006	-0.419928148144272
0.8	243	100	1.835	1.30778592833736	1.30778592890053	1.37181310944443	1.37181310944443	1.37181310980684	-0.419928148323247
0.8	244	100	1.835	1.30778592822211	1.30778592877726	1.37181310934929	1.37181310934929	1.37181310969673	-0.419928148498892
0.8	245	100	1.835	1.30778592810882	1.30778592865608	1.37181310925564	1.37181310925564	1.37181310956581	-0.419928148671286
0.8	246	100	1.835	1.30778592799738	1.30778592853693	1.37181310916349	1.37181310916349	1.37181310947216	-0.4199281488405
0.8	247	100	1.835	1.30778592788783	1.30778592841978	1.37181310907279	1.37181310907279	1.37181310933934	-0.419928149006612
0.8	248	100	1.835	1.30778592778008	1.30778592830459	1.37181310898352	1.37181310898352	1.37181310921496	-0.41992814916969
0.8	249	100	1.835	1.30778592767409	1.30778592819131	1.37181310889562	1.37181310889562	1.37181310910684	-0.419928149329802
0.8	250	100	1.835	1.30778592756983	1.30778592807989	1.37181310880911	1.37181310880911	1.37181310899295	-0.419928149487018
0.8	251	100	1.835	1.30778592746731	1.30778592797031	1.37181310872393	1.37181310872393	1.37181310889212	-0.419928149641401
0.8	252	100	1.835	1.30778592736641	1.30778592786252	1.37181310864006	1.37181310864006	1.37181310879483	-0.419928149793016
0.8	253	100	1.835	1.30778592726718	1.30778592775648	1.37181310855748	1.37181310855748	1.37181310871506	-0.419928149941924
0.8	254	100	1.835	1.3077859271695	1.30778592765216	1.37181310847614	1.37181310847614	1.37181310860203	-0.419928150088185
0.8	255	100	1.835	1.30778592707341	1.30778592754952	1.37181310839604	1.37181310839604	1.37181310851784	-0.419928150231858
0.8	256	100	1.835	1.30778592697884	1.30778592744853	1.37181310831717	1.37181310831717	1.37181310838799	-0.419928150373001
0.8	257	100	1.835	1.30778592688575	1.30778592734915	1.37181310823947	1.37181310823947	1.37181310831218	-0.419928150511668
0.8	258	100	1.835	1.30778592679415	1.30778592725135	1.37181310816293	1.37181310816293	1.37181310819793	-0.419928150647914
0.8	259	100	1.835	1.30778592670398	1.30778592715509	1.37181310808752	1.37181310808752	1.3718131081176	-0.419928150781792
0.8	260	100	1.835	1.30778592661524	1.30778592706036	1.37181310801323	1.37181310801323	1.37181310802369	-0.419928150913353
0.8	261	100	1.835	1.30778592652786	1.3077859269671	1.37181310794004	1.37181310794004	1.37181310794147	-0.419928151042647
0.8	262	100	1.835	1.30778592644183	1.3077859268753	1.37181310786792	1.37181310786792	1.37181310783177	-0.419928151169723
0.8	263	100	1.835	1.30778592635711	1.30778592678492	1.37181310779685	1.37181310779685	1.37181310775944	-0.419928151294629
0.8	264	100	1.835	1.30778592627371	1.30778592669595	1.37181310772681	1.37181310772681	1.37181310766698	-0.41992815141741
0.8	265	100	1.835	1.30778592619159	1.30778592660834	1.37181310765778	1.37181310765778	1.37181310757839	-0.419928151538112
0.8	266	100	1.835	1.3077859261107	1.30778592652207	1.37181310758979	1.37181310758979	1.37181310751918	-0.419928151656779
0.8	267	100	1.835	1.30778592603103	1.30778592643711	1.37181310752272	1.37181310752272	1.37181310742235	-0.419928151773454
0.8	268	100	1.835	1.30778592595257	1.30778592635345	1.37181310745662	1.37181310745662	1.37181310731803	-0.419928151888178
0.8	269	100	1.835	1.30778592587529	1.30778592627105	1.37181310739147	1.37181310739147	1.37181310727012	-0.419928152000993
0.8	270	100	1.835	1.30778592579914	1.30778592618988	1.37181310732721	1.37181310732721	1.37181310715973	-0.419928152111937
0.8	271	100	1.835	1.30778592572413	1.30778592610994	1.37181310726388	1.37181310726388	1.37181310708321	-0.419928152221051
0.8	272	100	1.835	1.30778592565025	1.30778592603118	1.37181310720145	1.37181310720145	1.37181310704374	-0.419928152328371
0.8	273	100	1.835	1.30778592557743	1.30778592595359	1.37181310713986	1.37181310713986	1.37181310695541	-0.419928152433936
0.8	274	100	1.835	1.3077859255057	1.30778592587715	1.37181310707914	1.37181310707914	1.37181310686369	-0.419928152537779
0.8	275	100	1.835	1.30778592543497	1.30778592580183	1.37181310701927	1.37181310701927	1.37181310681762	-0.419928152639937
0.8	276	100	1.835	1.30778592536534	1.30778592572762	1.37181310696021	1.37181310696021	1.3718131067297	-0.419928152740444
0.8	277	100	1.835	1.30778592529667	1.30778592565448	1.37181310690195	1.37181310690195	1.37181310666644	-0.419928152839334
0.8	278	100	1.835	1.30778592522899	1.30778592558241	1.37181310684449	1.37181310684449	1.37181310657746	-0.419928152936638
0.8	279	100	1.835	1.30778592516228	1.30778592551138	1.37181310678783	1.37181310678783	1.37181310649086	-0.41992815303239
0.8	280	100	1.835	1.30778592509653	1.30778592544137	1.37181310673192	1.37181310673192	1.37181310643224	-0.419928153126619
0.8	281	100	1.835	1.30778592503173	1.30778592537236	1.37181310667675	1.37181310667675	1.37181310641365	-0.419928153219356
0.8	282	100	1.835	1.30778592496782	1.30778592530434	1.37181310662232	1.37181310662232	1.37181310633351	-0.419928153310632
0.8	283	100	1.835	1.30778592490481	1.30778592523729	1.37181310656863	1.37181310656863	1.37181310624471	-0.419928153400474
0.8	284	100	1.835	1.3077859248427	1.30778592517118	1.37181310651569	1.37181310651569	1.37181310618185	-0.419928153488911
0.8	285	100	1.835	1.30778592478145	1.307785925106	1.37181310646339	1.37181310646339	1.37181310611675	-0.419928153575971
0.8	286	100	1.835	1.30778592472106	1.30778592504174	1.37181310641181	1.37181310641181	1.37181310606834	-0.41992815366168
0.8	287	100	1.835	1.3077859246615	1.30778592497837	1.3718131063609	1.3718131063609	1.37181310600064	-0.419928153746065
0.8	288	100	1.835	1.30778592460275	1.30778592491588	1.37181310631064	1.37181310631064	1.37181310595246	-0.419928153829152
0.8	289	100	1.835	1.30778592454481	1.30778592485426	1.37181310626105	1.37181310626105	1.37181310586926	-0.419928153910965
0.8	290	100	1.835	1.30778592448768	1.30778592479349	1.3718131062121	1.3718131062121	1.37181310582429	-0.419928153991529
0.8	291	100	1.835	1.30778592443131	1.30778592473355	1.37181310616377	1.37181310616377	1.37181310576635	-0.419928154070868
0.8	292	100	1.835	1.30778592437571	1.30778592467443	1.37181310611608	1.37181310611608	1.37181310572917	-0.419928154149006
0.8	293	100	1.835	1.30778592432086	1.30778592461612	1.37181310606898	1.37181310606898	1.37181310566319	-0.419928154225965
0.8	294	100	1.835	1.30778592426675	1.3077859245586	1.37181310602247	1.37181310602247	1.37181310558235	-0.419928154301768
0.8	295	100	1.835	1.30778592421336	1.30778592450185	1.3718131059766	1.3718131059766	1.371813105544	-0.419928154376436
0.8	296	100	1.835	1.30778592416069	1.30778592444587	1.37181310593127	1.37181310593127	1.37181310548043	-0.419928154449992
0.8	297	100	1.835	1.3077859241087	1.30778592439063	1.37181310588653	1.37181310588653	1.37181310540842	-0.419928154522454
0.8	298	100	1.835	1.30778592405742	1.30778592433613	1.37181310584232	1.37181310584232	1.37181310537969	-0.419928154593845
0.8	299	100	1.835	1.30778592400682	1.30778592428236	1.3718131057987	1.3718131057987	1.37181310531821	-0.419928154664184
0.8	300	100	1.835	1.30778592395686	1.30778592422929	1.37181310575558	1.37181310575558	1.37181310525629	-0.419928154733491
0.8	301	100	1.835	1.30778592390756	1.30778592417693	1.37181310571305	1.37181310571305	1.37181310522894	-0.419928154801785
0.8	302	100	1.835	1.3077859238589	1.30778592412525	1.37181310567101	1.37181310567101	1.37181310515492	-0.419928154869083
0.8	303	100	1.835	1.30778592381089	1.30778592407425	1.37181310562947	1.37181310562947	1.37181310511258	-0.419928154935405
0.8	304	100	1.835	1.3077859237635	1.30778592402391	1.37181310558846	1.37181310558846	1.371813105086	-0.419928155000769
0.8	305	100	1.835	1.30778592371669	1.30778592397422	1.37181310554793	1.37181310554793	1.37181310503463	-0.419928155065191
0.8	306	100	1.835	1.30778592367049	1.30778592392518	1.37181310550792	1.37181310550792	1.37181310497343	-0.41992815512869
0.8	307	100	1.835	1.30778592362489	1.30778592387677	1.37181310546838	1.37181310546838	1.37181310492246	-0.419928155191281
0.8	308	100	1.835	1.30778592357985	1.30778592382897	1.37181310542931	1.37181310542931	1.37181310486382	-0.419928155252981
0.8	309	100	1.835	1.30778592353541	1.30778592378179	1.37181310539074	1.37181310539074	1.37181310481838	-0.419928155313806
0.8	310	100	1.835	1.30778592349151	1.3077859237352	1.37181310535259	1.37181310535259	1.37181310480512	-0.419928155373772
0.8	311	100	1.835	1.30778592344816	1.30778592368921	1.3718131053149	1.3718131053149	1.37181310476003	-0.419928155432893
0.8	312	100	1.835	1.30778592340534	1.3077859236438	1.37181310527767	1.37181310527767	1.37181310469493	-0.419928155491186
0.8	313	100	1.835	1.30778592336309	1.30778592359895	1.37181310524087	1.37181310524087	1.37181310463738	-0.419928155548665
0.8	314	100	1.835	1.30778592332136	1.30778592355467	1.37181310520451	1.37181310520451	1.3718131046171	-0.419928155605343
0.8	315	100	1.835	1.30778592328012	1.30778592351094	1.37181310516856	1.37181310516856	1.37181310456348	-0.419928155661235
0.8	316	100	1.835	1.3077859232394	1.30778592346775	1.37181310513306	1.37181310513306	1.37181310455082	-0.419928155716355
0.8	317	100	1.835	1.30778592319917	1.3077859234251	1.37181310509795	1.37181310509795	1.37181310450982	-0.419928155770716
0.8	318	100	1.835	1.30778592315943	1.30778592338297	1.37181310506326	1.37181310506326	1.37181310446829	-0.419928155824332
0.8	319	100	1.835	1.3077859231202	1.30778592334136	1.37181310502894	1.37181310502894	1.37181310442548	-0.419928155877215
0.8	320	100	1.835	1.30778592308144	1.30778592330025	1.37181310499503	1.37181310499503	1.37181310438747	-0.419928155929377
0.8	321	100	1.835	1.30778592304311	1.30778592325965	1.37181310496155	1.37181310496155	1.37181310434651	-0.419928155980833
0.8	322	100	1.835	1.30778592300529	1.30778592321954	1.37181310492842	1.37181310492842	1.37181310429528	-0.419928156031593
0.8	323	100	1.835	1.30778592296789	1.30778592317992	1.37181310489565	1.37181310489565	1.3718131042376	-0.419928156081669
0.8	324	100	1.835	1.30778592293097	1.30778592314077	1.37181310486328	1.37181310486328	1.37181310419435	-0.419928156131074
0.8	325	100	1.835	1.30778592289446	1.30778592310209	1.37181310483123	1.37181310483123	1.37181310418338	-0.419928156179817
0.8	326	100	1.835	1.30778592285838	1.30778592306388	1.37181310479958	1.37181310479958	1.37181310417436	-0.419928156227912
0.8	327	100	1.835	1.30778592282276	1.30778592302612	1.37181310476829	1.37181310476829	1.3718131041113	-0.419928156275367
0.8	328	100	1.835	1.30778592278752	1.3077859229888	1.37181310473733	1.37181310473733	1.37181310407916	-0.419928156322195
0.8	329	100	1.835	1.30778592275273	1.30778592295193	1.37181310470673	1.37181310470673	1.3718131040339	-0.419928156368407
0.8	330	100	1.835	1.30778592271832	1.3077859229155	1.37181310467643	1.37181310467643	1.37181310402307	-0.419928156414011
0.8	331	100	1.835	1.30778592268431	1.30778592287949	1.37181310464651	1.37181310464651	1.3718131039644	-0.419928156459017
0.8	332	100	1.835	1.30778592265072	1.3077859228439	1.37181310461689	1.37181310461689	1.37181310394127	-0.419928156503438
0.8	333	100	1.835	1.30778592261749	1.30778592280873	1.3718131045876	1.3718131045876	1.37181310393149	-0.419928156547281
0.8	334	100	1.835	1.30778592258465	1.30778592277396	1.37181310455862	1.37181310455862	1.37181310385076	-0.419928156590556
0.8	335	100	1.835	1.30778592255219	1.3077859227396	1.37181310453	1.37181310453	1.37181310382153	-0.419928156633273
0.8	336	100	1.835	1.30778592252011	1.30778592270563	1.37181310450164	1.37181310450164	1.37181310383842	-0.41992815667544
0.8	337	100	1.835	1.30778592248839	1.30778592267205	1.37181310447362	1.37181310447362	1.37181310373329	-0.419928156717067
0.8	338	100	1.835	1.30778592245703	1.30778592263886	1.37181310444588	1.37181310444588	1.37181310373796	-0.419928156758163
0.8	339	100	1.835	1.30778592242602	1.30778592260605	1.37181310441844	1.37181310441844	1.37181310369736	-0.419928156798735
0.8	340	100	1.835	1.30778592239534	1.3077859225736	1.3718131043913	1.3718131043913	1.37181310370255	-0.419928156838793
0.8	341	100	1.835	1.30778592236505	1.30778592254153	1.37181310436445	1.37181310436445	1.37181310363159	-0.419928156878344
0.8	342	100	1.835	1.30778592233507	1.30778592250982	1.37181310433787	1.37181310433787	1.3718131036123	-0.419928156917397
0.8	343	100	1.835	1.30778592230543	1.30778592247846	1.37181310431158	1.37181310431158	1.37181310356747	-0.419928156955961
0.8	344	100	1.835	1.30778592227612	1.30778592244745	1.37181310428558	1.37181310428558	1.3718131035464	-0.419928156994042
0.8	345	100	1.835	1.30778592224714	1.30778592241679	1.37181310425985	1.37181310425985	1.37181310349636	-0.419928157031648
0.8	346	100	1.835	1.30778592221846	1.30778592238648	1.37181310423437	1.37181310423437	1.37181310349986	-0.419928157068787
0.8	347	100	1.835	1.30778592219011	1.30778592235649	1.37181310420919	1.37181310420919	1.37181310343246	-0.419928157105466
0.8	348	100	1.835	1.30778592216206	1.30778592232684	1.37181310418425	1.37181310418425	1.37181310344165	-0.419928157141691
0.8	349	100	1.835	1.30778592213435	1.30778592229752	1.37181310415955	1.37181310415955	1.37181310333778	-0.419928157177472
0.8	350	100	1.835	1.30778592210691	1.30778592226851	1.37181310413511	1.37181310413511	1.37181310337921	-0.419928157212815
0.8	351	100	1.835	1.30778592207977	1.30778592223983	1.37181310411096	1.37181310411096	1.37181310335202	-0.419928157247725
0.8	352	100	1.835	1.30778592205293	1.30778592221145	1.37181310408703	1.37181310408703	1.37181310332223	-0.419928157282211
0.8	353	100	1.835	1.30778592202637	1.30778592218339	1.37181310406334	1.37181310406334	1.37181310329752	-0.419928157316277
0.8	354	100	1.835	1.3077859220001	1.30778592215562	1.3718131040399	1.3718131040399	1.37181310323231	-0.419928157349931
0.8	355	100	1.835	1.30778592197413	1.30778592212816	1.37181310401668	1.37181310401668	1.37181310323652	-0.41992815738318
0.8	356	100	1.835	1.30778592194842	1.30778592210099	1.37181310399372	1.37181310399372	1.37181310319846	-0.41992815741603
0.8	357	100	1.835	1.30778592192296	1.30778592207411	1.37181310397098	1.37181310397098	1.37181310321907	-0.419928157448486
0.8	358	100	1.835	1.30778592189782	1.30778592204753	1.37181310394847	1.37181310394847	1.3718131031604	-0.419928157480554
0.8	359	100	1.835	1.3077859218729	1.30778592202122	1.37181310392619	1.37181310392619	1.37181310307632	-0.419928157512242
0.8	360	100	1.835	1.30778592184827	1.30778592199519	1.37181310390412	1.37181310390412	1.37181310309017	-0.419928157543553
0.8	361	100	1.835	1.30778592182389	1.30778592196944	1.37181310388228	1.37181310388228	1.3718131030534	-0.419928157574494
0.8	362	100	1.835	1.30778592179976	1.30778592194395	1.37181310386064	1.37181310386064	1.37181310300596	-0.419928157605071
0.8	363	100	1.835	1.30778592177588	1.30778592191874	1.37181310383927	1.37181310383927	1.37181310301337	-0.419928157635289
0.8	364	100	1.835	1.30778592175225	1.30778592189379	1.37181310381805	1.37181310381805	1.37181310296522	-0.419928157665153
0.8	365	100	1.835	1.30778592172886	1.30778592186909	1.37181310379705	1.37181310379705	1.37181310293978	-0.419928157694668
0.8	366	100	1.835	1.30778592170572	1.30778592184466	1.37181310377627	1.37181310377627	1.37181310294354	-0.419928157723841
0.8	367	100	1.835	1.30778592168286	1.30778592182048	1.37181310375567	1.37181310375567	1.37181310296149	-0.419928157752675
0.8	368	100	1.835	1.30778592166017	1.30778592179655	1.37181310373531	1.37181310373531	1.37181310289424	-0.419928157781175
0.8	369	100	1.835	1.30778592163772	1.30778592177286	1.37181310371508	1.37181310371508	1.37181310288948	-0.419928157809348
0.8	370	100	1.835	1.30778592161551	1.30778592174942	1.37181310369511	1.37181310369511	1.37181310283394	-0.419928157837197
0.8	371	100	1.835	1.30778592159354	1.30778592172622	1.3718131036753	1.3718131036753	1.37181310282526	-0.419928157864727
0.8	372	100	1.835	1.30778592157176	1.30778592170325	1.37181310365571	1.37181310365571	1.37181310285747	-0.419928157891944
0.8	373	100	1.835	1.30778592155023	1.30778592168052	1.37181310363627	1.37181310363627	1.37181310276729	-0.41992815791885
0.8	374	100	1.835	1.30778592152891	1.30778592165801	1.37181310361705	1.37181310361705	1.37181310276182	-0.419928157945451
0.8	375	100	1.835	1.30778592150781	1.30778592163574	1.37181310359799	1.37181310359799	1.37181310276115	-0.419928157971753
0.8	376	100	1.835	1.3077859214869	1.30778592161369	1.37181310357912	1.37181310357912	1.37181310274267	-0.419928157997757
0.8	377	100	1.835	1.3077859214662	1.30778592159185	1.37181310356045	1.37181310356045	1.37181310270795	-0.419928158023469
0.8	378	100	1.835	1.30778592144571	1.30778592157024	1.3718131035419	1.3718131035419	1.37181310266575	-0.419928158048895
0.8	379	100	1.835	1.30778592142545	1.30778592154885	1.37181310352355	1.37181310352355	1.37181310269951	-0.419928158074035
0.8	380	100	1.835	1.30778592140535	1.30778592152766	1.37181310350538	1.37181310350538	1.37181310266325	-0.419928158098896
0.8	381	100	1.835	1.30778592138547	1.30778592150669	1.37181310348739	1.37181310348739	1.37181310259291	-0.419928158123482
0.8	382	100	1.835	1.30778592136576	1.30778592148592	1.37181310346956	1.37181310346956	1.37181310259533	-0.419928158147796
0.8	383	100	1.835	1.30778592134626	1.30778592146535	1.37181310345188	1.37181310345188	1.37181310260348	-0.419928158171841
0.8	384	100	1.835	1.30778592132695	1.30778592144499	1.37181310343437	1.37181310343437	1.37181310250202	-0.419928158195623
0.8	385	100	1.835	1.30778592130783	1.30778592142483	1.37181310341704	1.37181310341704	1.3718131025297	-0.419928158219143
0.8	386	100	1.835	1.30778592128887	1.30778592140486	1.37181310339985	1.37181310339985	1.37181310245273	-0.419928158242407
0.8	387	100	1.835	1.30778592127013	1.30778592138509	1.37181310338281	1.37181310338281	1.37181310251193	-0.419928158265417
0.8	388	100	1.835	1.30778592125156	1.30778592136551	1.37181310336596	1.37181310336596	1.37181310246955	-0.419928158288178
0.8	389	100	1.835	1.30778592123318	1.30778592134612	1.37181310334922	1.37181310334922	1.37181310250081	-0.419928158310692
0.8	390	100	1.835	1.30778592121494	1.30778592132691	1.37181310333266	1.37181310333266	1.37181310242743	-0.419928158332964
0.8	391	100	1.835	1.30778592119691	1.30778592130789	1.37181310331624	1.37181310331624	1.37181310245286	-0.419928158354995
0.8	392	100	1.835	1.30778592117901	1.30778592128905	1.37181310329999	1.37181310329999	1.37181310240779	-0.419928158376791
0.8	393	100	1.835	1.3077859211613	1.3077859212704	1.37181310328385	1.37181310328385	1.37181310246739	-0.419928158398353
0.8	394	100	1.835	1.30778592114376	1.30778592125191	1.37181310326788	1.37181310326788	1.37181310235006	-0.419928158419686
0.8	395	100	1.835	1.3077859211264	1.30778592123361	1.37181310325203	1.37181310325203	1.37181310238726	-0.419928158440791
0.8	396	100	1.835	1.30778592110917	1.30778592121547	1.37181310323636	1.37181310323636	1.37181310233067	-0.419928158461673
0.8	397	100	1.835	1.30778592109213	1.30778592119751	1.37181310322083	1.37181310322083	1.37181310230729	-0.419928158482335
0.8	398	100	1.835	1.30778592107526	1.30778592117972	1.37181310320535	1.37181310320535	1.37181310227627	-0.419928158502778
0.8	399	100	1.835	1.30778592105851	1.30778592116209	1.37181310319012	1.37181310319012	1.37181310233314	-0.419928158523007
0.8	400	100	1.835	1.30778592104192	1.30778592114463	1.37181310317496	1.37181310317496	1.37181310221356	-0.419928158543024
0.8	401	100	1.835	1.30778592102551	1.30778592112733	1.37181310315996	1.37181310315996	1.37181310225411	-0.419928158562832
0.8	402	100	1.835	1.30778592100923	1.30778592111019	1.37181310314507	1.37181310314507	1.37181310223607	-0.419928158582434
0.8	403	100	1.835	1.30778592099313	1.30778592109321	1.37181310313032	1.37181310313032	1.37181310221382	-0.419928158601832
0.8	404	100	1.835	1.30778592097714	1.30778592107639	1.37181310311571	1.37181310311571	1.37181310222795	-0.41992815862103
0.8	405	100	1.835	1.30778592096129	1.30778592105972	1.37181310310122	1.37181310310122	1.37181310215415	-0.41992815864003
0.8	406	100	1.835	1.30778592094562	1.3077859210432	1.37181310308683	1.37181310308683	1.37181310215668	-0.419928158658833
0.8	407	100	1.835	1.30778592093008	1.30778592102684	1.37181310307258	1.37181310307258	1.37181310216518	-0.419928158677444
0.8	408	100	1.835	1.30778592091467	1.30778592101063	1.37181310305849	1.37181310305849	1.37181310213628	-0.419928158695865
0.8	409	100	1.835	1.30778592089942	1.30778592099456	1.3718131030445	1.3718131030445	1.37181310211082	-0.419928158714097
0.8	410	100	1.835	1.30778592088427	1.30778592097863	1.3718131030306	1.3718131030306	1.3718131020895	-0.419928158732144
0.8	411	100	1.835	1.30778592086928	1.30778592096286	1.37181310301685	1.37181310301685	1.37181310209452	-0.419928158750008
0.8	412	100	1.835	1.30778592085443	1.30778592094722	1.3718131030032	1.3718131030032	1.37181310205077	-0.419928158767692
0.8	413	100	1.835	1.30778592083972	1.30778592093173	1.37181310298964	1.37181310298964	1.3718131019951	-0.419928158785197
0.8	414	100	1.835	1.30778592082513	1.30778592091637	1.37181310297624	1.37181310297624	1.37181310203254	-0.419928158802526
0.8	415	100	1.835	1.30778592081066	1.30778592090115	1.37181310296295	1.37181310296295	1.37181310202382	-0.419928158819681
0.8	416	100	1.835	1.30778592079633	1.30778592088607	1.37181310294977	1.37181310294977	1.37181310201629	-0.419928158836665
0.8	417	100	1.835	1.30778592078211	1.30778592087112	1.37181310293669	1.37181310293669	1.37181310192673	-0.41992815885348
0.8	418	100	1.835	1.30778592076802	1.3077859208563	1.37181310292373	1.37181310292373	1.371813102034	-0.419928158870126
0.8	419	100	1.835	1.30778592075407	1.30778592084162	1.37181310291087	1.37181310291087	1.37181310197617	-0.419928158886609
0.8	420	100	1.835	1.30778592074023	1.30778592082706	1.37181310289812	1.37181310289812	1.37181310195624	-0.419928158902928
0.8	421	100	1.835	1.30778592072653	1.30778592081263	1.37181310288548	1.37181310288548	1.37181310191606	-0.419928158919086
0.8	422	100	1.835	1.30778592071291	1.30778592079833	1.37181310287291	1.37181310287291	1.3718131018369	-0.419928158935086
0.8	423	100	1.835	1.30778592069946	1.30778592078415	1.37181310286049	1.37181310286049	1.37181310189986	-0.419928158950928
0.8	424	100	1.835	1.30778592068606	1.3077859207701	1.37181310284817	1.37181310284817	1.37181310188487	-0.419928158966616
0.8	425	100	1.835	1.30778592067283	1.30778592075617	1.37181310283592	1.37181310283592	1.37181310189196	-0.41992815898215
0.8	426	100	1.835	1.30778592065969	1.30778592074236	1.37181310282378	1.37181310282378	1.371813101899	-0.419928158997534
0.8	427	100	1.835	1.30778592064668	1.30778592072867	1.37181310281176	1.37181310281176	1.37181310191241	-0.419928159012769
0.8	428	100	1.835	1.30778592063378	1.30778592071509	1.37181310279982	1.37181310279982	1.37181310187375	-0.419928159027856
0.8	429	100	1.835	1.30778592062098	1.30778592070164	1.37181310278798	1.37181310278798	1.37181310181493	-0.419928159042797
0.8	430	100	1.835	1.30778592060827	1.3077859206883	1.37181310277623	1.37181310277623	1.37181310187855	-0.419928159057595
0.8	431	100	1.835	1.30778592059571	1.30778592067507	1.37181310276461	1.37181310276461	1.37181310185456	-0.419928159072251
0.8	432	100	1.835	1.30778592058325	1.30778592066196	1.37181310275304	1.37181310275304	1.37181310177489	-0.419928159086767
0.8	433	100	1.835	1.30778592057087	1.30778592064895	1.37181310274156	1.37181310274156	1.37181310177732	-0.419928159101145
0.8	434	100	1.835	1.30778592055859	1.30778592063606	1.37181310273022	1.37181310273022	1.37181310172526	-0.419928159115386
0.8	435	100	1.835	1.30778592054644	1.30778592062328	1.37181310271893	1.37181310271893	1.37181310175796	-0.419928159129492
0.8	436	100	1.835	1.30778592053438	1.3077859206106	1.37181310270774	1.37181310270774	1.37181310177247	-0.419928159143464
0.8	437	100	1.835	1.3077859205224	1.30778592059803	1.37181310269665	1.37181310269665	1.37181310167682	-0.419928159157304
0.8	438	100	1.835	1.30778592051054	1.30778592058557	1.37181310268563	1.37181310268563	1.37181310173357	-0.419928159171014
0.8	439	100	1.835	1.30778592049879	1.30778592057321	1.37181310267472	1.37181310267472	1.37181310178882	-0.419928159184595
0.8	440	100	1.835	1.30778592048712	1.30778592056095	1.37181310266389	1.37181310266389	1.37181310164182	-0.41992815919805
0.8	441	100	1.835	1.30778592047558	1.3077859205488	1.37181310265311	1.37181310265311	1.37181310167036	-0.419928159211378
0.8	442	100	1.835	1.3077859204641	1.30778592053675	1.37181310264245	1.37181310264245	1.37181310174043	-0.419928159224584
0.8	443	100	1.835	1.30778592045271	1.30778592052479	1.37181310263187	1.37181310263187	1.37181310173324	-0.419928159237666
0.8	444	100	1.835	1.30778592044144	1.30778592051294	1.37181310262136	1.37181310262136	1.37181310155873	-0.419928159250627
0.8	445	100	1.835	1.30778592043023	1.30778592050118	1.37181310261095	1.37181310261095	1.37181310163381	-0.419928159263468
0.8	446	100	1.835	1.30778592041911	1.30778592048952	1.37181310260061	1.37181310260061	1.37181310163995	-0.419928159276191
0.8	447	100	1.835	1.30778592040815	1.30778592047796	1.37181310259037	1.37181310259037	1.37181310160539	-0.419928159288797
0.8	448	100	1.835	1.30778592039721	1.30778592046649	1.37181310258016	1.37181310258016	1.37181310158772	-0.419928159301287
0.8	449	100	1.835	1.30778592038638	1.30778592045511	1.37181310257008	1.37181310257008	1.37181310160286	-0.419928159313664
0.8	450	100	1.835	1.30778592037563	1.30778592044382	1.37181310256006	1.37181310256006	1.37181310159597	-0.419928159325928
0.8	451	100	1.835	1.30778592036496	1.30778592043263	1.37181310255012	1.37181310255012	1.37181310158577	-0.41992815933808
0.8	452	100	1.835	1.30778592035439	1.30778592042153	1.37181310254024	1.37181310254024	1.37181310153952	-0.419928159350122
0.8	453	100	1.835	1.30778592034392	1.30778592041052	1.37181310253047	1.37181310253047	1.37181310153538	-0.419928159362055
0.8	454	100	1.835	1.30778592033351	1.30778592039959	1.37181310252073	1.37181310252073	1.37181310161239	-0.41992815937388
0.8	455	100	1.835	1.30778592032317	1.30778592038875	1.37181310251109	1.37181310251109	1.37181310145306	-0.419928159385599
0.8	456	100	1.835	1.30778592031294	1.307785920378	1.37181310250152	1.37181310250152	1.37181310143587	-0.419928159397214
0.8	457	100	1.835	1.30778592030278	1.30778592036734	1.37181310249202	1.37181310249202	1.37181310149791	-0.419928159408724
0.8	458	100	1.835	1.3077859202927	1.30778592035676	1.37181310248259	1.37181310248259	1.37181310156072	-0.419928159420131
0.8	459	100	1.835	1.3077859202827	1.30778592034626	1.37181310247322	1.37181310247322	1.37181310142209	-0.419928159431436
0.8	460	100	1.835	1.30778592027278	1.30778592033585	1.37181310246397	1.37181310246397	1.37181310148342	-0.419928159442641
0.8	461	100	1.835	1.30778592026293	1.30778592032552	1.37181310245474	1.37181310245474	1.37181310148019	-0.419928159453747
0.8	462	100	1.835	1.30778592025318	1.30778592031527	1.37181310244559	1.37181310244559	1.37181310143184	-0.419928159464755
0.8	463	100	1.835	1.30778592024349	1.3077859203051	1.3718131024365	1.3718131024365	1.37181310146392	-0.419928159475666
0.8	464	100	1.835	1.30778592023388	1.30778592029501	1.37181310242749	1.37181310242749	1.37181310150604	-0.419928159486481
0.8	465	100	1.835	1.30778592022433	1.307785920285	1.37181310241855	1.37181310241855	1.37181310146169	-0.419928159497201
0.8	466	100	1.835	1.30778592021487	1.30778592027507	1.37181310240966	1.37181310240966	1.37181310142844	-0.419928159507827
0.8	467	100	1.835	1.3077859202055	1.30778592026522	1.37181310240087	1.37181310240087	1.37181310139643	-0.419928159518361
0.8	468	100	1.835	1.30778592019617	1.30778592025544	1.37181310239211	1.37181310239211	1.3718131013854	-0.419928159528802
0.8	469	100	1.835	1.30778592018693	1.30778592024574	1.37181310238343	1.37181310238343	1.37181310138042	-0.419928159539154
0.8	470	100	1.835	1.30778592017775	1.30778592023611	1.37181310237482	1.37181310237482	1.37181310141588	-0.419928159549415
0.8	471	100	1.835	1.30778592016862	1.30778592022656	1.37181310236625	1.37181310236625	1.37181310133142	-0.419928159559587
0.8	472	100	1.835	1.30778592015959	1.30778592021708	1.37181310235775	1.37181310235775	1.37181310139808	-0.419928159569673
0.8	473	100	1.835	1.30778592015061	1.30778592020767	1.37181310234933	1.37181310234933	1.37181310136234	-0.419928159579672
0.8	474	100	1.835	1.30778592014174	1.30778592019834	1.37181310234096	1.37181310234096	1.37181310128601	-0.419928159589585
0.8	475	100	1.835	1.30778592013291	1.30778592018907	1.37181310233263	1.37181310233263	1.37181310135132	-0.419928159599413
0.8	476	100	1.835	1.30778592012416	1.30778592017988	1.37181310232439	1.37181310232439	1.37181310137494	-0.419928159609157
0.8	477	100	1.835	1.30778592011543	1.30778592017075	1.3718131023162	1.3718131023162	1.37181310122782	-0.419928159618819
0.8	478	100	1.835	1.30778592010681	1.3077859201617	1.37181310230808	1.37181310230808	1.37181310129925	-0.419928159628397
0.8	479	100	1.835	1.30778592009822	1.30778592015271	1.37181310230003	1.37181310230003	1.37181310138795	-0.419928159637896
0.8	480	100	1.835	1.30778592008972	1.30778592014379	1.371813102292	1.371813102292	1.37181310133603	-0.419928159647313
0.8	481	100	1.835	1.30778592008128	1.30778592013494	1.37181310228403	1.37181310228403	1.37181310131859	-0.419928159656652
0.8	482	100	1.835	1.30778592007291	1.30778592012616	1.37181310227611	1.37181310227611	1.37181310119061	-0.419928159665912
0.8	483	100	1.835	1.30778592006462	1.30778592011744	1.37181310226828	1.37181310226828	1.3718131011881	-0.419928159675094
0.8	484	100	1.835	1.30778592005635	1.30778592010878	1.37181310226047	1.37181310226047	1.3718131012741	-0.4199281596842
0.8	485	100	1.835	1.30778592004814	1.30778592010019	1.37181310225275	1.37181310225275	1.37181310121573	-0.41992815969323
0.8	486	100	1.835	1.30778592004003	1.30778592009167	1.37181310224505	1.37181310224505	1.37181310125609	-0.419928159702184
0.8	487	100	1.835	1.30778592003195	1.30778592008321	1.37181310223743	1.37181310223743	1.37181310124174	-0.419928159711064
0.8	488	100	1.835	1.30778592002393	1.30778592007481	1.37181310222986	1.37181310222986	1.37181310115713	-0.41992815971987
0.8	489	100	1.835	1.30778592001598	1.30778592006647	1.37181310222233	1.37181310222233	1.37181310123452	-0.419928159728603
0.8	490	100	1.835	1.3077859200081	1.30778592005819	1.37181310221487	1.37181310221487	1.37181310120872	-0.419928159737266
0.8	491	100	1.835	1.30778592000026	1.30778592004998	1.37181310220747	1.37181310220747	1.37181310119812	-0.419928159745855
0.8	492	100	1.835	1.30778591999245	1.30778592004182	1.37181310220011	1.37181310220011	1.37181310111607	-0.419928159754375
0.8	493	100	1.835	1.30778591998477	1.30778592003372	1.37181310219279	1.37181310219279	1.37181310106251	-0.419928159762825
0.8	494	100	1.835	1.30778591997709	1.30778592002569	1.37181310218553	1.37181310218553	1.37181310113475	-0.419928159771206
0.8	495	100	1.835	1.30778591996944	1.30778592001771	1.3718131021783	1.3718131021783	1.37181310118015	-0.419928159779519
0.8	496	100	1.835	1.30778591996189	1.30778592000979	1.37181310217115	1.37181310217115	1.37181310117316	-0.419928159787764
0.8	497	100	1.835	1.30778591995439	1.30778592000192	1.37181310216402	1.37181310216402	1.37181310111333	-0.419928159795942
