#0.9	906	160	1.619436525	0.961350594883	0.961350594883	0.988439231294	0	-0	-0.737908439368


0.9	19	25	1.619436525	0.96206994840391	0.962064078316118	0.989124408499367	0	-0	-0.736922819034833
0.9	20	25	1.619436525	0.961514680191662	0.961509919210644	0.988466897868944	0	-0	-0.737009797504571
0.9	21	25	1.619436525	0.961747189187145	0.961743280153516	0.988792498631581	0	-0	-0.737279702874398
0.9	22	25	1.619436525	0.961643032534387	0.961639796852867	0.988680023502255	0	-0	-0.737306651280679
0.9	23	25	1.619436525	0.961531138625627	0.961528436961555	0.988560437162351	0	-0	-0.737400588268686
0.9	24	25	1.619436525	0.961571945942129	0.961569671881313	0.988627609634673	0	-0	-0.737495403856367
0.9	25	25	1.619436525	0.96151613302418	0.961514205801335	0.988569243112439	0	-0	-0.73753374056562
0.9	26	25	1.619436525	0.961487461182747	0.961485816970999	0.988544260585722	0	-0	-0.73758922014804
0.9	27	25	1.619436525	0.96148275696509	0.96148134564513	0.988547064446762	0	-0	-0.737632779051172
0.9	28	25	1.619436525	0.961459002135159	0.96145778397191	0.98852447760682	0	-0	-0.737663396240366
0.9	29	25	1.619436525	0.96144682126733	0.961445764291628	0.988515510694857	0	-0	-0.73769484262399
0.9	30	25	1.619436525	0.961437459112027	0.961436537532979	0.988508982733795	0	-0	-0.737719682173622
0.9	31	25	1.619436525	0.961426055132952	0.961425247958713	0.988499153633667	0	-0	-0.737740493187981
0.9	32	25	1.619436525	0.961418478742114	0.961417768756206	0.988493520296746	0	-0	-0.73775939865479
0.9	33	25	1.619436525	0.961411515428371	0.961410888437827	0.988488090209088	0	-0	-0.737775144030324
0.9	34	25	1.619436525	0.961405054613207	0.961404498839588	0.988482856679474	0	-0	-0.737788885849311
0.9	35	25	1.619436525	0.961399892653672	0.961399398267464	0.988478878189198	0	-0	-0.737800988064822
0.9	36	25	1.619436525	0.961395199530286	0.961394758286698	0.988475164858547	0	-0	-0.737811440829205
0.9	37	25	1.619436525	0.961391070160812	0.961390675108339	0.988471891937605	0	-0	-0.737820657822078
0.9	38	25	1.619436525	0.961387509588469	0.961387154838681	0.98846910125658	0	-0	-0.737828779321806
0.9	39	25	1.619436525	0.961384317272816	0.961383997815524	0.988466574281897	0	-0	-0.737835930927037
0.9	40	25	1.619436525	0.961381499100983	0.961381210655032	0.988464347231413	0	-0	-0.737842279738363
0.9	41	25	1.619436525	0.96137900199062	0.961378740883164	0.988462375799082	0	-0	-0.737847919087461
0.9	42	25	1.619436525	0.961376766033003	0.961376529100992	0.988460604652644	0	-0	-0.737852942117798
0.9	43	25	1.619436525	0.961374770310928	0.961374554820446	0.988459024242254	0	-0	-0.737857433292231
0.9	44	25	1.619436525	0.961372980453541	0.961372784033396	0.988457605399472	0	-0	-0.737861456160792
0.9	45	25	1.619436525	0.961371369428631	0.961371190015439	0.988456326341286	0	-0	-0.73786506949149
0.9	46	25	1.619436525	0.961369917815379	0.961369753607934	0.988455173023114	0	-0	-0.737868323318951
0.9	47	25	1.619436525	0.961368605478878	0.961368454900117	0.988454129040638	0	-0	-0.737871259616121
0.9	48	25	1.619436525	0.9613674163178	0.961367277982107	0.988453181867292	0	-0	-0.737873915590405
0.9	49	25	1.619436525	0.961366336595702	0.961366209284715	0.988452320890111	0	-0	-0.737876323166665
0.9	50	25	1.619436525	0.961365353846624	0.961365236483799	0.988451536217306	0	-0	-0.737878510014586
0.9	51	25	1.619436525	0.961364457548219	0.961364349180731	0.988450819654532	0	-0	-0.737880500402913
0.9	52	25	1.619436525	0.961363638452643	0.961363538235112	0.988450163965163	0	-0	-0.737882315449344
0.9	53	25	1.619436525	0.961362888403255	0.961362795583875	0.988449562737564	0	-0	-0.73788397366727
0.9	54	25	1.619436525	0.96136220030467	0.961362114213336	0.988449010422769	0	-0	-0.737885491333992
0.9	55	25	1.619436525	0.961361567887449	0.961361487925592	0.988448502103313	0	-0	-0.737886882761374
0.9	56	25	1.619436525	0.961360985619942	0.961360911251751	0.988448033438521	0	-0	-0.737888160584492
0.9	57	25	1.619436525	0.961360448620507	0.961360379365429	0.988447600600671	0	-0	-0.737889335977943
0.9	58	25	1.619436525	0.96135995255683	0.961359887983005	0.988447200188277	0	-0	-0.737890418842747
0.9	59	25	1.619436525	0.961359493582599	0.961359433301208	0.988446829180838	0	-0	-0.737891417973955
0.9	60	25	1.619436525	0.961359068275274	0.961359011935615	0.988446484889728	0	-0	-0.737892341198222
0.9	61	25	1.619436525	0.961358673581184	0.961358620866377	0.988446164914326	0	-0	-0.737893195494175
0.9	62	25	1.619436525	0.961358306771814	0.961358257395064	0.988445867108689	0	-0	-0.737893987096722
0.9	63	25	1.619436525	0.961357965403985	0.961357919105306	0.988445589550204	0	-0	-0.737894721586193
0.9	64	25	1.619436525	0.961357647285787	0.96135760382911	0.98844533051287	0	-0	-0.737895403966136
0.9	65	25	1.619436525	0.961357350447393	0.96135730961804	0.988445088444682	0	-0	-0.737896038730785
0.9	66	25	1.619436525	0.961357073115277	0.961357034717756	0.988444861947381	0	-0	-0.737896629923647
0.9	67	25	1.619436525	0.961356813689988	0.961356777545992	0.98844464975909	0	-0	-0.737897181188707
0.9	68	25	1.619436525	0.961356570726653	0.961356536673335	0.98844445073913	0	-0	-0.737897695815133
0.9	69	25	1.619436525	0.961356342917908	0.96135631080635	0.98844426385468	0	-0	-0.73789817677641
0.9	70	25	1.619436525	0.961356129078987	0.961356098772818	0.98844408816905	0	-0	-0.737898626764695
0.9	71	25	1.619436525	0.961355928134588	0.961355899508759	0.988443922831496	0	-0	-0.737899048220999
0.9	72	25	1.619436525	0.96135573910728	0.961355712047002	0.988443767068147	0	-0	-0.737899443361769
0.9	73	25	1.619436525	0.961355561107349	0.961355535507112	0.988443620174019	0	-0	-0.737899814202339
0.9	74	25	1.619436525	0.961355393323769	0.961355369086489	0.988443481505983	0	-0	-0.73790016257765
0.9	75	25	1.619436525	0.961355235016256	0.961355212052486	0.988443350476542	0	-0	-0.737900490160597
0.9	76	25	1.619436525	0.961355085508182	0.961355063735424	0.988443226548273	0	-0	-0.737900798478293
0.9	77	25	1.619436525	0.96135494418029	0.961354923522387	0.988443109228958	0	-0	-0.737901088926512
0.9	78	25	1.619436525	0.961354810465145	0.961354790851707	0.988442998067149	0	-0	-0.737901362782539
0.9	79	25	1.619436525	0.961354683842139	0.961354665208039	0.988442892648333	0	-0	-0.737901621216621
0.9	80	25	1.619436525	0.961354563833051	0.961354546117979	0.988442792591425	0	-0	-0.73790186530217
0.9	81	25	1.619436525	0.961354449998104	0.961354433146145	0.988442697545659	0	-0	-0.7379020960249
0.9	82	25	1.619436525	0.961354341932373	0.961354325891657	0.988442607187808	0	-0	-0.737902314290981
0.9	83	25	1.619436525	0.96135423926267	0.961354223985001	0.9884425212197	0	-0	-0.737902520934361
0.9	84	25	1.619436525	0.961354141644601	0.961354127085201	0.988442439365937	0	-0	-0.737902716723329
0.9	85	25	1.619436525	0.961354048760072	0.961354034877281	0.988442361371916	0	-0	-0.737902902366412
0.9	86	25	1.619436525	0.961353960314972	0.96135394706998	0.988442287002037	0	-0	-0.737903078517681
0.9	87	25	1.619436525	0.961353876037053	0.961353863393699	0.988442216037989	0	-0	-0.737903245781527
0.9	88	25	1.619436525	0.961353795674076	0.961353783598636	0.988442148277345	0	-0	-0.737903404716973
0.9	89	25	1.619436525	0.961353718992141	0.961353707453115	0.988442083532227	0	-0	-0.737903555841564
0.9	90	25	1.619436525	0.961353645774071	0.96135363474206	0.98844202162801	0	-0	-0.737903699634887
0.9	91	25	1.619436525	0.961353575818137	0.96135356526563	0.988441962402343	0	-0	-0.737903836541751
0.9	92	25	1.619436525	0.961353508936695	0.961353498837965	0.988441905704087	0	-0	-0.737903966975074
0.9	93	25	1.619436525	0.961353444955086	0.961353435286059	0.988441851392438	0	-0	-0.737904091318498
0.9	94	25	1.619436525	0.961353383710647	0.961353374448726	0.988441799336079	0	-0	-0.737904209928767
0.9	95	25	1.619436525	0.961353325051644	0.961353316175674	0.988441749412479	0	-0	-0.737904323137888
0.9	96	25	1.619436525	0.961353268836504	0.961353260326645	0.988441701507181	0	-0	-0.737904431255091
0.9	97	25	1.619436525	0.961353214933047	0.961353206770642	0.988441655513184	0	-0	-0.737904534568624
0.9	98	25	1.619436525	0.961353163217684	0.961353155385217	0.988441611330374	0	-0	-0.737904633347386
0.9	99	25	1.619436525	0.961353113574822	0.961353106055831	0.988441568865054	0	-0	-0.737904727842414
0.9	100	25	1.619436525	0.96135306589626	0.961353058675254	0.988441528029376	0	-0	-0.737904818288245
0.9	101	25	1.619436525	0.961353020080642	0.961353013143025	0.988441488741017	0	-0	-0.737904904904161
0.9	102	25	1.619436525	0.961352976032913	0.961352969364959	0.98844145092268	0	-0	-0.73790498789533
0.9	103	25	1.619436525	0.961352933663901	0.961352927252687	0.988441414501807	0	-0	-0.737905067453848
0.9	104	25	1.619436525	0.961352892889938	0.961352886723244	0.988441379410201	0	-0	-0.737905143759695
0.9	105	25	1.619436525	0.961352853632369	0.961352847698677	0.988441345583732	0	-0	-0.737905216981616
0.9	106	25	1.619436525	0.961352815817246	0.961352810105702	0.988441312962043	0	-0	-0.737905287277926
0.9	107	25	1.619436525	0.96135277937504	0.961352773875368	0.988441281488333	0	-0	-0.73790535479725
0.9	108	25	1.619436525	0.961352744240275	0.961352738942765	0.988441251109044	0	-0	-0.737905419679208
0.9	109	25	1.619436525	0.961352710351259	0.961352705246751	0.988441221773678	0	-0	-0.737905482055046
0.9	110	25	1.619436525	0.961352677649886	0.961352672729689	0.988441193434632	0	-0	-0.737905542048205
0.9	111	25	1.619436525	0.961352646081317	0.961352641337217	0.988441166046921	0	-0	-0.737905599774866
0.9	112	25	1.619436525	0.961352615593807	0.96135261101803	0.988441139568078	0	-0	-0.737905655344435
0.9	113	25	1.619436525	0.961352586138509	0.961352581723682	0.988441113957961	0	-0	-0.737905708860001
0.9	114	25	1.619436525	0.961352557669265	0.961352553408394	0.988441089178586	0	-0	-0.73790576041876
0.9	115	25	1.619436525	0.961352530142409	0.961352526028888	0.988441065194029	0	-0	-0.737905810112396
0.9	116	25	1.619436525	0.961352503516707	0.961352499544225	0.988441041970291	0	-0	-0.73790585802745
0.9	117	25	1.619436525	0.961352477753052	0.961352473915658	0.988441019475141	0	-0	-0.737905904245646
0.9	118	25	1.619436525	0.961352452814476	0.961352449106491	0.988440997678038	0	-0	-0.737905948844206
0.9	119	25	1.619436525	0.961352428665909	0.961352425081958	0.988440976550001	0	-0	-0.737905991896133
0.9	120	25	1.619436525	0.961352405274134	0.961352401809099	0.98844095606356	0	-0	-0.737906033470481
0.9	121	25	1.619436525	0.961352382607649	0.961352379256654	0.988440936192654	0	-0	-0.737906073632596
0.9	122	25	1.619436525	0.961352360636528	0.961352357394957	0.988440916912443	0	-0	-0.737906112444354
0.9	123	25	1.619436525	0.961352339332391	0.961352336195842	0.988440898199423	0	-0	-0.737906149964368
0.9	124	25	1.619436525	0.96135231866828	0.961352315632555	0.988440880031191	0	-0	-0.73790618624819
0.9	125	25	1.619436525	0.961352298618581	0.961352295679667	0.988440862386457	0	-0	-0.737906221348496
0.9	126	25	1.619436525	0.961352279158898	0.961352276313004	0.988440845244946	0	-0	-0.737906255315257
0.9	127	25	1.619436525	0.961352260266078	0.961352257509567	0.988440828587372	0	-0	-0.737906288195901
0.9	128	25	1.619436525	0.961352241918059	0.961352239247469	0.988440812395374	0	-0	-0.737906320035464
0.9	129	25	1.619436525	0.961352224093824	0.961352221505871	0.98844079665139	0	-0	-0.737906350876727
0.9	130	25	1.619436525	0.961352206773396	0.961352204264922	0.988440781338778	0	-0	-0.737906380760349
0.9	131	25	1.619436525	0.961352189937712	0.961352187505708	0.98844076644156	0	-0	-0.737906409724991
0.9	132	25	1.619436525	0.961352173568597	0.961352171210191	0.988440751944582	0	-0	-0.737906437807425
0.9	133	25	1.619436525	0.961352157648719	0.96135215536117	0.988440737833316	0	-0	-0.737906465042644
0.9	134	25	1.619436525	0.961352142161537	0.961352139942234	0.988440724093924	0	-0	-0.737906491463965
0.9	135	25	1.619436525	0.961352127091287	0.961352124937713	0.988440710713156	0	-0	-0.737906517103115
0.9	136	25	1.619436525	0.961352112422889	0.961352110332647	0.988440697678378	0	-0	-0.737906541990325
0.9	137	25	1.619436525	0.961352098141935	0.961352096112742	0.988440684977472	0	-0	-0.737906566154412
0.9	138	25	1.619436525	0.961352084234681	0.961352082264334	0.988440672598893	0	-0	-0.73790658962285
0.9	139	25	1.619436525	0.961352070687962	0.961352068774365	0.988440660531566	0	-0	-0.737906612421852
0.9	140	25	1.619436525	0.961352057489196	0.961352055630343	0.988440648764893	0	-0	-0.737906634576429
0.9	141	25	1.619436525	0.961352044626355	0.961352042820316	0.988440637288721	0	-0	-0.737906656110458
0.9	142	25	1.619436525	0.961352032087908	0.96135203033284	0.988440626093333	0	-0	-0.737906677046743
0.9	143	25	1.619436525	0.961352019862836	0.961352018156965	0.988440615169408	0	-0	-0.737906697407067
0.9	144	25	1.619436525	0.961352007940543	0.961352006282194	0.988440604508043	0	-0	-0.73790671721225
0.9	145	25	1.619436525	0.961351996310943	0.961351994698477	0.988440594100637	0	-0	-0.737906736482194
0.9	146	25	1.619436525	0.961351984964315	0.961351983396175	0.988440583939	0	-0	-0.737906755235937
0.9	147	25	1.619436525	0.961351973891359	0.961351972366047	0.988440574015244	0	-0	-0.737906773491688
0.9	148	25	1.619436525	0.961351963083147	0.961351961599229	0.988440564321817	0	-0	-0.737906791266876
0.9	149	25	1.619436525	0.961351952531115	0.961351951087219	0.988440554851418	0	-0	-0.737906808578185
0.9	150	25	1.619436525	0.961351942227049	0.961351940821851	0.988440545597106	0	-0	-0.737906825441593
0.9	151	25	1.619436525	0.961351932163067	0.961351930795291	0.988440536552127	0	-0	-0.737906841872407
0.9	152	25	1.619436525	0.961351922331598	0.96135192100001	0.988440527710097	0	-0	-0.737906857885296
0.9	153	25	1.619436525	0.961351912725324	0.961351911428776	0.988440519064774	0	-0	-0.737906873494321
0.9	154	25	1.619436525	0.961351903337301	0.961351902074641	0.988440510610216	0	-0	-0.737906888712964
0.9	155	25	1.619436525	0.961351894160762	0.961351892930922	0.98844050234067	0	-0	-0.737906903554158
0.9	156	25	1.619436525	0.961351885189279	0.961351883991195	0.988440494250633	0	-0	-0.737906918030313
0.9	157	25	1.619436525	0.961351876416592	0.96135187524928	0.988440486334794	0	-0	-0.737906932153338
0.9	158	25	1.619436525	0.961351867836746	0.961351866699232	0.988440478588024	0	-0	-0.737906945934667
0.9	159	25	1.619436525	0.96135185944397	0.961351858335326	0.988440471005409	0	-0	-0.737906959385282
0.9	160	25	1.619436525	0.961351851232723	0.961351850152051	0.988440463582192	0	-0	-0.737906972515729
0.9	161	25	1.619436525	0.961351843197682	0.961351842144104	0.988440456313808	0	-0	-0.737906985336146
0.9	162	25	1.619436525	0.961351835333651	0.96135183430637	0.98844044919583	0	-0	-0.737906997856276
0.9	163	25	1.619436525	0.961351827635738	0.961351826633928	0.988440442224023	0	-0	-0.737907010085485
0.9	164	25	1.619436525	0.961351820099107	0.961351819122028	0.988440435394281	0	-0	-0.737907022032782
0.9	165	25	1.619436525	0.961351812719227	0.961351811766095	0.988440428702658	0	-0	-0.737907033706832
0.9	166	25	1.619436525	0.961351805491599	0.961351804561715	0.988440422145301	0	-0	-0.737907045115975
0.9	167	25	1.619436525	0.961351798411961	0.961351797504631	0.988440415718563	0	-0	-0.737907056268237
0.9	168	25	1.619436525	0.961351791476184	0.961351790590738	0.988440409418863	0	-0	-0.737907067171344
0.9	169	25	1.619436525	0.961351784680268	0.961351783816071	0.988440403242771	0	-0	-0.737907077832738
0.9	170	25	1.619436525	0.961351778020365	0.961351777176804	0.988440397186954	0	-0	-0.737907088259587
0.9	171	25	1.619436525	0.961351771492791	0.961351770669242	0.988440391248234	0	-0	-0.737907098458796
0.9	172	25	1.619436525	0.961351765093911	0.961351764289818	0.988440385423488	0	-0	-0.737907108437023
0.9	173	25	1.619436525	0.961351758820292	0.961351758035085	0.988440379709718	0	-0	-0.737907118200681
0.9	174	25	1.619436525	0.961351752668559	0.961351751901714	0.988440374104037	0	-0	-0.737907127755959
0.9	175	25	1.619436525	0.9613517466355	0.961351745886483	0.98844036860364	0	-0	-0.737907137108822
0.9	176	25	1.619436525	0.961351740717965	0.961351739986281	0.98844036320582	0	-0	-0.737907146265026
0.9	177	25	1.619436525	0.961351734912959	0.961351734198103	0.98844035790795	0	-0	-0.737907155230125
0.9	178	25	1.619436525	0.961351729217505	0.961351728519035	0.988440352707492	0	-0	-0.73790716400948
0.9	179	25	1.619436525	0.961351723628834	0.961351722946264	0.988440347601977	0	-0	-0.737907172608264
0.9	180	25	1.619436525	0.961351718144161	0.961351717477066	0.98844034258905	0	-0	-0.737907181031474
0.9	181	25	1.619436525	0.961351712760842	0.961351712108805	0.988440337666366	0	-0	-0.737907189283936
0.9	182	25	1.619436525	0.961351707476324	0.961351706838929	0.988440332831753	0	-0	-0.737907197370311
0.9	183	25	1.619436525	0.961351702288121	0.961351701664968	0.988440328083001	0	-0	-0.737907205295103
0.9	184	25	1.619436525	0.961351697193814	0.961351696584529	0.988440323418035	0	-0	-0.737907213062667
0.9	185	25	1.619436525	0.961351692191098	0.961351691595295	0.988440318834827	0	-0	-0.737907220677208
0.9	186	25	1.619436525	0.961351687277708	0.961351686695022	0.9884403143314	0	-0	-0.737907228142797
0.9	187	25	1.619436525	0.961351682451433	0.961351681881532	0.988440309905846	0	-0	-0.737907235463367
0.9	188	25	1.619436525	0.961351677710166	0.961351677152719	0.988440305556313	0	-0	-0.737907242642723
0.9	189	25	1.619436525	0.961351673051872	0.961351672506536	0.988440301281002	0	-0	-0.737907249684549
0.9	190	25	1.619436525	0.961351668474563	0.961351667941004	0.988440297078192	0	-0	-0.737907256592406
0.9	191	25	1.619436525	0.961351663976254	0.9613516634542	0.98844029294617	0	-0	-0.737907263369744
0.9	192	25	1.619436525	0.961351659555133	0.961351659044259	0.988440288883307	0	-0	-0.7379072700199
0.9	193	25	1.619436525	0.961351655209338	0.961351654709373	0.988440284888008	0	-0	-0.737907276546105
0.9	194	25	1.619436525	0.961351650937123	0.961351650447789	0.988440280958719	0	-0	-0.737907282951492
0.9	195	25	1.619436525	0.961351646736781	0.961351646257801	0.988440277093957	0	-0	-0.737907289239091
0.9	196	25	1.619436525	0.961351642606634	0.961351642137755	0.988440273292237	0	-0	-0.73790729541184
0.9	197	25	1.619436525	0.961351638545103	0.96135163808605	0.988440269552176	0	-0	-0.737907301472586
0.9	198	25	1.619436525	0.961351634550585	0.961351634101123	0.988440265872379	0	-0	-0.737907307424086
0.9	199	25	1.619436525	0.961351630621571	0.961351630181462	0.988440262251503	0	-0	-0.737907313269016
0.9	200	25	1.619436525	0.961351626756594	0.961351626325598	0.98844025868826	0	-0	-0.737907319009967
0.9	201	25	1.619436525	0.96135162295421	0.961351622532101	0.988440255181394	0	-0	-0.737907324649455
0.9	202	25	1.619436525	0.961351619213012	0.961351618799581	0.988440251729638	0	-0	-0.737907330189917
0.9	203	25	1.619436525	0.961351615531651	0.961351615126692	0.988440248331824	0	-0	-0.737907335633718
0.9	204	25	1.619436525	0.961351611908837	0.961351611512121	0.988440244986813	0	-0	-0.737907340983155
0.9	205	25	1.619436525	0.961351608343259	0.961351607954594	0.988440241693455	0	-0	-0.737907346240454
0.9	206	25	1.619436525	0.961351604833666	0.961351604452868	0.988440238450615	0	-0	-0.737907351407776
0.9	207	25	1.619436525	0.961351601378871	0.961351601005742	0.988440235257268	0	-0	-0.73790735648722
0.9	208	25	1.619436525	0.961351597977668	0.961351597612039	0.988440232112373	0	-0	-0.737907361480824
0.9	209	25	1.619436525	0.961351594628946	0.96135159427062	0.988440229014899	0	-0	-0.737907366390565
0.9	210	25	1.619436525	0.961351591331566	0.961351590980375	0.988440225963855	0	-0	-0.737907371218365
0.9	211	25	1.619436525	0.96135158808445	0.961351587740224	0.988440222958303	0	-0	-0.737907375966091
0.9	212	25	1.619436525	0.96135158488653	0.961351584549113	0.988440219997273	0	-0	-0.737907380635555
0.9	213	25	1.619436525	0.961351581736789	0.961351581406023	0.988440217079918	0	-0	-0.737907385228521
0.9	214	25	1.619436525	0.961351578634221	0.961351578309953	0.988440214205273	0	-0	-0.737907389746699
0.9	215	25	1.619436525	0.96135157557787	0.961351575259935	0.988440211372512	0	-0	-0.737907394191756
0.9	216	25	1.619436525	0.961351572566765	0.961351572255023	0.988440208580794	0	-0	-0.737907398565309
0.9	217	25	1.619436525	0.961351569599978	0.961351569294298	0.988440205829284	0	-0	-0.737907402868931
0.9	218	25	1.619436525	0.961351566676626	0.961351566376862	0.988440203117202	0	-0	-0.737907407104153
0.9	219	25	1.619436525	0.961351563795838	0.961351563501842	0.988440200443761	0	-0	-0.737907411272462
0.9	220	25	1.619436525	0.961351560956729	0.961351560668386	0.988440197808182	0	-0	-0.737907415375307
0.9	221	25	1.619436525	0.961351558158482	0.961351557875665	0.988440195209751	0	-0	-0.737907419414095
0.9	222	25	1.619436525	0.96135155540028	0.96135155512287	0.988440192647733	0	-0	-0.737907423390198
0.9	223	25	1.619436525	0.961351552681345	0.961351552409213	0.988440190121427	0	-0	-0.737907427304948
0.9	224	25	1.619436525	0.961351550000893	0.961351549733926	0.988440187630123	0	-0	-0.737907431159645
0.9	225	25	1.619436525	0.961351547358196	0.961351547096258	0.988440185173195	0	-0	-0.737907434955551
0.9	226	25	1.619436525	0.961351544752469	0.96135154449548	0.988440182749932	0	-0	-0.737907438693898
0.9	227	25	1.619436525	0.961351542183036	0.961351541930877	0.988440180359753	0	-0	-0.737907442375882
0.9	228	25	1.619436525	0.961351539649187	0.961351539401755	0.98844017800198	0	-0	-0.737907446002671
0.9	229	25	1.619436525	0.961351537150243	0.961351536907436	0.988440175676053	0	-0	-0.737907449575402
0.9	230	25	1.619436525	0.961351534685561	0.961351534447257	0.988440173381342	0	-0	-0.737907453095181
0.9	231	25	1.619436525	0.961351532254442	0.961351532020572	0.988440171117292	0	-0	-0.737907456563087
0.9	232	25	1.619436525	0.961351529856301	0.961351529626751	0.988440168883325	0	-0	-0.737907459980171
0.9	233	25	1.619436525	0.961351527490477	0.961351527265177	0.988440166678888	0	-0	-0.737907463347457
0.9	234	25	1.619436525	0.961351525156414	0.96135152493525	0.988440164503438	0	-0	-0.737907466665945
0.9	235	25	1.619436525	0.961351522853484	0.961351522636385	0.988440162356455	0	-0	-0.737907469936605
0.9	236	25	1.619436525	0.961351520581142	0.961351520368008	0.98844016023742	0	-0	-0.737907473160388
0.9	237	25	1.619436525	0.961351518338789	0.961351518129559	0.988440158145832	0	-0	-0.737907476338219
0.9	238	25	1.619436525	0.961351516125922	0.961351515920491	0.988440156081189	0	-0	-0.737907479470999
0.9	239	25	1.619436525	0.961351513941987	0.961351513740272	0.988440154043013	0	-0	-0.737907482559609
0.9	240	25	1.619436525	0.961351511786436	0.961351511588381	0.988440152030858	0	-0	-0.737907485604907
0.9	241	25	1.619436525	0.961351509658772	0.961351509464306	0.988440150044229	0	-0	-0.737907488607729
0.9	242	25	1.619436525	0.961351507558514	0.961351507367551	0.9884401480827	0	-0	-0.737907491568894
0.9	243	25	1.619436525	0.961351505485181	0.961351505297629	0.988440146145837	0	-0	-0.737907494489197
0.9	244	25	1.619436525	0.961351503438237	0.961351503254065	0.988440144233191	0	-0	-0.737907497369417
0.9	245	25	1.619436525	0.961351501417277	0.961351501236393	0.988440142344358	0	-0	-0.737907500210313
0.9	246	25	1.619436525	0.96135149942182	0.961351499244161	0.988440140478927	0	-0	-0.737907503012626
0.9	247	25	1.619436525	0.96135149745142	0.961351497276921	0.988440138636471	0	-0	-0.737907505777079
0.9	248	25	1.619436525	0.961351495505631	0.961351495334242	0.988440136816623	0	-0	-0.737907508504379
0.9	249	25	1.619436525	0.961351493584065	0.961351493415699	0.988440135019002	0	-0	-0.737907511195216
0.9	250	25	1.619436525	0.961351491686264	0.961351491520873	0.988440133243214	0	-0	-0.737907513850263
0.9	251	25	1.619436525	0.961351489811841	0.961351489649364	0.98844013148892	0	-0	-0.737907516470178
0.9	252	25	1.619436525	0.961351487960387	0.961351487800768	0.988440129755739	0	-0	-0.737907519055604
0.9	253	25	1.619436525	0.961351486131516	0.961351485974699	0.988440128043289	0	-0	-0.737907521607168
0.9	254	25	1.619436525	0.961351484324839	0.961351484170777	0.98844012635128	0	-0	-0.737907524125484
0.9	255	25	1.619436525	0.961351482540007	0.961351482388628	0.988440124679355	0	-0	-0.737907526611151
0.9	256	25	1.619436525	0.961351480776621	0.96135148062789	0.988440123027176	0	-0	-0.737907529064755
0.9	257	25	1.619436525	0.961351479034342	0.961351478888204	0.988440121394426	0	-0	-0.737907531486869
0.9	258	25	1.619436525	0.961351477312814	0.961351477169223	0.988440119780785	0	-0	-0.737907533878052
0.9	259	25	1.619436525	0.961351475611712	0.961351475470605	0.988440118185953	0	-0	-0.73790753623885
0.9	260	25	1.619436525	0.961351473930674	0.961351473792012	0.988440116609602	0	-0	-0.737907538569799
0.9	261	25	1.619436525	0.961351472269381	0.961351472133121	0.988440115051447	0	-0	-0.737907540871421
0.9	262	25	1.619436525	0.961351470627526	0.961351470493609	0.988440113511211	0	-0	-0.737907543144228
0.9	263	25	1.619436525	0.961351469004754	0.961351468873164	0.988440111988588	0	-0	-0.73790754538872
0.9	264	25	1.619436525	0.961351467400818	0.961351467271474	0.988440110483324	0	-0	-0.737907547605385
0.9	265	25	1.619436525	0.961351465815361	0.961351465688241	0.988440108995117	0	-0	-0.737907549794702
0.9	266	25	1.619436525	0.961351464248124	0.961351464123172	0.988440107523706	0	-0	-0.737907551957139
0.9	267	25	1.619436525	0.961351462698764	0.961351462575973	0.988440106068844	0	-0	-0.737907554093154
0.9	268	25	1.619436525	0.961351461167073	0.961351461046363	0.988440104630277	0	-0	-0.737907556203195
0.9	269	25	1.619436525	0.9613514596527	0.961351459534066	0.988440103207686	0	-0	-0.737907558287699
0.9	270	25	1.619436525	0.96135145815544	0.961351458038808	0.988440101800907	0	-0	-0.737907560347097
0.9	271	25	1.619436525	0.961351456674958	0.961351456560323	0.988440100409655	0	-0	-0.737907562381806
0.9	272	25	1.619436525	0.961351455211035	0.96135145509835	0.988440099033713	0	-0	-0.73790756439224
0.9	273	25	1.619436525	0.961351453763411	0.961351453652633	0.988440097672823	0	-0	-0.737907566378799
0.9	274	25	1.619436525	0.961351452331813	0.96135145222292	0.988440096326787	0	-0	-0.737907568341879
0.9	275	25	1.619436525	0.961351450916012	0.961351450808965	0.988440094995341	0	-0	-0.737907570281863
0.9	276	25	1.619436525	0.961351449515775	0.961351449410529	0.988440093678277	0	-0	-0.737907572199131
0.9	277	25	1.619436525	0.961351448130834	0.961351448027374	0.988440092375413	0	-0	-0.73790757409405
0.9	278	25	1.619436525	0.961351446760992	0.961351446659269	0.9884400910865	0	-0	-0.737907575966985
0.9	279	25	1.619436525	0.96135144540597	0.961351445305984	0.98844008981135	0	-0	-0.737907577818289
0.9	280	25	1.619436525	0.961351444065608	0.961351443967298	0.98844008854975	0	-0	-0.73790757964831
0.9	281	25	1.619436525	0.96135144273964	0.961351442642992	0.988440087301497	0	-0	-0.737907581457388
0.9	282	25	1.619436525	0.961351441427882	0.961351441332852	0.988440086066393	0	-0	-0.737907583245856
0.9	283	25	1.619436525	0.961351440130102	0.961351440036664	0.988440084844273	0	-0	-0.737907585014042
0.9	284	25	1.619436525	0.96135143884608	0.961351438754227	0.988440083634914	0	-0	-0.737907586762264
0.9	285	25	1.619436525	0.961351437575646	0.961351437485332	0.988440082438123	0	-0	-0.737907588490838
0.9	286	25	1.619436525	0.961351436318586	0.961351436229787	0.988440081253762	0	-0	-0.737907590200071
0.9	287	25	1.619436525	0.961351435074698	0.961351434987392	0.988440080081629	0	-0	-0.737907591890263
0.9	288	25	1.619436525	0.961351433843827	0.961351433757957	0.988440078921546	0	-0	-0.73790759356171
0.9	289	25	1.619436525	0.961351432625718	0.961351432541295	0.988440077773337	0	-0	-0.737907595214702
0.9	290	25	1.619436525	0.96135143142022	0.961351431337219	0.988440076636852	0	-0	-0.737907596849523
0.9	291	25	1.619436525	0.961351430227175	0.96135143014555	0.988440075511886	0	-0	-0.737907598466451
0.9	292	25	1.619436525	0.961351429046357	0.961351428966109	0.98844007439831	0	-0	-0.737907600065758
0.9	293	25	1.619436525	0.96135142787763	0.961351427798725	0.988440073295964	0	-0	-0.737907601647713
0.9	294	25	1.619436525	0.961351426720799	0.961351426643222	0.988440072204688	0	-0	-0.737907603212578
0.9	295	25	1.619436525	0.961351425575719	0.961351425499433	0.988440071124318	0	-0	-0.73790760476061
0.9	296	25	1.619436525	0.961351424442205	0.961351424367195	0.988440070054708	0	-0	-0.737907606292062
0.9	297	25	1.619436525	0.961351423320107	0.961351423246344	0.988440068995694	0	-0	-0.737907607807181
0.9	298	25	1.619436525	0.96135142220924	0.96135142213672	0.988440067947162	0	-0	-0.737907609306211
0.9	299	25	1.619436525	0.961351421109481	0.961351421038168	0.988440066908939	0	-0	-0.73790761078939
0.9	300	25	1.619436525	0.961351420020654	0.961351419950535	0.988440065880895	0	-0	-0.737907612256951
